[2026-09-23 04:30:06] 
[2026-09-23 04:30:06] ================================================================================
[2026-09-23 04:30:06] PROCESSING BTC-USD
[2026-09-23 04:30:06] ================================================================================
[2026-09-23 04:30:06] 
[2026-09-23 04:30:06] --- STAGE 1: DOWNLOADING DATA ---
[2026-09-23 04:30:06] Downloading data for BTC-USD (period=60d, interval=1h)...
[2026-09-23 04:30:06] Data downloaded successfully. Total rows: 1421
[2026-09-23 04:30:06] 
[2026-09-23 04:30:06] --- STAGE 2: EVALUATING LATEST FORECAST ---
[2026-09-23 04:30:06] Latest forecast (row 66) is pending. Evaluating...
[2026-09-23 04:30:06]   ForecastTime:    2026-09-22 04:33:42
[2026-09-23 04:30:06]   Rounded to:      2026-09-22 04:00:00
[2026-09-23 04:30:06]   Target windows:  2026-09-22 05:00:00 to 2026-09-23 04:00:00
[2026-09-23 04:30:06]   Data range:      2026-07-26 00:00:00 to 2026-09-23 04:00:00
[2026-09-23 04:30:06]   -> Updated ForecastDetails row 66.
[2026-09-23 04:30:06]   -> Metrics: last_actual=87018.24, abs_error=2288.52, pct_error=2.63%, mape=1.30%
[2026-09-23 04:30:06] Pending forecast evaluated.
[2026-09-23 04:30:06] 
[2026-09-23 04:30:06] --- STAGE 3: GENERATING NEW FORECAST ---
[2026-09-23 04:30:06] Running future forecast for horizon=24...
[2026-09-23 04:30:07] Logged new future forecast ID 66 at row 67. Pending actuals.
[2026-09-23 04:30:07] BTC-USD completed. Forecast ID: 66
