[2026-10-02 05:19:14] 
[2026-10-02 05:19:14] ================================================================================
[2026-10-02 05:19:14] PROCESSING BTC-USD
[2026-10-02 05:19:14] ================================================================================
[2026-10-02 05:19:14] 
[2026-10-02 05:19:14] --- STAGE 1: DOWNLOADING DATA ---
[2026-10-02 05:19:14] Downloading data for BTC-USD (period=60d, interval=1h)...
[2026-10-02 05:19:14] Data downloaded successfully. Total rows: 1422
[2026-10-02 05:19:14] 
[2026-10-02 05:19:14] --- STAGE 2: EVALUATING LATEST FORECAST ---
[2026-10-02 05:19:14] Latest forecast (row 75) is pending. Evaluating...
[2026-10-02 05:19:14]   ForecastTime:    2026-10-01 05:31:40
[2026-10-02 05:19:14]   Rounded to:      2026-10-01 05:00:00
[2026-10-02 05:19:14]   Target windows:  2026-10-01 06:00:00 to 2026-10-02 05:00:00
[2026-10-02 05:19:14]   Data range:      2026-08-04 00:00:00 to 2026-10-02 05:00:00
[2026-10-02 05:19:14]   -> Updated ForecastDetails row 75.
[2026-10-02 05:19:15]   -> Metrics: last_actual=86493.83, abs_error=2512.84, pct_error=2.91%, mape=0.85%
[2026-10-02 05:19:15] Pending forecast evaluated.
[2026-10-02 05:19:15] 
[2026-10-02 05:19:15] --- STAGE 3: GENERATING NEW FORECAST ---
[2026-10-02 05:19:15] Running future forecast for horizon=24...
[2026-10-02 05:19:15] Logged new future forecast ID 75 at row 76. Pending actuals.
[2026-10-02 05:19:15] BTC-USD completed. Forecast ID: 75
