[2026-09-01 04:48:55] 
[2026-09-01 04:48:55] ================================================================================
[2026-09-01 04:48:55] PROCESSING BTC-USD
[2026-09-01 04:48:55] ================================================================================
[2026-09-01 04:48:55] 
[2026-09-01 04:48:55] --- STAGE 1: DOWNLOADING DATA ---
[2026-09-01 04:48:55] Downloading data for BTC-USD (period=60d, interval=1h)...
[2026-09-01 04:48:55] Data downloaded successfully. Total rows: 1421
[2026-09-01 04:48:55] 
[2026-09-01 04:48:55] --- STAGE 2: EVALUATING LATEST FORECAST ---
[2026-09-01 04:48:55] Latest forecast (row 44) is pending. Evaluating...
[2026-09-01 04:48:55]   ForecastTime:    2026-08-31 05:13:09
[2026-09-01 04:48:55]   Rounded to:      2026-08-31 05:00:00
[2026-09-01 04:48:55]   Target windows:  2026-08-31 06:00:00 to 2026-09-01 05:00:00
[2026-09-01 04:48:55]   Data range:      2026-07-04 00:00:00 to 2026-09-01 04:00:00
[2026-09-01 04:48:55]   -> Updated ForecastDetails row 44.
[2026-09-01 04:48:56]   -> Metrics: last_actual=78741.15, abs_error=1014.73, pct_error=1.29%, mape=1.01%
[2026-09-01 04:48:56] Pending forecast evaluated.
[2026-09-01 04:48:56] 
[2026-09-01 04:48:56] --- STAGE 3: GENERATING NEW FORECAST ---
[2026-09-01 04:48:56] Running future forecast for horizon=24...
[2026-09-01 04:48:56] Logged new future forecast ID 44 at row 45. Pending actuals.
[2026-09-01 04:48:56] BTC-USD completed. Forecast ID: 44
