[2026-09-20 04:39:49] 
[2026-09-20 04:39:49] ================================================================================
[2026-09-20 04:39:49] PROCESSING BTC-USD
[2026-09-20 04:39:49] ================================================================================
[2026-09-20 04:39:49] 
[2026-09-20 04:39:49] --- STAGE 1: DOWNLOADING DATA ---
[2026-09-20 04:39:49] Downloading data for BTC-USD (period=60d, interval=1h)...
[2026-09-20 04:39:49] Data downloaded successfully. Total rows: 1421
[2026-09-20 04:39:49] 
[2026-09-20 04:39:49] --- STAGE 2: EVALUATING LATEST FORECAST ---
[2026-09-20 04:39:49] Latest forecast (row 63) is pending. Evaluating...
[2026-09-20 04:39:49]   ForecastTime:    2026-09-19 04:20:46
[2026-09-20 04:39:49]   Rounded to:      2026-09-19 04:00:00
[2026-09-20 04:39:49]   Target windows:  2026-09-19 05:00:00 to 2026-09-20 04:00:00
[2026-09-20 04:39:49]   Data range:      2026-07-23 00:00:00 to 2026-09-20 04:00:00
[2026-09-20 04:39:49]   -> Updated ForecastDetails row 63.
[2026-09-20 04:39:49]   -> Metrics: last_actual=80442.42, abs_error=240.72, pct_error=0.30%, mape=0.64%
[2026-09-20 04:39:49] Pending forecast evaluated.
[2026-09-20 04:39:49] 
[2026-09-20 04:39:49] --- STAGE 3: GENERATING NEW FORECAST ---
[2026-09-20 04:39:49] Running future forecast for horizon=24...
[2026-09-20 04:39:50] Logged new future forecast ID 63 at row 64. Pending actuals.
[2026-09-20 04:39:50] BTC-USD completed. Forecast ID: 63
