[2026-08-19 01:44:33] 
[2026-08-19 01:44:33] ================================================================================
[2026-08-19 01:44:33] PROCESSING BTC-USD
[2026-08-19 01:44:33] ================================================================================
[2026-08-19 01:44:33] 
[2026-08-19 01:44:33] --- STAGE 1: DOWNLOADING DATA ---
[2026-08-19 01:44:33] Downloading data for BTC-USD (period=60d, interval=1h)...
[2026-08-19 01:44:33] Data downloaded successfully. Total rows: 1416
[2026-08-19 01:44:33] 
[2026-08-19 01:44:33] --- STAGE 2: EVALUATING LATEST FORECAST ---
[2026-08-19 01:44:33] Latest forecast (row 31) is pending. Evaluating...
[2026-08-19 01:44:33]   ForecastTime:    2026-08-18 01:42:50
[2026-08-19 01:44:33]   Rounded to:      2026-08-18 01:00:00
[2026-08-19 01:44:33]   Target windows:  2026-08-18 02:00:00 to 2026-08-19 01:00:00
[2026-08-19 01:44:33]   Data range:      2026-06-21 00:00:00 to 2026-08-19 01:00:00
[2026-08-19 01:44:33]   -> Updated ForecastDetails row 31.
[2026-08-19 01:44:33]   -> Metrics: last_actual=64361.59, abs_error=176.04, pct_error=0.27%, mape=0.35%
[2026-08-19 01:44:33] Pending forecast evaluated.
[2026-08-19 01:44:33] 
[2026-08-19 01:44:33] --- STAGE 3: GENERATING NEW FORECAST ---
[2026-08-19 01:44:33] Running future forecast for horizon=24...
[2026-08-19 01:44:34] Logged new future forecast ID 31 at row 32. Pending actuals.
[2026-08-19 01:44:34] BTC-USD completed. Forecast ID: 31
