[2026-07-27 03:51:35] 
[2026-07-27 03:51:35] ================================================================================
[2026-07-27 03:51:35] PROCESSING BTC-USD
[2026-07-27 03:51:35] ================================================================================
[2026-07-27 03:51:35] 
[2026-07-27 03:51:35] --- STAGE 1: DOWNLOADING DATA ---
[2026-07-27 03:51:35] Downloading data for BTC-USD (period=60d, interval=1h)...
[2026-07-27 03:51:35] Data downloaded successfully. Total rows: 1420
[2026-07-27 03:51:35] 
[2026-07-27 03:51:35] --- STAGE 2: EVALUATING LATEST FORECAST ---
[2026-07-27 03:51:35] Latest forecast (row 8) is pending. Evaluating...
[2026-07-27 03:51:35]   ForecastTime:    2026-07-26 03:42:05
[2026-07-27 03:51:35]   Rounded to:      2026-07-26 03:00:00
[2026-07-27 03:51:35]   Target windows:  2026-07-26 04:00:00 to 2026-07-27 03:00:00
[2026-07-27 03:51:35]   Data range:      2026-05-29 00:00:00 to 2026-07-27 03:00:00
[2026-07-27 03:51:35]   -> Updated ForecastDetails row 8.
[2026-07-27 03:51:35]   -> Metrics: last_actual=65236.60, abs_error=683.79, pct_error=1.05%, mape=0.39%
[2026-07-27 03:51:35] Pending forecast evaluated.
[2026-07-27 03:51:35] 
[2026-07-27 03:51:35] --- STAGE 3: GENERATING NEW FORECAST ---
[2026-07-27 03:51:35] Running future forecast for horizon=24...
[2026-07-27 03:51:36] Logged new future forecast ID 8 at row 9. Pending actuals.
[2026-07-27 03:51:36] BTC-USD completed. Forecast ID: 8
