[2026-08-25 01:43:48] 
[2026-08-25 01:43:48] ================================================================================
[2026-08-25 01:43:48] PROCESSING BTC-USD
[2026-08-25 01:43:48] ================================================================================
[2026-08-25 01:43:48] 
[2026-08-25 01:43:48] --- STAGE 1: DOWNLOADING DATA ---
[2026-08-25 01:43:48] Downloading data for BTC-USD (period=60d, interval=1h)...
[2026-08-25 01:43:50] Data downloaded successfully. Total rows: 1416
[2026-08-25 01:43:50] 
[2026-08-25 01:43:50] --- STAGE 2: EVALUATING LATEST FORECAST ---
[2026-08-25 01:43:50] Latest forecast (row 37) is pending. Evaluating...
[2026-08-25 01:43:50]   ForecastTime:    2026-08-24 01:49:29
[2026-08-25 01:43:50]   Rounded to:      2026-08-24 01:00:00
[2026-08-25 01:43:50]   Target windows:  2026-08-24 02:00:00 to 2026-08-25 01:00:00
[2026-08-25 01:43:50]   Data range:      2026-06-27 00:00:00 to 2026-08-25 01:00:00
[2026-08-25 01:43:50]   -> Updated ForecastDetails row 37.
[2026-08-25 01:43:50]   -> Metrics: last_actual=79729.79, abs_error=2797.13, pct_error=3.51%, mape=1.77%
[2026-08-25 01:43:50] Pending forecast evaluated.
[2026-08-25 01:43:50] 
[2026-08-25 01:43:50] --- STAGE 3: GENERATING NEW FORECAST ---
[2026-08-25 01:43:50] Running future forecast for horizon=24...
[2026-08-25 01:43:51] Logged new future forecast ID 37 at row 38. Pending actuals.
[2026-08-25 01:43:51] BTC-USD completed. Forecast ID: 37
