[2026-09-08 04:16:34] 
[2026-09-08 04:16:34] ================================================================================
[2026-09-08 04:16:34] PROCESSING BTC-USD
[2026-09-08 04:16:34] ================================================================================
[2026-09-08 04:16:34] 
[2026-09-08 04:16:34] --- STAGE 1: DOWNLOADING DATA ---
[2026-09-08 04:16:34] Downloading data for BTC-USD (period=60d, interval=1h)...
[2026-09-08 04:16:35] Data downloaded successfully. Total rows: 1421
[2026-09-08 04:16:35] 
[2026-09-08 04:16:35] --- STAGE 2: EVALUATING LATEST FORECAST ---
[2026-09-08 04:16:35] Latest forecast (row 51) is pending. Evaluating...
[2026-09-08 04:16:35]   ForecastTime:    2026-09-07 04:15:51
[2026-09-08 04:16:35]   Rounded to:      2026-09-07 04:00:00
[2026-09-08 04:16:35]   Target windows:  2026-09-07 05:00:00 to 2026-09-08 04:00:00
[2026-09-08 04:16:35]   Data range:      2026-07-11 00:00:00 to 2026-09-08 04:00:00
[2026-09-08 04:16:35]   -> Updated ForecastDetails row 51.
[2026-09-08 04:16:35]   -> Metrics: last_actual=78765.97, abs_error=747.26, pct_error=0.95%, mape=0.50%
[2026-09-08 04:16:35] Pending forecast evaluated.
[2026-09-08 04:16:35] 
[2026-09-08 04:16:35] --- STAGE 3: GENERATING NEW FORECAST ---
[2026-09-08 04:16:35] Running future forecast for horizon=24...
[2026-09-08 04:16:35] Logged new future forecast ID 51 at row 52. Pending actuals.
[2026-09-08 04:16:35] BTC-USD completed. Forecast ID: 51
