[2026-09-21 04:37:44] 
[2026-09-21 04:37:44] ================================================================================
[2026-09-21 04:37:44] PROCESSING BTC-USD
[2026-09-21 04:37:44] ================================================================================
[2026-09-21 04:37:44] 
[2026-09-21 04:37:44] --- STAGE 1: DOWNLOADING DATA ---
[2026-09-21 04:37:44] Downloading data for BTC-USD (period=60d, interval=1h)...
[2026-09-21 04:37:44] Data downloaded successfully. Total rows: 1421
[2026-09-21 04:37:44] 
[2026-09-21 04:37:44] --- STAGE 2: EVALUATING LATEST FORECAST ---
[2026-09-21 04:37:44] Latest forecast (row 64) is pending. Evaluating...
[2026-09-21 04:37:44]   ForecastTime:    2026-09-20 04:39:50
[2026-09-21 04:37:44]   Rounded to:      2026-09-20 04:00:00
[2026-09-21 04:37:44]   Target windows:  2026-09-20 05:00:00 to 2026-09-21 04:00:00
[2026-09-21 04:37:44]   Data range:      2026-07-24 00:00:00 to 2026-09-21 04:00:00
[2026-09-21 04:37:44]   -> Updated ForecastDetails row 64.
[2026-09-21 04:37:44]   -> Metrics: last_actual=81346.48, abs_error=1458.03, pct_error=1.79%, mape=0.87%
[2026-09-21 04:37:44] Pending forecast evaluated.
[2026-09-21 04:37:44] 
[2026-09-21 04:37:44] --- STAGE 3: GENERATING NEW FORECAST ---
[2026-09-21 04:37:44] Running future forecast for horizon=24...
[2026-09-21 04:37:45] Logged new future forecast ID 64 at row 65. Pending actuals.
[2026-09-21 04:37:45] BTC-USD completed. Forecast ID: 64
