[2026-08-30 05:05:35] 
[2026-08-30 05:05:35] ================================================================================
[2026-08-30 05:05:35] PROCESSING BTC-USD
[2026-08-30 05:05:35] ================================================================================
[2026-08-30 05:05:35] 
[2026-08-30 05:05:35] --- STAGE 1: DOWNLOADING DATA ---
[2026-08-30 05:05:35] Downloading data for BTC-USD (period=60d, interval=1h)...
[2026-08-30 05:05:35] Data downloaded successfully. Total rows: 1422
[2026-08-30 05:05:35] 
[2026-08-30 05:05:35] --- STAGE 2: EVALUATING LATEST FORECAST ---
[2026-08-30 05:05:35] Latest forecast (row 42) is pending. Evaluating...
[2026-08-30 05:05:35]   ForecastTime:    2026-08-29 06:51:53
[2026-08-30 05:05:35]   Rounded to:      2026-08-29 06:00:00
[2026-08-30 05:05:35]   Target windows:  2026-08-29 07:00:00 to 2026-08-30 06:00:00
[2026-08-30 05:05:35]   Data range:      2026-07-02 00:00:00 to 2026-08-30 05:00:00
[2026-08-30 05:05:35]   -> Updated ForecastDetails row 42.
[2026-08-30 05:05:35]   -> Metrics: last_actual=78169.88, abs_error=747.02, pct_error=0.96%, mape=0.73%
[2026-08-30 05:05:35] Pending forecast evaluated.
[2026-08-30 05:05:35] 
[2026-08-30 05:05:35] --- STAGE 3: GENERATING NEW FORECAST ---
[2026-08-30 05:05:35] Running future forecast for horizon=24...
[2026-08-30 05:05:36] Logged new future forecast ID 42 at row 43. Pending actuals.
[2026-08-30 05:05:36] BTC-USD completed. Forecast ID: 42
