[2026-10-08 05:45:46] 
[2026-10-08 05:45:46] ================================================================================
[2026-10-08 05:45:46] PROCESSING BTC-USD
[2026-10-08 05:45:46] ================================================================================
[2026-10-08 05:45:46] 
[2026-10-08 05:45:46] --- STAGE 1: DOWNLOADING DATA ---
[2026-10-08 05:45:46] Downloading data for BTC-USD (period=60d, interval=1h)...
[2026-10-08 05:45:46] Data downloaded successfully. Total rows: 1422
[2026-10-08 05:45:46] 
[2026-10-08 05:45:46] --- STAGE 2: EVALUATING LATEST FORECAST ---
[2026-10-08 05:45:46] Latest forecast (row 81) is pending. Evaluating...
[2026-10-08 05:45:46]   ForecastTime:    2026-10-07 05:37:30
[2026-10-08 05:45:46]   Rounded to:      2026-10-07 05:00:00
[2026-10-08 05:45:46]   Target windows:  2026-10-07 06:00:00 to 2026-10-08 05:00:00
[2026-10-08 05:45:46]   Data range:      2026-08-10 00:00:00 to 2026-10-08 05:00:00
[2026-10-08 05:45:46]   -> Updated ForecastDetails row 81.
[2026-10-08 05:45:46]   -> Metrics: last_actual=82851.70, abs_error=1324.84, pct_error=1.60%, mape=1.03%
[2026-10-08 05:45:46] Pending forecast evaluated.
[2026-10-08 05:45:46] 
[2026-10-08 05:45:46] --- STAGE 3: GENERATING NEW FORECAST ---
[2026-10-08 05:45:46] Running future forecast for horizon=24...
[2026-10-08 05:45:47] Logged new future forecast ID 81 at row 82. Pending actuals.
[2026-10-08 05:45:47] BTC-USD completed. Forecast ID: 81
