[2026-07-26 03:42:04] 
[2026-07-26 03:42:04] ================================================================================
[2026-07-26 03:42:04] PROCESSING BTC-USD
[2026-07-26 03:42:04] ================================================================================
[2026-07-26 03:42:04] 
[2026-07-26 03:42:04] --- STAGE 1: DOWNLOADING DATA ---
[2026-07-26 03:42:04] Downloading data for BTC-USD (period=60d, interval=1h)...
[2026-07-26 03:42:04] Data downloaded successfully. Total rows: 1399
[2026-07-26 03:42:04] 
[2026-07-26 03:42:04] --- STAGE 2: EVALUATING LATEST FORECAST ---
[2026-07-26 03:42:04] Latest forecast (row 7) is pending. Evaluating...
[2026-07-26 03:42:04]   ForecastTime:    2026-07-25 03:29:10
[2026-07-26 03:42:04]   Rounded to:      2026-07-25 03:00:00
[2026-07-26 03:42:04]   Target windows:  2026-07-25 04:00:00 to 2026-07-26 03:00:00
[2026-07-26 03:42:04]   Data range:      2026-05-28 00:00:00 to 2026-07-26 03:00:00
[2026-07-26 03:42:04]   -> Updated ForecastDetails row 7.
[2026-07-26 03:42:04]   -> Metrics: last_actual=64507.13, abs_error=564.96, pct_error=0.88%, mape=0.37%
[2026-07-26 03:42:04] Pending forecast evaluated.
[2026-07-26 03:42:04] 
[2026-07-26 03:42:04] --- STAGE 3: GENERATING NEW FORECAST ---
[2026-07-26 03:42:04] Running future forecast for horizon=24...
[2026-07-26 03:42:05] Logged new future forecast ID 7 at row 8. Pending actuals.
[2026-07-26 03:42:05] BTC-USD completed. Forecast ID: 7
