[2026-08-15 01:42:55] 
[2026-08-15 01:42:55] ================================================================================
[2026-08-15 01:42:55] PROCESSING BTC-USD
[2026-08-15 01:42:55] ================================================================================
[2026-08-15 01:42:55] 
[2026-08-15 01:42:55] --- STAGE 1: DOWNLOADING DATA ---
[2026-08-15 01:42:55] Downloading data for BTC-USD (period=60d, interval=1h)...
[2026-08-15 01:42:56] Data downloaded successfully. Total rows: 1395
[2026-08-15 01:42:56] 
[2026-08-15 01:42:56] --- STAGE 2: EVALUATING LATEST FORECAST ---
[2026-08-15 01:42:56] Latest forecast (row 27) is pending. Evaluating...
[2026-08-15 01:42:56]   ForecastTime:    2026-08-14 02:32:58
[2026-08-15 01:42:56]   Rounded to:      2026-08-14 02:00:00
[2026-08-15 01:42:56]   Target windows:  2026-08-14 03:00:00 to 2026-08-15 02:00:00
[2026-08-15 01:42:56]   Data range:      2026-06-17 00:00:00 to 2026-08-15 01:00:00
[2026-08-15 01:42:56]   -> Updated ForecastDetails row 27.
[2026-08-15 01:42:56]   -> Metrics: last_actual=62957.44, abs_error=695.07, pct_error=1.10%, mape=1.07%
[2026-08-15 01:42:56] Pending forecast evaluated.
[2026-08-15 01:42:56] 
[2026-08-15 01:42:56] --- STAGE 3: GENERATING NEW FORECAST ---
[2026-08-15 01:42:56] Running future forecast for horizon=24...
[2026-08-15 01:42:56] Logged new future forecast ID 27 at row 28. Pending actuals.
[2026-08-15 01:42:56] BTC-USD completed. Forecast ID: 27
