[2026-09-29 05:28:53] 
[2026-09-29 05:28:53] ================================================================================
[2026-09-29 05:28:53] PROCESSING BTC-USD
[2026-09-29 05:28:53] ================================================================================
[2026-09-29 05:28:53] 
[2026-09-29 05:28:53] --- STAGE 1: DOWNLOADING DATA ---
[2026-09-29 05:28:53] Downloading data for BTC-USD (period=60d, interval=1h)...
[2026-09-29 05:28:54] Data downloaded successfully. Total rows: 1422
[2026-09-29 05:28:54] 
[2026-09-29 05:28:54] --- STAGE 2: EVALUATING LATEST FORECAST ---
[2026-09-29 05:28:54] Latest forecast (row 72) is pending. Evaluating...
[2026-09-29 05:28:54]   ForecastTime:    2026-09-28 05:04:10
[2026-09-29 05:28:54]   Rounded to:      2026-09-28 05:00:00
[2026-09-29 05:28:54]   Target windows:  2026-09-28 06:00:00 to 2026-09-29 05:00:00
[2026-09-29 05:28:54]   Data range:      2026-08-01 00:00:00 to 2026-09-29 05:00:00
[2026-09-29 05:28:54]   -> Updated ForecastDetails row 72.
[2026-09-29 05:28:54]   -> Metrics: last_actual=83281.33, abs_error=44.73, pct_error=0.05%, mape=0.34%
[2026-09-29 05:28:54] Pending forecast evaluated.
[2026-09-29 05:28:54] 
[2026-09-29 05:28:54] --- STAGE 3: GENERATING NEW FORECAST ---
[2026-09-29 05:28:54] Running future forecast for horizon=24...
[2026-09-29 05:28:55] Logged new future forecast ID 72 at row 73. Pending actuals.
[2026-09-29 05:28:55] BTC-USD completed. Forecast ID: 72
