[2026-09-22 04:33:41] 
[2026-09-22 04:33:41] ================================================================================
[2026-09-22 04:33:41] PROCESSING BTC-USD
[2026-09-22 04:33:41] ================================================================================
[2026-09-22 04:33:41] 
[2026-09-22 04:33:41] --- STAGE 1: DOWNLOADING DATA ---
[2026-09-22 04:33:41] Downloading data for BTC-USD (period=60d, interval=1h)...
[2026-09-22 04:33:42] Data downloaded successfully. Total rows: 1421
[2026-09-22 04:33:42] 
[2026-09-22 04:33:42] --- STAGE 2: EVALUATING LATEST FORECAST ---
[2026-09-22 04:33:42] Latest forecast (row 65) is pending. Evaluating...
[2026-09-22 04:33:42]   ForecastTime:    2026-09-21 04:37:45
[2026-09-22 04:33:42]   Rounded to:      2026-09-21 04:00:00
[2026-09-22 04:33:42]   Target windows:  2026-09-21 05:00:00 to 2026-09-22 04:00:00
[2026-09-22 04:33:42]   Data range:      2026-07-25 00:00:00 to 2026-09-22 04:00:00
[2026-09-22 04:33:42]   -> Updated ForecastDetails row 65.
[2026-09-22 04:33:42]   -> Metrics: last_actual=85476.90, abs_error=4530.73, pct_error=5.30%, mape=4.69%
[2026-09-22 04:33:42] Pending forecast evaluated.
[2026-09-22 04:33:42] 
[2026-09-22 04:33:42] --- STAGE 3: GENERATING NEW FORECAST ---
[2026-09-22 04:33:42] Running future forecast for horizon=24...
[2026-09-22 04:33:42] Logged new future forecast ID 65 at row 66. Pending actuals.
[2026-09-22 04:33:42] BTC-USD completed. Forecast ID: 65
