[2026-08-17 01:47:29] 
[2026-08-17 01:47:29] ================================================================================
[2026-08-17 01:47:29] PROCESSING BTC-USD
[2026-08-17 01:47:29] ================================================================================
[2026-08-17 01:47:29] 
[2026-08-17 01:47:29] --- STAGE 1: DOWNLOADING DATA ---
[2026-08-17 01:47:29] Downloading data for BTC-USD (period=60d, interval=1h)...
[2026-08-17 01:47:29] Data downloaded successfully. Total rows: 1418
[2026-08-17 01:47:29] 
[2026-08-17 01:47:29] --- STAGE 2: EVALUATING LATEST FORECAST ---
[2026-08-17 01:47:29] Latest forecast (row 29) is pending. Evaluating...
[2026-08-17 01:47:29]   ForecastTime:    2026-08-16 01:49:58
[2026-08-17 01:47:29]   Rounded to:      2026-08-16 01:00:00
[2026-08-17 01:47:29]   Target windows:  2026-08-16 02:00:00 to 2026-08-17 01:00:00
[2026-08-17 01:47:29]   Data range:      2026-06-19 00:00:00 to 2026-08-17 01:00:00
[2026-08-17 01:47:29]   -> Updated ForecastDetails row 29.
[2026-08-17 01:47:29]   -> Metrics: last_actual=63120.27, abs_error=34.12, pct_error=0.05%, mape=0.12%
[2026-08-17 01:47:29] Pending forecast evaluated.
[2026-08-17 01:47:29] 
[2026-08-17 01:47:29] --- STAGE 3: GENERATING NEW FORECAST ---
[2026-08-17 01:47:29] Running future forecast for horizon=24...
[2026-08-17 01:47:30] Logged new future forecast ID 29 at row 30. Pending actuals.
[2026-08-17 01:47:30] BTC-USD completed. Forecast ID: 29
