[2026-08-24 01:49:28] 
[2026-08-24 01:49:28] ================================================================================
[2026-08-24 01:49:28] PROCESSING BTC-USD
[2026-08-24 01:49:28] ================================================================================
[2026-08-24 01:49:28] 
[2026-08-24 01:49:28] --- STAGE 1: DOWNLOADING DATA ---
[2026-08-24 01:49:28] Downloading data for BTC-USD (period=60d, interval=1h)...
[2026-08-24 01:49:28] Data downloaded successfully. Total rows: 1397
[2026-08-24 01:49:28] 
[2026-08-24 01:49:28] --- STAGE 2: EVALUATING LATEST FORECAST ---
[2026-08-24 01:49:28] Latest forecast (row 36) is pending. Evaluating...
[2026-08-24 01:49:28]   ForecastTime:    2026-08-23 01:51:50
[2026-08-24 01:49:28]   Rounded to:      2026-08-23 01:00:00
[2026-08-24 01:49:28]   Target windows:  2026-08-23 02:00:00 to 2026-08-24 01:00:00
[2026-08-24 01:49:28]   Data range:      2026-06-26 00:00:00 to 2026-08-24 01:00:00
[2026-08-24 01:49:28]   -> Updated ForecastDetails row 36.
[2026-08-24 01:49:29]   -> Metrics: last_actual=77223.87, abs_error=317.63, pct_error=0.41%, mape=0.68%
[2026-08-24 01:49:29] Pending forecast evaluated.
[2026-08-24 01:49:29] 
[2026-08-24 01:49:29] --- STAGE 3: GENERATING NEW FORECAST ---
[2026-08-24 01:49:29] Running future forecast for horizon=24...
[2026-08-24 01:49:29] Logged new future forecast ID 36 at row 37. Pending actuals.
[2026-08-24 01:49:29] BTC-USD completed. Forecast ID: 36
