[2026-07-29 03:23:39] 
[2026-07-29 03:23:39] ================================================================================
[2026-07-29 03:23:39] PROCESSING BTC-USD
[2026-07-29 03:23:39] ================================================================================
[2026-07-29 03:23:39] 
[2026-07-29 03:23:39] --- STAGE 1: DOWNLOADING DATA ---
[2026-07-29 03:23:39] Downloading data for BTC-USD (period=60d, interval=1h)...
[2026-07-29 03:23:39] Data downloaded successfully. Total rows: 1420
[2026-07-29 03:23:39] 
[2026-07-29 03:23:39] --- STAGE 2: EVALUATING LATEST FORECAST ---
[2026-07-29 03:23:39] Latest forecast (row 10) is pending. Evaluating...
[2026-07-29 03:23:39]   ForecastTime:    2026-07-28 03:22:42
[2026-07-29 03:23:39]   Rounded to:      2026-07-28 03:00:00
[2026-07-29 03:23:39]   Target windows:  2026-07-28 04:00:00 to 2026-07-29 03:00:00
[2026-07-29 03:23:39]   Data range:      2026-05-31 00:00:00 to 2026-07-29 03:00:00
[2026-07-29 03:23:39]   -> Updated ForecastDetails row 10.
[2026-07-29 03:23:39]   -> Metrics: last_actual=63814.08, abs_error=297.65, pct_error=0.47%, mape=0.31%
[2026-07-29 03:23:39] Pending forecast evaluated.
[2026-07-29 03:23:39] 
[2026-07-29 03:23:39] --- STAGE 3: GENERATING NEW FORECAST ---
[2026-07-29 03:23:39] Running future forecast for horizon=24...
[2026-07-29 03:23:40] Logged new future forecast ID 10 at row 11. Pending actuals.
[2026-07-29 03:23:40] BTC-USD completed. Forecast ID: 10
