[2026-09-13 04:31:09] 
[2026-09-13 04:31:09] ================================================================================
[2026-09-13 04:31:09] PROCESSING BTC-USD
[2026-09-13 04:31:09] ================================================================================
[2026-09-13 04:31:09] 
[2026-09-13 04:31:09] --- STAGE 1: DOWNLOADING DATA ---
[2026-09-13 04:31:09] Downloading data for BTC-USD (period=60d, interval=1h)...
[2026-09-13 04:31:09] Data downloaded successfully. Total rows: 1421
[2026-09-13 04:31:09] 
[2026-09-13 04:31:09] --- STAGE 2: EVALUATING LATEST FORECAST ---
[2026-09-13 04:31:09] Latest forecast (row 56) is pending. Evaluating...
[2026-09-13 04:31:09]   ForecastTime:    2026-09-12 04:17:59
[2026-09-13 04:31:09]   Rounded to:      2026-09-12 04:00:00
[2026-09-13 04:31:09]   Target windows:  2026-09-12 05:00:00 to 2026-09-13 04:00:00
[2026-09-13 04:31:09]   Data range:      2026-07-16 00:00:00 to 2026-09-13 04:00:00
[2026-09-13 04:31:09]   -> Updated ForecastDetails row 56.
[2026-09-13 04:31:09]   -> Metrics: last_actual=77201.41, abs_error=152.35, pct_error=0.20%, mape=0.18%
[2026-09-13 04:31:09] Pending forecast evaluated.
[2026-09-13 04:31:09] 
[2026-09-13 04:31:09] --- STAGE 3: GENERATING NEW FORECAST ---
[2026-09-13 04:31:09] Running future forecast for horizon=24...
[2026-09-13 04:31:10] Logged new future forecast ID 56 at row 57. Pending actuals.
[2026-09-13 04:31:10] BTC-USD completed. Forecast ID: 56
