[2026-09-17 04:38:36] 
[2026-09-17 04:38:36] ================================================================================
[2026-09-17 04:38:36] PROCESSING BTC-USD
[2026-09-17 04:38:36] ================================================================================
[2026-09-17 04:38:36] 
[2026-09-17 04:38:36] --- STAGE 1: DOWNLOADING DATA ---
[2026-09-17 04:38:36] Downloading data for BTC-USD (period=60d, interval=1h)...
[2026-09-17 04:38:36] Data downloaded successfully. Total rows: 1421
[2026-09-17 04:38:36] 
[2026-09-17 04:38:36] --- STAGE 2: EVALUATING LATEST FORECAST ---
[2026-09-17 04:38:36] Latest forecast (row 60) is pending. Evaluating...
[2026-09-17 04:38:36]   ForecastTime:    2026-09-16 04:33:13
[2026-09-17 04:38:36]   Rounded to:      2026-09-16 04:00:00
[2026-09-17 04:38:36]   Target windows:  2026-09-16 05:00:00 to 2026-09-17 04:00:00
[2026-09-17 04:38:36]   Data range:      2026-07-20 00:00:00 to 2026-09-17 04:00:00
[2026-09-17 04:38:36]   -> Updated ForecastDetails row 60.
[2026-09-17 04:38:37]   -> Metrics: last_actual=76206.05, abs_error=165.58, pct_error=0.22%, mape=0.26%
[2026-09-17 04:38:37] Pending forecast evaluated.
[2026-09-17 04:38:37] 
[2026-09-17 04:38:37] --- STAGE 3: GENERATING NEW FORECAST ---
[2026-09-17 04:38:37] Running future forecast for horizon=24...
[2026-09-17 04:38:37] Logged new future forecast ID 60 at row 61. Pending actuals.
[2026-09-17 04:38:37] BTC-USD completed. Forecast ID: 60
