[2026-08-13 02:34:09] 
[2026-08-13 02:34:09] ================================================================================
[2026-08-13 02:34:09] PROCESSING BTC-USD
[2026-08-13 02:34:09] ================================================================================
[2026-08-13 02:34:09] 
[2026-08-13 02:34:09] --- STAGE 1: DOWNLOADING DATA ---
[2026-08-13 02:34:09] Downloading data for BTC-USD (period=60d, interval=1h)...
[2026-08-13 02:34:09] Data downloaded successfully. Total rows: 1419
[2026-08-13 02:34:09] 
[2026-08-13 02:34:09] --- STAGE 2: EVALUATING LATEST FORECAST ---
[2026-08-13 02:34:09] Latest forecast (row 25) is pending. Evaluating...
[2026-08-13 02:34:09]   ForecastTime:    2026-08-12 02:32:42
[2026-08-13 02:34:09]   Rounded to:      2026-08-12 02:00:00
[2026-08-13 02:34:09]   Target windows:  2026-08-12 03:00:00 to 2026-08-13 02:00:00
[2026-08-13 02:34:09]   Data range:      2026-06-15 00:00:00 to 2026-08-13 02:00:00
[2026-08-13 02:34:09]   -> Updated ForecastDetails row 25.
[2026-08-13 02:34:10]   -> Metrics: last_actual=63345.59, abs_error=480.13, pct_error=0.76%, mape=0.45%
[2026-08-13 02:34:10] Pending forecast evaluated.
[2026-08-13 02:34:10] 
[2026-08-13 02:34:10] --- STAGE 3: GENERATING NEW FORECAST ---
[2026-08-13 02:34:10] Running future forecast for horizon=24...
[2026-08-13 02:34:10] Logged new future forecast ID 25 at row 26. Pending actuals.
[2026-08-13 02:34:10] BTC-USD completed. Forecast ID: 25
