[2026-10-05 05:18:10] 
[2026-10-05 05:18:10] ================================================================================
[2026-10-05 05:18:10] PROCESSING BTC-USD
[2026-10-05 05:18:10] ================================================================================
[2026-10-05 05:18:10] 
[2026-10-05 05:18:10] --- STAGE 1: DOWNLOADING DATA ---
[2026-10-05 05:18:10] Downloading data for BTC-USD (period=60d, interval=1h)...
[2026-10-05 05:18:10] Data downloaded successfully. Total rows: 1422
[2026-10-05 05:18:10] 
[2026-10-05 05:18:10] --- STAGE 2: EVALUATING LATEST FORECAST ---
[2026-10-05 05:18:10] Latest forecast (row 78) is pending. Evaluating...
[2026-10-05 05:18:10]   ForecastTime:    2026-10-04 05:34:28
[2026-10-05 05:18:10]   Rounded to:      2026-10-04 05:00:00
[2026-10-05 05:18:10]   Target windows:  2026-10-04 06:00:00 to 2026-10-05 05:00:00
[2026-10-05 05:18:10]   Data range:      2026-08-07 00:00:00 to 2026-10-05 05:00:00
[2026-10-05 05:18:10]   -> Updated ForecastDetails row 78.
[2026-10-05 05:18:11]   -> Metrics: last_actual=85488.02, abs_error=678.37, pct_error=0.79%, mape=0.87%
[2026-10-05 05:18:11] Pending forecast evaluated.
[2026-10-05 05:18:11] 
[2026-10-05 05:18:11] --- STAGE 3: GENERATING NEW FORECAST ---
[2026-10-05 05:18:11] Running future forecast for horizon=24...
[2026-10-05 05:18:11] Logged new future forecast ID 78 at row 79. Pending actuals.
[2026-10-05 05:18:11] BTC-USD completed. Forecast ID: 78
