[2026-08-09 02:19:02] 
[2026-08-09 02:19:02] ================================================================================
[2026-08-09 02:19:02] PROCESSING BTC-USD
[2026-08-09 02:19:02] ================================================================================
[2026-08-09 02:19:02] 
[2026-08-09 02:19:02] --- STAGE 1: DOWNLOADING DATA ---
[2026-08-09 02:19:02] Downloading data for BTC-USD (period=60d, interval=1h)...
[2026-08-09 02:19:02] Data downloaded successfully. Total rows: 1419
[2026-08-09 02:19:02] 
[2026-08-09 02:19:02] --- STAGE 2: EVALUATING LATEST FORECAST ---
[2026-08-09 02:19:02] Latest forecast (row 21) is pending. Evaluating...
[2026-08-09 02:19:02]   ForecastTime:    2026-08-08 02:08:00
[2026-08-09 02:19:02]   Rounded to:      2026-08-08 02:00:00
[2026-08-09 02:19:02]   Target windows:  2026-08-08 03:00:00 to 2026-08-09 02:00:00
[2026-08-09 02:19:02]   Data range:      2026-06-11 00:00:00 to 2026-08-09 02:00:00
[2026-08-09 02:19:02]   -> Updated ForecastDetails row 21.
[2026-08-09 02:19:03]   -> Metrics: last_actual=64782.26, abs_error=21.50, pct_error=0.03%, mape=0.21%
[2026-08-09 02:19:03] Pending forecast evaluated.
[2026-08-09 02:19:03] 
[2026-08-09 02:19:03] --- STAGE 3: GENERATING NEW FORECAST ---
[2026-08-09 02:19:03] Running future forecast for horizon=24...
[2026-08-09 02:19:03] Logged new future forecast ID 21 at row 22. Pending actuals.
[2026-08-09 02:19:03] BTC-USD completed. Forecast ID: 21
