[2026-07-25 03:29:09] 
[2026-07-25 03:29:09] ================================================================================
[2026-07-25 03:29:09] PROCESSING BTC-USD
[2026-07-25 03:29:09] ================================================================================
[2026-07-25 03:29:09] 
[2026-07-25 03:29:09] --- STAGE 1: DOWNLOADING DATA ---
[2026-07-25 03:29:09] Downloading data for BTC-USD (period=60d, interval=1h)...
[2026-07-25 03:29:10] Data downloaded successfully. Total rows: 1399
[2026-07-25 03:29:10] 
[2026-07-25 03:29:10] --- STAGE 2: EVALUATING LATEST FORECAST ---
[2026-07-25 03:29:10] Latest forecast (row 6) is pending. Evaluating...
[2026-07-25 03:29:10]   ForecastTime:    2026-07-24 03:31:17
[2026-07-25 03:29:10]   Rounded to:      2026-07-24 03:00:00
[2026-07-25 03:29:10]   Target windows:  2026-07-24 04:00:00 to 2026-07-25 03:00:00
[2026-07-25 03:29:10]   Data range:      2026-05-27 00:00:00 to 2026-07-25 03:00:00
[2026-07-25 03:29:10]   -> Updated ForecastDetails row 6.
[2026-07-25 03:29:10]   -> Metrics: last_actual=64017.01, abs_error=887.42, pct_error=1.39%, mape=1.01%
[2026-07-25 03:29:10] Pending forecast evaluated.
[2026-07-25 03:29:10] 
[2026-07-25 03:29:10] --- STAGE 3: GENERATING NEW FORECAST ---
[2026-07-25 03:29:10] Running future forecast for horizon=24...
[2026-07-25 03:29:11] Logged new future forecast ID 6 at row 7. Pending actuals.
[2026-07-25 03:29:11] BTC-USD completed. Forecast ID: 6
