[2026-09-14 04:37:29] 
[2026-09-14 04:37:29] ================================================================================
[2026-09-14 04:37:29] PROCESSING BTC-USD
[2026-09-14 04:37:29] ================================================================================
[2026-09-14 04:37:29] 
[2026-09-14 04:37:29] --- STAGE 1: DOWNLOADING DATA ---
[2026-09-14 04:37:29] Downloading data for BTC-USD (period=60d, interval=1h)...
[2026-09-14 04:37:29] Data downloaded successfully. Total rows: 1421
[2026-09-14 04:37:29] 
[2026-09-14 04:37:29] --- STAGE 2: EVALUATING LATEST FORECAST ---
[2026-09-14 04:37:29] Latest forecast (row 57) is pending. Evaluating...
[2026-09-14 04:37:29]   ForecastTime:    2026-09-13 04:31:10
[2026-09-14 04:37:29]   Rounded to:      2026-09-13 04:00:00
[2026-09-14 04:37:29]   Target windows:  2026-09-13 05:00:00 to 2026-09-14 04:00:00
[2026-09-14 04:37:29]   Data range:      2026-07-17 00:00:00 to 2026-09-14 04:00:00
[2026-09-14 04:37:29]   -> Updated ForecastDetails row 57.
[2026-09-14 04:37:29]   -> Metrics: last_actual=77543.79, abs_error=429.63, pct_error=0.55%, mape=0.34%
[2026-09-14 04:37:29] Pending forecast evaluated.
[2026-09-14 04:37:29] 
[2026-09-14 04:37:29] --- STAGE 3: GENERATING NEW FORECAST ---
[2026-09-14 04:37:29] Running future forecast for horizon=24...
[2026-09-14 04:37:30] Logged new future forecast ID 57 at row 58. Pending actuals.
[2026-09-14 04:37:30] BTC-USD completed. Forecast ID: 57
