[2026-10-03 05:02:04] 
[2026-10-03 05:02:04] ================================================================================
[2026-10-03 05:02:04] PROCESSING BTC-USD
[2026-10-03 05:02:04] ================================================================================
[2026-10-03 05:02:04] 
[2026-10-03 05:02:04] --- STAGE 1: DOWNLOADING DATA ---
[2026-10-03 05:02:04] Downloading data for BTC-USD (period=60d, interval=1h)...
[2026-10-03 05:02:04] Data downloaded successfully. Total rows: 1422
[2026-10-03 05:02:04] 
[2026-10-03 05:02:04] --- STAGE 2: EVALUATING LATEST FORECAST ---
[2026-10-03 05:02:04] Latest forecast (row 76) is pending. Evaluating...
[2026-10-03 05:02:04]   ForecastTime:    2026-10-02 05:19:15
[2026-10-03 05:02:04]   Rounded to:      2026-10-02 05:00:00
[2026-10-03 05:02:04]   Target windows:  2026-10-02 06:00:00 to 2026-10-03 05:00:00
[2026-10-03 05:02:04]   Data range:      2026-08-05 00:00:00 to 2026-10-03 05:00:00
[2026-10-03 05:02:04]   -> Updated ForecastDetails row 76.
[2026-10-03 05:02:04]   -> Metrics: last_actual=84538.01, abs_error=1355.66, pct_error=1.60%, mape=1.13%
[2026-10-03 05:02:04] Pending forecast evaluated.
[2026-10-03 05:02:04] 
[2026-10-03 05:02:04] --- STAGE 3: GENERATING NEW FORECAST ---
[2026-10-03 05:02:04] Running future forecast for horizon=24...
[2026-10-03 05:02:05] Logged new future forecast ID 76 at row 77. Pending actuals.
[2026-10-03 05:02:05] BTC-USD completed. Forecast ID: 76
