[2026-08-12 02:32:41] 
[2026-08-12 02:32:41] ================================================================================
[2026-08-12 02:32:41] PROCESSING BTC-USD
[2026-08-12 02:32:41] ================================================================================
[2026-08-12 02:32:41] 
[2026-08-12 02:32:41] --- STAGE 1: DOWNLOADING DATA ---
[2026-08-12 02:32:41] Downloading data for BTC-USD (period=60d, interval=1h)...
[2026-08-12 02:32:42] Data downloaded successfully. Total rows: 1419
[2026-08-12 02:32:42] 
[2026-08-12 02:32:42] --- STAGE 2: EVALUATING LATEST FORECAST ---
[2026-08-12 02:32:42] Latest forecast (row 24) is pending. Evaluating...
[2026-08-12 02:32:42]   ForecastTime:    2026-08-11 02:14:57
[2026-08-12 02:32:42]   Rounded to:      2026-08-11 02:00:00
[2026-08-12 02:32:42]   Target windows:  2026-08-11 03:00:00 to 2026-08-12 02:00:00
[2026-08-12 02:32:42]   Data range:      2026-06-14 00:00:00 to 2026-08-12 02:00:00
[2026-08-12 02:32:42]   -> Updated ForecastDetails row 24.
[2026-08-12 02:32:42]   -> Metrics: last_actual=63788.53, abs_error=214.34, pct_error=0.34%, mape=0.44%
[2026-08-12 02:32:42] Pending forecast evaluated.
[2026-08-12 02:32:42] 
[2026-08-12 02:32:42] --- STAGE 3: GENERATING NEW FORECAST ---
[2026-08-12 02:32:42] Running future forecast for horizon=24...
[2026-08-12 02:32:42] Logged new future forecast ID 24 at row 25. Pending actuals.
[2026-08-12 02:32:42] BTC-USD completed. Forecast ID: 24
