[2026-10-07 05:37:29] 
[2026-10-07 05:37:29] ================================================================================
[2026-10-07 05:37:29] PROCESSING BTC-USD
[2026-10-07 05:37:29] ================================================================================
[2026-10-07 05:37:29] 
[2026-10-07 05:37:29] --- STAGE 1: DOWNLOADING DATA ---
[2026-10-07 05:37:29] Downloading data for BTC-USD (period=60d, interval=1h)...
[2026-10-07 05:37:30] Data downloaded successfully. Total rows: 1422
[2026-10-07 05:37:30] 
[2026-10-07 05:37:30] --- STAGE 2: EVALUATING LATEST FORECAST ---
[2026-10-07 05:37:30] Latest forecast (row 80) is pending. Evaluating...
[2026-10-07 05:37:30]   ForecastTime:    2026-10-06 06:02:19
[2026-10-07 05:37:30]   Rounded to:      2026-10-06 06:00:00
[2026-10-07 05:37:30]   Target windows:  2026-10-06 07:00:00 to 2026-10-07 06:00:00
[2026-10-07 05:37:30]   Data range:      2026-08-09 00:00:00 to 2026-10-07 05:00:00
[2026-10-07 05:37:30]   -> Updated ForecastDetails row 80.
[2026-10-07 05:37:30]   -> Metrics: last_actual=84171.62, abs_error=1106.34, pct_error=1.31%, mape=0.77%
[2026-10-07 05:37:30] Pending forecast evaluated.
[2026-10-07 05:37:30] 
[2026-10-07 05:37:30] --- STAGE 3: GENERATING NEW FORECAST ---
[2026-10-07 05:37:30] Running future forecast for horizon=24...
[2026-10-07 05:37:30] Logged new future forecast ID 80 at row 81. Pending actuals.
[2026-10-07 05:37:30] BTC-USD completed. Forecast ID: 80
