[2026-08-28 11:07:17] 
[2026-08-28 11:07:17] ================================================================================
[2026-08-28 11:07:17] PROCESSING BTC-USD
[2026-08-28 11:07:17] ================================================================================
[2026-08-28 11:07:17] 
[2026-08-28 11:07:17] --- STAGE 1: DOWNLOADING DATA ---
[2026-08-28 11:07:17] Downloading data for BTC-USD (period=60d, interval=1h)...
[2026-08-28 11:07:17] Data downloaded successfully. Total rows: 1407
[2026-08-28 11:07:17] 
[2026-08-28 11:07:17] --- STAGE 2: EVALUATING LATEST FORECAST ---
[2026-08-28 11:07:17] Latest forecast (row 40) is pending. Evaluating...
[2026-08-28 11:07:17]   ForecastTime:    2026-08-27 08:54:21
[2026-08-28 11:07:17]   Rounded to:      2026-08-27 08:00:00
[2026-08-28 11:07:17]   Target windows:  2026-08-27 09:00:00 to 2026-08-28 08:00:00
[2026-08-28 11:07:17]   Data range:      2026-06-30 00:00:00 to 2026-08-28 11:00:00
[2026-08-28 11:07:17]   -> Updated ForecastDetails row 40.
[2026-08-28 11:07:17]   -> Metrics: last_actual=79520.05, abs_error=240.23, pct_error=0.30%, mape=0.42%
[2026-08-28 11:07:17] Pending forecast evaluated.
[2026-08-28 11:07:17] 
[2026-08-28 11:07:17] --- STAGE 3: GENERATING NEW FORECAST ---
[2026-08-28 11:07:17] Running future forecast for horizon=24...
[2026-08-28 11:07:18] Logged new future forecast ID 40 at row 41. Pending actuals.
[2026-08-28 11:07:18] BTC-USD completed. Forecast ID: 40
