[2026-09-05 04:08:40] 
[2026-09-05 04:08:40] ================================================================================
[2026-09-05 04:08:40] PROCESSING BTC-USD
[2026-09-05 04:08:40] ================================================================================
[2026-09-05 04:08:40] 
[2026-09-05 04:08:40] --- STAGE 1: DOWNLOADING DATA ---
[2026-09-05 04:08:40] Downloading data for BTC-USD (period=60d, interval=1h)...
[2026-09-05 04:08:40] Data downloaded successfully. Total rows: 1421
[2026-09-05 04:08:40] 
[2026-09-05 04:08:40] --- STAGE 2: EVALUATING LATEST FORECAST ---
[2026-09-05 04:08:40] Latest forecast (row 48) is pending. Evaluating...
[2026-09-05 04:08:40]   ForecastTime:    2026-09-04 04:12:44
[2026-09-05 04:08:40]   Rounded to:      2026-09-04 04:00:00
[2026-09-05 04:08:40]   Target windows:  2026-09-04 05:00:00 to 2026-09-05 04:00:00
[2026-09-05 04:08:40]   Data range:      2026-07-08 00:00:00 to 2026-09-05 04:00:00
[2026-09-05 04:08:40]   -> Updated ForecastDetails row 48.
[2026-09-05 04:08:40]   -> Metrics: last_actual=79585.78, abs_error=629.98, pct_error=0.79%, mape=0.91%
[2026-09-05 04:08:40] Pending forecast evaluated.
[2026-09-05 04:08:40] 
[2026-09-05 04:08:40] --- STAGE 3: GENERATING NEW FORECAST ---
[2026-09-05 04:08:40] Running future forecast for horizon=24...
[2026-09-05 04:08:41] Logged new future forecast ID 48 at row 49. Pending actuals.
[2026-09-05 04:08:41] BTC-USD completed. Forecast ID: 48
