[2026-10-09 05:49:48] 
[2026-10-09 05:49:48] ================================================================================
[2026-10-09 05:49:48] PROCESSING BTC-USD
[2026-10-09 05:49:48] ================================================================================
[2026-10-09 05:49:48] 
[2026-10-09 05:49:48] --- STAGE 1: DOWNLOADING DATA ---
[2026-10-09 05:49:48] Downloading data for BTC-USD (period=60d, interval=1h)...
[2026-10-09 05:49:49] Data downloaded successfully. Total rows: 1422
[2026-10-09 05:49:49] 
[2026-10-09 05:49:49] --- STAGE 2: EVALUATING LATEST FORECAST ---
[2026-10-09 05:49:49] Latest forecast (row 82) is pending. Evaluating...
[2026-10-09 05:49:49]   ForecastTime:    2026-10-08 05:45:47
[2026-10-09 05:49:49]   Rounded to:      2026-10-08 05:00:00
[2026-10-09 05:49:49]   Target windows:  2026-10-08 06:00:00 to 2026-10-09 05:00:00
[2026-10-09 05:49:49]   Data range:      2026-08-11 00:00:00 to 2026-10-09 05:00:00
[2026-10-09 05:49:49]   -> Updated ForecastDetails row 82.
[2026-10-09 05:49:49]   -> Metrics: last_actual=82298.92, abs_error=448.40, pct_error=0.54%, mape=0.99%
[2026-10-09 05:49:49] Pending forecast evaluated.
[2026-10-09 05:49:49] 
[2026-10-09 05:49:49] --- STAGE 3: GENERATING NEW FORECAST ---
[2026-10-09 05:49:49] Running future forecast for horizon=24...
[2026-10-09 05:49:50] Logged new future forecast ID 82 at row 83. Pending actuals.
[2026-10-09 05:49:50] BTC-USD completed. Forecast ID: 82
