[2026-08-04 03:26:06] 
[2026-08-04 03:26:06] ================================================================================
[2026-08-04 03:26:06] PROCESSING BTC-USD
[2026-08-04 03:26:06] ================================================================================
[2026-08-04 03:26:06] 
[2026-08-04 03:26:06] --- STAGE 1: DOWNLOADING DATA ---
[2026-08-04 03:26:06] Downloading data for BTC-USD (period=60d, interval=1h)...
[2026-08-04 03:26:06] Data downloaded successfully. Total rows: 1399
[2026-08-04 03:26:06] 
[2026-08-04 03:26:06] --- STAGE 2: EVALUATING LATEST FORECAST ---
[2026-08-04 03:26:06] Latest forecast (row 16) is pending. Evaluating...
[2026-08-04 03:26:06]   ForecastTime:    2026-08-03 03:42:00
[2026-08-04 03:26:06]   Rounded to:      2026-08-03 03:00:00
[2026-08-04 03:26:06]   Target windows:  2026-08-03 04:00:00 to 2026-08-04 03:00:00
[2026-08-04 03:26:06]   Data range:      2026-06-06 00:00:00 to 2026-08-04 03:00:00
[2026-08-04 03:26:06]   -> Updated ForecastDetails row 16.
[2026-08-04 03:26:06]   -> Metrics: last_actual=63661.44, abs_error=675.71, pct_error=1.06%, mape=0.86%
[2026-08-04 03:26:06] Pending forecast evaluated.
[2026-08-04 03:26:06] 
[2026-08-04 03:26:06] --- STAGE 3: GENERATING NEW FORECAST ---
[2026-08-04 03:26:06] Running future forecast for horizon=24...
[2026-08-04 03:26:07] Logged new future forecast ID 16 at row 17. Pending actuals.
[2026-08-04 03:26:07] BTC-USD completed. Forecast ID: 16
