[2026-09-10 04:20:02] 
[2026-09-10 04:20:02] ================================================================================
[2026-09-10 04:20:02] PROCESSING BTC-USD
[2026-09-10 04:20:02] ================================================================================
[2026-09-10 04:20:02] 
[2026-09-10 04:20:02] --- STAGE 1: DOWNLOADING DATA ---
[2026-09-10 04:20:02] Downloading data for BTC-USD (period=60d, interval=1h)...
[2026-09-10 04:20:02] Data downloaded successfully. Total rows: 1400
[2026-09-10 04:20:02] 
[2026-09-10 04:20:02] --- STAGE 2: EVALUATING LATEST FORECAST ---
[2026-09-10 04:20:02] Latest forecast (row 53) is pending. Evaluating...
[2026-09-10 04:20:02]   ForecastTime:    2026-09-09 04:23:13
[2026-09-10 04:20:02]   Rounded to:      2026-09-09 04:00:00
[2026-09-10 04:20:02]   Target windows:  2026-09-09 05:00:00 to 2026-09-10 04:00:00
[2026-09-10 04:20:02]   Data range:      2026-07-13 00:00:00 to 2026-09-10 04:00:00
[2026-09-10 04:20:02]   -> Updated ForecastDetails row 53.
[2026-09-10 04:20:02]   -> Metrics: last_actual=78383.83, abs_error=326.43, pct_error=0.42%, mape=0.49%
[2026-09-10 04:20:02] Pending forecast evaluated.
[2026-09-10 04:20:02] 
[2026-09-10 04:20:02] --- STAGE 3: GENERATING NEW FORECAST ---
[2026-09-10 04:20:02] Running future forecast for horizon=24...
[2026-09-10 04:20:03] Logged new future forecast ID 53 at row 54. Pending actuals.
[2026-09-10 04:20:03] BTC-USD completed. Forecast ID: 53
