[2026-09-09 04:23:12] 
[2026-09-09 04:23:12] ================================================================================
[2026-09-09 04:23:12] PROCESSING BTC-USD
[2026-09-09 04:23:12] ================================================================================
[2026-09-09 04:23:12] 
[2026-09-09 04:23:12] --- STAGE 1: DOWNLOADING DATA ---
[2026-09-09 04:23:12] Downloading data for BTC-USD (period=60d, interval=1h)...
[2026-09-09 04:23:12] Data downloaded successfully. Total rows: 1400
[2026-09-09 04:23:12] 
[2026-09-09 04:23:12] --- STAGE 2: EVALUATING LATEST FORECAST ---
[2026-09-09 04:23:12] Latest forecast (row 52) is pending. Evaluating...
[2026-09-09 04:23:12]   ForecastTime:    2026-09-08 04:16:35
[2026-09-09 04:23:12]   Rounded to:      2026-09-08 04:00:00
[2026-09-09 04:23:12]   Target windows:  2026-09-08 05:00:00 to 2026-09-09 04:00:00
[2026-09-09 04:23:12]   Data range:      2026-07-12 00:00:00 to 2026-09-09 04:00:00
[2026-09-09 04:23:12]   -> Updated ForecastDetails row 52.
[2026-09-09 04:23:13]   -> Metrics: last_actual=78859.10, abs_error=171.07, pct_error=0.22%, mape=0.30%
[2026-09-09 04:23:13] Pending forecast evaluated.
[2026-09-09 04:23:13] 
[2026-09-09 04:23:13] --- STAGE 3: GENERATING NEW FORECAST ---
[2026-09-09 04:23:13] Running future forecast for horizon=24...
[2026-09-09 04:23:13] Logged new future forecast ID 52 at row 53. Pending actuals.
[2026-09-09 04:23:13] BTC-USD completed. Forecast ID: 52
