[2026-08-22 01:41:55] 
[2026-08-22 01:41:55] ================================================================================
[2026-08-22 01:41:55] PROCESSING BTC-USD
[2026-08-22 01:41:55] ================================================================================
[2026-08-22 01:41:55] 
[2026-08-22 01:41:55] --- STAGE 1: DOWNLOADING DATA ---
[2026-08-22 01:41:55] Downloading data for BTC-USD (period=60d, interval=1h)...
[2026-08-22 01:41:56] Data downloaded successfully. Total rows: 1395
[2026-08-22 01:41:56] 
[2026-08-22 01:41:56] --- STAGE 2: EVALUATING LATEST FORECAST ---
[2026-08-22 01:41:56] Latest forecast (row 34) is pending. Evaluating...
[2026-08-22 01:41:56]   ForecastTime:    2026-08-21 01:48:55
[2026-08-22 01:41:56]   Rounded to:      2026-08-21 01:00:00
[2026-08-22 01:41:56]   Target windows:  2026-08-21 02:00:00 to 2026-08-22 01:00:00
[2026-08-22 01:41:56]   Data range:      2026-06-24 00:00:00 to 2026-08-22 01:00:00
[2026-08-22 01:41:56]   -> Updated ForecastDetails row 34.
[2026-08-22 01:41:56]   -> Metrics: last_actual=77982.10, abs_error=4435.39, pct_error=5.69%, mape=3.25%
[2026-08-22 01:41:56] Pending forecast evaluated.
[2026-08-22 01:41:56] 
[2026-08-22 01:41:56] --- STAGE 3: GENERATING NEW FORECAST ---
[2026-08-22 01:41:56] Running future forecast for horizon=24...
[2026-08-22 01:41:57] Logged new future forecast ID 34 at row 35. Pending actuals.
[2026-08-22 01:41:57] BTC-USD completed. Forecast ID: 34
