[2026-08-26 01:49:15] 
[2026-08-26 01:49:15] ================================================================================
[2026-08-26 01:49:15] PROCESSING BTC-USD
[2026-08-26 01:49:15] ================================================================================
[2026-08-26 01:49:15] 
[2026-08-26 01:49:15] --- STAGE 1: DOWNLOADING DATA ---
[2026-08-26 01:49:15] Downloading data for BTC-USD (period=60d, interval=1h)...
[2026-08-26 01:49:15] Data downloaded successfully. Total rows: 1417
[2026-08-26 01:49:15] 
[2026-08-26 01:49:15] --- STAGE 2: EVALUATING LATEST FORECAST ---
[2026-08-26 01:49:15] Latest forecast (row 38) is pending. Evaluating...
[2026-08-26 01:49:15]   ForecastTime:    2026-08-25 01:43:51
[2026-08-26 01:49:15]   Rounded to:      2026-08-25 01:00:00
[2026-08-26 01:49:15]   Target windows:  2026-08-25 02:00:00 to 2026-08-26 01:00:00
[2026-08-26 01:49:15]   Data range:      2026-06-28 00:00:00 to 2026-08-26 01:00:00
[2026-08-26 01:49:15]   -> Updated ForecastDetails row 38.
[2026-08-26 01:49:16]   -> Metrics: last_actual=78822.57, abs_error=1091.52, pct_error=1.38%, mape=1.06%
[2026-08-26 01:49:16] Pending forecast evaluated.
[2026-08-26 01:49:16] 
[2026-08-26 01:49:16] --- STAGE 3: GENERATING NEW FORECAST ---
[2026-08-26 01:49:16] Running future forecast for horizon=24...
[2026-08-26 01:49:16] Logged new future forecast ID 38 at row 39. Pending actuals.
[2026-08-26 01:49:16] BTC-USD completed. Forecast ID: 38
