[2026-08-05 03:21:01] 
[2026-08-05 03:21:01] ================================================================================
[2026-08-05 03:21:01] PROCESSING BTC-USD
[2026-08-05 03:21:01] ================================================================================
[2026-08-05 03:21:01] 
[2026-08-05 03:21:01] --- STAGE 1: DOWNLOADING DATA ---
[2026-08-05 03:21:01] Downloading data for BTC-USD (period=60d, interval=1h)...
[2026-08-05 03:21:01] Data downloaded successfully. Total rows: 1398
[2026-08-05 03:21:01] 
[2026-08-05 03:21:01] --- STAGE 2: EVALUATING LATEST FORECAST ---
[2026-08-05 03:21:01] Latest forecast (row 17) is pending. Evaluating...
[2026-08-05 03:21:01]   ForecastTime:    2026-08-04 03:26:07
[2026-08-05 03:21:01]   Rounded to:      2026-08-04 03:00:00
[2026-08-05 03:21:01]   Target windows:  2026-08-04 04:00:00 to 2026-08-05 03:00:00
[2026-08-05 03:21:01]   Data range:      2026-06-07 00:00:00 to 2026-08-05 03:00:00
[2026-08-05 03:21:01]   -> Updated ForecastDetails row 17.
[2026-08-05 03:21:01]   -> Metrics: last_actual=64127.94, abs_error=605.88, pct_error=0.94%, mape=0.58%
[2026-08-05 03:21:01] Pending forecast evaluated.
[2026-08-05 03:21:01] 
[2026-08-05 03:21:01] --- STAGE 3: GENERATING NEW FORECAST ---
[2026-08-05 03:21:01] Running future forecast for horizon=24...
[2026-08-05 03:21:02] Logged new future forecast ID 17 at row 18. Pending actuals.
[2026-08-05 03:21:02] BTC-USD completed. Forecast ID: 17
