[2026-08-08 02:07:59] 
[2026-08-08 02:07:59] ================================================================================
[2026-08-08 02:07:59] PROCESSING BTC-USD
[2026-08-08 02:07:59] ================================================================================
[2026-08-08 02:07:59] 
[2026-08-08 02:07:59] --- STAGE 1: DOWNLOADING DATA ---
[2026-08-08 02:07:59] Downloading data for BTC-USD (period=60d, interval=1h)...
[2026-08-08 02:07:59] Data downloaded successfully. Total rows: 1396
[2026-08-08 02:07:59] 
[2026-08-08 02:07:59] --- STAGE 2: EVALUATING LATEST FORECAST ---
[2026-08-08 02:07:59] Latest forecast (row 20) is pending. Evaluating...
[2026-08-08 02:07:59]   ForecastTime:    2026-08-07 03:10:59
[2026-08-08 02:07:59]   Rounded to:      2026-08-07 03:00:00
[2026-08-08 02:07:59]   Target windows:  2026-08-07 04:00:00 to 2026-08-08 03:00:00
[2026-08-08 02:07:59]   Data range:      2026-06-10 00:00:00 to 2026-08-08 02:00:00
[2026-08-08 02:07:59]   -> Updated ForecastDetails row 20.
[2026-08-08 02:07:59]   -> Metrics: last_actual=64873.83, abs_error=586.09, pct_error=0.90%, mape=0.75%
[2026-08-08 02:07:59] Pending forecast evaluated.
[2026-08-08 02:07:59] 
[2026-08-08 02:07:59] --- STAGE 3: GENERATING NEW FORECAST ---
[2026-08-08 02:07:59] Running future forecast for horizon=24...
[2026-08-08 02:08:00] Logged new future forecast ID 20 at row 21. Pending actuals.
[2026-08-08 02:08:00] BTC-USD completed. Forecast ID: 20
