[2026-09-06 04:16:30] 
[2026-09-06 04:16:30] ================================================================================
[2026-09-06 04:16:30] PROCESSING BTC-USD
[2026-09-06 04:16:30] ================================================================================
[2026-09-06 04:16:30] 
[2026-09-06 04:16:30] --- STAGE 1: DOWNLOADING DATA ---
[2026-09-06 04:16:30] Downloading data for BTC-USD (period=60d, interval=1h)...
[2026-09-06 04:16:30] Data downloaded successfully. Total rows: 1421
[2026-09-06 04:16:30] 
[2026-09-06 04:16:30] --- STAGE 2: EVALUATING LATEST FORECAST ---
[2026-09-06 04:16:30] Latest forecast (row 49) is pending. Evaluating...
[2026-09-06 04:16:30]   ForecastTime:    2026-09-05 04:08:41
[2026-09-06 04:16:30]   Rounded to:      2026-09-05 04:00:00
[2026-09-06 04:16:30]   Target windows:  2026-09-05 05:00:00 to 2026-09-06 04:00:00
[2026-09-06 04:16:30]   Data range:      2026-07-09 00:00:00 to 2026-09-06 04:00:00
[2026-09-06 04:16:30]   -> Updated ForecastDetails row 49.
[2026-09-06 04:16:30]   -> Metrics: last_actual=79975.15, abs_error=607.89, pct_error=0.76%, mape=0.39%
[2026-09-06 04:16:30] Pending forecast evaluated.
[2026-09-06 04:16:30] 
[2026-09-06 04:16:30] --- STAGE 3: GENERATING NEW FORECAST ---
[2026-09-06 04:16:30] Running future forecast for horizon=24...
[2026-09-06 04:16:31] Logged new future forecast ID 49 at row 50. Pending actuals.
[2026-09-06 04:16:31] BTC-USD completed. Forecast ID: 49
