[2026-08-16 01:49:57] 
[2026-08-16 01:49:57] ================================================================================
[2026-08-16 01:49:57] PROCESSING BTC-USD
[2026-08-16 01:49:57] ================================================================================
[2026-08-16 01:49:57] 
[2026-08-16 01:49:57] --- STAGE 1: DOWNLOADING DATA ---
[2026-08-16 01:49:57] Downloading data for BTC-USD (period=60d, interval=1h)...
[2026-08-16 01:49:57] Data downloaded successfully. Total rows: 1418
[2026-08-16 01:49:57] 
[2026-08-16 01:49:57] --- STAGE 2: EVALUATING LATEST FORECAST ---
[2026-08-16 01:49:57] Latest forecast (row 28) is pending. Evaluating...
[2026-08-16 01:49:57]   ForecastTime:    2026-08-15 01:42:56
[2026-08-16 01:49:57]   Rounded to:      2026-08-15 01:00:00
[2026-08-16 01:49:57]   Target windows:  2026-08-15 02:00:00 to 2026-08-16 01:00:00
[2026-08-16 01:49:57]   Data range:      2026-06-18 00:00:00 to 2026-08-16 01:00:00
[2026-08-16 01:49:57]   -> Updated ForecastDetails row 28.
[2026-08-16 01:49:58]   -> Metrics: last_actual=63000.59, abs_error=117.54, pct_error=0.19%, mape=0.08%
[2026-08-16 01:49:58] Pending forecast evaluated.
[2026-08-16 01:49:58] 
[2026-08-16 01:49:58] --- STAGE 3: GENERATING NEW FORECAST ---
[2026-08-16 01:49:58] Running future forecast for horizon=24...
[2026-08-16 01:49:58] Logged new future forecast ID 28 at row 29. Pending actuals.
[2026-08-16 01:49:58] BTC-USD completed. Forecast ID: 28
