[2026-09-11 04:19:47] 
[2026-09-11 04:19:47] ================================================================================
[2026-09-11 04:19:47] PROCESSING BTC-USD
[2026-09-11 04:19:47] ================================================================================
[2026-09-11 04:19:47] 
[2026-09-11 04:19:47] --- STAGE 1: DOWNLOADING DATA ---
[2026-09-11 04:19:47] Downloading data for BTC-USD (period=60d, interval=1h)...
[2026-09-11 04:19:48] Data downloaded successfully. Total rows: 1421
[2026-09-11 04:19:48] 
[2026-09-11 04:19:48] --- STAGE 2: EVALUATING LATEST FORECAST ---
[2026-09-11 04:19:48] Latest forecast (row 54) is pending. Evaluating...
[2026-09-11 04:19:48]   ForecastTime:    2026-09-10 04:20:02
[2026-09-11 04:19:48]   Rounded to:      2026-09-10 04:00:00
[2026-09-11 04:19:48]   Target windows:  2026-09-10 05:00:00 to 2026-09-11 04:00:00
[2026-09-11 04:19:48]   Data range:      2026-07-14 00:00:00 to 2026-09-11 04:00:00
[2026-09-11 04:19:48]   -> Updated ForecastDetails row 54.
[2026-09-11 04:19:48]   -> Metrics: last_actual=76939.91, abs_error=1469.67, pct_error=1.91%, mape=1.32%
[2026-09-11 04:19:48] Pending forecast evaluated.
[2026-09-11 04:19:48] 
[2026-09-11 04:19:48] --- STAGE 3: GENERATING NEW FORECAST ---
[2026-09-11 04:19:48] Running future forecast for horizon=24...
[2026-09-11 04:19:48] Logged new future forecast ID 54 at row 55. Pending actuals.
[2026-09-11 04:19:48] BTC-USD completed. Forecast ID: 54
