[2026-09-02 04:10:05] 
[2026-09-02 04:10:05] ================================================================================
[2026-09-02 04:10:05] PROCESSING BTC-USD
[2026-09-02 04:10:05] ================================================================================
[2026-09-02 04:10:05] 
[2026-09-02 04:10:05] --- STAGE 1: DOWNLOADING DATA ---
[2026-09-02 04:10:05] Downloading data for BTC-USD (period=60d, interval=1h)...
[2026-09-02 04:10:05] Data downloaded successfully. Total rows: 1421
[2026-09-02 04:10:05] 
[2026-09-02 04:10:05] --- STAGE 2: EVALUATING LATEST FORECAST ---
[2026-09-02 04:10:05] Latest forecast (row 45) is pending. Evaluating...
[2026-09-02 04:10:05]   ForecastTime:    2026-09-01 04:48:56
[2026-09-02 04:10:05]   Rounded to:      2026-09-01 04:00:00
[2026-09-02 04:10:05]   Target windows:  2026-09-01 05:00:00 to 2026-09-02 04:00:00
[2026-09-02 04:10:05]   Data range:      2026-07-05 00:00:00 to 2026-09-02 04:00:00
[2026-09-02 04:10:05]   -> Updated ForecastDetails row 45.
[2026-09-02 04:10:06]   -> Metrics: last_actual=77327.39, abs_error=1304.59, pct_error=1.69%, mape=1.35%
[2026-09-02 04:10:06] Pending forecast evaluated.
[2026-09-02 04:10:06] 
[2026-09-02 04:10:06] --- STAGE 3: GENERATING NEW FORECAST ---
[2026-09-02 04:10:06] Running future forecast for horizon=24...
[2026-09-02 04:10:06] Logged new future forecast ID 45 at row 46. Pending actuals.
[2026-09-02 04:10:06] BTC-USD completed. Forecast ID: 45
