[2026-08-29 06:51:51] 
[2026-08-29 06:51:51] ================================================================================
[2026-08-29 06:51:51] PROCESSING BTC-USD
[2026-08-29 06:51:51] ================================================================================
[2026-08-29 06:51:51] 
[2026-08-29 06:51:51] --- STAGE 1: DOWNLOADING DATA ---
[2026-08-29 06:51:51] Downloading data for BTC-USD (period=60d, interval=1h)...
[2026-08-29 06:51:52] Data downloaded successfully. Total rows: 1423
[2026-08-29 06:51:52] 
[2026-08-29 06:51:52] --- STAGE 2: EVALUATING LATEST FORECAST ---
[2026-08-29 06:51:52] Latest forecast (row 41) is pending. Evaluating...
[2026-08-29 06:51:52]   ForecastTime:    2026-08-28 11:07:18
[2026-08-29 06:51:52]   Rounded to:      2026-08-28 11:00:00
[2026-08-29 06:51:52]   Target windows:  2026-08-28 12:00:00 to 2026-08-29 11:00:00
[2026-08-29 06:51:52]   Data range:      2026-07-01 00:00:00 to 2026-08-29 06:00:00
[2026-08-29 06:51:52]   -> Updated ForecastDetails row 41.
[2026-08-29 06:51:52]   -> Metrics: last_actual=77469.21, abs_error=2117.64, pct_error=2.73%, mape=2.27%
[2026-08-29 06:51:52] Pending forecast evaluated.
[2026-08-29 06:51:52] 
[2026-08-29 06:51:52] --- STAGE 3: GENERATING NEW FORECAST ---
[2026-08-29 06:51:52] Running future forecast for horizon=24...
[2026-08-29 06:51:53] Logged new future forecast ID 41 at row 42. Pending actuals.
[2026-08-29 06:51:53] BTC-USD completed. Forecast ID: 41
