[2026-09-15 04:37:57] 
[2026-09-15 04:37:57] ================================================================================
[2026-09-15 04:37:57] PROCESSING BTC-USD
[2026-09-15 04:37:57] ================================================================================
[2026-09-15 04:37:57] 
[2026-09-15 04:37:57] --- STAGE 1: DOWNLOADING DATA ---
[2026-09-15 04:37:57] Downloading data for BTC-USD (period=60d, interval=1h)...
[2026-09-15 04:37:57] Data downloaded successfully. Total rows: 1421
[2026-09-15 04:37:57] 
[2026-09-15 04:37:57] --- STAGE 2: EVALUATING LATEST FORECAST ---
[2026-09-15 04:37:57] Latest forecast (row 58) is pending. Evaluating...
[2026-09-15 04:37:57]   ForecastTime:    2026-09-14 04:37:30
[2026-09-15 04:37:57]   Rounded to:      2026-09-14 04:00:00
[2026-09-15 04:37:57]   Target windows:  2026-09-14 05:00:00 to 2026-09-15 04:00:00
[2026-09-15 04:37:57]   Data range:      2026-07-18 00:00:00 to 2026-09-15 04:00:00
[2026-09-15 04:37:57]   -> Updated ForecastDetails row 58.
[2026-09-15 04:37:57]   -> Metrics: last_actual=77517.71, abs_error=151.99, pct_error=0.20%, mape=1.01%
[2026-09-15 04:37:57] Pending forecast evaluated.
[2026-09-15 04:37:57] 
[2026-09-15 04:37:57] --- STAGE 3: GENERATING NEW FORECAST ---
[2026-09-15 04:37:57] Running future forecast for horizon=24...
[2026-09-15 04:37:58] Logged new future forecast ID 58 at row 59. Pending actuals.
[2026-09-15 04:37:58] BTC-USD completed. Forecast ID: 58
