[2026-09-28 05:04:09] 
[2026-09-28 05:04:09] ================================================================================
[2026-09-28 05:04:09] PROCESSING BTC-USD
[2026-09-28 05:04:09] ================================================================================
[2026-09-28 05:04:09] 
[2026-09-28 05:04:09] --- STAGE 1: DOWNLOADING DATA ---
[2026-09-28 05:04:09] Downloading data for BTC-USD (period=60d, interval=1h)...
[2026-09-28 05:04:09] Data downloaded successfully. Total rows: 1422
[2026-09-28 05:04:09] 
[2026-09-28 05:04:09] --- STAGE 2: EVALUATING LATEST FORECAST ---
[2026-09-28 05:04:09] Latest forecast (row 71) is pending. Evaluating...
[2026-09-28 05:04:09]   ForecastTime:    2026-09-27 05:02:25
[2026-09-28 05:04:09]   Rounded to:      2026-09-27 05:00:00
[2026-09-28 05:04:09]   Target windows:  2026-09-27 06:00:00 to 2026-09-28 05:00:00
[2026-09-28 05:04:09]   Data range:      2026-07-31 00:00:00 to 2026-09-28 05:00:00
[2026-09-28 05:04:09]   -> Updated ForecastDetails row 71.
[2026-09-28 05:04:09]   -> Metrics: last_actual=83382.92, abs_error=932.80, pct_error=1.12%, mape=0.51%
[2026-09-28 05:04:09] Pending forecast evaluated.
[2026-09-28 05:04:09] 
[2026-09-28 05:04:09] --- STAGE 3: GENERATING NEW FORECAST ---
[2026-09-28 05:04:09] Running future forecast for horizon=24...
[2026-09-28 05:04:10] Logged new future forecast ID 71 at row 72. Pending actuals.
[2026-09-28 05:04:10] BTC-USD completed. Forecast ID: 71
