[2026-08-10 02:24:21] 
[2026-08-10 02:24:21] ================================================================================
[2026-08-10 02:24:21] PROCESSING BTC-USD
[2026-08-10 02:24:21] ================================================================================
[2026-08-10 02:24:21] 
[2026-08-10 02:24:21] --- STAGE 1: DOWNLOADING DATA ---
[2026-08-10 02:24:21] Downloading data for BTC-USD (period=60d, interval=1h)...
[2026-08-10 02:24:21] Data downloaded successfully. Total rows: 1419
[2026-08-10 02:24:21] 
[2026-08-10 02:24:21] --- STAGE 2: EVALUATING LATEST FORECAST ---
[2026-08-10 02:24:21] Latest forecast (row 22) is pending. Evaluating...
[2026-08-10 02:24:21]   ForecastTime:    2026-08-09 02:19:03
[2026-08-10 02:24:21]   Rounded to:      2026-08-09 02:00:00
[2026-08-10 02:24:21]   Target windows:  2026-08-09 03:00:00 to 2026-08-10 02:00:00
[2026-08-10 02:24:21]   Data range:      2026-06-12 00:00:00 to 2026-08-10 02:00:00
[2026-08-10 02:24:21]   -> Updated ForecastDetails row 22.
[2026-08-10 02:24:21]   -> Metrics: last_actual=64912.71, abs_error=232.90, pct_error=0.36%, mape=0.39%
[2026-08-10 02:24:21] Pending forecast evaluated.
[2026-08-10 02:24:21] 
[2026-08-10 02:24:21] --- STAGE 3: GENERATING NEW FORECAST ---
[2026-08-10 02:24:21] Running future forecast for horizon=24...
[2026-08-10 02:24:22] Logged new future forecast ID 22 at row 23. Pending actuals.
[2026-08-10 02:24:22] BTC-USD completed. Forecast ID: 22
