[2026-07-31 03:39:50] 
[2026-07-31 03:39:50] ================================================================================
[2026-07-31 03:39:50] PROCESSING BTC-USD
[2026-07-31 03:39:50] ================================================================================
[2026-07-31 03:39:50] 
[2026-07-31 03:39:50] --- STAGE 1: DOWNLOADING DATA ---
[2026-07-31 03:39:50] Downloading data for BTC-USD (period=60d, interval=1h)...
[2026-07-31 03:39:50] Data downloaded successfully. Total rows: 1420
[2026-07-31 03:39:50] 
[2026-07-31 03:39:50] --- STAGE 2: EVALUATING LATEST FORECAST ---
[2026-07-31 03:39:50] Latest forecast (row 12) is pending. Evaluating...
[2026-07-31 03:39:50]   ForecastTime:    2026-07-30 02:57:59
[2026-07-31 03:39:50]   Rounded to:      2026-07-30 02:00:00
[2026-07-31 03:39:50]   Target windows:  2026-07-30 03:00:00 to 2026-07-31 02:00:00
[2026-07-31 03:39:50]   Data range:      2026-06-02 00:00:00 to 2026-07-31 03:00:00
[2026-07-31 03:39:50]   -> Updated ForecastDetails row 12.
[2026-07-31 03:39:51]   -> Metrics: last_actual=64230.03, abs_error=242.62, pct_error=0.38%, mape=0.76%
[2026-07-31 03:39:51] Pending forecast evaluated.
[2026-07-31 03:39:51] 
[2026-07-31 03:39:51] --- STAGE 3: GENERATING NEW FORECAST ---
[2026-07-31 03:39:51] Running future forecast for horizon=24...
[2026-07-31 03:39:51] Logged new future forecast ID 12 at row 13. Pending actuals.
[2026-07-31 03:39:51] BTC-USD completed. Forecast ID: 12
