[2026-09-26 04:42:26] 
[2026-09-26 04:42:26] ================================================================================
[2026-09-26 04:42:26] PROCESSING BTC-USD
[2026-09-26 04:42:26] ================================================================================
[2026-09-26 04:42:26] 
[2026-09-26 04:42:26] --- STAGE 1: DOWNLOADING DATA ---
[2026-09-26 04:42:26] Downloading data for BTC-USD (period=60d, interval=1h)...
[2026-09-26 04:42:26] Data downloaded successfully. Total rows: 1421
[2026-09-26 04:42:26] 
[2026-09-26 04:42:26] --- STAGE 2: EVALUATING LATEST FORECAST ---
[2026-09-26 04:42:26] Latest forecast (row 69) is pending. Evaluating...
[2026-09-26 04:42:26]   ForecastTime:    2026-09-25 04:38:36
[2026-09-26 04:42:26]   Rounded to:      2026-09-25 04:00:00
[2026-09-26 04:42:26]   Target windows:  2026-09-25 05:00:00 to 2026-09-26 04:00:00
[2026-09-26 04:42:26]   Data range:      2026-07-29 00:00:00 to 2026-09-26 04:00:00
[2026-09-26 04:42:26]   -> Updated ForecastDetails row 69.
[2026-09-26 04:42:26]   -> Metrics: last_actual=83930.56, abs_error=29.31, pct_error=0.03%, mape=0.23%
[2026-09-26 04:42:26] Pending forecast evaluated.
[2026-09-26 04:42:26] 
[2026-09-26 04:42:26] --- STAGE 3: GENERATING NEW FORECAST ---
[2026-09-26 04:42:26] Running future forecast for horizon=24...
[2026-09-26 04:42:27] Logged new future forecast ID 69 at row 70. Pending actuals.
[2026-09-26 04:42:27] BTC-USD completed. Forecast ID: 69
