[2026-08-18 01:42:49] 
[2026-08-18 01:42:49] ================================================================================
[2026-08-18 01:42:49] PROCESSING BTC-USD
[2026-08-18 01:42:49] ================================================================================
[2026-08-18 01:42:49] 
[2026-08-18 01:42:49] --- STAGE 1: DOWNLOADING DATA ---
[2026-08-18 01:42:49] Downloading data for BTC-USD (period=60d, interval=1h)...
[2026-08-18 01:42:49] Data downloaded successfully. Total rows: 1416
[2026-08-18 01:42:49] 
[2026-08-18 01:42:49] --- STAGE 2: EVALUATING LATEST FORECAST ---
[2026-08-18 01:42:49] Latest forecast (row 30) is pending. Evaluating...
[2026-08-18 01:42:49]   ForecastTime:    2026-08-17 01:47:30
[2026-08-18 01:42:49]   Rounded to:      2026-08-17 01:00:00
[2026-08-18 01:42:49]   Target windows:  2026-08-17 02:00:00 to 2026-08-18 01:00:00
[2026-08-18 01:42:49]   Data range:      2026-06-20 00:00:00 to 2026-08-18 01:00:00
[2026-08-18 01:42:49]   -> Updated ForecastDetails row 30.
[2026-08-18 01:42:49]   -> Metrics: last_actual=64211.40, abs_error=1034.44, pct_error=1.61%, mape=1.08%
[2026-08-18 01:42:49] Pending forecast evaluated.
[2026-08-18 01:42:49] 
[2026-08-18 01:42:49] --- STAGE 3: GENERATING NEW FORECAST ---
[2026-08-18 01:42:49] Running future forecast for horizon=24...
[2026-08-18 01:42:50] Logged new future forecast ID 30 at row 31. Pending actuals.
[2026-08-18 01:42:50] BTC-USD completed. Forecast ID: 30
