[2026-10-10 05:33:10] 
[2026-10-10 05:33:10] ================================================================================
[2026-10-10 05:33:10] PROCESSING BTC-USD
[2026-10-10 05:33:10] ================================================================================
[2026-10-10 05:33:10] 
[2026-10-10 05:33:10] --- STAGE 1: DOWNLOADING DATA ---
[2026-10-10 05:33:10] Downloading data for BTC-USD (period=60d, interval=1h)...
[2026-10-10 05:33:10] Data downloaded successfully. Total rows: 1422
[2026-10-10 05:33:10] 
[2026-10-10 05:33:10] --- STAGE 2: EVALUATING LATEST FORECAST ---
[2026-10-10 05:33:10] Latest forecast (row 83) is pending. Evaluating...
[2026-10-10 05:33:11]   ForecastTime:    2026-10-09 05:49:49
[2026-10-10 05:33:11]   Rounded to:      2026-10-09 05:00:00
[2026-10-10 05:33:11]   Target windows:  2026-10-09 06:00:00 to 2026-10-10 05:00:00
[2026-10-10 05:33:11]   Data range:      2026-08-12 00:00:00 to 2026-10-10 05:00:00
[2026-10-10 05:33:11]   -> Updated ForecastDetails row 83.
[2026-10-10 05:33:11]   -> Metrics: last_actual=82653.74, abs_error=438.85, pct_error=0.53%, mape=0.39%
[2026-10-10 05:33:11] Pending forecast evaluated.
[2026-10-10 05:33:11] 
[2026-10-10 05:33:11] --- STAGE 3: GENERATING NEW FORECAST ---
[2026-10-10 05:33:11] Running future forecast for horizon=24...
[2026-10-10 05:33:11] Logged new future forecast ID 83 at row 84. Pending actuals.
[2026-10-10 05:33:11] BTC-USD completed. Forecast ID: 83
