[2026-09-03 04:07:03] 
[2026-09-03 04:07:03] ================================================================================
[2026-09-03 04:07:03] PROCESSING BTC-USD
[2026-09-03 04:07:03] ================================================================================
[2026-09-03 04:07:03] 
[2026-09-03 04:07:03] --- STAGE 1: DOWNLOADING DATA ---
[2026-09-03 04:07:03] Downloading data for BTC-USD (period=60d, interval=1h)...
[2026-09-03 04:07:04] Data downloaded successfully. Total rows: 1421
[2026-09-03 04:07:04] 
[2026-09-03 04:07:04] --- STAGE 2: EVALUATING LATEST FORECAST ---
[2026-09-03 04:07:04] Latest forecast (row 46) is pending. Evaluating...
[2026-09-03 04:07:04]   ForecastTime:    2026-09-02 04:10:06
[2026-09-03 04:07:04]   Rounded to:      2026-09-02 04:00:00
[2026-09-03 04:07:04]   Target windows:  2026-09-02 05:00:00 to 2026-09-03 04:00:00
[2026-09-03 04:07:04]   Data range:      2026-07-06 00:00:00 to 2026-09-03 04:00:00
[2026-09-03 04:07:04]   -> Updated ForecastDetails row 46.
[2026-09-03 04:07:04]   -> Metrics: last_actual=77724.03, abs_error=401.04, pct_error=0.52%, mape=0.35%
[2026-09-03 04:07:04] Pending forecast evaluated.
[2026-09-03 04:07:04] 
[2026-09-03 04:07:04] --- STAGE 3: GENERATING NEW FORECAST ---
[2026-09-03 04:07:04] Running future forecast for horizon=24...
[2026-09-03 04:07:04] Logged new future forecast ID 46 at row 47. Pending actuals.
[2026-09-03 04:07:04] BTC-USD completed. Forecast ID: 46
