[2026-10-04 05:34:27] 
[2026-10-04 05:34:27] ================================================================================
[2026-10-04 05:34:27] PROCESSING BTC-USD
[2026-10-04 05:34:27] ================================================================================
[2026-10-04 05:34:27] 
[2026-10-04 05:34:27] --- STAGE 1: DOWNLOADING DATA ---
[2026-10-04 05:34:27] Downloading data for BTC-USD (period=60d, interval=1h)...
[2026-10-04 05:34:27] Data downloaded successfully. Total rows: 1422
[2026-10-04 05:34:27] 
[2026-10-04 05:34:27] --- STAGE 2: EVALUATING LATEST FORECAST ---
[2026-10-04 05:34:27] Latest forecast (row 77) is pending. Evaluating...
[2026-10-04 05:34:27]   ForecastTime:    2026-10-03 05:02:05
[2026-10-04 05:34:27]   Rounded to:      2026-10-03 05:00:00
[2026-10-04 05:34:27]   Target windows:  2026-10-03 06:00:00 to 2026-10-04 05:00:00
[2026-10-04 05:34:27]   Data range:      2026-08-06 00:00:00 to 2026-10-04 05:00:00
[2026-10-04 05:34:27]   -> Updated ForecastDetails row 77.
[2026-10-04 05:34:27]   -> Metrics: last_actual=84854.55, abs_error=451.30, pct_error=0.53%, mape=0.38%
[2026-10-04 05:34:27] Pending forecast evaluated.
[2026-10-04 05:34:27] 
[2026-10-04 05:34:27] --- STAGE 3: GENERATING NEW FORECAST ---
[2026-10-04 05:34:27] Running future forecast for horizon=24...
[2026-10-04 05:34:28] Logged new future forecast ID 77 at row 78. Pending actuals.
[2026-10-04 05:34:28] BTC-USD completed. Forecast ID: 77
