[2026-10-01 05:31:39] 
[2026-10-01 05:31:39] ================================================================================
[2026-10-01 05:31:39] PROCESSING BTC-USD
[2026-10-01 05:31:39] ================================================================================
[2026-10-01 05:31:39] 
[2026-10-01 05:31:39] --- STAGE 1: DOWNLOADING DATA ---
[2026-10-01 05:31:39] Downloading data for BTC-USD (period=60d, interval=1h)...
[2026-10-01 05:31:39] Data downloaded successfully. Total rows: 1422
[2026-10-01 05:31:39] 
[2026-10-01 05:31:39] --- STAGE 2: EVALUATING LATEST FORECAST ---
[2026-10-01 05:31:39] Latest forecast (row 74) is pending. Evaluating...
[2026-10-01 05:31:39]   ForecastTime:    2026-09-30 05:16:31
[2026-10-01 05:31:39]   Rounded to:      2026-09-30 05:00:00
[2026-10-01 05:31:39]   Target windows:  2026-09-30 06:00:00 to 2026-10-01 05:00:00
[2026-10-01 05:31:39]   Data range:      2026-08-03 00:00:00 to 2026-10-01 05:00:00
[2026-10-01 05:31:39]   -> Updated ForecastDetails row 74.
[2026-10-01 05:31:39]   -> Metrics: last_actual=84217.28, abs_error=1176.12, pct_error=1.40%, mape=0.87%
[2026-10-01 05:31:39] Pending forecast evaluated.
[2026-10-01 05:31:39] 
[2026-10-01 05:31:39] --- STAGE 3: GENERATING NEW FORECAST ---
[2026-10-01 05:31:39] Running future forecast for horizon=24...
[2026-10-01 05:31:40] Logged new future forecast ID 74 at row 75. Pending actuals.
[2026-10-01 05:31:40] BTC-USD completed. Forecast ID: 74
