[2026-09-27 05:02:24] 
[2026-09-27 05:02:24] ================================================================================
[2026-09-27 05:02:24] PROCESSING BTC-USD
[2026-09-27 05:02:24] ================================================================================
[2026-09-27 05:02:24] 
[2026-09-27 05:02:24] --- STAGE 1: DOWNLOADING DATA ---
[2026-09-27 05:02:24] Downloading data for BTC-USD (period=60d, interval=1h)...
[2026-09-27 05:02:25] Data downloaded successfully. Total rows: 1422
[2026-09-27 05:02:25] 
[2026-09-27 05:02:25] --- STAGE 2: EVALUATING LATEST FORECAST ---
[2026-09-27 05:02:25] Latest forecast (row 70) is pending. Evaluating...
[2026-09-27 05:02:25]   ForecastTime:    2026-09-26 04:42:27
[2026-09-27 05:02:25]   Rounded to:      2026-09-26 04:00:00
[2026-09-27 05:02:25]   Target windows:  2026-09-26 05:00:00 to 2026-09-27 04:00:00
[2026-09-27 05:02:25]   Data range:      2026-07-30 00:00:00 to 2026-09-27 05:00:00
[2026-09-27 05:02:25]   -> Updated ForecastDetails row 70.
[2026-09-27 05:02:25]   -> Metrics: last_actual=84316.80, abs_error=524.68, pct_error=0.62%, mape=0.28%
[2026-09-27 05:02:25] Pending forecast evaluated.
[2026-09-27 05:02:25] 
[2026-09-27 05:02:25] --- STAGE 3: GENERATING NEW FORECAST ---
[2026-09-27 05:02:25] Running future forecast for horizon=24...
[2026-09-27 05:02:25] Logged new future forecast ID 70 at row 71. Pending actuals.
[2026-09-27 05:02:25] BTC-USD completed. Forecast ID: 70
