[2026-09-30 05:16:30] 
[2026-09-30 05:16:30] ================================================================================
[2026-09-30 05:16:30] PROCESSING BTC-USD
[2026-09-30 05:16:30] ================================================================================
[2026-09-30 05:16:30] 
[2026-09-30 05:16:30] --- STAGE 1: DOWNLOADING DATA ---
[2026-09-30 05:16:30] Downloading data for BTC-USD (period=60d, interval=1h)...
[2026-09-30 05:16:31] Data downloaded successfully. Total rows: 1422
[2026-09-30 05:16:31] 
[2026-09-30 05:16:31] --- STAGE 2: EVALUATING LATEST FORECAST ---
[2026-09-30 05:16:31] Latest forecast (row 73) is pending. Evaluating...
[2026-09-30 05:16:31]   ForecastTime:    2026-09-29 05:28:55
[2026-09-30 05:16:31]   Rounded to:      2026-09-29 05:00:00
[2026-09-30 05:16:31]   Target windows:  2026-09-29 06:00:00 to 2026-09-30 05:00:00
[2026-09-30 05:16:31]   Data range:      2026-08-02 00:00:00 to 2026-09-30 05:00:00
[2026-09-30 05:16:31]   -> Updated ForecastDetails row 73.
[2026-09-30 05:16:31]   -> Metrics: last_actual=83150.90, abs_error=217.41, pct_error=0.26%, mape=0.47%
[2026-09-30 05:16:31] Pending forecast evaluated.
[2026-09-30 05:16:31] 
[2026-09-30 05:16:31] --- STAGE 3: GENERATING NEW FORECAST ---
[2026-09-30 05:16:31] Running future forecast for horizon=24...
[2026-09-30 05:16:31] Logged new future forecast ID 73 at row 74. Pending actuals.
[2026-09-30 05:16:31] BTC-USD completed. Forecast ID: 73
