[2026-08-06 03:23:47] 
[2026-08-06 03:23:47] ================================================================================
[2026-08-06 03:23:47] PROCESSING BTC-USD
[2026-08-06 03:23:47] ================================================================================
[2026-08-06 03:23:47] 
[2026-08-06 03:23:47] --- STAGE 1: DOWNLOADING DATA ---
[2026-08-06 03:23:47] Downloading data for BTC-USD (period=60d, interval=1h)...
[2026-08-06 03:23:47] Data downloaded successfully. Total rows: 1420
[2026-08-06 03:23:47] 
[2026-08-06 03:23:47] --- STAGE 2: EVALUATING LATEST FORECAST ---
[2026-08-06 03:23:47] Latest forecast (row 18) is pending. Evaluating...
[2026-08-06 03:23:47]   ForecastTime:    2026-08-05 03:21:02
[2026-08-06 03:23:47]   Rounded to:      2026-08-05 03:00:00
[2026-08-06 03:23:47]   Target windows:  2026-08-05 04:00:00 to 2026-08-06 03:00:00
[2026-08-06 03:23:47]   Data range:      2026-06-08 00:00:00 to 2026-08-06 03:00:00
[2026-08-06 03:23:47]   -> Updated ForecastDetails row 18.
[2026-08-06 03:23:48]   -> Metrics: last_actual=64470.26, abs_error=399.48, pct_error=0.62%, mape=0.48%
[2026-08-06 03:23:48] Pending forecast evaluated.
[2026-08-06 03:23:48] 
[2026-08-06 03:23:48] --- STAGE 3: GENERATING NEW FORECAST ---
[2026-08-06 03:23:48] Running future forecast for horizon=24...
[2026-08-06 03:23:48] Logged new future forecast ID 18 at row 19. Pending actuals.
[2026-08-06 03:23:48] BTC-USD completed. Forecast ID: 18
