[2026-09-25 04:38:35] 
[2026-09-25 04:38:35] ================================================================================
[2026-09-25 04:38:35] PROCESSING BTC-USD
[2026-09-25 04:38:35] ================================================================================
[2026-09-25 04:38:35] 
[2026-09-25 04:38:35] --- STAGE 1: DOWNLOADING DATA ---
[2026-09-25 04:38:35] Downloading data for BTC-USD (period=60d, interval=1h)...
[2026-09-25 04:38:36] Data downloaded successfully. Total rows: 1421
[2026-09-25 04:38:36] 
[2026-09-25 04:38:36] --- STAGE 2: EVALUATING LATEST FORECAST ---
[2026-09-25 04:38:36] Latest forecast (row 68) is pending. Evaluating...
[2026-09-25 04:38:36]   ForecastTime:    2026-09-24 04:27:19
[2026-09-25 04:38:36]   Rounded to:      2026-09-24 04:00:00
[2026-09-25 04:38:36]   Target windows:  2026-09-24 05:00:00 to 2026-09-25 04:00:00
[2026-09-25 04:38:36]   Data range:      2026-07-28 00:00:00 to 2026-09-25 04:00:00
[2026-09-25 04:38:36]   -> Updated ForecastDetails row 68.
[2026-09-25 04:38:36]   -> Metrics: last_actual=84178.63, abs_error=788.12, pct_error=0.94%, mape=0.72%
[2026-09-25 04:38:36] Pending forecast evaluated.
[2026-09-25 04:38:36] 
[2026-09-25 04:38:36] --- STAGE 3: GENERATING NEW FORECAST ---
[2026-09-25 04:38:36] Running future forecast for horizon=24...
[2026-09-25 04:38:36] Logged new future forecast ID 68 at row 69. Pending actuals.
[2026-09-25 04:38:36] BTC-USD completed. Forecast ID: 68
