[2026-10-06 06:02:18] 
[2026-10-06 06:02:18] ================================================================================
[2026-10-06 06:02:18] PROCESSING BTC-USD
[2026-10-06 06:02:18] ================================================================================
[2026-10-06 06:02:18] 
[2026-10-06 06:02:18] --- STAGE 1: DOWNLOADING DATA ---
[2026-10-06 06:02:18] Downloading data for BTC-USD (period=60d, interval=1h)...
[2026-10-06 06:02:18] Data downloaded successfully. Total rows: 1423
[2026-10-06 06:02:18] 
[2026-10-06 06:02:18] --- STAGE 2: EVALUATING LATEST FORECAST ---
[2026-10-06 06:02:18] Latest forecast (row 79) is pending. Evaluating...
[2026-10-06 06:02:18]   ForecastTime:    2026-10-05 05:18:11
[2026-10-06 06:02:18]   Rounded to:      2026-10-05 05:00:00
[2026-10-06 06:02:18]   Target windows:  2026-10-05 06:00:00 to 2026-10-06 05:00:00
[2026-10-06 06:02:18]   Data range:      2026-08-08 00:00:00 to 2026-10-06 06:00:00
[2026-10-06 06:02:18]   -> Updated ForecastDetails row 79.
[2026-10-06 06:02:19]   -> Metrics: last_actual=85496.52, abs_error=360.27, pct_error=0.42%, mape=0.63%
[2026-10-06 06:02:19] Pending forecast evaluated.
[2026-10-06 06:02:19] 
[2026-10-06 06:02:19] --- STAGE 3: GENERATING NEW FORECAST ---
[2026-10-06 06:02:19] Running future forecast for horizon=24...
[2026-10-06 06:02:19] Logged new future forecast ID 79 at row 80. Pending actuals.
[2026-10-06 06:02:19] BTC-USD completed. Forecast ID: 79
