[2026-09-24 04:27:17] 
[2026-09-24 04:27:17] ================================================================================
[2026-09-24 04:27:17] PROCESSING BTC-USD
[2026-09-24 04:27:17] ================================================================================
[2026-09-24 04:27:17] 
[2026-09-24 04:27:17] --- STAGE 1: DOWNLOADING DATA ---
[2026-09-24 04:27:17] Downloading data for BTC-USD (period=60d, interval=1h)...
[2026-09-24 04:27:18] Data downloaded successfully. Total rows: 1421
[2026-09-24 04:27:18] 
[2026-09-24 04:27:18] --- STAGE 2: EVALUATING LATEST FORECAST ---
[2026-09-24 04:27:18] Latest forecast (row 67) is pending. Evaluating...
[2026-09-24 04:27:18]   ForecastTime:    2026-09-23 04:30:07
[2026-09-24 04:27:18]   Rounded to:      2026-09-23 04:00:00
[2026-09-24 04:27:18]   Target windows:  2026-09-23 05:00:00 to 2026-09-24 04:00:00
[2026-09-24 04:27:18]   Data range:      2026-07-27 00:00:00 to 2026-09-24 04:00:00
[2026-09-24 04:27:18]   -> Updated ForecastDetails row 67.
[2026-09-24 04:27:18]   -> Metrics: last_actual=83867.22, abs_error=3150.70, pct_error=3.76%, mape=2.57%
[2026-09-24 04:27:18] Pending forecast evaluated.
[2026-09-24 04:27:18] 
[2026-09-24 04:27:18] --- STAGE 3: GENERATING NEW FORECAST ---
[2026-09-24 04:27:18] Running future forecast for horizon=24...
[2026-09-24 04:27:19] Logged new future forecast ID 67 at row 68. Pending actuals.
[2026-09-24 04:27:19] BTC-USD completed. Forecast ID: 67
