[2026-07-30 02:57:58] 
[2026-07-30 02:57:58] ================================================================================
[2026-07-30 02:57:58] PROCESSING BTC-USD
[2026-07-30 02:57:58] ================================================================================
[2026-07-30 02:57:58] 
[2026-07-30 02:57:58] --- STAGE 1: DOWNLOADING DATA ---
[2026-07-30 02:57:58] Downloading data for BTC-USD (period=60d, interval=1h)...
[2026-07-30 02:57:58] Data downloaded successfully. Total rows: 1398
[2026-07-30 02:57:58] 
[2026-07-30 02:57:58] --- STAGE 2: EVALUATING LATEST FORECAST ---
[2026-07-30 02:57:58] Latest forecast (row 11) is pending. Evaluating...
[2026-07-30 02:57:58]   ForecastTime:    2026-07-29 03:23:40
[2026-07-30 02:57:58]   Rounded to:      2026-07-29 03:00:00
[2026-07-30 02:57:58]   Target windows:  2026-07-29 04:00:00 to 2026-07-30 03:00:00
[2026-07-30 02:57:58]   Data range:      2026-06-01 00:00:00 to 2026-07-30 02:00:00
[2026-07-30 02:57:58]   -> Updated ForecastDetails row 11.
[2026-07-30 02:57:58]   -> Metrics: last_actual=64091.36, abs_error=211.34, pct_error=0.33%, mape=0.54%
[2026-07-30 02:57:58] Pending forecast evaluated.
[2026-07-30 02:57:58] 
[2026-07-30 02:57:58] --- STAGE 3: GENERATING NEW FORECAST ---
[2026-07-30 02:57:58] Running future forecast for horizon=24...
[2026-07-30 02:57:59] Logged new future forecast ID 11 at row 12. Pending actuals.
[2026-07-30 02:57:59] BTC-USD completed. Forecast ID: 11
