[2026-09-19 04:20:46] 
[2026-09-19 04:20:46] ================================================================================
[2026-09-19 04:20:46] PROCESSING BTC-USD
[2026-09-19 04:20:46] ================================================================================
[2026-09-19 04:20:46] 
[2026-09-19 04:20:46] --- STAGE 1: DOWNLOADING DATA ---
[2026-09-19 04:20:46] Downloading data for BTC-USD (period=60d, interval=1h)...
[2026-09-19 04:20:46] Data downloaded successfully. Total rows: 1421
[2026-09-19 04:20:46] 
[2026-09-19 04:20:46] --- STAGE 2: EVALUATING LATEST FORECAST ---
[2026-09-19 04:20:46] Latest forecast (row 62) is pending. Evaluating...
[2026-09-19 04:20:46]   ForecastTime:    2026-09-18 04:23:53
[2026-09-19 04:20:46]   Rounded to:      2026-09-18 04:00:00
[2026-09-19 04:20:46]   Target windows:  2026-09-18 05:00:00 to 2026-09-19 04:00:00
[2026-09-19 04:20:46]   Data range:      2026-07-22 00:00:00 to 2026-09-19 04:00:00
[2026-09-19 04:20:46]   -> Updated ForecastDetails row 62.
[2026-09-19 04:20:46]   -> Metrics: last_actual=81109.93, abs_error=4046.02, pct_error=4.99%, mape=3.50%
[2026-09-19 04:20:46] Pending forecast evaluated.
[2026-09-19 04:20:46] 
[2026-09-19 04:20:46] --- STAGE 3: GENERATING NEW FORECAST ---
[2026-09-19 04:20:46] Running future forecast for horizon=24...
[2026-09-19 04:20:46] Logged new future forecast ID 62 at row 63. Pending actuals.
[2026-09-19 04:20:46] BTC-USD completed. Forecast ID: 62
