[2026-08-27 08:54:20] 
[2026-08-27 08:54:20] ================================================================================
[2026-08-27 08:54:20] PROCESSING BTC-USD
[2026-08-27 08:54:20] ================================================================================
[2026-08-27 08:54:20] 
[2026-08-27 08:54:20] --- STAGE 1: DOWNLOADING DATA ---
[2026-08-27 08:54:20] Downloading data for BTC-USD (period=60d, interval=1h)...
[2026-08-27 08:54:20] Data downloaded successfully. Total rows: 1425
[2026-08-27 08:54:20] 
[2026-08-27 08:54:20] --- STAGE 2: EVALUATING LATEST FORECAST ---
[2026-08-27 08:54:20] Latest forecast (row 39) is pending. Evaluating...
[2026-08-27 08:54:20]   ForecastTime:    2026-08-26 01:49:16
[2026-08-27 08:54:20]   Rounded to:      2026-08-26 01:00:00
[2026-08-27 08:54:20]   Target windows:  2026-08-26 02:00:00 to 2026-08-27 01:00:00
[2026-08-27 08:54:20]   Data range:      2026-06-29 00:00:00 to 2026-08-27 08:00:00
[2026-08-27 08:54:20]   -> Updated ForecastDetails row 39.
[2026-08-27 08:54:21]   -> Metrics: last_actual=78893.50, abs_error=564.56, pct_error=0.72%, mape=0.34%
[2026-08-27 08:54:21] Pending forecast evaluated.
[2026-08-27 08:54:21] 
[2026-08-27 08:54:21] --- STAGE 3: GENERATING NEW FORECAST ---
[2026-08-27 08:54:21] Running future forecast for horizon=24...
[2026-08-27 08:54:21] Logged new future forecast ID 39 at row 40. Pending actuals.
[2026-08-27 08:54:21] BTC-USD completed. Forecast ID: 39
