[2026-08-07 03:10:58] 
[2026-08-07 03:10:58] ================================================================================
[2026-08-07 03:10:58] PROCESSING BTC-USD
[2026-08-07 03:10:58] ================================================================================
[2026-08-07 03:10:58] 
[2026-08-07 03:10:58] --- STAGE 1: DOWNLOADING DATA ---
[2026-08-07 03:10:58] Downloading data for BTC-USD (period=60d, interval=1h)...
[2026-08-07 03:10:58] Data downloaded successfully. Total rows: 1420
[2026-08-07 03:10:58] 
[2026-08-07 03:10:58] --- STAGE 2: EVALUATING LATEST FORECAST ---
[2026-08-07 03:10:58] Latest forecast (row 19) is pending. Evaluating...
[2026-08-07 03:10:58]   ForecastTime:    2026-08-06 03:23:48
[2026-08-07 03:10:58]   Rounded to:      2026-08-06 03:00:00
[2026-08-07 03:10:58]   Target windows:  2026-08-06 04:00:00 to 2026-08-07 03:00:00
[2026-08-07 03:10:58]   Data range:      2026-06-09 00:00:00 to 2026-08-07 03:00:00
[2026-08-07 03:10:58]   -> Updated ForecastDetails row 19.
[2026-08-07 03:10:59]   -> Metrics: last_actual=64319.36, abs_error=33.62, pct_error=0.05%, mape=0.25%
[2026-08-07 03:10:59] Pending forecast evaluated.
[2026-08-07 03:10:59] 
[2026-08-07 03:10:59] --- STAGE 3: GENERATING NEW FORECAST ---
[2026-08-07 03:10:59] Running future forecast for horizon=24...
[2026-08-07 03:10:59] Logged new future forecast ID 19 at row 20. Pending actuals.
[2026-08-07 03:10:59] BTC-USD completed. Forecast ID: 19
