[2026-09-12 04:17:58] 
[2026-09-12 04:17:58] ================================================================================
[2026-09-12 04:17:58] PROCESSING BTC-USD
[2026-09-12 04:17:58] ================================================================================
[2026-09-12 04:17:58] 
[2026-09-12 04:17:58] --- STAGE 1: DOWNLOADING DATA ---
[2026-09-12 04:17:58] Downloading data for BTC-USD (period=60d, interval=1h)...
[2026-09-12 04:17:58] Data downloaded successfully. Total rows: 1421
[2026-09-12 04:17:58] 
[2026-09-12 04:17:58] --- STAGE 2: EVALUATING LATEST FORECAST ---
[2026-09-12 04:17:58] Latest forecast (row 55) is pending. Evaluating...
[2026-09-12 04:17:58]   ForecastTime:    2026-09-11 04:19:48
[2026-09-12 04:17:58]   Rounded to:      2026-09-11 04:00:00
[2026-09-12 04:17:58]   Target windows:  2026-09-11 05:00:00 to 2026-09-12 04:00:00
[2026-09-12 04:17:58]   Data range:      2026-07-15 00:00:00 to 2026-09-12 04:00:00
[2026-09-12 04:17:58]   -> Updated ForecastDetails row 55.
[2026-09-12 04:17:58]   -> Metrics: last_actual=77238.12, abs_error=335.37, pct_error=0.43%, mape=0.66%
[2026-09-12 04:17:58] Pending forecast evaluated.
[2026-09-12 04:17:58] 
[2026-09-12 04:17:58] --- STAGE 3: GENERATING NEW FORECAST ---
[2026-09-12 04:17:58] Running future forecast for horizon=24...
[2026-09-12 04:17:59] Logged new future forecast ID 55 at row 56. Pending actuals.
[2026-09-12 04:17:59] BTC-USD completed. Forecast ID: 55
