[2026-09-07 04:15:50] 
[2026-09-07 04:15:50] ================================================================================
[2026-09-07 04:15:50] PROCESSING BTC-USD
[2026-09-07 04:15:50] ================================================================================
[2026-09-07 04:15:50] 
[2026-09-07 04:15:50] --- STAGE 1: DOWNLOADING DATA ---
[2026-09-07 04:15:50] Downloading data for BTC-USD (period=60d, interval=1h)...
[2026-09-07 04:15:50] Data downloaded successfully. Total rows: 1421
[2026-09-07 04:15:50] 
[2026-09-07 04:15:50] --- STAGE 2: EVALUATING LATEST FORECAST ---
[2026-09-07 04:15:50] Latest forecast (row 50) is pending. Evaluating...
[2026-09-07 04:15:50]   ForecastTime:    2026-09-06 04:16:31
[2026-09-07 04:15:50]   Rounded to:      2026-09-06 04:00:00
[2026-09-07 04:15:50]   Target windows:  2026-09-06 05:00:00 to 2026-09-07 04:00:00
[2026-09-07 04:15:50]   Data range:      2026-07-10 00:00:00 to 2026-09-07 04:00:00
[2026-09-07 04:15:50]   -> Updated ForecastDetails row 50.
[2026-09-07 04:15:50]   -> Metrics: last_actual=79675.97, abs_error=94.52, pct_error=0.12%, mape=0.18%
[2026-09-07 04:15:50] Pending forecast evaluated.
[2026-09-07 04:15:50] 
[2026-09-07 04:15:50] --- STAGE 3: GENERATING NEW FORECAST ---
[2026-09-07 04:15:50] Running future forecast for horizon=24...
[2026-09-07 04:15:51] Logged new future forecast ID 50 at row 51. Pending actuals.
[2026-09-07 04:15:51] BTC-USD completed. Forecast ID: 50
