[2026-08-03 03:41:59] 
[2026-08-03 03:41:59] ================================================================================
[2026-08-03 03:41:59] PROCESSING BTC-USD
[2026-08-03 03:41:59] ================================================================================
[2026-08-03 03:41:59] 
[2026-08-03 03:41:59] --- STAGE 1: DOWNLOADING DATA ---
[2026-08-03 03:41:59] Downloading data for BTC-USD (period=60d, interval=1h)...
[2026-08-03 03:41:59] Data downloaded successfully. Total rows: 1399
[2026-08-03 03:41:59] 
[2026-08-03 03:41:59] --- STAGE 2: EVALUATING LATEST FORECAST ---
[2026-08-03 03:41:59] Latest forecast (row 15) is pending. Evaluating...
[2026-08-03 03:41:59]   ForecastTime:    2026-08-02 03:39:50
[2026-08-03 03:41:59]   Rounded to:      2026-08-02 03:00:00
[2026-08-03 03:41:59]   Target windows:  2026-08-02 04:00:00 to 2026-08-03 03:00:00
[2026-08-03 03:41:59]   Data range:      2026-06-05 00:00:00 to 2026-08-03 03:00:00
[2026-08-03 03:41:59]   -> Updated ForecastDetails row 15.
[2026-08-03 03:41:59]   -> Metrics: last_actual=62971.62, abs_error=488.21, pct_error=0.78%, mape=0.35%
[2026-08-03 03:41:59] Pending forecast evaluated.
[2026-08-03 03:41:59] 
[2026-08-03 03:41:59] --- STAGE 3: GENERATING NEW FORECAST ---
[2026-08-03 03:41:59] Running future forecast for horizon=24...
[2026-08-03 03:42:00] Logged new future forecast ID 15 at row 16. Pending actuals.
[2026-08-03 03:42:00] BTC-USD completed. Forecast ID: 15
