[2026-08-13 02:34:04] 
[2026-08-13 02:34:04] ================================================================================
[2026-08-13 02:34:04] PROCESSING SOL-USD
[2026-08-13 02:34:04] ================================================================================
[2026-08-13 02:34:04] 
[2026-08-13 02:34:04] --- STAGE 1: DOWNLOADING DATA ---
[2026-08-13 02:34:04] Downloading data for SOL-USD (period=30d, interval=1h)...
[2026-08-13 02:34:04] Data downloaded successfully. Total rows: 697
[2026-08-13 02:34:04] 
[2026-08-13 02:34:04] --- STAGE 2: EVALUATING LATEST FORECAST ---
[2026-08-13 02:34:04] Latest forecast (row 25) is pending. Evaluating...
[2026-08-13 02:34:04]   ForecastTime:    2026-08-12 02:32:37
[2026-08-13 02:34:04]   Rounded to:      2026-08-12 02:00:00
[2026-08-13 02:34:04]   Target windows:  2026-08-12 03:00:00 to 2026-08-13 02:00:00
[2026-08-13 02:34:04]   Data range:      2026-07-15 00:00:00 to 2026-08-13 02:00:00
[2026-08-13 02:34:04]   -> Updated ForecastDetails row 25.
[2026-08-13 02:34:04]   -> Metrics: last_actual=75.48, abs_error=1.20, pct_error=1.58%, mape=0.84%
[2026-08-13 02:34:04] Pending forecast evaluated.
[2026-08-13 02:34:04] 
[2026-08-13 02:34:04] --- STAGE 3: GENERATING NEW FORECAST ---
[2026-08-13 02:34:04] Running future forecast for horizon=24...
[2026-08-13 02:34:05] Logged new future forecast ID 25 at row 26. Pending actuals.
[2026-08-13 02:34:05] SOL-USD completed. Forecast ID: 25
