[2026-09-29 05:28:48] 
[2026-09-29 05:28:48] ================================================================================
[2026-09-29 05:28:48] PROCESSING SOL-USD
[2026-09-29 05:28:48] ================================================================================
[2026-09-29 05:28:48] 
[2026-09-29 05:28:48] --- STAGE 1: DOWNLOADING DATA ---
[2026-09-29 05:28:48] Downloading data for SOL-USD (period=30d, interval=1h)...
[2026-09-29 05:28:48] Data downloaded successfully. Total rows: 702
[2026-09-29 05:28:48] 
[2026-09-29 05:28:48] --- STAGE 2: EVALUATING LATEST FORECAST ---
[2026-09-29 05:28:48] Latest forecast (row 72) is pending. Evaluating...
[2026-09-29 05:28:48]   ForecastTime:    2026-09-28 05:04:04
[2026-09-29 05:28:48]   Rounded to:      2026-09-28 05:00:00
[2026-09-29 05:28:48]   Target windows:  2026-09-28 06:00:00 to 2026-09-29 05:00:00
[2026-09-29 05:28:48]   Data range:      2026-08-31 00:00:00 to 2026-09-29 05:00:00
[2026-09-29 05:28:48]   -> Updated ForecastDetails row 72.
[2026-09-29 05:28:48]   -> Metrics: last_actual=118.08, abs_error=1.64, pct_error=1.39%, mape=1.04%
[2026-09-29 05:28:48] Pending forecast evaluated.
[2026-09-29 05:28:48] 
[2026-09-29 05:28:48] --- STAGE 3: GENERATING NEW FORECAST ---
[2026-09-29 05:28:48] Running future forecast for horizon=24...
[2026-09-29 05:28:49] Logged new future forecast ID 72 at row 73. Pending actuals.
[2026-09-29 05:28:49] SOL-USD completed. Forecast ID: 72
