[2026-08-28 11:07:11] 
[2026-08-28 11:07:11] ================================================================================
[2026-08-28 11:07:11] PROCESSING SOL-USD
[2026-08-28 11:07:11] ================================================================================
[2026-08-28 11:07:11] 
[2026-08-28 11:07:11] --- STAGE 1: DOWNLOADING DATA ---
[2026-08-28 11:07:11] Downloading data for SOL-USD (period=30d, interval=1h)...
[2026-08-28 11:07:11] Data downloaded successfully. Total rows: 708
[2026-08-28 11:07:11] 
[2026-08-28 11:07:11] --- STAGE 2: EVALUATING LATEST FORECAST ---
[2026-08-28 11:07:11] Latest forecast (row 40) is pending. Evaluating...
[2026-08-28 11:07:11]   ForecastTime:    2026-08-27 08:54:16
[2026-08-28 11:07:11]   Rounded to:      2026-08-27 08:00:00
[2026-08-28 11:07:11]   Target windows:  2026-08-27 09:00:00 to 2026-08-28 08:00:00
[2026-08-28 11:07:11]   Data range:      2026-07-30 00:00:00 to 2026-08-28 11:00:00
[2026-08-28 11:07:11]   -> Updated ForecastDetails row 40.
[2026-08-28 11:07:11]   -> Metrics: last_actual=106.05, abs_error=4.05, pct_error=3.82%, mape=3.86%
[2026-08-28 11:07:11] Pending forecast evaluated.
[2026-08-28 11:07:11] 
[2026-08-28 11:07:11] --- STAGE 3: GENERATING NEW FORECAST ---
[2026-08-28 11:07:11] Running future forecast for horizon=24...
[2026-08-28 11:07:12] Logged new future forecast ID 40 at row 41. Pending actuals.
[2026-08-28 11:07:12] SOL-USD completed. Forecast ID: 40
