[2026-08-03 03:41:54] 
[2026-08-03 03:41:54] ================================================================================
[2026-08-03 03:41:54] PROCESSING SOL-USD
[2026-08-03 03:41:54] ================================================================================
[2026-08-03 03:41:54] 
[2026-08-03 03:41:54] --- STAGE 1: DOWNLOADING DATA ---
[2026-08-03 03:41:54] Downloading data for SOL-USD (period=30d, interval=1h)...
[2026-08-03 03:41:54] Data downloaded successfully. Total rows: 679
[2026-08-03 03:41:54] 
[2026-08-03 03:41:54] --- STAGE 2: EVALUATING LATEST FORECAST ---
[2026-08-03 03:41:54] Latest forecast (row 15) is pending. Evaluating...
[2026-08-03 03:41:54]   ForecastTime:    2026-08-02 03:39:46
[2026-08-03 03:41:54]   Rounded to:      2026-08-02 03:00:00
[2026-08-03 03:41:54]   Target windows:  2026-08-02 04:00:00 to 2026-08-03 03:00:00
[2026-08-03 03:41:54]   Data range:      2026-07-05 00:00:00 to 2026-08-03 03:00:00
[2026-08-03 03:41:54]   -> Updated ForecastDetails row 15.
[2026-08-03 03:41:54]   -> Metrics: last_actual=72.88, abs_error=0.78, pct_error=1.07%, mape=0.45%
[2026-08-03 03:41:54] Pending forecast evaluated.
[2026-08-03 03:41:54] 
[2026-08-03 03:41:54] --- STAGE 3: GENERATING NEW FORECAST ---
[2026-08-03 03:41:54] Running future forecast for horizon=24...
[2026-08-03 03:41:55] Logged new future forecast ID 15 at row 16. Pending actuals.
[2026-08-03 03:41:55] SOL-USD completed. Forecast ID: 15
