[2026-08-11 02:14:51] 
[2026-08-11 02:14:51] ================================================================================
[2026-08-11 02:14:51] PROCESSING SOL-USD
[2026-08-11 02:14:51] ================================================================================
[2026-08-11 02:14:51] 
[2026-08-11 02:14:51] --- STAGE 1: DOWNLOADING DATA ---
[2026-08-11 02:14:51] Downloading data for SOL-USD (period=30d, interval=1h)...
[2026-08-11 02:14:51] Data downloaded successfully. Total rows: 697
[2026-08-11 02:14:51] 
[2026-08-11 02:14:51] --- STAGE 2: EVALUATING LATEST FORECAST ---
[2026-08-11 02:14:51] Latest forecast (row 23) is pending. Evaluating...
[2026-08-11 02:14:51]   ForecastTime:    2026-08-10 02:24:16
[2026-08-11 02:14:51]   Rounded to:      2026-08-10 02:00:00
[2026-08-11 02:14:51]   Target windows:  2026-08-10 03:00:00 to 2026-08-11 02:00:00
[2026-08-11 02:14:51]   Data range:      2026-07-13 00:00:00 to 2026-08-11 02:00:00
[2026-08-11 02:14:51]   -> Updated ForecastDetails row 23.
[2026-08-11 02:14:51]   -> Metrics: last_actual=76.02, abs_error=0.31, pct_error=0.41%, mape=0.47%
[2026-08-11 02:14:51] Pending forecast evaluated.
[2026-08-11 02:14:51] 
[2026-08-11 02:14:51] --- STAGE 3: GENERATING NEW FORECAST ---
[2026-08-11 02:14:51] Running future forecast for horizon=24...
[2026-08-11 02:14:52] Logged new future forecast ID 23 at row 24. Pending actuals.
[2026-08-11 02:14:52] SOL-USD completed. Forecast ID: 23
