[2026-10-05 05:18:05] 
[2026-10-05 05:18:05] ================================================================================
[2026-10-05 05:18:05] PROCESSING SOL-USD
[2026-10-05 05:18:05] ================================================================================
[2026-10-05 05:18:05] 
[2026-10-05 05:18:05] --- STAGE 1: DOWNLOADING DATA ---
[2026-10-05 05:18:05] Downloading data for SOL-USD (period=30d, interval=1h)...
[2026-10-05 05:18:05] Data downloaded successfully. Total rows: 702
[2026-10-05 05:18:05] 
[2026-10-05 05:18:05] --- STAGE 2: EVALUATING LATEST FORECAST ---
[2026-10-05 05:18:05] Latest forecast (row 78) is pending. Evaluating...
[2026-10-05 05:18:05]   ForecastTime:    2026-10-04 05:34:22
[2026-10-05 05:18:05]   Rounded to:      2026-10-04 05:00:00
[2026-10-05 05:18:05]   Target windows:  2026-10-04 06:00:00 to 2026-10-05 05:00:00
[2026-10-05 05:18:05]   Data range:      2026-09-06 00:00:00 to 2026-10-05 05:00:00
[2026-10-05 05:18:05]   -> Updated ForecastDetails row 78.
[2026-10-05 05:18:05]   -> Metrics: last_actual=120.30, abs_error=0.53, pct_error=0.44%, mape=0.42%
[2026-10-05 05:18:05] Pending forecast evaluated.
[2026-10-05 05:18:05] 
[2026-10-05 05:18:05] --- STAGE 3: GENERATING NEW FORECAST ---
[2026-10-05 05:18:05] Running future forecast for horizon=24...
[2026-10-05 05:18:06] Logged new future forecast ID 78 at row 79. Pending actuals.
[2026-10-05 05:18:06] SOL-USD completed. Forecast ID: 78
