[2026-09-01 04:48:49] 
[2026-09-01 04:48:49] ================================================================================
[2026-09-01 04:48:49] PROCESSING SOL-USD
[2026-09-01 04:48:49] ================================================================================
[2026-09-01 04:48:49] 
[2026-09-01 04:48:49] --- STAGE 1: DOWNLOADING DATA ---
[2026-09-01 04:48:49] Downloading data for SOL-USD (period=30d, interval=1h)...
[2026-09-01 04:48:49] Data downloaded successfully. Total rows: 701
[2026-09-01 04:48:49] 
[2026-09-01 04:48:49] --- STAGE 2: EVALUATING LATEST FORECAST ---
[2026-09-01 04:48:49] Latest forecast (row 44) is pending. Evaluating...
[2026-09-01 04:48:49]   ForecastTime:    2026-08-31 05:13:04
[2026-09-01 04:48:49]   Rounded to:      2026-08-31 05:00:00
[2026-09-01 04:48:49]   Target windows:  2026-08-31 06:00:00 to 2026-09-01 05:00:00
[2026-09-01 04:48:49]   Data range:      2026-08-03 00:00:00 to 2026-09-01 04:00:00
[2026-09-01 04:48:49]   -> Updated ForecastDetails row 44.
[2026-09-01 04:48:49]   -> Metrics: last_actual=103.74, abs_error=2.93, pct_error=2.82%, mape=2.21%
[2026-09-01 04:48:49] Pending forecast evaluated.
[2026-09-01 04:48:49] 
[2026-09-01 04:48:49] --- STAGE 3: GENERATING NEW FORECAST ---
[2026-09-01 04:48:49] Running future forecast for horizon=24...
[2026-09-01 04:48:50] Logged new future forecast ID 44 at row 45. Pending actuals.
[2026-09-01 04:48:50] SOL-USD completed. Forecast ID: 44
