[2026-08-26 01:49:10] 
[2026-08-26 01:49:10] ================================================================================
[2026-08-26 01:49:10] PROCESSING SOL-USD
[2026-08-26 01:49:10] ================================================================================
[2026-08-26 01:49:10] 
[2026-08-26 01:49:10] --- STAGE 1: DOWNLOADING DATA ---
[2026-08-26 01:49:10] Downloading data for SOL-USD (period=30d, interval=1h)...
[2026-08-26 01:49:10] Data downloaded successfully. Total rows: 697
[2026-08-26 01:49:10] 
[2026-08-26 01:49:10] --- STAGE 2: EVALUATING LATEST FORECAST ---
[2026-08-26 01:49:10] Latest forecast (row 38) is pending. Evaluating...
[2026-08-26 01:49:10]   ForecastTime:    2026-08-25 01:43:45
[2026-08-26 01:49:10]   Rounded to:      2026-08-25 01:00:00
[2026-08-26 01:49:10]   Target windows:  2026-08-25 02:00:00 to 2026-08-26 01:00:00
[2026-08-26 01:49:10]   Data range:      2026-07-28 00:00:00 to 2026-08-26 01:00:00
[2026-08-26 01:49:10]   -> Updated ForecastDetails row 38.
[2026-08-26 01:49:10]   -> Metrics: last_actual=97.04, abs_error=0.95, pct_error=0.98%, mape=0.93%
[2026-08-26 01:49:10] Pending forecast evaluated.
[2026-08-26 01:49:10] 
[2026-08-26 01:49:10] --- STAGE 3: GENERATING NEW FORECAST ---
[2026-08-26 01:49:10] Running future forecast for horizon=24...
[2026-08-26 01:49:11] Logged new future forecast ID 38 at row 39. Pending actuals.
[2026-08-26 01:49:11] SOL-USD completed. Forecast ID: 38
