[2026-08-22 01:41:49] 
[2026-08-22 01:41:49] ================================================================================
[2026-08-22 01:41:49] PROCESSING SOL-USD
[2026-08-22 01:41:49] ================================================================================
[2026-08-22 01:41:49] 
[2026-08-22 01:41:49] --- STAGE 1: DOWNLOADING DATA ---
[2026-08-22 01:41:49] Downloading data for SOL-USD (period=30d, interval=1h)...
[2026-08-22 01:41:50] Data downloaded successfully. Total rows: 696
[2026-08-22 01:41:50] 
[2026-08-22 01:41:50] --- STAGE 2: EVALUATING LATEST FORECAST ---
[2026-08-22 01:41:50] Latest forecast (row 34) is pending. Evaluating...
[2026-08-22 01:41:50]   ForecastTime:    2026-08-21 01:48:50
[2026-08-22 01:41:50]   Rounded to:      2026-08-21 01:00:00
[2026-08-22 01:41:50]   Target windows:  2026-08-21 02:00:00 to 2026-08-22 01:00:00
[2026-08-22 01:41:50]   Data range:      2026-07-24 00:00:00 to 2026-08-22 01:00:00
[2026-08-22 01:41:50]   -> Updated ForecastDetails row 34.
[2026-08-22 01:41:50]   -> Metrics: last_actual=94.02, abs_error=4.97, pct_error=5.29%, mape=2.57%
[2026-08-22 01:41:50] Pending forecast evaluated.
[2026-08-22 01:41:50] 
[2026-08-22 01:41:50] --- STAGE 3: GENERATING NEW FORECAST ---
[2026-08-22 01:41:50] Running future forecast for horizon=24...
[2026-08-22 01:41:51] Logged new future forecast ID 34 at row 35. Pending actuals.
[2026-08-22 01:41:51] SOL-USD completed. Forecast ID: 34
