[2026-09-24 04:27:11] 
[2026-09-24 04:27:11] ================================================================================
[2026-09-24 04:27:11] PROCESSING SOL-USD
[2026-09-24 04:27:11] ================================================================================
[2026-09-24 04:27:11] 
[2026-09-24 04:27:11] --- STAGE 1: DOWNLOADING DATA ---
[2026-09-24 04:27:11] Downloading data for SOL-USD (period=30d, interval=1h)...
[2026-09-24 04:27:12] Data downloaded successfully. Total rows: 701
[2026-09-24 04:27:12] 
[2026-09-24 04:27:12] --- STAGE 2: EVALUATING LATEST FORECAST ---
[2026-09-24 04:27:12] Latest forecast (row 67) is pending. Evaluating...
[2026-09-24 04:27:12]   ForecastTime:    2026-09-23 04:30:02
[2026-09-24 04:27:12]   Rounded to:      2026-09-23 04:00:00
[2026-09-24 04:27:12]   Target windows:  2026-09-23 05:00:00 to 2026-09-24 04:00:00
[2026-09-24 04:27:12]   Data range:      2026-08-26 00:00:00 to 2026-09-24 04:00:00
[2026-09-24 04:27:12]   -> Updated ForecastDetails row 67.
[2026-09-24 04:27:12]   -> Metrics: last_actual=114.79, abs_error=4.87, pct_error=4.24%, mape=3.52%
[2026-09-24 04:27:12] Pending forecast evaluated.
[2026-09-24 04:27:12] 
[2026-09-24 04:27:12] --- STAGE 3: GENERATING NEW FORECAST ---
[2026-09-24 04:27:12] Running future forecast for horizon=24...
[2026-09-24 04:27:13] Logged new future forecast ID 67 at row 68. Pending actuals.
[2026-09-24 04:27:13] SOL-USD completed. Forecast ID: 67
