[2026-08-24 01:49:22] 
[2026-08-24 01:49:22] ================================================================================
[2026-08-24 01:49:22] PROCESSING SOL-USD
[2026-08-24 01:49:22] ================================================================================
[2026-08-24 01:49:22] 
[2026-08-24 01:49:22] --- STAGE 1: DOWNLOADING DATA ---
[2026-08-24 01:49:22] Downloading data for SOL-USD (period=30d, interval=1h)...
[2026-08-24 01:49:22] Data downloaded successfully. Total rows: 698
[2026-08-24 01:49:22] 
[2026-08-24 01:49:22] --- STAGE 2: EVALUATING LATEST FORECAST ---
[2026-08-24 01:49:22] Latest forecast (row 36) is pending. Evaluating...
[2026-08-24 01:49:22]   ForecastTime:    2026-08-23 01:51:44
[2026-08-24 01:49:22]   Rounded to:      2026-08-23 01:00:00
[2026-08-24 01:49:22]   Target windows:  2026-08-23 02:00:00 to 2026-08-24 01:00:00
[2026-08-24 01:49:22]   Data range:      2026-07-26 00:00:00 to 2026-08-24 01:00:00
[2026-08-24 01:49:22]   -> Updated ForecastDetails row 36.
[2026-08-24 01:49:22]   -> Metrics: last_actual=94.16, abs_error=1.09, pct_error=1.16%, mape=1.27%
[2026-08-24 01:49:22] Pending forecast evaluated.
[2026-08-24 01:49:22] 
[2026-08-24 01:49:22] --- STAGE 3: GENERATING NEW FORECAST ---
[2026-08-24 01:49:22] Running future forecast for horizon=24...
[2026-08-24 01:49:23] Logged new future forecast ID 36 at row 37. Pending actuals.
[2026-08-24 01:49:23] SOL-USD completed. Forecast ID: 36
