[2026-09-27 05:02:19] 
[2026-09-27 05:02:19] ================================================================================
[2026-09-27 05:02:19] PROCESSING SOL-USD
[2026-09-27 05:02:19] ================================================================================
[2026-09-27 05:02:19] 
[2026-09-27 05:02:19] --- STAGE 1: DOWNLOADING DATA ---
[2026-09-27 05:02:19] Downloading data for SOL-USD (period=30d, interval=1h)...
[2026-09-27 05:02:19] Data downloaded successfully. Total rows: 702
[2026-09-27 05:02:19] 
[2026-09-27 05:02:19] --- STAGE 2: EVALUATING LATEST FORECAST ---
[2026-09-27 05:02:19] Latest forecast (row 70) is pending. Evaluating...
[2026-09-27 05:02:19]   ForecastTime:    2026-09-26 04:42:21
[2026-09-27 05:02:19]   Rounded to:      2026-09-26 04:00:00
[2026-09-27 05:02:19]   Target windows:  2026-09-26 05:00:00 to 2026-09-27 04:00:00
[2026-09-27 05:02:19]   Data range:      2026-08-29 00:00:00 to 2026-09-27 05:00:00
[2026-09-27 05:02:19]   -> Updated ForecastDetails row 70.
[2026-09-27 05:02:19]   -> Metrics: last_actual=120.14, abs_error=0.39, pct_error=0.32%, mape=0.31%
[2026-09-27 05:02:19] Pending forecast evaluated.
[2026-09-27 05:02:19] 
[2026-09-27 05:02:19] --- STAGE 3: GENERATING NEW FORECAST ---
[2026-09-27 05:02:19] Running future forecast for horizon=24...
[2026-09-27 05:02:20] Logged new future forecast ID 70 at row 71. Pending actuals.
[2026-09-27 05:02:20] SOL-USD completed. Forecast ID: 70
