[2026-09-10 04:19:57] 
[2026-09-10 04:19:57] ================================================================================
[2026-09-10 04:19:57] PROCESSING SOL-USD
[2026-09-10 04:19:57] ================================================================================
[2026-09-10 04:19:57] 
[2026-09-10 04:19:57] --- STAGE 1: DOWNLOADING DATA ---
[2026-09-10 04:19:57] Downloading data for SOL-USD (period=30d, interval=1h)...
[2026-09-10 04:19:57] Data downloaded successfully. Total rows: 701
[2026-09-10 04:19:57] 
[2026-09-10 04:19:57] --- STAGE 2: EVALUATING LATEST FORECAST ---
[2026-09-10 04:19:57] Latest forecast (row 53) is pending. Evaluating...
[2026-09-10 04:19:57]   ForecastTime:    2026-09-09 04:23:08
[2026-09-10 04:19:57]   Rounded to:      2026-09-09 04:00:00
[2026-09-10 04:19:57]   Target windows:  2026-09-09 05:00:00 to 2026-09-10 04:00:00
[2026-09-10 04:19:57]   Data range:      2026-08-12 00:00:00 to 2026-09-10 04:00:00
[2026-09-10 04:19:57]   -> Updated ForecastDetails row 53.
[2026-09-10 04:19:57]   -> Metrics: last_actual=102.06, abs_error=1.50, pct_error=1.47%, mape=1.02%
[2026-09-10 04:19:57] Pending forecast evaluated.
[2026-09-10 04:19:57] 
[2026-09-10 04:19:57] --- STAGE 3: GENERATING NEW FORECAST ---
[2026-09-10 04:19:57] Running future forecast for horizon=24...
[2026-09-10 04:19:58] Logged new future forecast ID 53 at row 54. Pending actuals.
[2026-09-10 04:19:58] SOL-USD completed. Forecast ID: 53
