[2026-09-20 04:39:42] 
[2026-09-20 04:39:42] ================================================================================
[2026-09-20 04:39:42] PROCESSING SOL-USD
[2026-09-20 04:39:42] ================================================================================
[2026-09-20 04:39:42] 
[2026-09-20 04:39:42] --- STAGE 1: DOWNLOADING DATA ---
[2026-09-20 04:39:42] Downloading data for SOL-USD (period=30d, interval=1h)...
[2026-09-20 04:39:43] Data downloaded successfully. Total rows: 701
[2026-09-20 04:39:43] 
[2026-09-20 04:39:43] --- STAGE 2: EVALUATING LATEST FORECAST ---
[2026-09-20 04:39:43] Latest forecast (row 63) is pending. Evaluating...
[2026-09-20 04:39:43]   ForecastTime:    2026-09-19 04:20:42
[2026-09-20 04:39:43]   Rounded to:      2026-09-19 04:00:00
[2026-09-20 04:39:43]   Target windows:  2026-09-19 05:00:00 to 2026-09-20 04:00:00
[2026-09-20 04:39:43]   Data range:      2026-08-22 00:00:00 to 2026-09-20 04:00:00
[2026-09-20 04:39:43]   -> Updated ForecastDetails row 63.
[2026-09-20 04:39:43]   -> Metrics: last_actual=109.07, abs_error=3.58, pct_error=3.28%, mape=1.79%
[2026-09-20 04:39:43] Pending forecast evaluated.
[2026-09-20 04:39:43] 
[2026-09-20 04:39:43] --- STAGE 3: GENERATING NEW FORECAST ---
[2026-09-20 04:39:43] Running future forecast for horizon=24...
[2026-09-20 04:39:44] Logged new future forecast ID 63 at row 64. Pending actuals.
[2026-09-20 04:39:44] SOL-USD completed. Forecast ID: 63
