[2026-09-15 04:37:51] 
[2026-09-15 04:37:51] ================================================================================
[2026-09-15 04:37:51] PROCESSING SOL-USD
[2026-09-15 04:37:51] ================================================================================
[2026-09-15 04:37:51] 
[2026-09-15 04:37:51] --- STAGE 1: DOWNLOADING DATA ---
[2026-09-15 04:37:51] Downloading data for SOL-USD (period=30d, interval=1h)...
[2026-09-15 04:37:51] Data downloaded successfully. Total rows: 701
[2026-09-15 04:37:51] 
[2026-09-15 04:37:51] --- STAGE 2: EVALUATING LATEST FORECAST ---
[2026-09-15 04:37:51] Latest forecast (row 58) is pending. Evaluating...
[2026-09-15 04:37:51]   ForecastTime:    2026-09-14 04:37:24
[2026-09-15 04:37:51]   Rounded to:      2026-09-14 04:00:00
[2026-09-15 04:37:51]   Target windows:  2026-09-14 05:00:00 to 2026-09-15 04:00:00
[2026-09-15 04:37:51]   Data range:      2026-08-17 00:00:00 to 2026-09-15 04:00:00
[2026-09-15 04:37:51]   -> Updated ForecastDetails row 58.
[2026-09-15 04:37:51]   -> Metrics: last_actual=101.20, abs_error=0.20, pct_error=0.20%, mape=1.08%
[2026-09-15 04:37:51] Pending forecast evaluated.
[2026-09-15 04:37:51] 
[2026-09-15 04:37:51] --- STAGE 3: GENERATING NEW FORECAST ---
[2026-09-15 04:37:51] Running future forecast for horizon=24...
[2026-09-15 04:37:52] Logged new future forecast ID 58 at row 59. Pending actuals.
[2026-09-15 04:37:52] SOL-USD completed. Forecast ID: 58
