[2026-09-23 04:30:01] 
[2026-09-23 04:30:01] ================================================================================
[2026-09-23 04:30:01] PROCESSING SOL-USD
[2026-09-23 04:30:01] ================================================================================
[2026-09-23 04:30:01] 
[2026-09-23 04:30:01] --- STAGE 1: DOWNLOADING DATA ---
[2026-09-23 04:30:01] Downloading data for SOL-USD (period=30d, interval=1h)...
[2026-09-23 04:30:01] Data downloaded successfully. Total rows: 701
[2026-09-23 04:30:01] 
[2026-09-23 04:30:01] --- STAGE 2: EVALUATING LATEST FORECAST ---
[2026-09-23 04:30:01] Latest forecast (row 66) is pending. Evaluating...
[2026-09-23 04:30:01]   ForecastTime:    2026-09-22 04:33:37
[2026-09-23 04:30:01]   Rounded to:      2026-09-22 04:00:00
[2026-09-23 04:30:01]   Target windows:  2026-09-22 05:00:00 to 2026-09-23 04:00:00
[2026-09-23 04:30:01]   Data range:      2026-08-25 00:00:00 to 2026-09-23 04:00:00
[2026-09-23 04:30:01]   -> Updated ForecastDetails row 66.
[2026-09-23 04:30:01]   -> Metrics: last_actual=119.49, abs_error=5.11, pct_error=4.28%, mape=2.13%
[2026-09-23 04:30:01] Pending forecast evaluated.
[2026-09-23 04:30:01] 
[2026-09-23 04:30:01] --- STAGE 3: GENERATING NEW FORECAST ---
[2026-09-23 04:30:01] Running future forecast for horizon=24...
[2026-09-23 04:30:02] Logged new future forecast ID 66 at row 67. Pending actuals.
[2026-09-23 04:30:02] SOL-USD completed. Forecast ID: 66
