[2026-08-15 01:42:50] 
[2026-08-15 01:42:50] ================================================================================
[2026-08-15 01:42:50] PROCESSING SOL-USD
[2026-08-15 01:42:50] ================================================================================
[2026-08-15 01:42:50] 
[2026-08-15 01:42:50] --- STAGE 1: DOWNLOADING DATA ---
[2026-08-15 01:42:50] Downloading data for SOL-USD (period=30d, interval=1h)...
[2026-08-15 01:42:50] Data downloaded successfully. Total rows: 696
[2026-08-15 01:42:50] 
[2026-08-15 01:42:50] --- STAGE 2: EVALUATING LATEST FORECAST ---
[2026-08-15 01:42:50] Latest forecast (row 27) is pending. Evaluating...
[2026-08-15 01:42:50]   ForecastTime:    2026-08-14 02:32:52
[2026-08-15 01:42:50]   Rounded to:      2026-08-14 02:00:00
[2026-08-15 01:42:50]   Target windows:  2026-08-14 03:00:00 to 2026-08-15 02:00:00
[2026-08-15 01:42:50]   Data range:      2026-07-17 00:00:00 to 2026-08-15 01:00:00
[2026-08-15 01:42:50]   -> Updated ForecastDetails row 27.
[2026-08-15 01:42:50]   -> Metrics: last_actual=75.35, abs_error=0.66, pct_error=0.88%, mape=0.90%
[2026-08-15 01:42:50] Pending forecast evaluated.
[2026-08-15 01:42:50] 
[2026-08-15 01:42:50] --- STAGE 3: GENERATING NEW FORECAST ---
[2026-08-15 01:42:50] Running future forecast for horizon=24...
[2026-08-15 01:42:51] Logged new future forecast ID 27 at row 28. Pending actuals.
[2026-08-15 01:42:51] SOL-USD completed. Forecast ID: 27
