[2026-08-25 01:43:44] 
[2026-08-25 01:43:44] ================================================================================
[2026-08-25 01:43:44] PROCESSING SOL-USD
[2026-08-25 01:43:44] ================================================================================
[2026-08-25 01:43:44] 
[2026-08-25 01:43:44] --- STAGE 1: DOWNLOADING DATA ---
[2026-08-25 01:43:44] Downloading data for SOL-USD (period=30d, interval=1h)...
[2026-08-25 01:43:45] Data downloaded successfully. Total rows: 696
[2026-08-25 01:43:45] 
[2026-08-25 01:43:45] --- STAGE 2: EVALUATING LATEST FORECAST ---
[2026-08-25 01:43:45] Latest forecast (row 37) is pending. Evaluating...
[2026-08-25 01:43:45]   ForecastTime:    2026-08-24 01:49:23
[2026-08-25 01:43:45]   Rounded to:      2026-08-24 01:00:00
[2026-08-25 01:43:45]   Target windows:  2026-08-24 02:00:00 to 2026-08-25 01:00:00
[2026-08-25 01:43:45]   Data range:      2026-07-27 00:00:00 to 2026-08-25 01:00:00
[2026-08-25 01:43:45]   -> Updated ForecastDetails row 37.
[2026-08-25 01:43:45]   -> Metrics: last_actual=101.46, abs_error=8.12, pct_error=8.00%, mape=2.33%
[2026-08-25 01:43:45] Pending forecast evaluated.
[2026-08-25 01:43:45] 
[2026-08-25 01:43:45] --- STAGE 3: GENERATING NEW FORECAST ---
[2026-08-25 01:43:45] Running future forecast for horizon=24...
[2026-08-25 01:43:45] Logged new future forecast ID 37 at row 38. Pending actuals.
[2026-08-25 01:43:45] SOL-USD completed. Forecast ID: 37
