[2026-09-22 04:33:36] 
[2026-09-22 04:33:36] ================================================================================
[2026-09-22 04:33:36] PROCESSING SOL-USD
[2026-09-22 04:33:36] ================================================================================
[2026-09-22 04:33:36] 
[2026-09-22 04:33:36] --- STAGE 1: DOWNLOADING DATA ---
[2026-09-22 04:33:36] Downloading data for SOL-USD (period=30d, interval=1h)...
[2026-09-22 04:33:36] Data downloaded successfully. Total rows: 701
[2026-09-22 04:33:36] 
[2026-09-22 04:33:36] --- STAGE 2: EVALUATING LATEST FORECAST ---
[2026-09-22 04:33:36] Latest forecast (row 65) is pending. Evaluating...
[2026-09-22 04:33:36]   ForecastTime:    2026-09-21 04:37:40
[2026-09-22 04:33:36]   Rounded to:      2026-09-21 04:00:00
[2026-09-22 04:33:36]   Target windows:  2026-09-21 05:00:00 to 2026-09-22 04:00:00
[2026-09-22 04:33:36]   Data range:      2026-08-24 00:00:00 to 2026-09-22 04:00:00
[2026-09-22 04:33:36]   -> Updated ForecastDetails row 65.
[2026-09-22 04:33:36]   -> Metrics: last_actual=116.54, abs_error=5.52, pct_error=4.73%, mape=4.70%
[2026-09-22 04:33:36] Pending forecast evaluated.
[2026-09-22 04:33:36] 
[2026-09-22 04:33:36] --- STAGE 3: GENERATING NEW FORECAST ---
[2026-09-22 04:33:36] Running future forecast for horizon=24...
[2026-09-22 04:33:37] Logged new future forecast ID 65 at row 66. Pending actuals.
[2026-09-22 04:33:37] SOL-USD completed. Forecast ID: 65
