[2026-10-10 05:33:05] 
[2026-10-10 05:33:05] ================================================================================
[2026-10-10 05:33:05] PROCESSING SOL-USD
[2026-10-10 05:33:05] ================================================================================
[2026-10-10 05:33:05] 
[2026-10-10 05:33:05] --- STAGE 1: DOWNLOADING DATA ---
[2026-10-10 05:33:05] Downloading data for SOL-USD (period=30d, interval=1h)...
[2026-10-10 05:33:05] Data downloaded successfully. Total rows: 702
[2026-10-10 05:33:05] 
[2026-10-10 05:33:05] --- STAGE 2: EVALUATING LATEST FORECAST ---
[2026-10-10 05:33:05] Latest forecast (row 83) is pending. Evaluating...
[2026-10-10 05:33:05]   ForecastTime:    2026-10-09 05:49:44
[2026-10-10 05:33:05]   Rounded to:      2026-10-09 05:00:00
[2026-10-10 05:33:05]   Target windows:  2026-10-09 06:00:00 to 2026-10-10 05:00:00
[2026-10-10 05:33:05]   Data range:      2026-09-11 00:00:00 to 2026-10-10 05:00:00
[2026-10-10 05:33:05]   -> Updated ForecastDetails row 83.
[2026-10-10 05:33:05]   -> Metrics: last_actual=110.04, abs_error=1.88, pct_error=1.71%, mape=1.19%
[2026-10-10 05:33:05] Pending forecast evaluated.
[2026-10-10 05:33:05] 
[2026-10-10 05:33:05] --- STAGE 3: GENERATING NEW FORECAST ---
[2026-10-10 05:33:05] Running future forecast for horizon=24...
[2026-10-10 05:33:06] Logged new future forecast ID 83 at row 84. Pending actuals.
[2026-10-10 05:33:06] SOL-USD completed. Forecast ID: 83
