[2026-08-27 08:54:15] 
[2026-08-27 08:54:15] ================================================================================
[2026-08-27 08:54:15] PROCESSING SOL-USD
[2026-08-27 08:54:15] ================================================================================
[2026-08-27 08:54:15] 
[2026-08-27 08:54:15] --- STAGE 1: DOWNLOADING DATA ---
[2026-08-27 08:54:15] Downloading data for SOL-USD (period=30d, interval=1h)...
[2026-08-27 08:54:15] Data downloaded successfully. Total rows: 705
[2026-08-27 08:54:15] 
[2026-08-27 08:54:15] --- STAGE 2: EVALUATING LATEST FORECAST ---
[2026-08-27 08:54:15] Latest forecast (row 39) is pending. Evaluating...
[2026-08-27 08:54:15]   ForecastTime:    2026-08-26 01:49:11
[2026-08-27 08:54:15]   Rounded to:      2026-08-26 01:00:00
[2026-08-27 08:54:15]   Target windows:  2026-08-26 02:00:00 to 2026-08-27 01:00:00
[2026-08-27 08:54:15]   Data range:      2026-07-29 00:00:00 to 2026-08-27 08:00:00
[2026-08-27 08:54:15]   -> Updated ForecastDetails row 39.
[2026-08-27 08:54:15]   -> Metrics: last_actual=101.47, abs_error=5.45, pct_error=5.37%, mape=1.26%
[2026-08-27 08:54:15] Pending forecast evaluated.
[2026-08-27 08:54:15] 
[2026-08-27 08:54:15] --- STAGE 3: GENERATING NEW FORECAST ---
[2026-08-27 08:54:15] Running future forecast for horizon=24...
[2026-08-27 08:54:16] Logged new future forecast ID 39 at row 40. Pending actuals.
[2026-08-27 08:54:16] SOL-USD completed. Forecast ID: 39
