[2026-10-07 05:37:23] 
[2026-10-07 05:37:23] ================================================================================
[2026-10-07 05:37:23] PROCESSING SOL-USD
[2026-10-07 05:37:23] ================================================================================
[2026-10-07 05:37:23] 
[2026-10-07 05:37:23] --- STAGE 1: DOWNLOADING DATA ---
[2026-10-07 05:37:23] Downloading data for SOL-USD (period=30d, interval=1h)...
[2026-10-07 05:37:24] Data downloaded successfully. Total rows: 702
[2026-10-07 05:37:24] 
[2026-10-07 05:37:24] --- STAGE 2: EVALUATING LATEST FORECAST ---
[2026-10-07 05:37:24] Latest forecast (row 80) is pending. Evaluating...
[2026-10-07 05:37:24]   ForecastTime:    2026-10-06 06:02:14
[2026-10-07 05:37:24]   Rounded to:      2026-10-06 06:00:00
[2026-10-07 05:37:24]   Target windows:  2026-10-06 07:00:00 to 2026-10-07 06:00:00
[2026-10-07 05:37:24]   Data range:      2026-09-08 00:00:00 to 2026-10-07 05:00:00
[2026-10-07 05:37:24]   -> Updated ForecastDetails row 80.
[2026-10-07 05:37:24]   -> Metrics: last_actual=118.57, abs_error=1.21, pct_error=1.02%, mape=0.92%
[2026-10-07 05:37:24] Pending forecast evaluated.
[2026-10-07 05:37:24] 
[2026-10-07 05:37:24] --- STAGE 3: GENERATING NEW FORECAST ---
[2026-10-07 05:37:24] Running future forecast for horizon=24...
[2026-10-07 05:37:24] Logged new future forecast ID 80 at row 81. Pending actuals.
[2026-10-07 05:37:24] SOL-USD completed. Forecast ID: 80
