[2026-10-03 05:01:59] 
[2026-10-03 05:01:59] ================================================================================
[2026-10-03 05:01:59] PROCESSING SOL-USD
[2026-10-03 05:01:59] ================================================================================
[2026-10-03 05:01:59] 
[2026-10-03 05:01:59] --- STAGE 1: DOWNLOADING DATA ---
[2026-10-03 05:01:59] Downloading data for SOL-USD (period=30d, interval=1h)...
[2026-10-03 05:01:59] Data downloaded successfully. Total rows: 702
[2026-10-03 05:01:59] 
[2026-10-03 05:01:59] --- STAGE 2: EVALUATING LATEST FORECAST ---
[2026-10-03 05:01:59] Latest forecast (row 76) is pending. Evaluating...
[2026-10-03 05:01:59]   ForecastTime:    2026-10-02 05:19:10
[2026-10-03 05:01:59]   Rounded to:      2026-10-02 05:00:00
[2026-10-03 05:01:59]   Target windows:  2026-10-02 06:00:00 to 2026-10-03 05:00:00
[2026-10-03 05:01:59]   Data range:      2026-09-04 00:00:00 to 2026-10-03 05:00:00
[2026-10-03 05:01:59]   -> Updated ForecastDetails row 76.
[2026-10-03 05:01:59]   -> Metrics: last_actual=119.08, abs_error=2.98, pct_error=2.50%, mape=2.07%
[2026-10-03 05:01:59] Pending forecast evaluated.
[2026-10-03 05:01:59] 
[2026-10-03 05:01:59] --- STAGE 3: GENERATING NEW FORECAST ---
[2026-10-03 05:01:59] Running future forecast for horizon=24...
[2026-10-03 05:02:00] Logged new future forecast ID 76 at row 77. Pending actuals.
[2026-10-03 05:02:00] SOL-USD completed. Forecast ID: 76
