[2026-08-05 03:20:55] 
[2026-08-05 03:20:55] ================================================================================
[2026-08-05 03:20:55] PROCESSING SOL-USD
[2026-08-05 03:20:55] ================================================================================
[2026-08-05 03:20:55] 
[2026-08-05 03:20:55] --- STAGE 1: DOWNLOADING DATA ---
[2026-08-05 03:20:55] Downloading data for SOL-USD (period=30d, interval=1h)...
[2026-08-05 03:20:55] Data downloaded successfully. Total rows: 678
[2026-08-05 03:20:55] 
[2026-08-05 03:20:55] --- STAGE 2: EVALUATING LATEST FORECAST ---
[2026-08-05 03:20:55] Latest forecast (row 17) is pending. Evaluating...
[2026-08-05 03:20:55]   ForecastTime:    2026-08-04 03:26:02
[2026-08-05 03:20:55]   Rounded to:      2026-08-04 03:00:00
[2026-08-05 03:20:55]   Target windows:  2026-08-04 04:00:00 to 2026-08-05 03:00:00
[2026-08-05 03:20:55]   Data range:      2026-07-07 00:00:00 to 2026-08-05 03:00:00
[2026-08-05 03:20:55]   -> Updated ForecastDetails row 17.
[2026-08-05 03:20:56]   -> Metrics: last_actual=73.81, abs_error=0.62, pct_error=0.84%, mape=0.63%
[2026-08-05 03:20:56] Pending forecast evaluated.
[2026-08-05 03:20:56] 
[2026-08-05 03:20:56] --- STAGE 3: GENERATING NEW FORECAST ---
[2026-08-05 03:20:56] Running future forecast for horizon=24...
[2026-08-05 03:20:56] Logged new future forecast ID 17 at row 18. Pending actuals.
[2026-08-05 03:20:56] SOL-USD completed. Forecast ID: 17
