[2026-09-04 04:12:37] 
[2026-09-04 04:12:37] ================================================================================
[2026-09-04 04:12:37] PROCESSING SOL-USD
[2026-09-04 04:12:37] ================================================================================
[2026-09-04 04:12:37] 
[2026-09-04 04:12:37] --- STAGE 1: DOWNLOADING DATA ---
[2026-09-04 04:12:37] Downloading data for SOL-USD (period=30d, interval=1h)...
[2026-09-04 04:12:37] Data downloaded successfully. Total rows: 701
[2026-09-04 04:12:37] 
[2026-09-04 04:12:37] --- STAGE 2: EVALUATING LATEST FORECAST ---
[2026-09-04 04:12:37] Latest forecast (row 47) is pending. Evaluating...
[2026-09-04 04:12:37]   ForecastTime:    2026-09-03 04:06:59
[2026-09-04 04:12:37]   Rounded to:      2026-09-03 04:00:00
[2026-09-04 04:12:37]   Target windows:  2026-09-03 05:00:00 to 2026-09-04 04:00:00
[2026-09-04 04:12:37]   Data range:      2026-08-06 00:00:00 to 2026-09-04 04:00:00
[2026-09-04 04:12:37]   -> Updated ForecastDetails row 47.
[2026-09-04 04:12:37]   -> Metrics: last_actual=103.63, abs_error=3.75, pct_error=3.61%, mape=2.81%
[2026-09-04 04:12:37] Pending forecast evaluated.
[2026-09-04 04:12:37] 
[2026-09-04 04:12:37] --- STAGE 3: GENERATING NEW FORECAST ---
[2026-09-04 04:12:37] Running future forecast for horizon=24...
[2026-09-04 04:12:38] Logged new future forecast ID 47 at row 48. Pending actuals.
[2026-09-04 04:12:38] SOL-USD completed. Forecast ID: 47
