[2026-08-31 05:13:02] 
[2026-08-31 05:13:02] ================================================================================
[2026-08-31 05:13:02] PROCESSING SOL-USD
[2026-08-31 05:13:02] ================================================================================
[2026-08-31 05:13:02] 
[2026-08-31 05:13:02] --- STAGE 1: DOWNLOADING DATA ---
[2026-08-31 05:13:02] Downloading data for SOL-USD (period=30d, interval=1h)...
[2026-08-31 05:13:03] Data downloaded successfully. Total rows: 702
[2026-08-31 05:13:03] 
[2026-08-31 05:13:03] --- STAGE 2: EVALUATING LATEST FORECAST ---
[2026-08-31 05:13:03] Latest forecast (row 43) is pending. Evaluating...
[2026-08-31 05:13:03]   ForecastTime:    2026-08-30 05:05:30
[2026-08-31 05:13:03]   Rounded to:      2026-08-30 05:00:00
[2026-08-31 05:13:03]   Target windows:  2026-08-30 06:00:00 to 2026-08-31 05:00:00
[2026-08-31 05:13:03]   Data range:      2026-08-02 00:00:00 to 2026-08-31 05:00:00
[2026-08-31 05:13:03]   -> Updated ForecastDetails row 43.
[2026-08-31 05:13:03]   -> Metrics: last_actual=101.60, abs_error=3.60, pct_error=3.54%, mape=1.56%
[2026-08-31 05:13:03] Pending forecast evaluated.
[2026-08-31 05:13:03] 
[2026-08-31 05:13:03] --- STAGE 3: GENERATING NEW FORECAST ---
[2026-08-31 05:13:03] Running future forecast for horizon=24...
[2026-08-31 05:13:04] Logged new future forecast ID 43 at row 44. Pending actuals.
[2026-08-31 05:13:04] SOL-USD completed. Forecast ID: 43
