[2026-09-11 04:19:43] 
[2026-09-11 04:19:43] ================================================================================
[2026-09-11 04:19:43] PROCESSING SOL-USD
[2026-09-11 04:19:43] ================================================================================
[2026-09-11 04:19:43] 
[2026-09-11 04:19:43] --- STAGE 1: DOWNLOADING DATA ---
[2026-09-11 04:19:43] Downloading data for SOL-USD (period=30d, interval=1h)...
[2026-09-11 04:19:43] Data downloaded successfully. Total rows: 701
[2026-09-11 04:19:43] 
[2026-09-11 04:19:43] --- STAGE 2: EVALUATING LATEST FORECAST ---
[2026-09-11 04:19:43] Latest forecast (row 54) is pending. Evaluating...
[2026-09-11 04:19:43]   ForecastTime:    2026-09-10 04:19:58
[2026-09-11 04:19:43]   Rounded to:      2026-09-10 04:00:00
[2026-09-11 04:19:43]   Target windows:  2026-09-10 05:00:00 to 2026-09-11 04:00:00
[2026-09-11 04:19:43]   Data range:      2026-08-13 00:00:00 to 2026-09-11 04:00:00
[2026-09-11 04:19:43]   -> Updated ForecastDetails row 54.
[2026-09-11 04:19:43]   -> Metrics: last_actual=99.43, abs_error=2.58, pct_error=2.59%, mape=1.85%
[2026-09-11 04:19:43] Pending forecast evaluated.
[2026-09-11 04:19:43] 
[2026-09-11 04:19:43] --- STAGE 3: GENERATING NEW FORECAST ---
[2026-09-11 04:19:43] Running future forecast for horizon=24...
[2026-09-11 04:19:43] Logged new future forecast ID 54 at row 55. Pending actuals.
[2026-09-11 04:19:43] SOL-USD completed. Forecast ID: 54
