[2026-09-18 04:23:46] 
[2026-09-18 04:23:46] ================================================================================
[2026-09-18 04:23:46] PROCESSING SOL-USD
[2026-09-18 04:23:46] ================================================================================
[2026-09-18 04:23:46] 
[2026-09-18 04:23:46] --- STAGE 1: DOWNLOADING DATA ---
[2026-09-18 04:23:46] Downloading data for SOL-USD (period=30d, interval=1h)...
[2026-09-18 04:23:46] Data downloaded successfully. Total rows: 701
[2026-09-18 04:23:46] 
[2026-09-18 04:23:46] --- STAGE 2: EVALUATING LATEST FORECAST ---
[2026-09-18 04:23:46] Latest forecast (row 61) is pending. Evaluating...
[2026-09-18 04:23:46]   ForecastTime:    2026-09-17 04:38:32
[2026-09-18 04:23:46]   Rounded to:      2026-09-17 04:00:00
[2026-09-18 04:23:46]   Target windows:  2026-09-17 05:00:00 to 2026-09-18 04:00:00
[2026-09-18 04:23:46]   Data range:      2026-08-20 00:00:00 to 2026-09-18 04:00:00
[2026-09-18 04:23:46]   -> Updated ForecastDetails row 61.
[2026-09-18 04:23:47]   -> Metrics: last_actual=105.03, abs_error=6.01, pct_error=5.73%, mape=1.78%
[2026-09-18 04:23:47] Pending forecast evaluated.
[2026-09-18 04:23:47] 
[2026-09-18 04:23:47] --- STAGE 3: GENERATING NEW FORECAST ---
[2026-09-18 04:23:47] Running future forecast for horizon=24...
[2026-09-18 04:23:47] Logged new future forecast ID 61 at row 62. Pending actuals.
[2026-09-18 04:23:47] SOL-USD completed. Forecast ID: 61
