[2026-09-13 04:31:03] 
[2026-09-13 04:31:03] ================================================================================
[2026-09-13 04:31:03] PROCESSING SOL-USD
[2026-09-13 04:31:03] ================================================================================
[2026-09-13 04:31:03] 
[2026-09-13 04:31:03] --- STAGE 1: DOWNLOADING DATA ---
[2026-09-13 04:31:03] Downloading data for SOL-USD (period=30d, interval=1h)...
[2026-09-13 04:31:03] Data downloaded successfully. Total rows: 701
[2026-09-13 04:31:03] 
[2026-09-13 04:31:03] --- STAGE 2: EVALUATING LATEST FORECAST ---
[2026-09-13 04:31:03] Latest forecast (row 56) is pending. Evaluating...
[2026-09-13 04:31:03]   ForecastTime:    2026-09-12 04:17:53
[2026-09-13 04:31:03]   Rounded to:      2026-09-12 04:00:00
[2026-09-13 04:31:03]   Target windows:  2026-09-12 05:00:00 to 2026-09-13 04:00:00
[2026-09-13 04:31:03]   Data range:      2026-08-15 00:00:00 to 2026-09-13 04:00:00
[2026-09-13 04:31:03]   -> Updated ForecastDetails row 56.
[2026-09-13 04:31:03]   -> Metrics: last_actual=101.68, abs_error=0.47, pct_error=0.46%, mape=0.42%
[2026-09-13 04:31:03] Pending forecast evaluated.
[2026-09-13 04:31:03] 
[2026-09-13 04:31:03] --- STAGE 3: GENERATING NEW FORECAST ---
[2026-09-13 04:31:03] Running future forecast for horizon=24...
[2026-09-13 04:31:04] Logged new future forecast ID 56 at row 57. Pending actuals.
[2026-09-13 04:31:04] SOL-USD completed. Forecast ID: 56
