[2026-08-21 01:48:49] 
[2026-08-21 01:48:49] ================================================================================
[2026-08-21 01:48:49] PROCESSING SOL-USD
[2026-08-21 01:48:49] ================================================================================
[2026-08-21 01:48:49] 
[2026-08-21 01:48:49] --- STAGE 1: DOWNLOADING DATA ---
[2026-08-21 01:48:49] Downloading data for SOL-USD (period=30d, interval=1h)...
[2026-08-21 01:48:49] Data downloaded successfully. Total rows: 698
[2026-08-21 01:48:49] 
[2026-08-21 01:48:49] --- STAGE 2: EVALUATING LATEST FORECAST ---
[2026-08-21 01:48:49] Latest forecast (row 33) is pending. Evaluating...
[2026-08-21 01:48:49]   ForecastTime:    2026-08-20 01:43:28
[2026-08-21 01:48:49]   Rounded to:      2026-08-20 01:00:00
[2026-08-21 01:48:49]   Target windows:  2026-08-20 02:00:00 to 2026-08-21 01:00:00
[2026-08-21 01:48:49]   Data range:      2026-07-23 00:00:00 to 2026-08-21 01:00:00
[2026-08-21 01:48:49]   -> Updated ForecastDetails row 33.
[2026-08-21 01:48:49]   -> Metrics: last_actual=89.20, abs_error=5.94, pct_error=6.66%, mape=3.37%
[2026-08-21 01:48:49] Pending forecast evaluated.
[2026-08-21 01:48:49] 
[2026-08-21 01:48:49] --- STAGE 3: GENERATING NEW FORECAST ---
[2026-08-21 01:48:49] Running future forecast for horizon=24...
[2026-08-21 01:48:50] Logged new future forecast ID 33 at row 34. Pending actuals.
[2026-08-21 01:48:50] SOL-USD completed. Forecast ID: 33
