[2026-08-02 03:39:45] 
[2026-08-02 03:39:45] ================================================================================
[2026-08-02 03:39:45] PROCESSING SOL-USD
[2026-08-02 03:39:45] ================================================================================
[2026-08-02 03:39:45] 
[2026-08-02 03:39:45] --- STAGE 1: DOWNLOADING DATA ---
[2026-08-02 03:39:45] Downloading data for SOL-USD (period=30d, interval=1h)...
[2026-08-02 03:39:45] Data downloaded successfully. Total rows: 700
[2026-08-02 03:39:45] 
[2026-08-02 03:39:45] --- STAGE 2: EVALUATING LATEST FORECAST ---
[2026-08-02 03:39:45] Latest forecast (row 14) is pending. Evaluating...
[2026-08-02 03:39:45]   ForecastTime:    2026-08-01 03:39:55
[2026-08-02 03:39:45]   Rounded to:      2026-08-01 03:00:00
[2026-08-02 03:39:45]   Target windows:  2026-08-01 04:00:00 to 2026-08-02 03:00:00
[2026-08-02 03:39:45]   Data range:      2026-07-04 00:00:00 to 2026-08-02 03:00:00
[2026-08-02 03:39:45]   -> Updated ForecastDetails row 14.
[2026-08-02 03:39:45]   -> Metrics: last_actual=73.12, abs_error=0.04, pct_error=0.06%, mape=0.78%
[2026-08-02 03:39:45] Pending forecast evaluated.
[2026-08-02 03:39:45] 
[2026-08-02 03:39:45] --- STAGE 3: GENERATING NEW FORECAST ---
[2026-08-02 03:39:45] Running future forecast for horizon=24...
[2026-08-02 03:39:46] Logged new future forecast ID 14 at row 15. Pending actuals.
[2026-08-02 03:39:46] SOL-USD completed. Forecast ID: 14
