[2026-10-09 05:49:43] 
[2026-10-09 05:49:43] ================================================================================
[2026-10-09 05:49:43] PROCESSING SOL-USD
[2026-10-09 05:49:43] ================================================================================
[2026-10-09 05:49:43] 
[2026-10-09 05:49:43] --- STAGE 1: DOWNLOADING DATA ---
[2026-10-09 05:49:43] Downloading data for SOL-USD (period=30d, interval=1h)...
[2026-10-09 05:49:43] Data downloaded successfully. Total rows: 702
[2026-10-09 05:49:43] 
[2026-10-09 05:49:43] --- STAGE 2: EVALUATING LATEST FORECAST ---
[2026-10-09 05:49:43] Latest forecast (row 82) is pending. Evaluating...
[2026-10-09 05:49:43]   ForecastTime:    2026-10-08 05:45:42
[2026-10-09 05:49:43]   Rounded to:      2026-10-08 05:00:00
[2026-10-09 05:49:43]   Target windows:  2026-10-08 06:00:00 to 2026-10-09 05:00:00
[2026-10-09 05:49:43]   Data range:      2026-09-10 00:00:00 to 2026-10-09 05:00:00
[2026-10-09 05:49:43]   -> Updated ForecastDetails row 82.
[2026-10-09 05:49:43]   -> Metrics: last_actual=110.26, abs_error=5.51, pct_error=4.99%, mape=4.14%
[2026-10-09 05:49:43] Pending forecast evaluated.
[2026-10-09 05:49:43] 
[2026-10-09 05:49:43] --- STAGE 3: GENERATING NEW FORECAST ---
[2026-10-09 05:49:43] Running future forecast for horizon=24...
[2026-10-09 05:49:44] Logged new future forecast ID 82 at row 83. Pending actuals.
[2026-10-09 05:49:44] SOL-USD completed. Forecast ID: 82
