[2026-08-06 03:23:42] 
[2026-08-06 03:23:42] ================================================================================
[2026-08-06 03:23:42] PROCESSING SOL-USD
[2026-08-06 03:23:42] ================================================================================
[2026-08-06 03:23:42] 
[2026-08-06 03:23:42] --- STAGE 1: DOWNLOADING DATA ---
[2026-08-06 03:23:42] Downloading data for SOL-USD (period=30d, interval=1h)...
[2026-08-06 03:23:42] Data downloaded successfully. Total rows: 700
[2026-08-06 03:23:42] 
[2026-08-06 03:23:42] --- STAGE 2: EVALUATING LATEST FORECAST ---
[2026-08-06 03:23:42] Latest forecast (row 18) is pending. Evaluating...
[2026-08-06 03:23:42]   ForecastTime:    2026-08-05 03:20:56
[2026-08-06 03:23:42]   Rounded to:      2026-08-05 03:00:00
[2026-08-06 03:23:42]   Target windows:  2026-08-05 04:00:00 to 2026-08-06 03:00:00
[2026-08-06 03:23:42]   Data range:      2026-07-08 00:00:00 to 2026-08-06 03:00:00
[2026-08-06 03:23:42]   -> Updated ForecastDetails row 18.
[2026-08-06 03:23:42]   -> Metrics: last_actual=73.45, abs_error=0.21, pct_error=0.28%, mape=0.36%
[2026-08-06 03:23:42] Pending forecast evaluated.
[2026-08-06 03:23:42] 
[2026-08-06 03:23:42] --- STAGE 3: GENERATING NEW FORECAST ---
[2026-08-06 03:23:42] Running future forecast for horizon=24...
[2026-08-06 03:23:43] Logged new future forecast ID 18 at row 19. Pending actuals.
[2026-08-06 03:23:43] SOL-USD completed. Forecast ID: 18
