[2026-09-26 04:42:21] 
[2026-09-26 04:42:21] ================================================================================
[2026-09-26 04:42:21] PROCESSING SOL-USD
[2026-09-26 04:42:21] ================================================================================
[2026-09-26 04:42:21] 
[2026-09-26 04:42:21] --- STAGE 1: DOWNLOADING DATA ---
[2026-09-26 04:42:21] Downloading data for SOL-USD (period=30d, interval=1h)...
[2026-09-26 04:42:21] Data downloaded successfully. Total rows: 701
[2026-09-26 04:42:21] 
[2026-09-26 04:42:21] --- STAGE 2: EVALUATING LATEST FORECAST ---
[2026-09-26 04:42:21] Latest forecast (row 69) is pending. Evaluating...
[2026-09-26 04:42:21]   ForecastTime:    2026-09-25 04:38:30
[2026-09-26 04:42:21]   Rounded to:      2026-09-25 04:00:00
[2026-09-26 04:42:21]   Target windows:  2026-09-25 05:00:00 to 2026-09-26 04:00:00
[2026-09-26 04:42:21]   Data range:      2026-08-28 00:00:00 to 2026-09-26 04:00:00
[2026-09-26 04:42:21]   -> Updated ForecastDetails row 69.
[2026-09-26 04:42:21]   -> Metrics: last_actual=120.58, abs_error=3.77, pct_error=3.12%, mape=2.85%
[2026-09-26 04:42:21] Pending forecast evaluated.
[2026-09-26 04:42:21] 
[2026-09-26 04:42:21] --- STAGE 3: GENERATING NEW FORECAST ---
[2026-09-26 04:42:21] Running future forecast for horizon=24...
[2026-09-26 04:42:21] Logged new future forecast ID 69 at row 70. Pending actuals.
[2026-09-26 04:42:21] SOL-USD completed. Forecast ID: 69
