[2026-08-30 05:05:29] 
[2026-08-30 05:05:29] ================================================================================
[2026-08-30 05:05:29] PROCESSING SOL-USD
[2026-08-30 05:05:29] ================================================================================
[2026-08-30 05:05:29] 
[2026-08-30 05:05:29] --- STAGE 1: DOWNLOADING DATA ---
[2026-08-30 05:05:29] Downloading data for SOL-USD (period=30d, interval=1h)...
[2026-08-30 05:05:29] Data downloaded successfully. Total rows: 702
[2026-08-30 05:05:29] 
[2026-08-30 05:05:29] --- STAGE 2: EVALUATING LATEST FORECAST ---
[2026-08-30 05:05:29] Latest forecast (row 42) is pending. Evaluating...
[2026-08-30 05:05:29]   ForecastTime:    2026-08-29 06:51:47
[2026-08-30 05:05:29]   Rounded to:      2026-08-29 06:00:00
[2026-08-30 05:05:29]   Target windows:  2026-08-29 07:00:00 to 2026-08-30 06:00:00
[2026-08-30 05:05:29]   Data range:      2026-08-01 00:00:00 to 2026-08-30 05:00:00
[2026-08-30 05:05:29]   -> Updated ForecastDetails row 42.
[2026-08-30 05:05:29]   -> Metrics: last_actual=105.22, abs_error=2.35, pct_error=2.24%, mape=1.44%
[2026-08-30 05:05:29] Pending forecast evaluated.
[2026-08-30 05:05:29] 
[2026-08-30 05:05:29] --- STAGE 3: GENERATING NEW FORECAST ---
[2026-08-30 05:05:29] Running future forecast for horizon=24...
[2026-08-30 05:05:30] Logged new future forecast ID 42 at row 43. Pending actuals.
[2026-08-30 05:05:30] SOL-USD completed. Forecast ID: 42
