[2026-08-08 02:07:53] 
[2026-08-08 02:07:53] ================================================================================
[2026-08-08 02:07:53] PROCESSING SOL-USD
[2026-08-08 02:07:53] ================================================================================
[2026-08-08 02:07:53] 
[2026-08-08 02:07:53] --- STAGE 1: DOWNLOADING DATA ---
[2026-08-08 02:07:53] Downloading data for SOL-USD (period=30d, interval=1h)...
[2026-08-08 02:07:53] Data downloaded successfully. Total rows: 676
[2026-08-08 02:07:53] 
[2026-08-08 02:07:53] --- STAGE 2: EVALUATING LATEST FORECAST ---
[2026-08-08 02:07:53] Latest forecast (row 20) is pending. Evaluating...
[2026-08-08 02:07:53]   ForecastTime:    2026-08-07 03:10:54
[2026-08-08 02:07:53]   Rounded to:      2026-08-07 03:00:00
[2026-08-08 02:07:53]   Target windows:  2026-08-07 04:00:00 to 2026-08-08 03:00:00
[2026-08-08 02:07:53]   Data range:      2026-07-10 00:00:00 to 2026-08-08 02:00:00
[2026-08-08 02:07:53]   -> Updated ForecastDetails row 20.
[2026-08-08 02:07:53]   -> Metrics: last_actual=73.89, abs_error=0.96, pct_error=1.30%, mape=1.03%
[2026-08-08 02:07:53] Pending forecast evaluated.
[2026-08-08 02:07:53] 
[2026-08-08 02:07:53] --- STAGE 3: GENERATING NEW FORECAST ---
[2026-08-08 02:07:53] Running future forecast for horizon=24...
[2026-08-08 02:07:54] Logged new future forecast ID 20 at row 21. Pending actuals.
[2026-08-08 02:07:54] SOL-USD completed. Forecast ID: 20
