[2026-10-06 06:02:13] 
[2026-10-06 06:02:13] ================================================================================
[2026-10-06 06:02:13] PROCESSING SOL-USD
[2026-10-06 06:02:13] ================================================================================
[2026-10-06 06:02:13] 
[2026-10-06 06:02:13] --- STAGE 1: DOWNLOADING DATA ---
[2026-10-06 06:02:13] Downloading data for SOL-USD (period=30d, interval=1h)...
[2026-10-06 06:02:13] Data downloaded successfully. Total rows: 703
[2026-10-06 06:02:13] 
[2026-10-06 06:02:13] --- STAGE 2: EVALUATING LATEST FORECAST ---
[2026-10-06 06:02:13] Latest forecast (row 79) is pending. Evaluating...
[2026-10-06 06:02:13]   ForecastTime:    2026-10-05 05:18:05
[2026-10-06 06:02:13]   Rounded to:      2026-10-05 05:00:00
[2026-10-06 06:02:13]   Target windows:  2026-10-05 06:00:00 to 2026-10-06 05:00:00
[2026-10-06 06:02:13]   Data range:      2026-09-07 00:00:00 to 2026-10-06 06:00:00
[2026-10-06 06:02:13]   -> Updated ForecastDetails row 79.
[2026-10-06 06:02:13]   -> Metrics: last_actual=119.78, abs_error=0.40, pct_error=0.34%, mape=0.47%
[2026-10-06 06:02:13] Pending forecast evaluated.
[2026-10-06 06:02:13] 
[2026-10-06 06:02:13] --- STAGE 3: GENERATING NEW FORECAST ---
[2026-10-06 06:02:13] Running future forecast for horizon=24...
[2026-10-06 06:02:14] Logged new future forecast ID 79 at row 80. Pending actuals.
[2026-10-06 06:02:14] SOL-USD completed. Forecast ID: 79
