[2026-09-05 04:08:34] 
[2026-09-05 04:08:34] ================================================================================
[2026-09-05 04:08:34] PROCESSING SOL-USD
[2026-09-05 04:08:34] ================================================================================
[2026-09-05 04:08:34] 
[2026-09-05 04:08:34] --- STAGE 1: DOWNLOADING DATA ---
[2026-09-05 04:08:34] Downloading data for SOL-USD (period=30d, interval=1h)...
[2026-09-05 04:08:35] Data downloaded successfully. Total rows: 701
[2026-09-05 04:08:35] 
[2026-09-05 04:08:35] --- STAGE 2: EVALUATING LATEST FORECAST ---
[2026-09-05 04:08:35] Latest forecast (row 48) is pending. Evaluating...
[2026-09-05 04:08:35]   ForecastTime:    2026-09-04 04:12:38
[2026-09-05 04:08:35]   Rounded to:      2026-09-04 04:00:00
[2026-09-05 04:08:35]   Target windows:  2026-09-04 05:00:00 to 2026-09-05 04:00:00
[2026-09-05 04:08:35]   Data range:      2026-08-07 00:00:00 to 2026-09-05 04:00:00
[2026-09-05 04:08:35]   -> Updated ForecastDetails row 48.
[2026-09-05 04:08:35]   -> Metrics: last_actual=101.82, abs_error=0.62, pct_error=0.61%, mape=1.08%
[2026-09-05 04:08:35] Pending forecast evaluated.
[2026-09-05 04:08:35] 
[2026-09-05 04:08:35] --- STAGE 3: GENERATING NEW FORECAST ---
[2026-09-05 04:08:35] Running future forecast for horizon=24...
[2026-09-05 04:08:35] Logged new future forecast ID 48 at row 49. Pending actuals.
[2026-09-05 04:08:35] SOL-USD completed. Forecast ID: 48
