[2026-07-28 03:22:36] 
[2026-07-28 03:22:36] ================================================================================
[2026-07-28 03:22:36] PROCESSING SOL-USD
[2026-07-28 03:22:36] ================================================================================
[2026-07-28 03:22:36] 
[2026-07-28 03:22:36] --- STAGE 1: DOWNLOADING DATA ---
[2026-07-28 03:22:36] Downloading data for SOL-USD (period=30d, interval=1h)...
[2026-07-28 03:22:37] Data downloaded successfully. Total rows: 679
[2026-07-28 03:22:37] 
[2026-07-28 03:22:37] --- STAGE 2: EVALUATING LATEST FORECAST ---
[2026-07-28 03:22:37] Latest forecast (row 9) is pending. Evaluating...
[2026-07-28 03:22:37]   ForecastTime:    2026-07-27 03:51:30
[2026-07-28 03:22:37]   Rounded to:      2026-07-27 03:00:00
[2026-07-28 03:22:37]   Target windows:  2026-07-27 04:00:00 to 2026-07-28 03:00:00
[2026-07-28 03:22:37]   Data range:      2026-06-29 00:00:00 to 2026-07-28 03:00:00
[2026-07-28 03:22:37]   -> Updated ForecastDetails row 9.
[2026-07-28 03:22:37]   -> Metrics: last_actual=73.26, abs_error=3.24, pct_error=4.42%, mape=1.45%
[2026-07-28 03:22:37] Pending forecast evaluated.
[2026-07-28 03:22:37] 
[2026-07-28 03:22:37] --- STAGE 3: GENERATING NEW FORECAST ---
[2026-07-28 03:22:37] Running future forecast for horizon=24...
[2026-07-28 03:22:37] Logged new future forecast ID 9 at row 10. Pending actuals.
[2026-07-28 03:22:37] SOL-USD completed. Forecast ID: 9
