[2026-08-29 06:51:46] 
[2026-08-29 06:51:46] ================================================================================
[2026-08-29 06:51:46] PROCESSING SOL-USD
[2026-08-29 06:51:46] ================================================================================
[2026-08-29 06:51:46] 
[2026-08-29 06:51:46] --- STAGE 1: DOWNLOADING DATA ---
[2026-08-29 06:51:46] Downloading data for SOL-USD (period=30d, interval=1h)...
[2026-08-29 06:51:46] Data downloaded successfully. Total rows: 703
[2026-08-29 06:51:46] 
[2026-08-29 06:51:46] --- STAGE 2: EVALUATING LATEST FORECAST ---
[2026-08-29 06:51:46] Latest forecast (row 41) is pending. Evaluating...
[2026-08-29 06:51:46]   ForecastTime:    2026-08-28 11:07:12
[2026-08-29 06:51:46]   Rounded to:      2026-08-28 11:00:00
[2026-08-29 06:51:46]   Target windows:  2026-08-28 12:00:00 to 2026-08-29 11:00:00
[2026-08-29 06:51:46]   Data range:      2026-07-31 00:00:00 to 2026-08-29 06:00:00
[2026-08-29 06:51:46]   -> Updated ForecastDetails row 41.
[2026-08-29 06:51:46]   -> Metrics: last_actual=103.61, abs_error=1.86, pct_error=1.80%, mape=1.77%
[2026-08-29 06:51:46] Pending forecast evaluated.
[2026-08-29 06:51:46] 
[2026-08-29 06:51:46] --- STAGE 3: GENERATING NEW FORECAST ---
[2026-08-29 06:51:46] Running future forecast for horizon=24...
[2026-08-29 06:51:47] Logged new future forecast ID 41 at row 42. Pending actuals.
[2026-08-29 06:51:47] SOL-USD completed. Forecast ID: 41
