[2026-08-01 03:39:54] 
[2026-08-01 03:39:54] ================================================================================
[2026-08-01 03:39:54] PROCESSING SOL-USD
[2026-08-01 03:39:54] ================================================================================
[2026-08-01 03:39:54] 
[2026-08-01 03:39:54] --- STAGE 1: DOWNLOADING DATA ---
[2026-08-01 03:39:54] Downloading data for SOL-USD (period=30d, interval=1h)...
[2026-08-01 03:39:54] Data downloaded successfully. Total rows: 679
[2026-08-01 03:39:54] 
[2026-08-01 03:39:54] --- STAGE 2: EVALUATING LATEST FORECAST ---
[2026-08-01 03:39:54] Latest forecast (row 13) is pending. Evaluating...
[2026-08-01 03:39:54]   ForecastTime:    2026-07-31 03:39:46
[2026-08-01 03:39:54]   Rounded to:      2026-07-31 03:00:00
[2026-08-01 03:39:54]   Target windows:  2026-07-31 04:00:00 to 2026-08-01 03:00:00
[2026-08-01 03:39:54]   Data range:      2026-07-03 00:00:00 to 2026-08-01 03:00:00
[2026-08-01 03:39:54]   -> Updated ForecastDetails row 13.
[2026-08-01 03:39:54]   -> Metrics: last_actual=72.87, abs_error=1.50, pct_error=2.06%, mape=1.38%
[2026-08-01 03:39:54] Pending forecast evaluated.
[2026-08-01 03:39:54] 
[2026-08-01 03:39:54] --- STAGE 3: GENERATING NEW FORECAST ---
[2026-08-01 03:39:54] Running future forecast for horizon=24...
[2026-08-01 03:39:55] Logged new future forecast ID 13 at row 14. Pending actuals.
[2026-08-01 03:39:55] SOL-USD completed. Forecast ID: 13
