[2026-08-23 01:51:43] 
[2026-08-23 01:51:43] ================================================================================
[2026-08-23 01:51:43] PROCESSING SOL-USD
[2026-08-23 01:51:43] ================================================================================
[2026-08-23 01:51:43] 
[2026-08-23 01:51:43] --- STAGE 1: DOWNLOADING DATA ---
[2026-08-23 01:51:43] Downloading data for SOL-USD (period=30d, interval=1h)...
[2026-08-23 01:51:43] Data downloaded successfully. Total rows: 697
[2026-08-23 01:51:43] 
[2026-08-23 01:51:43] --- STAGE 2: EVALUATING LATEST FORECAST ---
[2026-08-23 01:51:43] Latest forecast (row 35) is pending. Evaluating...
[2026-08-23 01:51:43]   ForecastTime:    2026-08-22 01:41:51
[2026-08-23 01:51:43]   Rounded to:      2026-08-22 01:00:00
[2026-08-23 01:51:43]   Target windows:  2026-08-22 02:00:00 to 2026-08-23 01:00:00
[2026-08-23 01:51:43]   Data range:      2026-07-25 00:00:00 to 2026-08-23 01:00:00
[2026-08-23 01:51:43]   -> Updated ForecastDetails row 35.
[2026-08-23 01:51:44]   -> Metrics: last_actual=96.07, abs_error=2.44, pct_error=2.54%, mape=1.11%
[2026-08-23 01:51:44] Pending forecast evaluated.
[2026-08-23 01:51:44] 
[2026-08-23 01:51:44] --- STAGE 3: GENERATING NEW FORECAST ---
[2026-08-23 01:51:44] Running future forecast for horizon=24...
[2026-08-23 01:51:44] Logged new future forecast ID 35 at row 36. Pending actuals.
[2026-08-23 01:51:44] SOL-USD completed. Forecast ID: 35
