[2026-08-04 03:26:01] 
[2026-08-04 03:26:01] ================================================================================
[2026-08-04 03:26:01] PROCESSING SOL-USD
[2026-08-04 03:26:01] ================================================================================
[2026-08-04 03:26:01] 
[2026-08-04 03:26:01] --- STAGE 1: DOWNLOADING DATA ---
[2026-08-04 03:26:01] Downloading data for SOL-USD (period=30d, interval=1h)...
[2026-08-04 03:26:01] Data downloaded successfully. Total rows: 679
[2026-08-04 03:26:01] 
[2026-08-04 03:26:01] --- STAGE 2: EVALUATING LATEST FORECAST ---
[2026-08-04 03:26:01] Latest forecast (row 16) is pending. Evaluating...
[2026-08-04 03:26:01]   ForecastTime:    2026-08-03 03:41:55
[2026-08-04 03:26:01]   Rounded to:      2026-08-03 03:00:00
[2026-08-04 03:26:01]   Target windows:  2026-08-03 04:00:00 to 2026-08-04 03:00:00
[2026-08-04 03:26:01]   Data range:      2026-07-06 00:00:00 to 2026-08-04 03:00:00
[2026-08-04 03:26:01]   -> Updated ForecastDetails row 16.
[2026-08-04 03:26:01]   -> Metrics: last_actual=73.45, abs_error=0.63, pct_error=0.85%, mape=0.80%
[2026-08-04 03:26:01] Pending forecast evaluated.
[2026-08-04 03:26:01] 
[2026-08-04 03:26:01] --- STAGE 3: GENERATING NEW FORECAST ---
[2026-08-04 03:26:01] Running future forecast for horizon=24...
[2026-08-04 03:26:02] Logged new future forecast ID 16 at row 17. Pending actuals.
[2026-08-04 03:26:02] SOL-USD completed. Forecast ID: 16
