[2026-08-12 02:32:36] 
[2026-08-12 02:32:36] ================================================================================
[2026-08-12 02:32:36] PROCESSING SOL-USD
[2026-08-12 02:32:36] ================================================================================
[2026-08-12 02:32:36] 
[2026-08-12 02:32:36] --- STAGE 1: DOWNLOADING DATA ---
[2026-08-12 02:32:36] Downloading data for SOL-USD (period=30d, interval=1h)...
[2026-08-12 02:32:36] Data downloaded successfully. Total rows: 699
[2026-08-12 02:32:36] 
[2026-08-12 02:32:36] --- STAGE 2: EVALUATING LATEST FORECAST ---
[2026-08-12 02:32:36] Latest forecast (row 24) is pending. Evaluating...
[2026-08-12 02:32:36]   ForecastTime:    2026-08-11 02:14:52
[2026-08-12 02:32:36]   Rounded to:      2026-08-11 02:00:00
[2026-08-12 02:32:36]   Target windows:  2026-08-11 03:00:00 to 2026-08-12 02:00:00
[2026-08-12 02:32:36]   Data range:      2026-07-14 00:00:00 to 2026-08-12 02:00:00
[2026-08-12 02:32:36]   -> Updated ForecastDetails row 24.
[2026-08-12 02:32:36]   -> Metrics: last_actual=76.50, abs_error=0.37, pct_error=0.49%, mape=0.48%
[2026-08-12 02:32:36] Pending forecast evaluated.
[2026-08-12 02:32:36] 
[2026-08-12 02:32:36] --- STAGE 3: GENERATING NEW FORECAST ---
[2026-08-12 02:32:36] Running future forecast for horizon=24...
[2026-08-12 02:32:37] Logged new future forecast ID 24 at row 25. Pending actuals.
[2026-08-12 02:32:37] SOL-USD completed. Forecast ID: 24
