[2026-07-27 03:51:29] 
[2026-07-27 03:51:29] ================================================================================
[2026-07-27 03:51:29] PROCESSING SOL-USD
[2026-07-27 03:51:29] ================================================================================
[2026-07-27 03:51:29] 
[2026-07-27 03:51:29] --- STAGE 1: DOWNLOADING DATA ---
[2026-07-27 03:51:29] Downloading data for SOL-USD (period=30d, interval=1h)...
[2026-07-27 03:51:29] Data downloaded successfully. Total rows: 700
[2026-07-27 03:51:29] 
[2026-07-27 03:51:29] --- STAGE 2: EVALUATING LATEST FORECAST ---
[2026-07-27 03:51:29] Latest forecast (row 8) is pending. Evaluating...
[2026-07-27 03:51:29]   ForecastTime:    2026-07-26 03:41:59
[2026-07-27 03:51:29]   Rounded to:      2026-07-26 03:00:00
[2026-07-27 03:51:29]   Target windows:  2026-07-26 04:00:00 to 2026-07-27 03:00:00
[2026-07-27 03:51:29]   Data range:      2026-06-28 00:00:00 to 2026-07-27 03:00:00
[2026-07-27 03:51:29]   -> Updated ForecastDetails row 8.
[2026-07-27 03:51:29]   -> Metrics: last_actual=76.32, abs_error=1.24, pct_error=1.62%, mape=0.65%
[2026-07-27 03:51:29] Pending forecast evaluated.
[2026-07-27 03:51:29] 
[2026-07-27 03:51:29] --- STAGE 3: GENERATING NEW FORECAST ---
[2026-07-27 03:51:29] Running future forecast for horizon=24...
[2026-07-27 03:51:30] Logged new future forecast ID 8 at row 9. Pending actuals.
[2026-07-27 03:51:30] SOL-USD completed. Forecast ID: 8
