[2026-08-07 03:10:53] 
[2026-08-07 03:10:53] ================================================================================
[2026-08-07 03:10:53] PROCESSING SOL-USD
[2026-08-07 03:10:53] ================================================================================
[2026-08-07 03:10:53] 
[2026-08-07 03:10:53] --- STAGE 1: DOWNLOADING DATA ---
[2026-08-07 03:10:53] Downloading data for SOL-USD (period=30d, interval=1h)...
[2026-08-07 03:10:53] Data downloaded successfully. Total rows: 700
[2026-08-07 03:10:53] 
[2026-08-07 03:10:53] --- STAGE 2: EVALUATING LATEST FORECAST ---
[2026-08-07 03:10:53] Latest forecast (row 19) is pending. Evaluating...
[2026-08-07 03:10:53]   ForecastTime:    2026-08-06 03:23:43
[2026-08-07 03:10:53]   Rounded to:      2026-08-06 03:00:00
[2026-08-07 03:10:53]   Target windows:  2026-08-06 04:00:00 to 2026-08-07 03:00:00
[2026-08-07 03:10:53]   Data range:      2026-07-09 00:00:00 to 2026-08-07 03:00:00
[2026-08-07 03:10:53]   -> Updated ForecastDetails row 19.
[2026-08-07 03:10:53]   -> Metrics: last_actual=72.66, abs_error=0.87, pct_error=1.19%, mape=0.74%
[2026-08-07 03:10:53] Pending forecast evaluated.
[2026-08-07 03:10:53] 
[2026-08-07 03:10:53] --- STAGE 3: GENERATING NEW FORECAST ---
[2026-08-07 03:10:53] Running future forecast for horizon=24...
[2026-08-07 03:10:54] Logged new future forecast ID 19 at row 20. Pending actuals.
[2026-08-07 03:10:54] SOL-USD completed. Forecast ID: 19
