[2026-09-28 05:04:03] 
[2026-09-28 05:04:03] ================================================================================
[2026-09-28 05:04:03] PROCESSING SOL-USD
[2026-09-28 05:04:03] ================================================================================
[2026-09-28 05:04:03] 
[2026-09-28 05:04:03] --- STAGE 1: DOWNLOADING DATA ---
[2026-09-28 05:04:03] Downloading data for SOL-USD (period=30d, interval=1h)...
[2026-09-28 05:04:03] Data downloaded successfully. Total rows: 702
[2026-09-28 05:04:03] 
[2026-09-28 05:04:03] --- STAGE 2: EVALUATING LATEST FORECAST ---
[2026-09-28 05:04:04] Latest forecast (row 71) is pending. Evaluating...
[2026-09-28 05:04:04]   ForecastTime:    2026-09-27 05:02:20
[2026-09-28 05:04:04]   Rounded to:      2026-09-27 05:00:00
[2026-09-28 05:04:04]   Target windows:  2026-09-27 06:00:00 to 2026-09-28 05:00:00
[2026-09-28 05:04:04]   Data range:      2026-08-30 00:00:00 to 2026-09-28 05:00:00
[2026-09-28 05:04:04]   -> Updated ForecastDetails row 71.
[2026-09-28 05:04:04]   -> Metrics: last_actual=119.77, abs_error=0.93, pct_error=0.77%, mape=2.18%
[2026-09-28 05:04:04] Pending forecast evaluated.
[2026-09-28 05:04:04] 
[2026-09-28 05:04:04] --- STAGE 3: GENERATING NEW FORECAST ---
[2026-09-28 05:04:04] Running future forecast for horizon=24...
[2026-09-28 05:04:05] Logged new future forecast ID 71 at row 72. Pending actuals.
[2026-09-28 05:04:05] SOL-USD completed. Forecast ID: 71
