[2026-07-30 02:57:52] 
[2026-07-30 02:57:52] ================================================================================
[2026-07-30 02:57:52] PROCESSING SOL-USD
[2026-07-30 02:57:52] ================================================================================
[2026-07-30 02:57:52] 
[2026-07-30 02:57:52] --- STAGE 1: DOWNLOADING DATA ---
[2026-07-30 02:57:52] Downloading data for SOL-USD (period=30d, interval=1h)...
[2026-07-30 02:57:52] Data downloaded successfully. Total rows: 678
[2026-07-30 02:57:52] 
[2026-07-30 02:57:52] --- STAGE 2: EVALUATING LATEST FORECAST ---
[2026-07-30 02:57:52] Latest forecast (row 11) is pending. Evaluating...
[2026-07-30 02:57:52]   ForecastTime:    2026-07-29 03:23:34
[2026-07-30 02:57:52]   Rounded to:      2026-07-29 03:00:00
[2026-07-30 02:57:52]   Target windows:  2026-07-29 04:00:00 to 2026-07-30 03:00:00
[2026-07-30 02:57:52]   Data range:      2026-07-01 00:00:00 to 2026-07-30 02:00:00
[2026-07-30 02:57:52]   -> Updated ForecastDetails row 11.
[2026-07-30 02:57:52]   -> Metrics: last_actual=73.76, abs_error=0.02, pct_error=0.02%, mape=0.52%
[2026-07-30 02:57:52] Pending forecast evaluated.
[2026-07-30 02:57:52] 
[2026-07-30 02:57:52] --- STAGE 3: GENERATING NEW FORECAST ---
[2026-07-30 02:57:52] Running future forecast for horizon=24...
[2026-07-30 02:57:53] Logged new future forecast ID 11 at row 12. Pending actuals.
[2026-07-30 02:57:53] SOL-USD completed. Forecast ID: 11
