[2026-08-16 01:49:52] 
[2026-08-16 01:49:52] ================================================================================
[2026-08-16 01:49:52] PROCESSING SOL-USD
[2026-08-16 01:49:52] ================================================================================
[2026-08-16 01:49:52] 
[2026-08-16 01:49:52] --- STAGE 1: DOWNLOADING DATA ---
[2026-08-16 01:49:52] Downloading data for SOL-USD (period=30d, interval=1h)...
[2026-08-16 01:49:52] Data downloaded successfully. Total rows: 698
[2026-08-16 01:49:52] 
[2026-08-16 01:49:52] --- STAGE 2: EVALUATING LATEST FORECAST ---
[2026-08-16 01:49:52] Latest forecast (row 28) is pending. Evaluating...
[2026-08-16 01:49:52]   ForecastTime:    2026-08-15 01:42:51
[2026-08-16 01:49:52]   Rounded to:      2026-08-15 01:00:00
[2026-08-16 01:49:52]   Target windows:  2026-08-15 02:00:00 to 2026-08-16 01:00:00
[2026-08-16 01:49:52]   Data range:      2026-07-18 00:00:00 to 2026-08-16 01:00:00
[2026-08-16 01:49:52]   -> Updated ForecastDetails row 28.
[2026-08-16 01:49:52]   -> Metrics: last_actual=75.37, abs_error=0.04, pct_error=0.06%, mape=0.18%
[2026-08-16 01:49:52] Pending forecast evaluated.
[2026-08-16 01:49:52] 
[2026-08-16 01:49:52] --- STAGE 3: GENERATING NEW FORECAST ---
[2026-08-16 01:49:52] Running future forecast for horizon=24...
[2026-08-16 01:49:53] Logged new future forecast ID 28 at row 29. Pending actuals.
[2026-08-16 01:49:53] SOL-USD completed. Forecast ID: 28
