[2026-10-04 05:34:22] 
[2026-10-04 05:34:22] ================================================================================
[2026-10-04 05:34:22] PROCESSING SOL-USD
[2026-10-04 05:34:22] ================================================================================
[2026-10-04 05:34:22] 
[2026-10-04 05:34:22] --- STAGE 1: DOWNLOADING DATA ---
[2026-10-04 05:34:22] Downloading data for SOL-USD (period=30d, interval=1h)...
[2026-10-04 05:34:22] Data downloaded successfully. Total rows: 702
[2026-10-04 05:34:22] 
[2026-10-04 05:34:22] --- STAGE 2: EVALUATING LATEST FORECAST ---
[2026-10-04 05:34:22] Latest forecast (row 77) is pending. Evaluating...
[2026-10-04 05:34:22]   ForecastTime:    2026-10-03 05:02:00
[2026-10-04 05:34:22]   Rounded to:      2026-10-03 05:00:00
[2026-10-04 05:34:22]   Target windows:  2026-10-03 06:00:00 to 2026-10-04 05:00:00
[2026-10-04 05:34:22]   Data range:      2026-09-05 00:00:00 to 2026-10-04 05:00:00
[2026-10-04 05:34:22]   -> Updated ForecastDetails row 77.
[2026-10-04 05:34:22]   -> Metrics: last_actual=120.76, abs_error=1.98, pct_error=1.64%, mape=0.85%
[2026-10-04 05:34:22] Pending forecast evaluated.
[2026-10-04 05:34:22] 
[2026-10-04 05:34:22] --- STAGE 3: GENERATING NEW FORECAST ---
[2026-10-04 05:34:22] Running future forecast for horizon=24...
[2026-10-04 05:34:22] Logged new future forecast ID 77 at row 78. Pending actuals.
[2026-10-04 05:34:22] SOL-USD completed. Forecast ID: 77
