[2026-08-14 02:32:51] 
[2026-08-14 02:32:51] ================================================================================
[2026-08-14 02:32:51] PROCESSING SOL-USD
[2026-08-14 02:32:51] ================================================================================
[2026-08-14 02:32:51] 
[2026-08-14 02:32:51] --- STAGE 1: DOWNLOADING DATA ---
[2026-08-14 02:32:51] Downloading data for SOL-USD (period=30d, interval=1h)...
[2026-08-14 02:32:52] Data downloaded successfully. Total rows: 699
[2026-08-14 02:32:52] 
[2026-08-14 02:32:52] --- STAGE 2: EVALUATING LATEST FORECAST ---
[2026-08-14 02:32:52] Latest forecast (row 26) is pending. Evaluating...
[2026-08-14 02:32:52]   ForecastTime:    2026-08-13 02:34:05
[2026-08-14 02:32:52]   Rounded to:      2026-08-13 02:00:00
[2026-08-14 02:32:52]   Target windows:  2026-08-13 03:00:00 to 2026-08-14 02:00:00
[2026-08-14 02:32:52]   Data range:      2026-07-16 00:00:00 to 2026-08-14 02:00:00
[2026-08-14 02:32:52]   -> Updated ForecastDetails row 26.
[2026-08-14 02:32:52]   -> Metrics: last_actual=76.05, abs_error=0.65, pct_error=0.85%, mape=0.83%
[2026-08-14 02:32:52] Pending forecast evaluated.
[2026-08-14 02:32:52] 
[2026-08-14 02:32:52] --- STAGE 3: GENERATING NEW FORECAST ---
[2026-08-14 02:32:52] Running future forecast for horizon=24...
[2026-08-14 02:32:52] Logged new future forecast ID 26 at row 27. Pending actuals.
[2026-08-14 02:32:52] SOL-USD completed. Forecast ID: 26
