[2026-08-10 02:24:15] 
[2026-08-10 02:24:15] ================================================================================
[2026-08-10 02:24:15] PROCESSING SOL-USD
[2026-08-10 02:24:15] ================================================================================
[2026-08-10 02:24:15] 
[2026-08-10 02:24:15] --- STAGE 1: DOWNLOADING DATA ---
[2026-08-10 02:24:15] Downloading data for SOL-USD (period=30d, interval=1h)...
[2026-08-10 02:24:16] Data downloaded successfully. Total rows: 678
[2026-08-10 02:24:16] 
[2026-08-10 02:24:16] --- STAGE 2: EVALUATING LATEST FORECAST ---
[2026-08-10 02:24:16] Latest forecast (row 22) is pending. Evaluating...
[2026-08-10 02:24:16]   ForecastTime:    2026-08-09 02:18:57
[2026-08-10 02:24:16]   Rounded to:      2026-08-09 02:00:00
[2026-08-10 02:24:16]   Target windows:  2026-08-09 03:00:00 to 2026-08-10 02:00:00
[2026-08-10 02:24:16]   Data range:      2026-07-12 00:00:00 to 2026-08-10 02:00:00
[2026-08-10 02:24:16]   -> Updated ForecastDetails row 22.
[2026-08-10 02:24:16]   -> Metrics: last_actual=76.50, abs_error=1.09, pct_error=1.42%, mape=1.30%
[2026-08-10 02:24:16] Pending forecast evaluated.
[2026-08-10 02:24:16] 
[2026-08-10 02:24:16] --- STAGE 3: GENERATING NEW FORECAST ---
[2026-08-10 02:24:16] Running future forecast for horizon=24...
[2026-08-10 02:24:16] Logged new future forecast ID 22 at row 23. Pending actuals.
[2026-08-10 02:24:16] SOL-USD completed. Forecast ID: 22
