[2026-09-14 04:37:23] 
[2026-09-14 04:37:23] ================================================================================
[2026-09-14 04:37:23] PROCESSING SOL-USD
[2026-09-14 04:37:23] ================================================================================
[2026-09-14 04:37:23] 
[2026-09-14 04:37:23] --- STAGE 1: DOWNLOADING DATA ---
[2026-09-14 04:37:23] Downloading data for SOL-USD (period=30d, interval=1h)...
[2026-09-14 04:37:23] Data downloaded successfully. Total rows: 701
[2026-09-14 04:37:23] 
[2026-09-14 04:37:23] --- STAGE 2: EVALUATING LATEST FORECAST ---
[2026-09-14 04:37:23] Latest forecast (row 57) is pending. Evaluating...
[2026-09-14 04:37:23]   ForecastTime:    2026-09-13 04:31:04
[2026-09-14 04:37:23]   Rounded to:      2026-09-13 04:00:00
[2026-09-14 04:37:23]   Target windows:  2026-09-13 05:00:00 to 2026-09-14 04:00:00
[2026-09-14 04:37:23]   Data range:      2026-08-16 00:00:00 to 2026-09-14 04:00:00
[2026-09-14 04:37:23]   -> Updated ForecastDetails row 57.
[2026-09-14 04:37:24]   -> Metrics: last_actual=101.05, abs_error=0.72, pct_error=0.71%, mape=1.27%
[2026-09-14 04:37:24] Pending forecast evaluated.
[2026-09-14 04:37:24] 
[2026-09-14 04:37:24] --- STAGE 3: GENERATING NEW FORECAST ---
[2026-09-14 04:37:24] Running future forecast for horizon=24...
[2026-09-14 04:37:24] Logged new future forecast ID 57 at row 58. Pending actuals.
[2026-09-14 04:37:24] SOL-USD completed. Forecast ID: 57
