[2026-09-12 04:17:52] 
[2026-09-12 04:17:52] ================================================================================
[2026-09-12 04:17:52] PROCESSING SOL-USD
[2026-09-12 04:17:52] ================================================================================
[2026-09-12 04:17:52] 
[2026-09-12 04:17:52] --- STAGE 1: DOWNLOADING DATA ---
[2026-09-12 04:17:52] Downloading data for SOL-USD (period=30d, interval=1h)...
[2026-09-12 04:17:52] Data downloaded successfully. Total rows: 701
[2026-09-12 04:17:52] 
[2026-09-12 04:17:52] --- STAGE 2: EVALUATING LATEST FORECAST ---
[2026-09-12 04:17:52] Latest forecast (row 55) is pending. Evaluating...
[2026-09-12 04:17:52]   ForecastTime:    2026-09-11 04:19:43
[2026-09-12 04:17:52]   Rounded to:      2026-09-11 04:00:00
[2026-09-12 04:17:52]   Target windows:  2026-09-11 05:00:00 to 2026-09-12 04:00:00
[2026-09-12 04:17:52]   Data range:      2026-08-14 00:00:00 to 2026-09-12 04:00:00
[2026-09-12 04:17:52]   -> Updated ForecastDetails row 55.
[2026-09-12 04:17:53]   -> Metrics: last_actual=101.60, abs_error=2.50, pct_error=2.46%, mape=2.16%
[2026-09-12 04:17:53] Pending forecast evaluated.
[2026-09-12 04:17:53] 
[2026-09-12 04:17:53] --- STAGE 3: GENERATING NEW FORECAST ---
[2026-09-12 04:17:53] Running future forecast for horizon=24...
[2026-09-12 04:17:53] Logged new future forecast ID 55 at row 56. Pending actuals.
[2026-09-12 04:17:53] SOL-USD completed. Forecast ID: 55
