[2026-07-29 03:23:33] 
[2026-07-29 03:23:33] ================================================================================
[2026-07-29 03:23:33] PROCESSING SOL-USD
[2026-07-29 03:23:33] ================================================================================
[2026-07-29 03:23:33] 
[2026-07-29 03:23:33] --- STAGE 1: DOWNLOADING DATA ---
[2026-07-29 03:23:33] Downloading data for SOL-USD (period=30d, interval=1h)...
[2026-07-29 03:23:33] Data downloaded successfully. Total rows: 700
[2026-07-29 03:23:33] 
[2026-07-29 03:23:33] --- STAGE 2: EVALUATING LATEST FORECAST ---
[2026-07-29 03:23:33] Latest forecast (row 10) is pending. Evaluating...
[2026-07-29 03:23:33]   ForecastTime:    2026-07-28 03:22:37
[2026-07-29 03:23:33]   Rounded to:      2026-07-28 03:00:00
[2026-07-29 03:23:33]   Target windows:  2026-07-28 04:00:00 to 2026-07-29 03:00:00
[2026-07-29 03:23:33]   Data range:      2026-06-30 00:00:00 to 2026-07-29 03:00:00
[2026-07-29 03:23:33]   -> Updated ForecastDetails row 10.
[2026-07-29 03:23:34]   -> Metrics: last_actual=73.37, abs_error=0.28, pct_error=0.39%, mape=0.41%
[2026-07-29 03:23:34] Pending forecast evaluated.
[2026-07-29 03:23:34] 
[2026-07-29 03:23:34] --- STAGE 3: GENERATING NEW FORECAST ---
[2026-07-29 03:23:34] Running future forecast for horizon=24...
[2026-07-29 03:23:34] Logged new future forecast ID 10 at row 11. Pending actuals.
[2026-07-29 03:23:34] SOL-USD completed. Forecast ID: 10
