[2026-08-19 01:44:27] 
[2026-08-19 01:44:27] ================================================================================
[2026-08-19 01:44:27] PROCESSING SOL-USD
[2026-08-19 01:44:27] ================================================================================
[2026-08-19 01:44:27] 
[2026-08-19 01:44:27] --- STAGE 1: DOWNLOADING DATA ---
[2026-08-19 01:44:27] Downloading data for SOL-USD (period=30d, interval=1h)...
[2026-08-19 01:44:27] Data downloaded successfully. Total rows: 698
[2026-08-19 01:44:27] 
[2026-08-19 01:44:27] --- STAGE 2: EVALUATING LATEST FORECAST ---
[2026-08-19 01:44:27] Latest forecast (row 31) is pending. Evaluating...
[2026-08-19 01:44:27]   ForecastTime:    2026-08-18 01:42:44
[2026-08-19 01:44:27]   Rounded to:      2026-08-18 01:00:00
[2026-08-19 01:44:27]   Target windows:  2026-08-18 02:00:00 to 2026-08-19 01:00:00
[2026-08-19 01:44:27]   Data range:      2026-07-21 00:00:00 to 2026-08-19 01:00:00
[2026-08-19 01:44:27]   -> Updated ForecastDetails row 31.
[2026-08-19 01:44:27]   -> Metrics: last_actual=76.70, abs_error=1.01, pct_error=1.32%, mape=0.96%
[2026-08-19 01:44:27] Pending forecast evaluated.
[2026-08-19 01:44:27] 
[2026-08-19 01:44:27] --- STAGE 3: GENERATING NEW FORECAST ---
[2026-08-19 01:44:27] Running future forecast for horizon=24...
[2026-08-19 01:44:28] Logged new future forecast ID 31 at row 32. Pending actuals.
[2026-08-19 01:44:28] SOL-USD completed. Forecast ID: 31
