[2026-09-03 04:06:58] 
[2026-09-03 04:06:58] ================================================================================
[2026-09-03 04:06:58] PROCESSING SOL-USD
[2026-09-03 04:06:58] ================================================================================
[2026-09-03 04:06:58] 
[2026-09-03 04:06:58] --- STAGE 1: DOWNLOADING DATA ---
[2026-09-03 04:06:58] Downloading data for SOL-USD (period=30d, interval=1h)...
[2026-09-03 04:06:58] Data downloaded successfully. Total rows: 701
[2026-09-03 04:06:58] 
[2026-09-03 04:06:58] --- STAGE 2: EVALUATING LATEST FORECAST ---
[2026-09-03 04:06:58] Latest forecast (row 46) is pending. Evaluating...
[2026-09-03 04:06:58]   ForecastTime:    2026-09-02 04:10:01
[2026-09-03 04:06:58]   Rounded to:      2026-09-02 04:00:00
[2026-09-03 04:06:58]   Target windows:  2026-09-02 05:00:00 to 2026-09-03 04:00:00
[2026-09-03 04:06:58]   Data range:      2026-08-05 00:00:00 to 2026-09-03 04:00:00
[2026-09-03 04:06:58]   -> Updated ForecastDetails row 46.
[2026-09-03 04:06:58]   -> Metrics: last_actual=100.55, abs_error=0.86, pct_error=0.86%, mape=0.71%
[2026-09-03 04:06:58] Pending forecast evaluated.
[2026-09-03 04:06:58] 
[2026-09-03 04:06:58] --- STAGE 3: GENERATING NEW FORECAST ---
[2026-09-03 04:06:58] Running future forecast for horizon=24...
[2026-09-03 04:06:59] Logged new future forecast ID 46 at row 47. Pending actuals.
[2026-09-03 04:06:59] SOL-USD completed. Forecast ID: 46
