[2026-07-28 03:22:50] 
[2026-07-28 03:22:50] ================================================================================
[2026-07-28 03:22:50] PROCESSING SOL-USD
[2026-07-28 03:22:50] ================================================================================
[2026-07-28 03:22:50] 
[2026-07-28 03:22:50] --- STAGE 1: DOWNLOADING DATA ---
[2026-07-28 03:22:50] Downloading data for SOL-USD (period=30d, interval=4h)...
[2026-07-28 03:22:50] Data downloaded successfully. Total rows: 170
[2026-07-28 03:22:50] 
[2026-07-28 03:22:50] --- STAGE 2: EVALUATING LATEST FORECAST ---
[2026-07-28 03:22:50] Latest forecast (row 9) is pending. Evaluating...
[2026-07-28 03:22:50]   ForecastTime:    2026-07-27 03:51:47
[2026-07-28 03:22:50]   Rounded to:      2026-07-27 00:00:00
[2026-07-28 03:22:50]   Target windows:  2026-07-27 04:00:00 to 2026-07-28 00:00:00
[2026-07-28 03:22:50]   Data range:      2026-06-29 00:00:00 to 2026-07-28 00:00:00
[2026-07-28 03:22:50]   -> Updated ForecastDetails row 9.
[2026-07-28 03:22:50]   -> Metrics: last_actual=73.27, abs_error=3.37, pct_error=4.60%, mape=1.80%
[2026-07-28 03:22:50] Pending forecast evaluated.
[2026-07-28 03:22:50] 
[2026-07-28 03:22:50] --- STAGE 3: GENERATING NEW FORECAST ---
[2026-07-28 03:22:50] Running future forecast for horizon=6...
[2026-07-28 03:22:50] Logged new future forecast ID 9 at row 10. Pending actuals.
[2026-07-28 03:22:50] SOL-USD completed. Forecast ID: 9
