[2026-09-28 05:04:19] 
[2026-09-28 05:04:19] ================================================================================
[2026-09-28 05:04:19] PROCESSING SOL-USD
[2026-09-28 05:04:19] ================================================================================
[2026-09-28 05:04:19] 
[2026-09-28 05:04:19] --- STAGE 1: DOWNLOADING DATA ---
[2026-09-28 05:04:19] Downloading data for SOL-USD (period=30d, interval=4h)...
[2026-09-28 05:04:19] Data downloaded successfully. Total rows: 176
[2026-09-28 05:04:19] 
[2026-09-28 05:04:19] --- STAGE 2: EVALUATING LATEST FORECAST ---
[2026-09-28 05:04:19] Latest forecast (row 71) is pending. Evaluating...
[2026-09-28 05:04:19]   ForecastTime:    2026-09-27 05:02:35
[2026-09-28 05:04:19]   Rounded to:      2026-09-27 04:00:00
[2026-09-28 05:04:19]   Target windows:  2026-09-27 08:00:00 to 2026-09-28 04:00:00
[2026-09-28 05:04:19]   Data range:      2026-08-30 00:00:00 to 2026-09-28 04:00:00
[2026-09-28 05:04:19]   -> Updated ForecastDetails row 71.
[2026-09-28 05:04:20]   -> Metrics: last_actual=119.71, abs_error=0.18, pct_error=0.15%, mape=1.49%
[2026-09-28 05:04:20] Pending forecast evaluated.
[2026-09-28 05:04:20] 
[2026-09-28 05:04:20] --- STAGE 3: GENERATING NEW FORECAST ---
[2026-09-28 05:04:20] Running future forecast for horizon=6...
[2026-09-28 05:04:21] Logged new future forecast ID 71 at row 72. Pending actuals.
[2026-09-28 05:04:21] SOL-USD completed. Forecast ID: 71
