[2026-08-05 03:21:10] 
[2026-08-05 03:21:10] ================================================================================
[2026-08-05 03:21:10] PROCESSING SOL-USD
[2026-08-05 03:21:10] ================================================================================
[2026-08-05 03:21:10] 
[2026-08-05 03:21:10] --- STAGE 1: DOWNLOADING DATA ---
[2026-08-05 03:21:10] Downloading data for SOL-USD (period=30d, interval=4h)...
[2026-08-05 03:21:10] Data downloaded successfully. Total rows: 170
[2026-08-05 03:21:10] 
[2026-08-05 03:21:10] --- STAGE 2: EVALUATING LATEST FORECAST ---
[2026-08-05 03:21:10] Latest forecast (row 17) is pending. Evaluating...
[2026-08-05 03:21:10]   ForecastTime:    2026-08-04 03:26:15
[2026-08-05 03:21:10]   Rounded to:      2026-08-04 00:00:00
[2026-08-05 03:21:10]   Target windows:  2026-08-04 04:00:00 to 2026-08-05 00:00:00
[2026-08-05 03:21:10]   Data range:      2026-07-07 00:00:00 to 2026-08-05 00:00:00
[2026-08-05 03:21:10]   -> Updated ForecastDetails row 17.
[2026-08-05 03:21:11]   -> Metrics: last_actual=73.79, abs_error=0.38, pct_error=0.52%, mape=0.59%
[2026-08-05 03:21:11] Pending forecast evaluated.
[2026-08-05 03:21:11] 
[2026-08-05 03:21:11] --- STAGE 3: GENERATING NEW FORECAST ---
[2026-08-05 03:21:11] Running future forecast for horizon=6...
[2026-08-05 03:21:11] Logged new future forecast ID 17 at row 18. Pending actuals.
[2026-08-05 03:21:11] SOL-USD completed. Forecast ID: 17
