[2026-10-04 05:34:35] 
[2026-10-04 05:34:35] ================================================================================
[2026-10-04 05:34:35] PROCESSING SOL-USD
[2026-10-04 05:34:35] ================================================================================
[2026-10-04 05:34:35] 
[2026-10-04 05:34:35] --- STAGE 1: DOWNLOADING DATA ---
[2026-10-04 05:34:35] Downloading data for SOL-USD (period=30d, interval=4h)...
[2026-10-04 05:34:35] Data downloaded successfully. Total rows: 176
[2026-10-04 05:34:35] 
[2026-10-04 05:34:35] --- STAGE 2: EVALUATING LATEST FORECAST ---
[2026-10-04 05:34:35] Latest forecast (row 77) is pending. Evaluating...
[2026-10-04 05:34:35]   ForecastTime:    2026-10-03 05:02:14
[2026-10-04 05:34:35]   Rounded to:      2026-10-03 04:00:00
[2026-10-04 05:34:35]   Target windows:  2026-10-03 08:00:00 to 2026-10-04 04:00:00
[2026-10-04 05:34:35]   Data range:      2026-09-05 00:00:00 to 2026-10-04 04:00:00
[2026-10-04 05:34:35]   -> Updated ForecastDetails row 77.
[2026-10-04 05:34:36]   -> Metrics: last_actual=120.74, abs_error=1.36, pct_error=1.13%, mape=0.68%
[2026-10-04 05:34:36] Pending forecast evaluated.
[2026-10-04 05:34:36] 
[2026-10-04 05:34:36] --- STAGE 3: GENERATING NEW FORECAST ---
[2026-10-04 05:34:36] Running future forecast for horizon=6...
[2026-10-04 05:34:36] Logged new future forecast ID 77 at row 78. Pending actuals.
[2026-10-04 05:34:36] SOL-USD completed. Forecast ID: 77
