[2026-09-25 04:38:46] 
[2026-09-25 04:38:46] ================================================================================
[2026-09-25 04:38:46] PROCESSING SOL-USD
[2026-09-25 04:38:46] ================================================================================
[2026-09-25 04:38:46] 
[2026-09-25 04:38:46] --- STAGE 1: DOWNLOADING DATA ---
[2026-09-25 04:38:46] Downloading data for SOL-USD (period=30d, interval=4h)...
[2026-09-25 04:38:46] Data downloaded successfully. Total rows: 176
[2026-09-25 04:38:46] 
[2026-09-25 04:38:46] --- STAGE 2: EVALUATING LATEST FORECAST ---
[2026-09-25 04:38:46] Latest forecast (row 68) is pending. Evaluating...
[2026-09-25 04:38:46]   ForecastTime:    2026-09-24 04:27:29
[2026-09-25 04:38:46]   Rounded to:      2026-09-24 04:00:00
[2026-09-25 04:38:46]   Target windows:  2026-09-24 08:00:00 to 2026-09-25 04:00:00
[2026-09-25 04:38:46]   Data range:      2026-08-27 00:00:00 to 2026-09-25 04:00:00
[2026-09-25 04:38:46]   -> Updated ForecastDetails row 68.
[2026-09-25 04:38:46]   -> Metrics: last_actual=116.96, abs_error=3.06, pct_error=2.62%, mape=2.15%
[2026-09-25 04:38:46] Pending forecast evaluated.
[2026-09-25 04:38:46] 
[2026-09-25 04:38:46] --- STAGE 3: GENERATING NEW FORECAST ---
[2026-09-25 04:38:46] Running future forecast for horizon=6...
[2026-09-25 04:38:47] Logged new future forecast ID 68 at row 69. Pending actuals.
[2026-09-25 04:38:47] SOL-USD completed. Forecast ID: 68
