[2026-09-23 04:30:14] 
[2026-09-23 04:30:14] ================================================================================
[2026-09-23 04:30:14] PROCESSING SOL-USD
[2026-09-23 04:30:14] ================================================================================
[2026-09-23 04:30:14] 
[2026-09-23 04:30:14] --- STAGE 1: DOWNLOADING DATA ---
[2026-09-23 04:30:14] Downloading data for SOL-USD (period=30d, interval=4h)...
[2026-09-23 04:30:14] Data downloaded successfully. Total rows: 176
[2026-09-23 04:30:14] 
[2026-09-23 04:30:14] --- STAGE 2: EVALUATING LATEST FORECAST ---
[2026-09-23 04:30:14] Latest forecast (row 66) is pending. Evaluating...
[2026-09-23 04:30:14]   ForecastTime:    2026-09-22 04:33:54
[2026-09-23 04:30:14]   Rounded to:      2026-09-22 04:00:00
[2026-09-23 04:30:14]   Target windows:  2026-09-22 08:00:00 to 2026-09-23 04:00:00
[2026-09-23 04:30:14]   Data range:      2026-08-25 00:00:00 to 2026-09-23 04:00:00
[2026-09-23 04:30:14]   -> Updated ForecastDetails row 66.
[2026-09-23 04:30:14]   -> Metrics: last_actual=119.44, abs_error=4.39, pct_error=3.68%, mape=2.28%
[2026-09-23 04:30:14] Pending forecast evaluated.
[2026-09-23 04:30:14] 
[2026-09-23 04:30:14] --- STAGE 3: GENERATING NEW FORECAST ---
[2026-09-23 04:30:14] Running future forecast for horizon=6...
[2026-09-23 04:30:14] Logged new future forecast ID 66 at row 67. Pending actuals.
[2026-09-23 04:30:14] SOL-USD completed. Forecast ID: 66
