[2026-09-14 04:37:39] 
[2026-09-14 04:37:39] ================================================================================
[2026-09-14 04:37:39] PROCESSING SOL-USD
[2026-09-14 04:37:39] ================================================================================
[2026-09-14 04:37:39] 
[2026-09-14 04:37:39] --- STAGE 1: DOWNLOADING DATA ---
[2026-09-14 04:37:39] Downloading data for SOL-USD (period=30d, interval=4h)...
[2026-09-14 04:37:39] Data downloaded successfully. Total rows: 176
[2026-09-14 04:37:39] 
[2026-09-14 04:37:39] --- STAGE 2: EVALUATING LATEST FORECAST ---
[2026-09-14 04:37:39] Latest forecast (row 57) is pending. Evaluating...
[2026-09-14 04:37:39]   ForecastTime:    2026-09-13 04:31:19
[2026-09-14 04:37:39]   Rounded to:      2026-09-13 04:00:00
[2026-09-14 04:37:39]   Target windows:  2026-09-13 08:00:00 to 2026-09-14 04:00:00
[2026-09-14 04:37:39]   Data range:      2026-08-16 00:00:00 to 2026-09-14 04:00:00
[2026-09-14 04:37:39]   -> Updated ForecastDetails row 57.
[2026-09-14 04:37:40]   -> Metrics: last_actual=101.08, abs_error=0.32, pct_error=0.31%, mape=0.91%
[2026-09-14 04:37:40] Pending forecast evaluated.
[2026-09-14 04:37:40] 
[2026-09-14 04:37:40] --- STAGE 3: GENERATING NEW FORECAST ---
[2026-09-14 04:37:40] Running future forecast for horizon=6...
[2026-09-14 04:37:40] Logged new future forecast ID 57 at row 58. Pending actuals.
[2026-09-14 04:37:40] SOL-USD completed. Forecast ID: 57
