[2026-10-08 05:45:54] 
[2026-10-08 05:45:54] ================================================================================
[2026-10-08 05:45:54] PROCESSING SOL-USD
[2026-10-08 05:45:54] ================================================================================
[2026-10-08 05:45:54] 
[2026-10-08 05:45:54] --- STAGE 1: DOWNLOADING DATA ---
[2026-10-08 05:45:54] Downloading data for SOL-USD (period=30d, interval=4h)...
[2026-10-08 05:45:54] Data downloaded successfully. Total rows: 176
[2026-10-08 05:45:54] 
[2026-10-08 05:45:54] --- STAGE 2: EVALUATING LATEST FORECAST ---
[2026-10-08 05:45:54] Latest forecast (row 81) is pending. Evaluating...
[2026-10-08 05:45:54]   ForecastTime:    2026-10-07 05:37:42
[2026-10-08 05:45:54]   Rounded to:      2026-10-07 04:00:00
[2026-10-08 05:45:54]   Target windows:  2026-10-07 08:00:00 to 2026-10-08 04:00:00
[2026-10-08 05:45:54]   Data range:      2026-09-09 00:00:00 to 2026-10-08 04:00:00
[2026-10-08 05:45:54]   -> Updated ForecastDetails row 81.
[2026-10-08 05:45:54]   -> Metrics: last_actual=115.31, abs_error=3.91, pct_error=3.39%, mape=2.56%
[2026-10-08 05:45:54] Pending forecast evaluated.
[2026-10-08 05:45:54] 
[2026-10-08 05:45:54] --- STAGE 3: GENERATING NEW FORECAST ---
[2026-10-08 05:45:54] Running future forecast for horizon=6...
[2026-10-08 05:45:55] Logged new future forecast ID 81 at row 82. Pending actuals.
[2026-10-08 05:45:55] SOL-USD completed. Forecast ID: 81
