[2026-09-02 04:10:15] 
[2026-09-02 04:10:15] ================================================================================
[2026-09-02 04:10:15] PROCESSING SOL-USD
[2026-09-02 04:10:15] ================================================================================
[2026-09-02 04:10:15] 
[2026-09-02 04:10:15] --- STAGE 1: DOWNLOADING DATA ---
[2026-09-02 04:10:15] Downloading data for SOL-USD (period=30d, interval=4h)...
[2026-09-02 04:10:15] Data downloaded successfully. Total rows: 176
[2026-09-02 04:10:15] 
[2026-09-02 04:10:15] --- STAGE 2: EVALUATING LATEST FORECAST ---
[2026-09-02 04:10:15] Latest forecast (row 45) is pending. Evaluating...
[2026-09-02 04:10:15]   ForecastTime:    2026-09-01 04:49:07
[2026-09-02 04:10:15]   Rounded to:      2026-09-01 04:00:00
[2026-09-02 04:10:15]   Target windows:  2026-09-01 08:00:00 to 2026-09-02 04:00:00
[2026-09-02 04:10:15]   Data range:      2026-08-04 00:00:00 to 2026-09-02 04:00:00
[2026-09-02 04:10:15]   -> Updated ForecastDetails row 45.
[2026-09-02 04:10:15]   -> Metrics: last_actual=99.84, abs_error=4.55, pct_error=4.56%, mape=3.27%
[2026-09-02 04:10:15] Pending forecast evaluated.
[2026-09-02 04:10:15] 
[2026-09-02 04:10:15] --- STAGE 3: GENERATING NEW FORECAST ---
[2026-09-02 04:10:15] Running future forecast for horizon=6...
[2026-09-02 04:10:16] Logged new future forecast ID 45 at row 46. Pending actuals.
[2026-09-02 04:10:16] SOL-USD completed. Forecast ID: 45
