[2026-09-08 04:16:44] 
[2026-09-08 04:16:44] ================================================================================
[2026-09-08 04:16:44] PROCESSING SOL-USD
[2026-09-08 04:16:44] ================================================================================
[2026-09-08 04:16:44] 
[2026-09-08 04:16:44] --- STAGE 1: DOWNLOADING DATA ---
[2026-09-08 04:16:44] Downloading data for SOL-USD (period=30d, interval=4h)...
[2026-09-08 04:16:44] Data downloaded successfully. Total rows: 176
[2026-09-08 04:16:44] 
[2026-09-08 04:16:44] --- STAGE 2: EVALUATING LATEST FORECAST ---
[2026-09-08 04:16:44] Latest forecast (row 51) is pending. Evaluating...
[2026-09-08 04:16:44]   ForecastTime:    2026-09-07 04:15:58
[2026-09-08 04:16:44]   Rounded to:      2026-09-07 04:00:00
[2026-09-08 04:16:44]   Target windows:  2026-09-07 08:00:00 to 2026-09-08 04:00:00
[2026-09-08 04:16:44]   Data range:      2026-08-10 00:00:00 to 2026-09-08 04:00:00
[2026-09-08 04:16:44]   -> Updated ForecastDetails row 51.
[2026-09-08 04:16:44]   -> Metrics: last_actual=103.17, abs_error=1.51, pct_error=1.47%, mape=1.12%
[2026-09-08 04:16:44] Pending forecast evaluated.
[2026-09-08 04:16:44] 
[2026-09-08 04:16:44] --- STAGE 3: GENERATING NEW FORECAST ---
[2026-09-08 04:16:44] Running future forecast for horizon=6...
[2026-09-08 04:16:45] Logged new future forecast ID 51 at row 52. Pending actuals.
[2026-09-08 04:16:45] SOL-USD completed. Forecast ID: 51
