[2026-08-15 01:43:05] 
[2026-08-15 01:43:05] ================================================================================
[2026-08-15 01:43:05] PROCESSING SOL-USD
[2026-08-15 01:43:05] ================================================================================
[2026-08-15 01:43:05] 
[2026-08-15 01:43:05] --- STAGE 1: DOWNLOADING DATA ---
[2026-08-15 01:43:05] Downloading data for SOL-USD (period=30d, interval=4h)...
[2026-08-15 01:43:05] Data downloaded successfully. Total rows: 175
[2026-08-15 01:43:05] 
[2026-08-15 01:43:05] --- STAGE 2: EVALUATING LATEST FORECAST ---
[2026-08-15 01:43:05] Latest forecast (row 27) is pending. Evaluating...
[2026-08-15 01:43:05]   ForecastTime:    2026-08-14 02:33:07
[2026-08-15 01:43:05]   Rounded to:      2026-08-14 00:00:00
[2026-08-15 01:43:05]   Target windows:  2026-08-14 04:00:00 to 2026-08-15 00:00:00
[2026-08-15 01:43:05]   Data range:      2026-07-17 00:00:00 to 2026-08-15 00:00:00
[2026-08-15 01:43:05]   -> Updated ForecastDetails row 27.
[2026-08-15 01:43:05]   -> Metrics: last_actual=75.35, abs_error=0.62, pct_error=0.82%, mape=0.94%
[2026-08-15 01:43:05] Pending forecast evaluated.
[2026-08-15 01:43:05] 
[2026-08-15 01:43:05] --- STAGE 3: GENERATING NEW FORECAST ---
[2026-08-15 01:43:05] Running future forecast for horizon=6...
[2026-08-15 01:43:06] Logged new future forecast ID 27 at row 28. Pending actuals.
[2026-08-15 01:43:06] SOL-USD completed. Forecast ID: 27
