[2026-08-18 01:42:59] 
[2026-08-18 01:42:59] ================================================================================
[2026-08-18 01:42:59] PROCESSING SOL-USD
[2026-08-18 01:42:59] ================================================================================
[2026-08-18 01:42:59] 
[2026-08-18 01:42:59] --- STAGE 1: DOWNLOADING DATA ---
[2026-08-18 01:42:59] Downloading data for SOL-USD (period=30d, interval=4h)...
[2026-08-18 01:42:59] Data downloaded successfully. Total rows: 175
[2026-08-18 01:42:59] 
[2026-08-18 01:42:59] --- STAGE 2: EVALUATING LATEST FORECAST ---
[2026-08-18 01:42:59] Latest forecast (row 30) is pending. Evaluating...
[2026-08-18 01:42:59]   ForecastTime:    2026-08-17 01:47:39
[2026-08-18 01:42:59]   Rounded to:      2026-08-17 00:00:00
[2026-08-18 01:42:59]   Target windows:  2026-08-17 04:00:00 to 2026-08-18 00:00:00
[2026-08-18 01:42:59]   Data range:      2026-07-20 00:00:00 to 2026-08-18 00:00:00
[2026-08-18 01:42:59]   -> Updated ForecastDetails row 30.
[2026-08-18 01:42:59]   -> Metrics: last_actual=75.72, abs_error=0.62, pct_error=0.82%, mape=0.94%
[2026-08-18 01:42:59] Pending forecast evaluated.
[2026-08-18 01:42:59] 
[2026-08-18 01:42:59] --- STAGE 3: GENERATING NEW FORECAST ---
[2026-08-18 01:42:59] Running future forecast for horizon=6...
[2026-08-18 01:43:00] Logged new future forecast ID 30 at row 31. Pending actuals.
[2026-08-18 01:43:00] SOL-USD completed. Forecast ID: 30
