[2026-08-13 02:34:18] 
[2026-08-13 02:34:18] ================================================================================
[2026-08-13 02:34:18] PROCESSING SOL-USD
[2026-08-13 02:34:18] ================================================================================
[2026-08-13 02:34:18] 
[2026-08-13 02:34:18] --- STAGE 1: DOWNLOADING DATA ---
[2026-08-13 02:34:18] Downloading data for SOL-USD (period=30d, interval=4h)...
[2026-08-13 02:34:18] Data downloaded successfully. Total rows: 175
[2026-08-13 02:34:18] 
[2026-08-13 02:34:18] --- STAGE 2: EVALUATING LATEST FORECAST ---
[2026-08-13 02:34:18] Latest forecast (row 25) is pending. Evaluating...
[2026-08-13 02:34:18]   ForecastTime:    2026-08-12 02:32:52
[2026-08-13 02:34:18]   Rounded to:      2026-08-12 00:00:00
[2026-08-13 02:34:18]   Target windows:  2026-08-12 04:00:00 to 2026-08-13 00:00:00
[2026-08-13 02:34:18]   Data range:      2026-07-15 00:00:00 to 2026-08-13 00:00:00
[2026-08-13 02:34:18]   -> Updated ForecastDetails row 25.
[2026-08-13 02:34:18]   -> Metrics: last_actual=75.50, abs_error=0.54, pct_error=0.71%, mape=0.56%
[2026-08-13 02:34:18] Pending forecast evaluated.
[2026-08-13 02:34:18] 
[2026-08-13 02:34:18] --- STAGE 3: GENERATING NEW FORECAST ---
[2026-08-13 02:34:18] Running future forecast for horizon=6...
[2026-08-13 02:34:19] Logged new future forecast ID 25 at row 26. Pending actuals.
[2026-08-13 02:34:19] SOL-USD completed. Forecast ID: 25
