[2026-09-11 04:19:55] 
[2026-09-11 04:19:55] ================================================================================
[2026-09-11 04:19:55] PROCESSING SOL-USD
[2026-09-11 04:19:55] ================================================================================
[2026-09-11 04:19:55] 
[2026-09-11 04:19:55] --- STAGE 1: DOWNLOADING DATA ---
[2026-09-11 04:19:55] Downloading data for SOL-USD (period=30d, interval=4h)...
[2026-09-11 04:19:55] Data downloaded successfully. Total rows: 176
[2026-09-11 04:19:55] 
[2026-09-11 04:19:55] --- STAGE 2: EVALUATING LATEST FORECAST ---
[2026-09-11 04:19:55] Latest forecast (row 54) is pending. Evaluating...
[2026-09-11 04:19:55]   ForecastTime:    2026-09-10 04:20:11
[2026-09-11 04:19:55]   Rounded to:      2026-09-10 04:00:00
[2026-09-11 04:19:55]   Target windows:  2026-09-10 08:00:00 to 2026-09-11 04:00:00
[2026-09-11 04:19:55]   Data range:      2026-08-13 00:00:00 to 2026-09-11 04:00:00
[2026-09-11 04:19:55]   -> Updated ForecastDetails row 54.
[2026-09-11 04:19:55]   -> Metrics: last_actual=99.43, abs_error=2.33, pct_error=2.34%, mape=2.22%
[2026-09-11 04:19:55] Pending forecast evaluated.
[2026-09-11 04:19:55] 
[2026-09-11 04:19:55] --- STAGE 3: GENERATING NEW FORECAST ---
[2026-09-11 04:19:55] Running future forecast for horizon=6...
[2026-09-11 04:19:56] Logged new future forecast ID 54 at row 55. Pending actuals.
[2026-09-11 04:19:56] SOL-USD completed. Forecast ID: 54
