[2026-07-30 02:58:07] 
[2026-07-30 02:58:07] ================================================================================
[2026-07-30 02:58:07] PROCESSING SOL-USD
[2026-07-30 02:58:07] ================================================================================
[2026-07-30 02:58:07] 
[2026-07-30 02:58:07] --- STAGE 1: DOWNLOADING DATA ---
[2026-07-30 02:58:07] Downloading data for SOL-USD (period=30d, interval=4h)...
[2026-07-30 02:58:07] Data downloaded successfully. Total rows: 170
[2026-07-30 02:58:07] 
[2026-07-30 02:58:07] --- STAGE 2: EVALUATING LATEST FORECAST ---
[2026-07-30 02:58:07] Latest forecast (row 11) is pending. Evaluating...
[2026-07-30 02:58:07]   ForecastTime:    2026-07-29 03:23:51
[2026-07-30 02:58:07]   Rounded to:      2026-07-29 00:00:00
[2026-07-30 02:58:07]   Target windows:  2026-07-29 04:00:00 to 2026-07-30 00:00:00
[2026-07-30 02:58:07]   Data range:      2026-07-01 00:00:00 to 2026-07-30 00:00:00
[2026-07-30 02:58:07]   -> Updated ForecastDetails row 11.
[2026-07-30 02:58:07]   -> Metrics: last_actual=73.77, abs_error=0.14, pct_error=0.19%, mape=0.60%
[2026-07-30 02:58:07] Pending forecast evaluated.
[2026-07-30 02:58:07] 
[2026-07-30 02:58:07] --- STAGE 3: GENERATING NEW FORECAST ---
[2026-07-30 02:58:07] Running future forecast for horizon=6...
[2026-07-30 02:58:08] Logged new future forecast ID 11 at row 12. Pending actuals.
[2026-07-30 02:58:08] SOL-USD completed. Forecast ID: 11
