[2026-09-21 04:37:51] 
[2026-09-21 04:37:51] ================================================================================
[2026-09-21 04:37:51] PROCESSING SOL-USD
[2026-09-21 04:37:51] ================================================================================
[2026-09-21 04:37:51] 
[2026-09-21 04:37:51] --- STAGE 1: DOWNLOADING DATA ---
[2026-09-21 04:37:51] Downloading data for SOL-USD (period=30d, interval=4h)...
[2026-09-21 04:37:51] Data downloaded successfully. Total rows: 176
[2026-09-21 04:37:51] 
[2026-09-21 04:37:51] --- STAGE 2: EVALUATING LATEST FORECAST ---
[2026-09-21 04:37:51] Latest forecast (row 64) is pending. Evaluating...
[2026-09-21 04:37:51]   ForecastTime:    2026-09-20 04:40:02
[2026-09-21 04:37:51]   Rounded to:      2026-09-20 04:00:00
[2026-09-21 04:37:51]   Target windows:  2026-09-20 08:00:00 to 2026-09-21 04:00:00
[2026-09-21 04:37:51]   Data range:      2026-08-23 00:00:00 to 2026-09-21 04:00:00
[2026-09-21 04:37:51]   -> Updated ForecastDetails row 64.
[2026-09-21 04:37:51]   -> Metrics: last_actual=111.41, abs_error=4.21, pct_error=3.78%, mape=2.20%
[2026-09-21 04:37:51] Pending forecast evaluated.
[2026-09-21 04:37:51] 
[2026-09-21 04:37:51] --- STAGE 3: GENERATING NEW FORECAST ---
[2026-09-21 04:37:51] Running future forecast for horizon=6...
[2026-09-21 04:37:52] Logged new future forecast ID 64 at row 65. Pending actuals.
[2026-09-21 04:37:52] SOL-USD completed. Forecast ID: 64
