[2026-10-09 05:49:58] 
[2026-10-09 05:49:58] ================================================================================
[2026-10-09 05:49:58] PROCESSING SOL-USD
[2026-10-09 05:49:58] ================================================================================
[2026-10-09 05:49:58] 
[2026-10-09 05:49:58] --- STAGE 1: DOWNLOADING DATA ---
[2026-10-09 05:49:58] Downloading data for SOL-USD (period=30d, interval=4h)...
[2026-10-09 05:49:58] Data downloaded successfully. Total rows: 176
[2026-10-09 05:49:58] 
[2026-10-09 05:49:58] --- STAGE 2: EVALUATING LATEST FORECAST ---
[2026-10-09 05:49:58] Latest forecast (row 82) is pending. Evaluating...
[2026-10-09 05:49:58]   ForecastTime:    2026-10-08 05:45:55
[2026-10-09 05:49:58]   Rounded to:      2026-10-08 04:00:00
[2026-10-09 05:49:58]   Target windows:  2026-10-08 08:00:00 to 2026-10-09 04:00:00
[2026-10-09 05:49:58]   Data range:      2026-09-10 00:00:00 to 2026-10-09 04:00:00
[2026-10-09 05:49:58]   -> Updated ForecastDetails row 82.
[2026-10-09 05:49:58]   -> Metrics: last_actual=110.28, abs_error=4.18, pct_error=3.79%, mape=4.27%
[2026-10-09 05:49:58] Pending forecast evaluated.
[2026-10-09 05:49:58] 
[2026-10-09 05:49:58] --- STAGE 3: GENERATING NEW FORECAST ---
[2026-10-09 05:49:58] Running future forecast for horizon=6...
[2026-10-09 05:49:59] Logged new future forecast ID 82 at row 83. Pending actuals.
[2026-10-09 05:49:59] SOL-USD completed. Forecast ID: 82
