[2026-08-11 02:15:05] 
[2026-08-11 02:15:05] ================================================================================
[2026-08-11 02:15:05] PROCESSING SOL-USD
[2026-08-11 02:15:05] ================================================================================
[2026-08-11 02:15:05] 
[2026-08-11 02:15:05] --- STAGE 1: DOWNLOADING DATA ---
[2026-08-11 02:15:05] Downloading data for SOL-USD (period=30d, interval=4h)...
[2026-08-11 02:15:05] Data downloaded successfully. Total rows: 175
[2026-08-11 02:15:05] 
[2026-08-11 02:15:05] --- STAGE 2: EVALUATING LATEST FORECAST ---
[2026-08-11 02:15:05] Latest forecast (row 23) is pending. Evaluating...
[2026-08-11 02:15:05]   ForecastTime:    2026-08-10 02:24:31
[2026-08-11 02:15:05]   Rounded to:      2026-08-10 00:00:00
[2026-08-11 02:15:05]   Target windows:  2026-08-10 04:00:00 to 2026-08-11 00:00:00
[2026-08-11 02:15:05]   Data range:      2026-07-13 00:00:00 to 2026-08-11 00:00:00
[2026-08-11 02:15:05]   -> Updated ForecastDetails row 23.
[2026-08-11 02:15:06]   -> Metrics: last_actual=76.02, abs_error=0.01, pct_error=0.01%, mape=0.35%
[2026-08-11 02:15:06] Pending forecast evaluated.
[2026-08-11 02:15:06] 
[2026-08-11 02:15:06] --- STAGE 3: GENERATING NEW FORECAST ---
[2026-08-11 02:15:06] Running future forecast for horizon=6...
[2026-08-11 02:15:06] Logged new future forecast ID 23 at row 24. Pending actuals.
[2026-08-11 02:15:06] SOL-USD completed. Forecast ID: 23
