[2026-07-25 03:29:19] 
[2026-07-25 03:29:19] ================================================================================
[2026-07-25 03:29:19] PROCESSING SOL-USD
[2026-07-25 03:29:19] ================================================================================
[2026-07-25 03:29:19] 
[2026-07-25 03:29:19] --- STAGE 1: DOWNLOADING DATA ---
[2026-07-25 03:29:19] Downloading data for SOL-USD (period=30d, interval=4h)...
[2026-07-25 03:29:19] Data downloaded successfully. Total rows: 170
[2026-07-25 03:29:19] 
[2026-07-25 03:29:19] --- STAGE 2: EVALUATING LATEST FORECAST ---
[2026-07-25 03:29:19] Latest forecast (row 6) is pending. Evaluating...
[2026-07-25 03:29:19]   ForecastTime:    2026-07-24 03:31:31
[2026-07-25 03:29:19]   Rounded to:      2026-07-24 00:00:00
[2026-07-25 03:29:19]   Target windows:  2026-07-24 04:00:00 to 2026-07-25 00:00:00
[2026-07-25 03:29:19]   Data range:      2026-06-26 00:00:00 to 2026-07-25 00:00:00
[2026-07-25 03:29:19]   -> Updated ForecastDetails row 6.
[2026-07-25 03:29:19]   -> Metrics: last_actual=74.17, abs_error=1.55, pct_error=2.09%, mape=1.74%
[2026-07-25 03:29:19] Pending forecast evaluated.
[2026-07-25 03:29:19] 
[2026-07-25 03:29:19] --- STAGE 3: GENERATING NEW FORECAST ---
[2026-07-25 03:29:19] Running future forecast for horizon=6...
[2026-07-25 03:29:20] Logged new future forecast ID 6 at row 7. Pending actuals.
[2026-07-25 03:29:20] SOL-USD completed. Forecast ID: 6
