[2026-09-22 04:33:52] 
[2026-09-22 04:33:52] ================================================================================
[2026-09-22 04:33:52] PROCESSING SOL-USD
[2026-09-22 04:33:52] ================================================================================
[2026-09-22 04:33:52] 
[2026-09-22 04:33:52] --- STAGE 1: DOWNLOADING DATA ---
[2026-09-22 04:33:52] Downloading data for SOL-USD (period=30d, interval=4h)...
[2026-09-22 04:33:52] Data downloaded successfully. Total rows: 176
[2026-09-22 04:33:52] 
[2026-09-22 04:33:52] --- STAGE 2: EVALUATING LATEST FORECAST ---
[2026-09-22 04:33:52] Latest forecast (row 65) is pending. Evaluating...
[2026-09-22 04:33:52]   ForecastTime:    2026-09-21 04:37:52
[2026-09-22 04:33:52]   Rounded to:      2026-09-21 04:00:00
[2026-09-22 04:33:52]   Target windows:  2026-09-21 08:00:00 to 2026-09-22 04:00:00
[2026-09-22 04:33:52]   Data range:      2026-08-24 00:00:00 to 2026-09-22 04:00:00
[2026-09-22 04:33:52]   -> Updated ForecastDetails row 65.
[2026-09-22 04:33:52]   -> Metrics: last_actual=116.57, abs_error=6.27, pct_error=5.38%, mape=5.62%
[2026-09-22 04:33:52] Pending forecast evaluated.
[2026-09-22 04:33:53] 
[2026-09-22 04:33:53] --- STAGE 3: GENERATING NEW FORECAST ---
[2026-09-22 04:33:53] Running future forecast for horizon=6...
[2026-09-22 04:33:54] Logged new future forecast ID 65 at row 66. Pending actuals.
[2026-09-22 04:33:54] SOL-USD completed. Forecast ID: 65
