[2026-09-07 04:15:57] 
[2026-09-07 04:15:57] ================================================================================
[2026-09-07 04:15:57] PROCESSING SOL-USD
[2026-09-07 04:15:57] ================================================================================
[2026-09-07 04:15:57] 
[2026-09-07 04:15:57] --- STAGE 1: DOWNLOADING DATA ---
[2026-09-07 04:15:57] Downloading data for SOL-USD (period=30d, interval=4h)...
[2026-09-07 04:15:58] Data downloaded successfully. Total rows: 176
[2026-09-07 04:15:58] 
[2026-09-07 04:15:58] --- STAGE 2: EVALUATING LATEST FORECAST ---
[2026-09-07 04:15:58] Latest forecast (row 50) is pending. Evaluating...
[2026-09-07 04:15:58]   ForecastTime:    2026-09-06 04:16:41
[2026-09-07 04:15:58]   Rounded to:      2026-09-06 04:00:00
[2026-09-07 04:15:58]   Target windows:  2026-09-06 08:00:00 to 2026-09-07 04:00:00
[2026-09-07 04:15:58]   Data range:      2026-08-09 00:00:00 to 2026-09-07 04:00:00
[2026-09-07 04:15:58]   -> Updated ForecastDetails row 50.
[2026-09-07 04:15:58]   -> Metrics: last_actual=105.08, abs_error=0.29, pct_error=0.27%, mape=0.47%
[2026-09-07 04:15:58] Pending forecast evaluated.
[2026-09-07 04:15:58] 
[2026-09-07 04:15:58] --- STAGE 3: GENERATING NEW FORECAST ---
[2026-09-07 04:15:58] Running future forecast for horizon=6...
[2026-09-07 04:15:58] Logged new future forecast ID 50 at row 51. Pending actuals.
[2026-09-07 04:15:58] SOL-USD completed. Forecast ID: 50
