[2026-08-23 01:51:59] 
[2026-08-23 01:51:59] ================================================================================
[2026-08-23 01:51:59] PROCESSING SOL-USD
[2026-08-23 01:51:59] ================================================================================
[2026-08-23 01:51:59] 
[2026-08-23 01:51:59] --- STAGE 1: DOWNLOADING DATA ---
[2026-08-23 01:51:59] Downloading data for SOL-USD (period=30d, interval=4h)...
[2026-08-23 01:51:59] Data downloaded successfully. Total rows: 175
[2026-08-23 01:51:59] 
[2026-08-23 01:51:59] --- STAGE 2: EVALUATING LATEST FORECAST ---
[2026-08-23 01:51:59] Latest forecast (row 35) is pending. Evaluating...
[2026-08-23 01:51:59]   ForecastTime:    2026-08-22 01:42:07
[2026-08-23 01:51:59]   Rounded to:      2026-08-22 00:00:00
[2026-08-23 01:51:59]   Target windows:  2026-08-22 04:00:00 to 2026-08-23 00:00:00
[2026-08-23 01:51:59]   Data range:      2026-07-25 00:00:00 to 2026-08-23 00:00:00
[2026-08-23 01:51:59]   -> Updated ForecastDetails row 35.
[2026-08-23 01:52:00]   -> Metrics: last_actual=96.00, abs_error=1.92, pct_error=2.00%, mape=0.77%
[2026-08-23 01:52:00] Pending forecast evaluated.
[2026-08-23 01:52:00] 
[2026-08-23 01:52:00] --- STAGE 3: GENERATING NEW FORECAST ---
[2026-08-23 01:52:00] Running future forecast for horizon=6...
[2026-08-23 01:52:00] Logged new future forecast ID 35 at row 36. Pending actuals.
[2026-08-23 01:52:00] SOL-USD completed. Forecast ID: 35
