[2026-09-29 05:29:03] 
[2026-09-29 05:29:03] ================================================================================
[2026-09-29 05:29:03] PROCESSING SOL-USD
[2026-09-29 05:29:03] ================================================================================
[2026-09-29 05:29:03] 
[2026-09-29 05:29:03] --- STAGE 1: DOWNLOADING DATA ---
[2026-09-29 05:29:03] Downloading data for SOL-USD (period=30d, interval=4h)...
[2026-09-29 05:29:03] Data downloaded successfully. Total rows: 176
[2026-09-29 05:29:03] 
[2026-09-29 05:29:03] --- STAGE 2: EVALUATING LATEST FORECAST ---
[2026-09-29 05:29:03] Latest forecast (row 72) is pending. Evaluating...
[2026-09-29 05:29:03]   ForecastTime:    2026-09-28 05:04:21
[2026-09-29 05:29:03]   Rounded to:      2026-09-28 04:00:00
[2026-09-29 05:29:03]   Target windows:  2026-09-28 08:00:00 to 2026-09-29 04:00:00
[2026-09-29 05:29:03]   Data range:      2026-08-31 00:00:00 to 2026-09-29 04:00:00
[2026-09-29 05:29:03]   -> Updated ForecastDetails row 72.
[2026-09-29 05:29:04]   -> Metrics: last_actual=118.05, abs_error=1.88, pct_error=1.59%, mape=1.11%
[2026-09-29 05:29:04] Pending forecast evaluated.
[2026-09-29 05:29:04] 
[2026-09-29 05:29:04] --- STAGE 3: GENERATING NEW FORECAST ---
[2026-09-29 05:29:04] Running future forecast for horizon=6...
[2026-09-29 05:29:04] Logged new future forecast ID 72 at row 73. Pending actuals.
[2026-09-29 05:29:04] SOL-USD completed. Forecast ID: 72
