[2026-09-20 04:40:00] 
[2026-09-20 04:40:00] ================================================================================
[2026-09-20 04:40:00] PROCESSING SOL-USD
[2026-09-20 04:40:00] ================================================================================
[2026-09-20 04:40:00] 
[2026-09-20 04:40:00] --- STAGE 1: DOWNLOADING DATA ---
[2026-09-20 04:40:00] Downloading data for SOL-USD (period=30d, interval=4h)...
[2026-09-20 04:40:01] Data downloaded successfully. Total rows: 176
[2026-09-20 04:40:01] 
[2026-09-20 04:40:01] --- STAGE 2: EVALUATING LATEST FORECAST ---
[2026-09-20 04:40:01] Latest forecast (row 63) is pending. Evaluating...
[2026-09-20 04:40:01]   ForecastTime:    2026-09-19 04:20:55
[2026-09-20 04:40:01]   Rounded to:      2026-09-19 04:00:00
[2026-09-20 04:40:01]   Target windows:  2026-09-19 08:00:00 to 2026-09-20 04:00:00
[2026-09-20 04:40:01]   Data range:      2026-08-22 00:00:00 to 2026-09-20 04:00:00
[2026-09-20 04:40:01]   -> Updated ForecastDetails row 63.
[2026-09-20 04:40:01]   -> Metrics: last_actual=109.10, abs_error=2.23, pct_error=2.04%, mape=1.49%
[2026-09-20 04:40:01] Pending forecast evaluated.
[2026-09-20 04:40:01] 
[2026-09-20 04:40:01] --- STAGE 3: GENERATING NEW FORECAST ---
[2026-09-20 04:40:01] Running future forecast for horizon=6...
[2026-09-20 04:40:02] Logged new future forecast ID 63 at row 64. Pending actuals.
[2026-09-20 04:40:02] SOL-USD completed. Forecast ID: 63
