[2026-08-31 05:13:18] 
[2026-08-31 05:13:18] ================================================================================
[2026-08-31 05:13:18] PROCESSING SOL-USD
[2026-08-31 05:13:18] ================================================================================
[2026-08-31 05:13:18] 
[2026-08-31 05:13:18] --- STAGE 1: DOWNLOADING DATA ---
[2026-08-31 05:13:18] Downloading data for SOL-USD (period=30d, interval=4h)...
[2026-08-31 05:13:18] Data downloaded successfully. Total rows: 176
[2026-08-31 05:13:18] 
[2026-08-31 05:13:18] --- STAGE 2: EVALUATING LATEST FORECAST ---
[2026-08-31 05:13:18] Latest forecast (row 43) is pending. Evaluating...
[2026-08-31 05:13:18]   ForecastTime:    2026-08-30 05:05:47
[2026-08-31 05:13:18]   Rounded to:      2026-08-30 04:00:00
[2026-08-31 05:13:18]   Target windows:  2026-08-30 08:00:00 to 2026-08-31 04:00:00
[2026-08-31 05:13:18]   Data range:      2026-08-02 00:00:00 to 2026-08-31 04:00:00
[2026-08-31 05:13:18]   -> Updated ForecastDetails row 43.
[2026-08-31 05:13:18]   -> Metrics: last_actual=101.63, abs_error=3.97, pct_error=3.90%, mape=2.10%
[2026-08-31 05:13:18] Pending forecast evaluated.
[2026-08-31 05:13:18] 
[2026-08-31 05:13:18] --- STAGE 3: GENERATING NEW FORECAST ---
[2026-08-31 05:13:18] Running future forecast for horizon=6...
[2026-08-31 05:13:19] Logged new future forecast ID 43 at row 44. Pending actuals.
[2026-08-31 05:13:19] SOL-USD completed. Forecast ID: 43
