[2026-08-20 01:43:43] 
[2026-08-20 01:43:43] ================================================================================
[2026-08-20 01:43:43] PROCESSING SOL-USD
[2026-08-20 01:43:43] ================================================================================
[2026-08-20 01:43:43] 
[2026-08-20 01:43:43] --- STAGE 1: DOWNLOADING DATA ---
[2026-08-20 01:43:43] Downloading data for SOL-USD (period=30d, interval=4h)...
[2026-08-20 01:43:43] Data downloaded successfully. Total rows: 175
[2026-08-20 01:43:43] 
[2026-08-20 01:43:43] --- STAGE 2: EVALUATING LATEST FORECAST ---
[2026-08-20 01:43:43] Latest forecast (row 32) is pending. Evaluating...
[2026-08-20 01:43:43]   ForecastTime:    2026-08-19 01:44:44
[2026-08-20 01:43:43]   Rounded to:      2026-08-19 00:00:00
[2026-08-20 01:43:43]   Target windows:  2026-08-19 04:00:00 to 2026-08-20 00:00:00
[2026-08-20 01:43:43]   Data range:      2026-07-22 00:00:00 to 2026-08-20 00:00:00
[2026-08-20 01:43:43]   -> Updated ForecastDetails row 32.
[2026-08-20 01:43:43]   -> Metrics: last_actual=84.96, abs_error=8.58, pct_error=10.10%, mape=6.04%
[2026-08-20 01:43:43] Pending forecast evaluated.
[2026-08-20 01:43:44] 
[2026-08-20 01:43:44] --- STAGE 3: GENERATING NEW FORECAST ---
[2026-08-20 01:43:44] Running future forecast for horizon=6...
[2026-08-20 01:43:45] Logged new future forecast ID 32 at row 33. Pending actuals.
[2026-08-20 01:43:45] SOL-USD completed. Forecast ID: 32
