[2026-10-01 05:31:48] 
[2026-10-01 05:31:48] ================================================================================
[2026-10-01 05:31:48] PROCESSING SOL-USD
[2026-10-01 05:31:48] ================================================================================
[2026-10-01 05:31:48] 
[2026-10-01 05:31:48] --- STAGE 1: DOWNLOADING DATA ---
[2026-10-01 05:31:48] Downloading data for SOL-USD (period=30d, interval=4h)...
[2026-10-01 05:31:48] Data downloaded successfully. Total rows: 176
[2026-10-01 05:31:48] 
[2026-10-01 05:31:48] --- STAGE 2: EVALUATING LATEST FORECAST ---
[2026-10-01 05:31:48] Latest forecast (row 74) is pending. Evaluating...
[2026-10-01 05:31:48]   ForecastTime:    2026-09-30 05:16:38
[2026-10-01 05:31:48]   Rounded to:      2026-09-30 04:00:00
[2026-10-01 05:31:48]   Target windows:  2026-09-30 08:00:00 to 2026-10-01 04:00:00
[2026-10-01 05:31:48]   Data range:      2026-09-02 00:00:00 to 2026-10-01 04:00:00
[2026-10-01 05:31:48]   -> Updated ForecastDetails row 74.
[2026-10-01 05:31:48]   -> Metrics: last_actual=119.15, abs_error=0.77, pct_error=0.65%, mape=0.65%
[2026-10-01 05:31:48] Pending forecast evaluated.
[2026-10-01 05:31:48] 
[2026-10-01 05:31:48] --- STAGE 3: GENERATING NEW FORECAST ---
[2026-10-01 05:31:48] Running future forecast for horizon=6...
[2026-10-01 05:31:49] Logged new future forecast ID 74 at row 75. Pending actuals.
[2026-10-01 05:31:49] SOL-USD completed. Forecast ID: 74
