[2026-09-15 04:38:07] 
[2026-09-15 04:38:07] ================================================================================
[2026-09-15 04:38:07] PROCESSING SOL-USD
[2026-09-15 04:38:07] ================================================================================
[2026-09-15 04:38:07] 
[2026-09-15 04:38:07] --- STAGE 1: DOWNLOADING DATA ---
[2026-09-15 04:38:07] Downloading data for SOL-USD (period=30d, interval=4h)...
[2026-09-15 04:38:07] Data downloaded successfully. Total rows: 176
[2026-09-15 04:38:07] 
[2026-09-15 04:38:07] --- STAGE 2: EVALUATING LATEST FORECAST ---
[2026-09-15 04:38:07] Latest forecast (row 58) is pending. Evaluating...
[2026-09-15 04:38:07]   ForecastTime:    2026-09-14 04:37:40
[2026-09-15 04:38:07]   Rounded to:      2026-09-14 04:00:00
[2026-09-15 04:38:07]   Target windows:  2026-09-14 08:00:00 to 2026-09-15 04:00:00
[2026-09-15 04:38:07]   Data range:      2026-08-17 00:00:00 to 2026-09-15 04:00:00
[2026-09-15 04:38:07]   -> Updated ForecastDetails row 58.
[2026-09-15 04:38:07]   -> Metrics: last_actual=101.22, abs_error=0.11, pct_error=0.11%, mape=1.08%
[2026-09-15 04:38:07] Pending forecast evaluated.
[2026-09-15 04:38:07] 
[2026-09-15 04:38:07] --- STAGE 3: GENERATING NEW FORECAST ---
[2026-09-15 04:38:07] Running future forecast for horizon=6...
[2026-09-15 04:38:08] Logged new future forecast ID 58 at row 59. Pending actuals.
[2026-09-15 04:38:08] SOL-USD completed. Forecast ID: 58
