[2026-08-28 11:07:27] 
[2026-08-28 11:07:27] ================================================================================
[2026-08-28 11:07:27] PROCESSING SOL-USD
[2026-08-28 11:07:27] ================================================================================
[2026-08-28 11:07:27] 
[2026-08-28 11:07:27] --- STAGE 1: DOWNLOADING DATA ---
[2026-08-28 11:07:27] Downloading data for SOL-USD (period=30d, interval=4h)...
[2026-08-28 11:07:28] Data downloaded successfully. Total rows: 177
[2026-08-28 11:07:28] 
[2026-08-28 11:07:28] --- STAGE 2: EVALUATING LATEST FORECAST ---
[2026-08-28 11:07:28] Latest forecast (row 40) is pending. Evaluating...
[2026-08-28 11:07:28]   ForecastTime:    2026-08-27 08:54:31
[2026-08-28 11:07:28]   Rounded to:      2026-08-27 08:00:00
[2026-08-28 11:07:28]   Target windows:  2026-08-27 12:00:00 to 2026-08-28 08:00:00
[2026-08-28 11:07:28]   Data range:      2026-07-30 00:00:00 to 2026-08-28 08:00:00
[2026-08-28 11:07:28]   -> Updated ForecastDetails row 40.
[2026-08-28 11:07:28]   -> Metrics: last_actual=106.48, abs_error=4.78, pct_error=4.49%, mape=4.37%
[2026-08-28 11:07:28] Pending forecast evaluated.
[2026-08-28 11:07:28] 
[2026-08-28 11:07:28] --- STAGE 3: GENERATING NEW FORECAST ---
[2026-08-28 11:07:28] Running future forecast for horizon=6...
[2026-08-28 11:07:29] Logged new future forecast ID 40 at row 41. Pending actuals.
[2026-08-28 11:07:29] SOL-USD completed. Forecast ID: 40
