[2026-09-18 04:24:02] 
[2026-09-18 04:24:02] ================================================================================
[2026-09-18 04:24:02] PROCESSING SOL-USD
[2026-09-18 04:24:02] ================================================================================
[2026-09-18 04:24:02] 
[2026-09-18 04:24:02] --- STAGE 1: DOWNLOADING DATA ---
[2026-09-18 04:24:02] Downloading data for SOL-USD (period=30d, interval=4h)...
[2026-09-18 04:24:02] Data downloaded successfully. Total rows: 176
[2026-09-18 04:24:02] 
[2026-09-18 04:24:02] --- STAGE 2: EVALUATING LATEST FORECAST ---
[2026-09-18 04:24:02] Latest forecast (row 61) is pending. Evaluating...
[2026-09-18 04:24:02]   ForecastTime:    2026-09-17 04:38:46
[2026-09-18 04:24:02]   Rounded to:      2026-09-17 04:00:00
[2026-09-18 04:24:02]   Target windows:  2026-09-17 08:00:00 to 2026-09-18 04:00:00
[2026-09-18 04:24:02]   Data range:      2026-08-20 00:00:00 to 2026-09-18 04:00:00
[2026-09-18 04:24:02]   -> Updated ForecastDetails row 61.
[2026-09-18 04:24:03]   -> Metrics: last_actual=105.04, abs_error=6.41, pct_error=6.10%, mape=3.04%
[2026-09-18 04:24:03] Pending forecast evaluated.
[2026-09-18 04:24:03] 
[2026-09-18 04:24:03] --- STAGE 3: GENERATING NEW FORECAST ---
[2026-09-18 04:24:03] Running future forecast for horizon=6...
[2026-09-18 04:24:03] Logged new future forecast ID 61 at row 62. Pending actuals.
[2026-09-18 04:24:03] SOL-USD completed. Forecast ID: 61
