[2026-10-07 05:37:41] 
[2026-10-07 05:37:41] ================================================================================
[2026-10-07 05:37:41] PROCESSING SOL-USD
[2026-10-07 05:37:41] ================================================================================
[2026-10-07 05:37:41] 
[2026-10-07 05:37:41] --- STAGE 1: DOWNLOADING DATA ---
[2026-10-07 05:37:41] Downloading data for SOL-USD (period=30d, interval=4h)...
[2026-10-07 05:37:41] Data downloaded successfully. Total rows: 176
[2026-10-07 05:37:41] 
[2026-10-07 05:37:41] --- STAGE 2: EVALUATING LATEST FORECAST ---
[2026-10-07 05:37:41] Latest forecast (row 80) is pending. Evaluating...
[2026-10-07 05:37:41]   ForecastTime:    2026-10-06 06:02:29
[2026-10-07 05:37:41]   Rounded to:      2026-10-06 04:00:00
[2026-10-07 05:37:41]   Target windows:  2026-10-06 08:00:00 to 2026-10-07 04:00:00
[2026-10-07 05:37:41]   Data range:      2026-09-08 00:00:00 to 2026-10-07 04:00:00
[2026-10-07 05:37:41]   -> Updated ForecastDetails row 80.
[2026-10-07 05:37:41]   -> Metrics: last_actual=118.55, abs_error=0.88, pct_error=0.74%, mape=0.90%
[2026-10-07 05:37:41] Pending forecast evaluated.
[2026-10-07 05:37:41] 
[2026-10-07 05:37:41] --- STAGE 3: GENERATING NEW FORECAST ---
[2026-10-07 05:37:41] Running future forecast for horizon=6...
[2026-10-07 05:37:42] Logged new future forecast ID 80 at row 81. Pending actuals.
[2026-10-07 05:37:42] SOL-USD completed. Forecast ID: 80
