[2026-07-29 03:23:50] 
[2026-07-29 03:23:50] ================================================================================
[2026-07-29 03:23:50] PROCESSING SOL-USD
[2026-07-29 03:23:50] ================================================================================
[2026-07-29 03:23:50] 
[2026-07-29 03:23:50] --- STAGE 1: DOWNLOADING DATA ---
[2026-07-29 03:23:50] Downloading data for SOL-USD (period=30d, interval=4h)...
[2026-07-29 03:23:50] Data downloaded successfully. Total rows: 175
[2026-07-29 03:23:50] 
[2026-07-29 03:23:50] --- STAGE 2: EVALUATING LATEST FORECAST ---
[2026-07-29 03:23:50] Latest forecast (row 10) is pending. Evaluating...
[2026-07-29 03:23:50]   ForecastTime:    2026-07-28 03:22:50
[2026-07-29 03:23:50]   Rounded to:      2026-07-28 00:00:00
[2026-07-29 03:23:50]   Target windows:  2026-07-28 04:00:00 to 2026-07-29 00:00:00
[2026-07-29 03:23:50]   Data range:      2026-06-30 00:00:00 to 2026-07-29 00:00:00
[2026-07-29 03:23:50]   -> Updated ForecastDetails row 10.
[2026-07-29 03:23:51]   -> Metrics: last_actual=73.34, abs_error=0.33, pct_error=0.45%, mape=0.60%
[2026-07-29 03:23:51] Pending forecast evaluated.
[2026-07-29 03:23:51] 
[2026-07-29 03:23:51] --- STAGE 3: GENERATING NEW FORECAST ---
[2026-07-29 03:23:51] Running future forecast for horizon=6...
[2026-07-29 03:23:51] Logged new future forecast ID 10 at row 11. Pending actuals.
[2026-07-29 03:23:51] SOL-USD completed. Forecast ID: 10
