[2026-09-17 04:38:45] 
[2026-09-17 04:38:45] ================================================================================
[2026-09-17 04:38:45] PROCESSING SOL-USD
[2026-09-17 04:38:45] ================================================================================
[2026-09-17 04:38:45] 
[2026-09-17 04:38:45] --- STAGE 1: DOWNLOADING DATA ---
[2026-09-17 04:38:45] Downloading data for SOL-USD (period=30d, interval=4h)...
[2026-09-17 04:38:46] Data downloaded successfully. Total rows: 176
[2026-09-17 04:38:46] 
[2026-09-17 04:38:46] --- STAGE 2: EVALUATING LATEST FORECAST ---
[2026-09-17 04:38:46] Latest forecast (row 60) is pending. Evaluating...
[2026-09-17 04:38:46]   ForecastTime:    2026-09-16 04:33:23
[2026-09-17 04:38:46]   Rounded to:      2026-09-16 04:00:00
[2026-09-17 04:38:46]   Target windows:  2026-09-16 08:00:00 to 2026-09-17 04:00:00
[2026-09-17 04:38:46]   Data range:      2026-08-19 00:00:00 to 2026-09-17 04:00:00
[2026-09-17 04:38:46]   -> Updated ForecastDetails row 60.
[2026-09-17 04:38:46]   -> Metrics: last_actual=99.39, abs_error=3.27, pct_error=3.30%, mape=1.95%
[2026-09-17 04:38:46] Pending forecast evaluated.
[2026-09-17 04:38:46] 
[2026-09-17 04:38:46] --- STAGE 3: GENERATING NEW FORECAST ---
[2026-09-17 04:38:46] Running future forecast for horizon=6...
[2026-09-17 04:38:46] Logged new future forecast ID 60 at row 61. Pending actuals.
[2026-09-17 04:38:46] SOL-USD completed. Forecast ID: 60
