[2026-07-31 03:39:59] 
[2026-07-31 03:39:59] ================================================================================
[2026-07-31 03:39:59] PROCESSING SOL-USD
[2026-07-31 03:39:59] ================================================================================
[2026-07-31 03:39:59] 
[2026-07-31 03:39:59] --- STAGE 1: DOWNLOADING DATA ---
[2026-07-31 03:39:59] Downloading data for SOL-USD (period=30d, interval=4h)...
[2026-07-31 03:39:59] Data downloaded successfully. Total rows: 175
[2026-07-31 03:39:59] 
[2026-07-31 03:39:59] --- STAGE 2: EVALUATING LATEST FORECAST ---
[2026-07-31 03:39:59] Latest forecast (row 12) is pending. Evaluating...
[2026-07-31 03:39:59]   ForecastTime:    2026-07-30 02:58:08
[2026-07-31 03:39:59]   Rounded to:      2026-07-30 00:00:00
[2026-07-31 03:39:59]   Target windows:  2026-07-30 04:00:00 to 2026-07-31 00:00:00
[2026-07-31 03:39:59]   Data range:      2026-07-02 00:00:00 to 2026-07-31 00:00:00
[2026-07-31 03:39:59]   -> Updated ForecastDetails row 12.
[2026-07-31 03:40:00]   -> Metrics: last_actual=74.04, abs_error=0.54, pct_error=0.72%, mape=0.44%
[2026-07-31 03:40:00] Pending forecast evaluated.
[2026-07-31 03:40:00] 
[2026-07-31 03:40:00] --- STAGE 3: GENERATING NEW FORECAST ---
[2026-07-31 03:40:00] Running future forecast for horizon=6...
[2026-07-31 03:40:00] Logged new future forecast ID 12 at row 13. Pending actuals.
[2026-07-31 03:40:00] SOL-USD completed. Forecast ID: 12
