[2026-08-25 01:43:57] 
[2026-08-25 01:43:57] ================================================================================
[2026-08-25 01:43:57] PROCESSING SOL-USD
[2026-08-25 01:43:57] ================================================================================
[2026-08-25 01:43:57] 
[2026-08-25 01:43:57] --- STAGE 1: DOWNLOADING DATA ---
[2026-08-25 01:43:57] Downloading data for SOL-USD (period=30d, interval=4h)...
[2026-08-25 01:43:57] Data downloaded successfully. Total rows: 175
[2026-08-25 01:43:57] 
[2026-08-25 01:43:57] --- STAGE 2: EVALUATING LATEST FORECAST ---
[2026-08-25 01:43:57] Latest forecast (row 37) is pending. Evaluating...
[2026-08-25 01:43:57]   ForecastTime:    2026-08-24 01:49:38
[2026-08-25 01:43:57]   Rounded to:      2026-08-24 00:00:00
[2026-08-25 01:43:57]   Target windows:  2026-08-24 04:00:00 to 2026-08-25 00:00:00
[2026-08-25 01:43:57]   Data range:      2026-07-27 00:00:00 to 2026-08-25 00:00:00
[2026-08-25 01:43:57]   -> Updated ForecastDetails row 37.
[2026-08-25 01:43:57]   -> Metrics: last_actual=101.46, abs_error=7.66, pct_error=7.55%, mape=2.85%
[2026-08-25 01:43:57] Pending forecast evaluated.
[2026-08-25 01:43:57] 
[2026-08-25 01:43:57] --- STAGE 3: GENERATING NEW FORECAST ---
[2026-08-25 01:43:57] Running future forecast for horizon=6...
[2026-08-25 01:43:58] Logged new future forecast ID 37 at row 38. Pending actuals.
[2026-08-25 01:43:58] SOL-USD completed. Forecast ID: 37
