[2026-08-03 03:42:07] 
[2026-08-03 03:42:07] ================================================================================
[2026-08-03 03:42:07] PROCESSING SOL-USD
[2026-08-03 03:42:07] ================================================================================
[2026-08-03 03:42:07] 
[2026-08-03 03:42:07] --- STAGE 1: DOWNLOADING DATA ---
[2026-08-03 03:42:07] Downloading data for SOL-USD (period=30d, interval=4h)...
[2026-08-03 03:42:07] Data downloaded successfully. Total rows: 170
[2026-08-03 03:42:07] 
[2026-08-03 03:42:07] --- STAGE 2: EVALUATING LATEST FORECAST ---
[2026-08-03 03:42:07] Latest forecast (row 15) is pending. Evaluating...
[2026-08-03 03:42:07]   ForecastTime:    2026-08-02 03:39:57
[2026-08-03 03:42:07]   Rounded to:      2026-08-02 00:00:00
[2026-08-03 03:42:07]   Target windows:  2026-08-02 04:00:00 to 2026-08-03 00:00:00
[2026-08-03 03:42:07]   Data range:      2026-07-05 00:00:00 to 2026-08-03 00:00:00
[2026-08-03 03:42:07]   -> Updated ForecastDetails row 15.
[2026-08-03 03:42:07]   -> Metrics: last_actual=72.87, abs_error=1.05, pct_error=1.44%, mape=0.49%
[2026-08-03 03:42:07] Pending forecast evaluated.
[2026-08-03 03:42:07] 
[2026-08-03 03:42:07] --- STAGE 3: GENERATING NEW FORECAST ---
[2026-08-03 03:42:07] Running future forecast for horizon=6...
[2026-08-03 03:42:07] Logged new future forecast ID 15 at row 16. Pending actuals.
[2026-08-03 03:42:07] SOL-USD completed. Forecast ID: 15
