[2026-08-09 02:19:12] 
[2026-08-09 02:19:12] ================================================================================
[2026-08-09 02:19:12] PROCESSING SOL-USD
[2026-08-09 02:19:12] ================================================================================
[2026-08-09 02:19:12] 
[2026-08-09 02:19:12] --- STAGE 1: DOWNLOADING DATA ---
[2026-08-09 02:19:12] Downloading data for SOL-USD (period=30d, interval=4h)...
[2026-08-09 02:19:12] Data downloaded successfully. Total rows: 175
[2026-08-09 02:19:12] 
[2026-08-09 02:19:12] --- STAGE 2: EVALUATING LATEST FORECAST ---
[2026-08-09 02:19:12] Latest forecast (row 21) is pending. Evaluating...
[2026-08-09 02:19:12]   ForecastTime:    2026-08-08 02:08:10
[2026-08-09 02:19:12]   Rounded to:      2026-08-08 00:00:00
[2026-08-09 02:19:12]   Target windows:  2026-08-08 04:00:00 to 2026-08-09 00:00:00
[2026-08-09 02:19:12]   Data range:      2026-07-11 00:00:00 to 2026-08-09 00:00:00
[2026-08-09 02:19:12]   -> Updated ForecastDetails row 21.
[2026-08-09 02:19:13]   -> Metrics: last_actual=75.81, abs_error=1.97, pct_error=2.60%, mape=2.43%
[2026-08-09 02:19:13] Pending forecast evaluated.
[2026-08-09 02:19:13] 
[2026-08-09 02:19:13] --- STAGE 3: GENERATING NEW FORECAST ---
[2026-08-09 02:19:13] Running future forecast for horizon=6...
[2026-08-09 02:19:13] Logged new future forecast ID 21 at row 22. Pending actuals.
[2026-08-09 02:19:13] SOL-USD completed. Forecast ID: 21
