[2026-08-27 08:54:30] 
[2026-08-27 08:54:30] ================================================================================
[2026-08-27 08:54:30] PROCESSING SOL-USD
[2026-08-27 08:54:30] ================================================================================
[2026-08-27 08:54:30] 
[2026-08-27 08:54:30] --- STAGE 1: DOWNLOADING DATA ---
[2026-08-27 08:54:30] Downloading data for SOL-USD (period=30d, interval=4h)...
[2026-08-27 08:54:30] Data downloaded successfully. Total rows: 177
[2026-08-27 08:54:30] 
[2026-08-27 08:54:30] --- STAGE 2: EVALUATING LATEST FORECAST ---
[2026-08-27 08:54:30] Latest forecast (row 39) is pending. Evaluating...
[2026-08-27 08:54:30]   ForecastTime:    2026-08-26 01:49:26
[2026-08-27 08:54:30]   Rounded to:      2026-08-26 00:00:00
[2026-08-27 08:54:30]   Target windows:  2026-08-26 04:00:00 to 2026-08-27 00:00:00
[2026-08-27 08:54:30]   Data range:      2026-07-29 00:00:00 to 2026-08-27 08:00:00
[2026-08-27 08:54:30]   -> Updated ForecastDetails row 39.
[2026-08-27 08:54:30]   -> Metrics: last_actual=101.05, abs_error=6.91, pct_error=6.84%, mape=2.86%
[2026-08-27 08:54:30] Pending forecast evaluated.
[2026-08-27 08:54:30] 
[2026-08-27 08:54:30] --- STAGE 3: GENERATING NEW FORECAST ---
[2026-08-27 08:54:30] Running future forecast for horizon=6...
[2026-08-27 08:54:31] Logged new future forecast ID 39 at row 40. Pending actuals.
[2026-08-27 08:54:31] SOL-USD completed. Forecast ID: 39
