[2026-09-27 05:02:34] 
[2026-09-27 05:02:34] ================================================================================
[2026-09-27 05:02:34] PROCESSING SOL-USD
[2026-09-27 05:02:34] ================================================================================
[2026-09-27 05:02:34] 
[2026-09-27 05:02:34] --- STAGE 1: DOWNLOADING DATA ---
[2026-09-27 05:02:34] Downloading data for SOL-USD (period=30d, interval=4h)...
[2026-09-27 05:02:34] Data downloaded successfully. Total rows: 176
[2026-09-27 05:02:34] 
[2026-09-27 05:02:34] --- STAGE 2: EVALUATING LATEST FORECAST ---
[2026-09-27 05:02:34] Latest forecast (row 70) is pending. Evaluating...
[2026-09-27 05:02:34]   ForecastTime:    2026-09-26 04:42:36
[2026-09-27 05:02:34]   Rounded to:      2026-09-26 04:00:00
[2026-09-27 05:02:34]   Target windows:  2026-09-26 08:00:00 to 2026-09-27 04:00:00
[2026-09-27 05:02:34]   Data range:      2026-08-29 00:00:00 to 2026-09-27 04:00:00
[2026-09-27 05:02:34]   -> Updated ForecastDetails row 70.
[2026-09-27 05:02:34]   -> Metrics: last_actual=120.22, abs_error=0.16, pct_error=0.13%, mape=0.71%
[2026-09-27 05:02:34] Pending forecast evaluated.
[2026-09-27 05:02:34] 
[2026-09-27 05:02:34] --- STAGE 3: GENERATING NEW FORECAST ---
[2026-09-27 05:02:34] Running future forecast for horizon=6...
[2026-09-27 05:02:35] Logged new future forecast ID 70 at row 71. Pending actuals.
[2026-09-27 05:02:35] SOL-USD completed. Forecast ID: 70
