[2026-08-01 03:40:08] 
[2026-08-01 03:40:08] ================================================================================
[2026-08-01 03:40:08] PROCESSING SOL-USD
[2026-08-01 03:40:08] ================================================================================
[2026-08-01 03:40:08] 
[2026-08-01 03:40:08] --- STAGE 1: DOWNLOADING DATA ---
[2026-08-01 03:40:08] Downloading data for SOL-USD (period=30d, interval=4h)...
[2026-08-01 03:40:08] Data downloaded successfully. Total rows: 170
[2026-08-01 03:40:08] 
[2026-08-01 03:40:08] --- STAGE 2: EVALUATING LATEST FORECAST ---
[2026-08-01 03:40:08] Latest forecast (row 13) is pending. Evaluating...
[2026-08-01 03:40:08]   ForecastTime:    2026-07-31 03:40:00
[2026-08-01 03:40:08]   Rounded to:      2026-07-31 00:00:00
[2026-08-01 03:40:08]   Target windows:  2026-07-31 04:00:00 to 2026-08-01 00:00:00
[2026-08-01 03:40:08]   Data range:      2026-07-03 00:00:00 to 2026-08-01 00:00:00
[2026-08-01 03:40:08]   -> Updated ForecastDetails row 13.
[2026-08-01 03:40:08]   -> Metrics: last_actual=72.85, abs_error=1.37, pct_error=1.88%, mape=1.48%
[2026-08-01 03:40:08] Pending forecast evaluated.
[2026-08-01 03:40:08] 
[2026-08-01 03:40:08] --- STAGE 3: GENERATING NEW FORECAST ---
[2026-08-01 03:40:08] Running future forecast for horizon=6...
[2026-08-01 03:40:09] Logged new future forecast ID 13 at row 14. Pending actuals.
[2026-08-01 03:40:09] SOL-USD completed. Forecast ID: 13
