[2026-08-26 01:49:25] 
[2026-08-26 01:49:25] ================================================================================
[2026-08-26 01:49:25] PROCESSING SOL-USD
[2026-08-26 01:49:25] ================================================================================
[2026-08-26 01:49:25] 
[2026-08-26 01:49:25] --- STAGE 1: DOWNLOADING DATA ---
[2026-08-26 01:49:25] Downloading data for SOL-USD (period=30d, interval=4h)...
[2026-08-26 01:49:25] Data downloaded successfully. Total rows: 175
[2026-08-26 01:49:25] 
[2026-08-26 01:49:25] --- STAGE 2: EVALUATING LATEST FORECAST ---
[2026-08-26 01:49:25] Latest forecast (row 38) is pending. Evaluating...
[2026-08-26 01:49:25]   ForecastTime:    2026-08-25 01:43:58
[2026-08-26 01:49:25]   Rounded to:      2026-08-25 00:00:00
[2026-08-26 01:49:25]   Target windows:  2026-08-25 04:00:00 to 2026-08-26 00:00:00
[2026-08-26 01:49:25]   Data range:      2026-07-28 00:00:00 to 2026-08-26 00:00:00
[2026-08-26 01:49:25]   -> Updated ForecastDetails row 38.
[2026-08-26 01:49:25]   -> Metrics: last_actual=97.04, abs_error=2.90, pct_error=2.98%, mape=1.87%
[2026-08-26 01:49:25] Pending forecast evaluated.
[2026-08-26 01:49:25] 
[2026-08-26 01:49:25] --- STAGE 3: GENERATING NEW FORECAST ---
[2026-08-26 01:49:25] Running future forecast for horizon=6...
[2026-08-26 01:49:26] Logged new future forecast ID 38 at row 39. Pending actuals.
[2026-08-26 01:49:26] SOL-USD completed. Forecast ID: 38
