[2026-09-24 04:27:28] 
[2026-09-24 04:27:28] ================================================================================
[2026-09-24 04:27:28] PROCESSING SOL-USD
[2026-09-24 04:27:28] ================================================================================
[2026-09-24 04:27:28] 
[2026-09-24 04:27:28] --- STAGE 1: DOWNLOADING DATA ---
[2026-09-24 04:27:28] Downloading data for SOL-USD (period=30d, interval=4h)...
[2026-09-24 04:27:28] Data downloaded successfully. Total rows: 176
[2026-09-24 04:27:28] 
[2026-09-24 04:27:28] --- STAGE 2: EVALUATING LATEST FORECAST ---
[2026-09-24 04:27:28] Latest forecast (row 67) is pending. Evaluating...
[2026-09-24 04:27:28]   ForecastTime:    2026-09-23 04:30:14
[2026-09-24 04:27:28]   Rounded to:      2026-09-23 04:00:00
[2026-09-24 04:27:28]   Target windows:  2026-09-23 08:00:00 to 2026-09-24 04:00:00
[2026-09-24 04:27:28]   Data range:      2026-08-26 00:00:00 to 2026-09-24 04:00:00
[2026-09-24 04:27:28]   -> Updated ForecastDetails row 67.
[2026-09-24 04:27:29]   -> Metrics: last_actual=114.76, abs_error=4.63, pct_error=4.04%, mape=3.99%
[2026-09-24 04:27:29] Pending forecast evaluated.
[2026-09-24 04:27:29] 
[2026-09-24 04:27:29] --- STAGE 3: GENERATING NEW FORECAST ---
[2026-09-24 04:27:29] Running future forecast for horizon=6...
[2026-09-24 04:27:29] Logged new future forecast ID 67 at row 68. Pending actuals.
[2026-09-24 04:27:29] SOL-USD completed. Forecast ID: 67
