[2026-09-10 04:20:10] 
[2026-09-10 04:20:10] ================================================================================
[2026-09-10 04:20:10] PROCESSING SOL-USD
[2026-09-10 04:20:10] ================================================================================
[2026-09-10 04:20:10] 
[2026-09-10 04:20:10] --- STAGE 1: DOWNLOADING DATA ---
[2026-09-10 04:20:10] Downloading data for SOL-USD (period=30d, interval=4h)...
[2026-09-10 04:20:10] Data downloaded successfully. Total rows: 176
[2026-09-10 04:20:10] 
[2026-09-10 04:20:10] --- STAGE 2: EVALUATING LATEST FORECAST ---
[2026-09-10 04:20:10] Latest forecast (row 53) is pending. Evaluating...
[2026-09-10 04:20:10]   ForecastTime:    2026-09-09 04:23:21
[2026-09-10 04:20:10]   Rounded to:      2026-09-09 04:00:00
[2026-09-10 04:20:10]   Target windows:  2026-09-09 08:00:00 to 2026-09-10 04:00:00
[2026-09-10 04:20:10]   Data range:      2026-08-12 00:00:00 to 2026-09-10 04:00:00
[2026-09-10 04:20:10]   -> Updated ForecastDetails row 53.
[2026-09-10 04:20:10]   -> Metrics: last_actual=102.05, abs_error=1.50, pct_error=1.47%, mape=1.24%
[2026-09-10 04:20:10] Pending forecast evaluated.
[2026-09-10 04:20:10] 
[2026-09-10 04:20:10] --- STAGE 3: GENERATING NEW FORECAST ---
[2026-09-10 04:20:10] Running future forecast for horizon=6...
[2026-09-10 04:20:11] Logged new future forecast ID 53 at row 54. Pending actuals.
[2026-09-10 04:20:11] SOL-USD completed. Forecast ID: 53
