[2026-08-06 03:23:56] 
[2026-08-06 03:23:56] ================================================================================
[2026-08-06 03:23:56] PROCESSING SOL-USD
[2026-08-06 03:23:56] ================================================================================
[2026-08-06 03:23:56] 
[2026-08-06 03:23:56] --- STAGE 1: DOWNLOADING DATA ---
[2026-08-06 03:23:56] Downloading data for SOL-USD (period=30d, interval=4h)...
[2026-08-06 03:23:56] Data downloaded successfully. Total rows: 175
[2026-08-06 03:23:56] 
[2026-08-06 03:23:56] --- STAGE 2: EVALUATING LATEST FORECAST ---
[2026-08-06 03:23:56] Latest forecast (row 18) is pending. Evaluating...
[2026-08-06 03:23:56]   ForecastTime:    2026-08-05 03:21:11
[2026-08-06 03:23:56]   Rounded to:      2026-08-05 00:00:00
[2026-08-06 03:23:56]   Target windows:  2026-08-05 04:00:00 to 2026-08-06 00:00:00
[2026-08-06 03:23:56]   Data range:      2026-07-08 00:00:00 to 2026-08-06 00:00:00
[2026-08-06 03:23:56]   -> Updated ForecastDetails row 18.
[2026-08-06 03:23:56]   -> Metrics: last_actual=73.44, abs_error=0.49, pct_error=0.67%, mape=0.30%
[2026-08-06 03:23:56] Pending forecast evaluated.
[2026-08-06 03:23:56] 
[2026-08-06 03:23:56] --- STAGE 3: GENERATING NEW FORECAST ---
[2026-08-06 03:23:56] Running future forecast for horizon=6...
[2026-08-06 03:23:57] Logged new future forecast ID 18 at row 19. Pending actuals.
[2026-08-06 03:23:57] SOL-USD completed. Forecast ID: 18
