[2026-07-26 03:42:13] 
[2026-07-26 03:42:13] ================================================================================
[2026-07-26 03:42:13] PROCESSING SOL-USD
[2026-07-26 03:42:13] ================================================================================
[2026-07-26 03:42:13] 
[2026-07-26 03:42:13] --- STAGE 1: DOWNLOADING DATA ---
[2026-07-26 03:42:13] Downloading data for SOL-USD (period=30d, interval=4h)...
[2026-07-26 03:42:14] Data downloaded successfully. Total rows: 170
[2026-07-26 03:42:14] 
[2026-07-26 03:42:14] --- STAGE 2: EVALUATING LATEST FORECAST ---
[2026-07-26 03:42:14] Latest forecast (row 7) is pending. Evaluating...
[2026-07-26 03:42:14]   ForecastTime:    2026-07-25 03:29:20
[2026-07-26 03:42:14]   Rounded to:      2026-07-25 00:00:00
[2026-07-26 03:42:14]   Target windows:  2026-07-25 04:00:00 to 2026-07-26 00:00:00
[2026-07-26 03:42:14]   Data range:      2026-06-27 00:00:00 to 2026-07-26 00:00:00
[2026-07-26 03:42:14]   -> Updated ForecastDetails row 7.
[2026-07-26 03:42:14]   -> Metrics: last_actual=74.92, abs_error=0.77, pct_error=1.03%, mape=0.50%
[2026-07-26 03:42:14] Pending forecast evaluated.
[2026-07-26 03:42:14] 
[2026-07-26 03:42:14] --- STAGE 3: GENERATING NEW FORECAST ---
[2026-07-26 03:42:14] Running future forecast for horizon=6...
[2026-07-26 03:42:14] Logged new future forecast ID 7 at row 8. Pending actuals.
[2026-07-26 03:42:14] SOL-USD completed. Forecast ID: 7
