[2026-08-08 02:08:09] 
[2026-08-08 02:08:09] ================================================================================
[2026-08-08 02:08:09] PROCESSING SOL-USD
[2026-08-08 02:08:09] ================================================================================
[2026-08-08 02:08:09] 
[2026-08-08 02:08:09] --- STAGE 1: DOWNLOADING DATA ---
[2026-08-08 02:08:09] Downloading data for SOL-USD (period=30d, interval=4h)...
[2026-08-08 02:08:09] Data downloaded successfully. Total rows: 170
[2026-08-08 02:08:09] 
[2026-08-08 02:08:09] --- STAGE 2: EVALUATING LATEST FORECAST ---
[2026-08-08 02:08:09] Latest forecast (row 20) is pending. Evaluating...
[2026-08-08 02:08:09]   ForecastTime:    2026-08-07 03:11:08
[2026-08-08 02:08:09]   Rounded to:      2026-08-07 00:00:00
[2026-08-08 02:08:09]   Target windows:  2026-08-07 04:00:00 to 2026-08-08 00:00:00
[2026-08-08 02:08:09]   Data range:      2026-07-10 00:00:00 to 2026-08-08 00:00:00
[2026-08-08 02:08:09]   -> Updated ForecastDetails row 20.
[2026-08-08 02:08:09]   -> Metrics: last_actual=73.92, abs_error=0.78, pct_error=1.05%, mape=0.86%
[2026-08-08 02:08:09] Pending forecast evaluated.
[2026-08-08 02:08:09] 
[2026-08-08 02:08:09] --- STAGE 3: GENERATING NEW FORECAST ---
[2026-08-08 02:08:09] Running future forecast for horizon=6...
[2026-08-08 02:08:10] Logged new future forecast ID 20 at row 21. Pending actuals.
[2026-08-08 02:08:10] SOL-USD completed. Forecast ID: 20
