[2026-09-03 04:07:12] 
[2026-09-03 04:07:12] ================================================================================
[2026-09-03 04:07:12] PROCESSING SOL-USD
[2026-09-03 04:07:12] ================================================================================
[2026-09-03 04:07:12] 
[2026-09-03 04:07:12] --- STAGE 1: DOWNLOADING DATA ---
[2026-09-03 04:07:12] Downloading data for SOL-USD (period=30d, interval=4h)...
[2026-09-03 04:07:12] Data downloaded successfully. Total rows: 176
[2026-09-03 04:07:12] 
[2026-09-03 04:07:12] --- STAGE 2: EVALUATING LATEST FORECAST ---
[2026-09-03 04:07:13] Latest forecast (row 46) is pending. Evaluating...
[2026-09-03 04:07:13]   ForecastTime:    2026-09-02 04:10:16
[2026-09-03 04:07:13]   Rounded to:      2026-09-02 04:00:00
[2026-09-03 04:07:13]   Target windows:  2026-09-02 08:00:00 to 2026-09-03 04:00:00
[2026-09-03 04:07:13]   Data range:      2026-08-05 00:00:00 to 2026-09-03 04:00:00
[2026-09-03 04:07:13]   -> Updated ForecastDetails row 46.
[2026-09-03 04:07:13]   -> Metrics: last_actual=100.58, abs_error=1.40, pct_error=1.39%, mape=0.91%
[2026-09-03 04:07:13] Pending forecast evaluated.
[2026-09-03 04:07:13] 
[2026-09-03 04:07:13] --- STAGE 3: GENERATING NEW FORECAST ---
[2026-09-03 04:07:13] Running future forecast for horizon=6...
[2026-09-03 04:07:13] Logged new future forecast ID 46 at row 47. Pending actuals.
[2026-09-03 04:07:13] SOL-USD completed. Forecast ID: 46
