[2026-09-09 04:23:21] 
[2026-09-09 04:23:21] ================================================================================
[2026-09-09 04:23:21] PROCESSING SOL-USD
[2026-09-09 04:23:21] ================================================================================
[2026-09-09 04:23:21] 
[2026-09-09 04:23:21] --- STAGE 1: DOWNLOADING DATA ---
[2026-09-09 04:23:21] Downloading data for SOL-USD (period=30d, interval=4h)...
[2026-09-09 04:23:21] Data downloaded successfully. Total rows: 176
[2026-09-09 04:23:21] 
[2026-09-09 04:23:21] --- STAGE 2: EVALUATING LATEST FORECAST ---
[2026-09-09 04:23:21] Latest forecast (row 52) is pending. Evaluating...
[2026-09-09 04:23:21]   ForecastTime:    2026-09-08 04:16:45
[2026-09-09 04:23:21]   Rounded to:      2026-09-08 04:00:00
[2026-09-09 04:23:21]   Target windows:  2026-09-08 08:00:00 to 2026-09-09 04:00:00
[2026-09-09 04:23:21]   Data range:      2026-08-11 00:00:00 to 2026-09-09 04:00:00
[2026-09-09 04:23:21]   -> Updated ForecastDetails row 52.
[2026-09-09 04:23:21]   -> Metrics: last_actual=103.79, abs_error=1.10, pct_error=1.06%, mape=0.59%
[2026-09-09 04:23:21] Pending forecast evaluated.
[2026-09-09 04:23:21] 
[2026-09-09 04:23:21] --- STAGE 3: GENERATING NEW FORECAST ---
[2026-09-09 04:23:21] Running future forecast for horizon=6...
[2026-09-09 04:23:21] Logged new future forecast ID 52 at row 53. Pending actuals.
[2026-09-09 04:23:21] SOL-USD completed. Forecast ID: 52
