[2026-08-14 02:33:06] 
[2026-08-14 02:33:06] ================================================================================
[2026-08-14 02:33:06] PROCESSING SOL-USD
[2026-08-14 02:33:06] ================================================================================
[2026-08-14 02:33:06] 
[2026-08-14 02:33:06] --- STAGE 1: DOWNLOADING DATA ---
[2026-08-14 02:33:06] Downloading data for SOL-USD (period=30d, interval=4h)...
[2026-08-14 02:33:06] Data downloaded successfully. Total rows: 175
[2026-08-14 02:33:06] 
[2026-08-14 02:33:06] --- STAGE 2: EVALUATING LATEST FORECAST ---
[2026-08-14 02:33:06] Latest forecast (row 26) is pending. Evaluating...
[2026-08-14 02:33:06]   ForecastTime:    2026-08-13 02:34:19
[2026-08-14 02:33:06]   Rounded to:      2026-08-13 00:00:00
[2026-08-14 02:33:06]   Target windows:  2026-08-13 04:00:00 to 2026-08-14 00:00:00
[2026-08-14 02:33:06]   Data range:      2026-07-16 00:00:00 to 2026-08-14 00:00:00
[2026-08-14 02:33:06]   -> Updated ForecastDetails row 26.
[2026-08-14 02:33:06]   -> Metrics: last_actual=76.08, abs_error=0.70, pct_error=0.92%, mape=0.74%
[2026-08-14 02:33:06] Pending forecast evaluated.
[2026-08-14 02:33:06] 
[2026-08-14 02:33:06] --- STAGE 3: GENERATING NEW FORECAST ---
[2026-08-14 02:33:06] Running future forecast for horizon=6...
[2026-08-14 02:33:07] Logged new future forecast ID 26 at row 27. Pending actuals.
[2026-08-14 02:33:07] SOL-USD completed. Forecast ID: 26
