[2026-10-06 06:02:28] 
[2026-10-06 06:02:28] ================================================================================
[2026-10-06 06:02:28] PROCESSING SOL-USD
[2026-10-06 06:02:28] ================================================================================
[2026-10-06 06:02:28] 
[2026-10-06 06:02:28] --- STAGE 1: DOWNLOADING DATA ---
[2026-10-06 06:02:28] Downloading data for SOL-USD (period=30d, interval=4h)...
[2026-10-06 06:02:28] Data downloaded successfully. Total rows: 176
[2026-10-06 06:02:28] 
[2026-10-06 06:02:28] --- STAGE 2: EVALUATING LATEST FORECAST ---
[2026-10-06 06:02:28] Latest forecast (row 79) is pending. Evaluating...
[2026-10-06 06:02:28]   ForecastTime:    2026-10-05 05:18:22
[2026-10-06 06:02:28]   Rounded to:      2026-10-05 04:00:00
[2026-10-06 06:02:28]   Target windows:  2026-10-05 08:00:00 to 2026-10-06 04:00:00
[2026-10-06 06:02:28]   Data range:      2026-09-07 00:00:00 to 2026-10-06 04:00:00
[2026-10-06 06:02:28]   -> Updated ForecastDetails row 79.
[2026-10-06 06:02:28]   -> Metrics: last_actual=119.51, abs_error=0.76, pct_error=0.64%, mape=0.44%
[2026-10-06 06:02:28] Pending forecast evaluated.
[2026-10-06 06:02:28] 
[2026-10-06 06:02:28] --- STAGE 3: GENERATING NEW FORECAST ---
[2026-10-06 06:02:28] Running future forecast for horizon=6...
[2026-10-06 06:02:29] Logged new future forecast ID 79 at row 80. Pending actuals.
[2026-10-06 06:02:29] SOL-USD completed. Forecast ID: 79
