[2026-08-30 05:05:46] 
[2026-08-30 05:05:46] ================================================================================
[2026-08-30 05:05:46] PROCESSING SOL-USD
[2026-08-30 05:05:46] ================================================================================
[2026-08-30 05:05:46] 
[2026-08-30 05:05:46] --- STAGE 1: DOWNLOADING DATA ---
[2026-08-30 05:05:46] Downloading data for SOL-USD (period=30d, interval=4h)...
[2026-08-30 05:05:46] Data downloaded successfully. Total rows: 176
[2026-08-30 05:05:46] 
[2026-08-30 05:05:46] --- STAGE 2: EVALUATING LATEST FORECAST ---
[2026-08-30 05:05:46] Latest forecast (row 42) is pending. Evaluating...
[2026-08-30 05:05:46]   ForecastTime:    2026-08-29 06:52:03
[2026-08-30 05:05:46]   Rounded to:      2026-08-29 04:00:00
[2026-08-30 05:05:46]   Target windows:  2026-08-29 08:00:00 to 2026-08-30 04:00:00
[2026-08-30 05:05:46]   Data range:      2026-08-01 00:00:00 to 2026-08-30 04:00:00
[2026-08-30 05:05:46]   -> Updated ForecastDetails row 42.
[2026-08-30 05:05:46]   -> Metrics: last_actual=105.13, abs_error=1.97, pct_error=1.88%, mape=1.54%
[2026-08-30 05:05:46] Pending forecast evaluated.
[2026-08-30 05:05:46] 
[2026-08-30 05:05:46] --- STAGE 3: GENERATING NEW FORECAST ---
[2026-08-30 05:05:46] Running future forecast for horizon=6...
[2026-08-30 05:05:47] Logged new future forecast ID 42 at row 43. Pending actuals.
[2026-08-30 05:05:47] SOL-USD completed. Forecast ID: 42
