[2026-08-12 02:32:51] 
[2026-08-12 02:32:51] ================================================================================
[2026-08-12 02:32:51] PROCESSING SOL-USD
[2026-08-12 02:32:51] ================================================================================
[2026-08-12 02:32:51] 
[2026-08-12 02:32:51] --- STAGE 1: DOWNLOADING DATA ---
[2026-08-12 02:32:51] Downloading data for SOL-USD (period=30d, interval=4h)...
[2026-08-12 02:32:51] Data downloaded successfully. Total rows: 175
[2026-08-12 02:32:51] 
[2026-08-12 02:32:51] --- STAGE 2: EVALUATING LATEST FORECAST ---
[2026-08-12 02:32:51] Latest forecast (row 24) is pending. Evaluating...
[2026-08-12 02:32:51]   ForecastTime:    2026-08-11 02:15:06
[2026-08-12 02:32:51]   Rounded to:      2026-08-11 00:00:00
[2026-08-12 02:32:51]   Target windows:  2026-08-11 04:00:00 to 2026-08-12 00:00:00
[2026-08-12 02:32:51]   Data range:      2026-07-14 00:00:00 to 2026-08-12 00:00:00
[2026-08-12 02:32:51]   -> Updated ForecastDetails row 24.
[2026-08-12 02:32:51]   -> Metrics: last_actual=76.50, abs_error=0.57, pct_error=0.75%, mape=0.61%
[2026-08-12 02:32:51] Pending forecast evaluated.
[2026-08-12 02:32:51] 
[2026-08-12 02:32:51] --- STAGE 3: GENERATING NEW FORECAST ---
[2026-08-12 02:32:51] Running future forecast for horizon=6...
[2026-08-12 02:32:52] Logged new future forecast ID 24 at row 25. Pending actuals.
[2026-08-12 02:32:52] SOL-USD completed. Forecast ID: 24
