[2026-08-24 01:49:37] 
[2026-08-24 01:49:37] ================================================================================
[2026-08-24 01:49:37] PROCESSING SOL-USD
[2026-08-24 01:49:37] ================================================================================
[2026-08-24 01:49:37] 
[2026-08-24 01:49:37] --- STAGE 1: DOWNLOADING DATA ---
[2026-08-24 01:49:37] Downloading data for SOL-USD (period=30d, interval=4h)...
[2026-08-24 01:49:38] Data downloaded successfully. Total rows: 175
[2026-08-24 01:49:38] 
[2026-08-24 01:49:38] --- STAGE 2: EVALUATING LATEST FORECAST ---
[2026-08-24 01:49:38] Latest forecast (row 36) is pending. Evaluating...
[2026-08-24 01:49:38]   ForecastTime:    2026-08-23 01:52:00
[2026-08-24 01:49:38]   Rounded to:      2026-08-23 00:00:00
[2026-08-24 01:49:38]   Target windows:  2026-08-23 04:00:00 to 2026-08-24 00:00:00
[2026-08-24 01:49:38]   Data range:      2026-07-26 00:00:00 to 2026-08-24 00:00:00
[2026-08-24 01:49:38]   -> Updated ForecastDetails row 36.
[2026-08-24 01:49:38]   -> Metrics: last_actual=94.18, abs_error=1.82, pct_error=1.94%, mape=1.38%
[2026-08-24 01:49:38] Pending forecast evaluated.
[2026-08-24 01:49:38] 
[2026-08-24 01:49:38] --- STAGE 3: GENERATING NEW FORECAST ---
[2026-08-24 01:49:38] Running future forecast for horizon=6...
[2026-08-24 01:49:38] Logged new future forecast ID 36 at row 37. Pending actuals.
[2026-08-24 01:49:38] SOL-USD completed. Forecast ID: 36
