[2026-08-16 01:50:06] 
[2026-08-16 01:50:06] ================================================================================
[2026-08-16 01:50:06] PROCESSING SOL-USD
[2026-08-16 01:50:06] ================================================================================
[2026-08-16 01:50:06] 
[2026-08-16 01:50:06] --- STAGE 1: DOWNLOADING DATA ---
[2026-08-16 01:50:06] Downloading data for SOL-USD (period=30d, interval=4h)...
[2026-08-16 01:50:07] Data downloaded successfully. Total rows: 175
[2026-08-16 01:50:07] 
[2026-08-16 01:50:07] --- STAGE 2: EVALUATING LATEST FORECAST ---
[2026-08-16 01:50:07] Latest forecast (row 28) is pending. Evaluating...
[2026-08-16 01:50:07]   ForecastTime:    2026-08-15 01:43:06
[2026-08-16 01:50:07]   Rounded to:      2026-08-15 00:00:00
[2026-08-16 01:50:07]   Target windows:  2026-08-15 04:00:00 to 2026-08-16 00:00:00
[2026-08-16 01:50:07]   Data range:      2026-07-18 00:00:00 to 2026-08-16 00:00:00
[2026-08-16 01:50:07]   -> Updated ForecastDetails row 28.
[2026-08-16 01:50:07]   -> Metrics: last_actual=75.37, abs_error=0.05, pct_error=0.06%, mape=0.17%
[2026-08-16 01:50:07] Pending forecast evaluated.
[2026-08-16 01:50:07] 
[2026-08-16 01:50:07] --- STAGE 3: GENERATING NEW FORECAST ---
[2026-08-16 01:50:07] Running future forecast for horizon=6...
[2026-08-16 01:50:07] Logged new future forecast ID 28 at row 29. Pending actuals.
[2026-08-16 01:50:07] SOL-USD completed. Forecast ID: 28
