[2026-10-05 05:18:21] 
[2026-10-05 05:18:21] ================================================================================
[2026-10-05 05:18:21] PROCESSING SOL-USD
[2026-10-05 05:18:21] ================================================================================
[2026-10-05 05:18:21] 
[2026-10-05 05:18:21] --- STAGE 1: DOWNLOADING DATA ---
[2026-10-05 05:18:21] Downloading data for SOL-USD (period=30d, interval=4h)...
[2026-10-05 05:18:21] Data downloaded successfully. Total rows: 176
[2026-10-05 05:18:21] 
[2026-10-05 05:18:21] --- STAGE 2: EVALUATING LATEST FORECAST ---
[2026-10-05 05:18:21] Latest forecast (row 78) is pending. Evaluating...
[2026-10-05 05:18:21]   ForecastTime:    2026-10-04 05:34:36
[2026-10-05 05:18:21]   Rounded to:      2026-10-04 04:00:00
[2026-10-05 05:18:21]   Target windows:  2026-10-04 08:00:00 to 2026-10-05 04:00:00
[2026-10-05 05:18:21]   Data range:      2026-09-06 00:00:00 to 2026-10-05 04:00:00
[2026-10-05 05:18:21]   -> Updated ForecastDetails row 78.
[2026-10-05 05:18:21]   -> Metrics: last_actual=120.19, abs_error=0.64, pct_error=0.54%, mape=0.53%
[2026-10-05 05:18:21] Pending forecast evaluated.
[2026-10-05 05:18:21] 
[2026-10-05 05:18:21] --- STAGE 3: GENERATING NEW FORECAST ---
[2026-10-05 05:18:21] Running future forecast for horizon=6...
[2026-10-05 05:18:22] Logged new future forecast ID 78 at row 79. Pending actuals.
[2026-10-05 05:18:22] SOL-USD completed. Forecast ID: 78
