[2026-09-01 04:49:06] 
[2026-09-01 04:49:06] ================================================================================
[2026-09-01 04:49:06] PROCESSING SOL-USD
[2026-09-01 04:49:06] ================================================================================
[2026-09-01 04:49:06] 
[2026-09-01 04:49:06] --- STAGE 1: DOWNLOADING DATA ---
[2026-09-01 04:49:06] Downloading data for SOL-USD (period=30d, interval=4h)...
[2026-09-01 04:49:06] Data downloaded successfully. Total rows: 176
[2026-09-01 04:49:06] 
[2026-09-01 04:49:06] --- STAGE 2: EVALUATING LATEST FORECAST ---
[2026-09-01 04:49:06] Latest forecast (row 44) is pending. Evaluating...
[2026-09-01 04:49:06]   ForecastTime:    2026-08-31 05:13:19
[2026-09-01 04:49:06]   Rounded to:      2026-08-31 04:00:00
[2026-09-01 04:49:06]   Target windows:  2026-08-31 08:00:00 to 2026-09-01 04:00:00
[2026-09-01 04:49:06]   Data range:      2026-08-03 00:00:00 to 2026-09-01 04:00:00
[2026-09-01 04:49:06]   -> Updated ForecastDetails row 44.
[2026-09-01 04:49:06]   -> Metrics: last_actual=103.76, abs_error=2.16, pct_error=2.09%, mape=1.68%
[2026-09-01 04:49:06] Pending forecast evaluated.
[2026-09-01 04:49:06] 
[2026-09-01 04:49:06] --- STAGE 3: GENERATING NEW FORECAST ---
[2026-09-01 04:49:06] Running future forecast for horizon=6...
[2026-09-01 04:49:07] Logged new future forecast ID 44 at row 45. Pending actuals.
[2026-09-01 04:49:07] SOL-USD completed. Forecast ID: 44
