[2026-09-05 04:08:49] 
[2026-09-05 04:08:49] ================================================================================
[2026-09-05 04:08:49] PROCESSING SOL-USD
[2026-09-05 04:08:49] ================================================================================
[2026-09-05 04:08:49] 
[2026-09-05 04:08:49] --- STAGE 1: DOWNLOADING DATA ---
[2026-09-05 04:08:49] Downloading data for SOL-USD (period=30d, interval=4h)...
[2026-09-05 04:08:49] Data downloaded successfully. Total rows: 176
[2026-09-05 04:08:49] 
[2026-09-05 04:08:49] --- STAGE 2: EVALUATING LATEST FORECAST ---
[2026-09-05 04:08:49] Latest forecast (row 48) is pending. Evaluating...
[2026-09-05 04:08:49]   ForecastTime:    2026-09-04 04:12:54
[2026-09-05 04:08:49]   Rounded to:      2026-09-04 04:00:00
[2026-09-05 04:08:49]   Target windows:  2026-09-04 08:00:00 to 2026-09-05 04:00:00
[2026-09-05 04:08:49]   Data range:      2026-08-07 00:00:00 to 2026-09-05 04:00:00
[2026-09-05 04:08:49]   -> Updated ForecastDetails row 48.
[2026-09-05 04:08:49]   -> Metrics: last_actual=101.84, abs_error=1.92, pct_error=1.88%, mape=1.55%
[2026-09-05 04:08:49] Pending forecast evaluated.
[2026-09-05 04:08:49] 
[2026-09-05 04:08:49] --- STAGE 3: GENERATING NEW FORECAST ---
[2026-09-05 04:08:49] Running future forecast for horizon=6...
[2026-09-05 04:08:50] Logged new future forecast ID 48 at row 49. Pending actuals.
[2026-09-05 04:08:50] SOL-USD completed. Forecast ID: 48
