[2026-08-21 01:49:02] 
[2026-08-21 01:49:02] ================================================================================
[2026-08-21 01:49:02] PROCESSING SOL-USD
[2026-08-21 01:49:02] ================================================================================
[2026-08-21 01:49:02] 
[2026-08-21 01:49:02] --- STAGE 1: DOWNLOADING DATA ---
[2026-08-21 01:49:02] Downloading data for SOL-USD (period=30d, interval=4h)...
[2026-08-21 01:49:02] Data downloaded successfully. Total rows: 175
[2026-08-21 01:49:02] 
[2026-08-21 01:49:02] --- STAGE 2: EVALUATING LATEST FORECAST ---
[2026-08-21 01:49:02] Latest forecast (row 33) is pending. Evaluating...
[2026-08-21 01:49:02]   ForecastTime:    2026-08-20 01:43:45
[2026-08-21 01:49:02]   Rounded to:      2026-08-20 00:00:00
[2026-08-21 01:49:02]   Target windows:  2026-08-20 04:00:00 to 2026-08-21 00:00:00
[2026-08-21 01:49:02]   Data range:      2026-07-23 00:00:00 to 2026-08-21 00:00:00
[2026-08-21 01:49:02]   -> Updated ForecastDetails row 33.
[2026-08-21 01:49:02]   -> Metrics: last_actual=89.17, abs_error=6.68, pct_error=7.49%, mape=4.78%
[2026-08-21 01:49:02] Pending forecast evaluated.
[2026-08-21 01:49:02] 
[2026-08-21 01:49:02] --- STAGE 3: GENERATING NEW FORECAST ---
[2026-08-21 01:49:02] Running future forecast for horizon=6...
[2026-08-21 01:49:03] Logged new future forecast ID 33 at row 34. Pending actuals.
[2026-08-21 01:49:03] SOL-USD completed. Forecast ID: 33
