[2026-10-02 05:19:24] 
[2026-10-02 05:19:24] ================================================================================
[2026-10-02 05:19:24] PROCESSING SOL-USD
[2026-10-02 05:19:24] ================================================================================
[2026-10-02 05:19:24] 
[2026-10-02 05:19:24] --- STAGE 1: DOWNLOADING DATA ---
[2026-10-02 05:19:24] Downloading data for SOL-USD (period=30d, interval=4h)...
[2026-10-02 05:19:24] Data downloaded successfully. Total rows: 176
[2026-10-02 05:19:24] 
[2026-10-02 05:19:24] --- STAGE 2: EVALUATING LATEST FORECAST ---
[2026-10-02 05:19:24] Latest forecast (row 75) is pending. Evaluating...
[2026-10-02 05:19:24]   ForecastTime:    2026-10-01 05:31:49
[2026-10-02 05:19:24]   Rounded to:      2026-10-01 04:00:00
[2026-10-02 05:19:24]   Target windows:  2026-10-01 08:00:00 to 2026-10-02 04:00:00
[2026-10-02 05:19:24]   Data range:      2026-09-03 00:00:00 to 2026-10-02 04:00:00
[2026-10-02 05:19:24]   -> Updated ForecastDetails row 75.
[2026-10-02 05:19:24]   -> Metrics: last_actual=122.88, abs_error=3.42, pct_error=2.79%, mape=1.46%
[2026-10-02 05:19:24] Pending forecast evaluated.
[2026-10-02 05:19:24] 
[2026-10-02 05:19:24] --- STAGE 3: GENERATING NEW FORECAST ---
[2026-10-02 05:19:24] Running future forecast for horizon=6...
[2026-10-02 05:19:25] Logged new future forecast ID 75 at row 76. Pending actuals.
[2026-10-02 05:19:25] SOL-USD completed. Forecast ID: 75
