[2026-09-26 04:42:35] 
[2026-09-26 04:42:35] ================================================================================
[2026-09-26 04:42:35] PROCESSING SOL-USD
[2026-09-26 04:42:35] ================================================================================
[2026-09-26 04:42:35] 
[2026-09-26 04:42:35] --- STAGE 1: DOWNLOADING DATA ---
[2026-09-26 04:42:35] Downloading data for SOL-USD (period=30d, interval=4h)...
[2026-09-26 04:42:35] Data downloaded successfully. Total rows: 176
[2026-09-26 04:42:35] 
[2026-09-26 04:42:35] --- STAGE 2: EVALUATING LATEST FORECAST ---
[2026-09-26 04:42:35] Latest forecast (row 69) is pending. Evaluating...
[2026-09-26 04:42:35]   ForecastTime:    2026-09-25 04:38:47
[2026-09-26 04:42:35]   Rounded to:      2026-09-25 04:00:00
[2026-09-26 04:42:35]   Target windows:  2026-09-25 08:00:00 to 2026-09-26 04:00:00
[2026-09-26 04:42:35]   Data range:      2026-08-28 00:00:00 to 2026-09-26 04:00:00
[2026-09-26 04:42:35]   -> Updated ForecastDetails row 69.
[2026-09-26 04:42:35]   -> Metrics: last_actual=120.53, abs_error=4.08, pct_error=3.38%, mape=3.60%
[2026-09-26 04:42:35] Pending forecast evaluated.
[2026-09-26 04:42:35] 
[2026-09-26 04:42:35] --- STAGE 3: GENERATING NEW FORECAST ---
[2026-09-26 04:42:35] Running future forecast for horizon=6...
[2026-09-26 04:42:36] Logged new future forecast ID 69 at row 70. Pending actuals.
[2026-09-26 04:42:36] SOL-USD completed. Forecast ID: 69
