[2026-09-03 04:07:05] 
[2026-09-03 04:07:05] ================================================================================
[2026-09-03 04:07:05] PROCESSING SOL-USD
[2026-09-03 04:07:05] ================================================================================
[2026-09-03 04:07:05] 
[2026-09-03 04:07:05] --- STAGE 1: DOWNLOADING DATA ---
[2026-09-03 04:07:05] Downloading data for SOL-USD (period=60d, interval=1h)...
[2026-09-03 04:07:05] Data downloaded successfully. Total rows: 1421
[2026-09-03 04:07:05] 
[2026-09-03 04:07:05] --- STAGE 2: EVALUATING LATEST FORECAST ---
[2026-09-03 04:07:05] Latest forecast (row 46) is pending. Evaluating...
[2026-09-03 04:07:05]   ForecastTime:    2026-09-02 04:10:09
[2026-09-03 04:07:05]   Rounded to:      2026-09-02 04:00:00
[2026-09-03 04:07:05]   Target windows:  2026-09-02 05:00:00 to 2026-09-03 04:00:00
[2026-09-03 04:07:05]   Data range:      2026-07-06 00:00:00 to 2026-09-03 04:00:00
[2026-09-03 04:07:05]   -> Updated ForecastDetails row 46.
[2026-09-03 04:07:06]   -> Metrics: last_actual=100.59, abs_error=1.14, pct_error=1.13%, mape=0.70%
[2026-09-03 04:07:06] Pending forecast evaluated.
[2026-09-03 04:07:06] 
[2026-09-03 04:07:06] --- STAGE 3: GENERATING NEW FORECAST ---
[2026-09-03 04:07:06] Running future forecast for horizon=24...
[2026-09-03 04:07:06] Logged new future forecast ID 46 at row 47. Pending actuals.
[2026-09-03 04:07:06] SOL-USD completed. Forecast ID: 46
