[2026-09-10 04:20:03] 
[2026-09-10 04:20:03] ================================================================================
[2026-09-10 04:20:03] PROCESSING SOL-USD
[2026-09-10 04:20:03] ================================================================================
[2026-09-10 04:20:03] 
[2026-09-10 04:20:03] --- STAGE 1: DOWNLOADING DATA ---
[2026-09-10 04:20:03] Downloading data for SOL-USD (period=60d, interval=1h)...
[2026-09-10 04:20:04] Data downloaded successfully. Total rows: 1400
[2026-09-10 04:20:04] 
[2026-09-10 04:20:04] --- STAGE 2: EVALUATING LATEST FORECAST ---
[2026-09-10 04:20:04] Latest forecast (row 53) is pending. Evaluating...
[2026-09-10 04:20:04]   ForecastTime:    2026-09-09 04:23:15
[2026-09-10 04:20:04]   Rounded to:      2026-09-09 04:00:00
[2026-09-10 04:20:04]   Target windows:  2026-09-09 05:00:00 to 2026-09-10 04:00:00
[2026-09-10 04:20:04]   Data range:      2026-07-13 00:00:00 to 2026-09-10 04:00:00
[2026-09-10 04:20:04]   -> Updated ForecastDetails row 53.
[2026-09-10 04:20:04]   -> Metrics: last_actual=102.06, abs_error=1.34, pct_error=1.31%, mape=0.94%
[2026-09-10 04:20:04] Pending forecast evaluated.
[2026-09-10 04:20:04] 
[2026-09-10 04:20:04] --- STAGE 3: GENERATING NEW FORECAST ---
[2026-09-10 04:20:04] Running future forecast for horizon=24...
[2026-09-10 04:20:04] Logged new future forecast ID 53 at row 54. Pending actuals.
[2026-09-10 04:20:04] SOL-USD completed. Forecast ID: 53
