[2026-08-15 01:42:57] 
[2026-08-15 01:42:57] ================================================================================
[2026-08-15 01:42:57] PROCESSING SOL-USD
[2026-08-15 01:42:57] ================================================================================
[2026-08-15 01:42:57] 
[2026-08-15 01:42:57] --- STAGE 1: DOWNLOADING DATA ---
[2026-08-15 01:42:57] Downloading data for SOL-USD (period=60d, interval=1h)...
[2026-08-15 01:42:57] Data downloaded successfully. Total rows: 1395
[2026-08-15 01:42:57] 
[2026-08-15 01:42:57] --- STAGE 2: EVALUATING LATEST FORECAST ---
[2026-08-15 01:42:58] Latest forecast (row 27) is pending. Evaluating...
[2026-08-15 01:42:58]   ForecastTime:    2026-08-14 02:33:00
[2026-08-15 01:42:58]   Rounded to:      2026-08-14 02:00:00
[2026-08-15 01:42:58]   Target windows:  2026-08-14 03:00:00 to 2026-08-15 02:00:00
[2026-08-15 01:42:58]   Data range:      2026-06-17 00:00:00 to 2026-08-15 01:00:00
[2026-08-15 01:42:58]   -> Updated ForecastDetails row 27.
[2026-08-15 01:42:58]   -> Metrics: last_actual=75.35, abs_error=0.82, pct_error=1.09%, mape=1.01%
[2026-08-15 01:42:58] Pending forecast evaluated.
[2026-08-15 01:42:58] 
[2026-08-15 01:42:58] --- STAGE 3: GENERATING NEW FORECAST ---
[2026-08-15 01:42:58] Running future forecast for horizon=24...
[2026-08-15 01:42:58] Logged new future forecast ID 27 at row 28. Pending actuals.
[2026-08-15 01:42:58] SOL-USD completed. Forecast ID: 27
