[2026-09-07 04:15:51] 
[2026-09-07 04:15:51] ================================================================================
[2026-09-07 04:15:51] PROCESSING SOL-USD
[2026-09-07 04:15:51] ================================================================================
[2026-09-07 04:15:51] 
[2026-09-07 04:15:51] --- STAGE 1: DOWNLOADING DATA ---
[2026-09-07 04:15:51] Downloading data for SOL-USD (period=60d, interval=1h)...
[2026-09-07 04:15:51] Data downloaded successfully. Total rows: 1421
[2026-09-07 04:15:51] 
[2026-09-07 04:15:51] --- STAGE 2: EVALUATING LATEST FORECAST ---
[2026-09-07 04:15:52] Latest forecast (row 50) is pending. Evaluating...
[2026-09-07 04:15:52]   ForecastTime:    2026-09-06 04:16:33
[2026-09-07 04:15:52]   Rounded to:      2026-09-06 04:00:00
[2026-09-07 04:15:52]   Target windows:  2026-09-06 05:00:00 to 2026-09-07 04:00:00
[2026-09-07 04:15:52]   Data range:      2026-07-10 00:00:00 to 2026-09-07 04:00:00
[2026-09-07 04:15:52]   -> Updated ForecastDetails row 50.
[2026-09-07 04:15:52]   -> Metrics: last_actual=105.05, abs_error=0.16, pct_error=0.15%, mape=0.60%
[2026-09-07 04:15:52] Pending forecast evaluated.
[2026-09-07 04:15:52] 
[2026-09-07 04:15:52] --- STAGE 3: GENERATING NEW FORECAST ---
[2026-09-07 04:15:52] Running future forecast for horizon=24...
[2026-09-07 04:15:52] Logged new future forecast ID 50 at row 51. Pending actuals.
[2026-09-07 04:15:52] SOL-USD completed. Forecast ID: 50
