[2026-09-05 04:08:42] 
[2026-09-05 04:08:42] ================================================================================
[2026-09-05 04:08:42] PROCESSING SOL-USD
[2026-09-05 04:08:42] ================================================================================
[2026-09-05 04:08:42] 
[2026-09-05 04:08:42] --- STAGE 1: DOWNLOADING DATA ---
[2026-09-05 04:08:42] Downloading data for SOL-USD (period=60d, interval=1h)...
[2026-09-05 04:08:42] Data downloaded successfully. Total rows: 1421
[2026-09-05 04:08:42] 
[2026-09-05 04:08:42] --- STAGE 2: EVALUATING LATEST FORECAST ---
[2026-09-05 04:08:42] Latest forecast (row 48) is pending. Evaluating...
[2026-09-05 04:08:42]   ForecastTime:    2026-09-04 04:12:46
[2026-09-05 04:08:42]   Rounded to:      2026-09-04 04:00:00
[2026-09-05 04:08:42]   Target windows:  2026-09-04 05:00:00 to 2026-09-05 04:00:00
[2026-09-05 04:08:42]   Data range:      2026-07-08 00:00:00 to 2026-09-05 04:00:00
[2026-09-05 04:08:42]   -> Updated ForecastDetails row 48.
[2026-09-05 04:08:42]   -> Metrics: last_actual=101.83, abs_error=1.34, pct_error=1.31%, mape=1.33%
[2026-09-05 04:08:42] Pending forecast evaluated.
[2026-09-05 04:08:42] 
[2026-09-05 04:08:42] --- STAGE 3: GENERATING NEW FORECAST ---
[2026-09-05 04:08:42] Running future forecast for horizon=24...
[2026-09-05 04:08:43] Logged new future forecast ID 48 at row 49. Pending actuals.
[2026-09-05 04:08:43] SOL-USD completed. Forecast ID: 48
