[2026-08-25 01:43:51] 
[2026-08-25 01:43:51] ================================================================================
[2026-08-25 01:43:51] PROCESSING SOL-USD
[2026-08-25 01:43:51] ================================================================================
[2026-08-25 01:43:51] 
[2026-08-25 01:43:51] --- STAGE 1: DOWNLOADING DATA ---
[2026-08-25 01:43:51] Downloading data for SOL-USD (period=60d, interval=1h)...
[2026-08-25 01:43:52] Data downloaded successfully. Total rows: 1416
[2026-08-25 01:43:52] 
[2026-08-25 01:43:52] --- STAGE 2: EVALUATING LATEST FORECAST ---
[2026-08-25 01:43:52] Latest forecast (row 37) is pending. Evaluating...
[2026-08-25 01:43:52]   ForecastTime:    2026-08-24 01:49:31
[2026-08-25 01:43:52]   Rounded to:      2026-08-24 01:00:00
[2026-08-25 01:43:52]   Target windows:  2026-08-24 02:00:00 to 2026-08-25 01:00:00
[2026-08-25 01:43:52]   Data range:      2026-06-27 00:00:00 to 2026-08-25 01:00:00
[2026-08-25 01:43:52]   -> Updated ForecastDetails row 37.
[2026-08-25 01:43:52]   -> Metrics: last_actual=101.46, abs_error=7.52, pct_error=7.41%, mape=2.21%
[2026-08-25 01:43:52] Pending forecast evaluated.
[2026-08-25 01:43:52] 
[2026-08-25 01:43:52] --- STAGE 3: GENERATING NEW FORECAST ---
[2026-08-25 01:43:52] Running future forecast for horizon=24...
[2026-08-25 01:43:52] Logged new future forecast ID 37 at row 38. Pending actuals.
[2026-08-25 01:43:52] SOL-USD completed. Forecast ID: 37
