[2026-08-09 02:19:04] 
[2026-08-09 02:19:04] ================================================================================
[2026-08-09 02:19:04] PROCESSING SOL-USD
[2026-08-09 02:19:04] ================================================================================
[2026-08-09 02:19:04] 
[2026-08-09 02:19:04] --- STAGE 1: DOWNLOADING DATA ---
[2026-08-09 02:19:04] Downloading data for SOL-USD (period=60d, interval=1h)...
[2026-08-09 02:19:05] Data downloaded successfully. Total rows: 1419
[2026-08-09 02:19:05] 
[2026-08-09 02:19:05] --- STAGE 2: EVALUATING LATEST FORECAST ---
[2026-08-09 02:19:05] Latest forecast (row 21) is pending. Evaluating...
[2026-08-09 02:19:05]   ForecastTime:    2026-08-08 02:08:02
[2026-08-09 02:19:05]   Rounded to:      2026-08-08 02:00:00
[2026-08-09 02:19:05]   Target windows:  2026-08-08 03:00:00 to 2026-08-09 02:00:00
[2026-08-09 02:19:05]   Data range:      2026-06-11 00:00:00 to 2026-08-09 02:00:00
[2026-08-09 02:19:05]   -> Updated ForecastDetails row 21.
[2026-08-09 02:19:05]   -> Metrics: last_actual=75.80, abs_error=1.94, pct_error=2.56%, mape=2.18%
[2026-08-09 02:19:05] Pending forecast evaluated.
[2026-08-09 02:19:05] 
[2026-08-09 02:19:05] --- STAGE 3: GENERATING NEW FORECAST ---
[2026-08-09 02:19:05] Running future forecast for horizon=24...
[2026-08-09 02:19:05] Logged new future forecast ID 21 at row 22. Pending actuals.
[2026-08-09 02:19:05] SOL-USD completed. Forecast ID: 21
