[2026-07-25 03:29:11] 
[2026-07-25 03:29:11] ================================================================================
[2026-07-25 03:29:11] PROCESSING SOL-USD
[2026-07-25 03:29:11] ================================================================================
[2026-07-25 03:29:11] 
[2026-07-25 03:29:11] --- STAGE 1: DOWNLOADING DATA ---
[2026-07-25 03:29:11] Downloading data for SOL-USD (period=60d, interval=1h)...
[2026-07-25 03:29:12] Data downloaded successfully. Total rows: 1399
[2026-07-25 03:29:12] 
[2026-07-25 03:29:12] --- STAGE 2: EVALUATING LATEST FORECAST ---
[2026-07-25 03:29:12] Latest forecast (row 6) is pending. Evaluating...
[2026-07-25 03:29:12]   ForecastTime:    2026-07-24 03:31:20
[2026-07-25 03:29:12]   Rounded to:      2026-07-24 03:00:00
[2026-07-25 03:29:12]   Target windows:  2026-07-24 04:00:00 to 2026-07-25 03:00:00
[2026-07-25 03:29:12]   Data range:      2026-05-27 00:00:00 to 2026-07-25 03:00:00
[2026-07-25 03:29:12]   -> Updated ForecastDetails row 6.
[2026-07-25 03:29:12]   -> Metrics: last_actual=74.19, abs_error=1.22, pct_error=1.65%, mape=1.43%
[2026-07-25 03:29:12] Pending forecast evaluated.
[2026-07-25 03:29:12] 
[2026-07-25 03:29:12] --- STAGE 3: GENERATING NEW FORECAST ---
[2026-07-25 03:29:12] Running future forecast for horizon=24...
[2026-07-25 03:29:12] Logged new future forecast ID 6 at row 7. Pending actuals.
[2026-07-25 03:29:12] SOL-USD completed. Forecast ID: 6
