[2026-08-16 01:49:59] 
[2026-08-16 01:49:59] ================================================================================
[2026-08-16 01:49:59] PROCESSING SOL-USD
[2026-08-16 01:49:59] ================================================================================
[2026-08-16 01:49:59] 
[2026-08-16 01:49:59] --- STAGE 1: DOWNLOADING DATA ---
[2026-08-16 01:49:59] Downloading data for SOL-USD (period=60d, interval=1h)...
[2026-08-16 01:49:59] Data downloaded successfully. Total rows: 1418
[2026-08-16 01:49:59] 
[2026-08-16 01:49:59] --- STAGE 2: EVALUATING LATEST FORECAST ---
[2026-08-16 01:49:59] Latest forecast (row 28) is pending. Evaluating...
[2026-08-16 01:49:59]   ForecastTime:    2026-08-15 01:42:58
[2026-08-16 01:49:59]   Rounded to:      2026-08-15 01:00:00
[2026-08-16 01:49:59]   Target windows:  2026-08-15 02:00:00 to 2026-08-16 01:00:00
[2026-08-16 01:49:59]   Data range:      2026-06-18 00:00:00 to 2026-08-16 01:00:00
[2026-08-16 01:49:59]   -> Updated ForecastDetails row 28.
[2026-08-16 01:50:00]   -> Metrics: last_actual=75.37, abs_error=0.04, pct_error=0.06%, mape=0.15%
[2026-08-16 01:50:00] Pending forecast evaluated.
[2026-08-16 01:50:00] 
[2026-08-16 01:50:00] --- STAGE 3: GENERATING NEW FORECAST ---
[2026-08-16 01:50:00] Running future forecast for horizon=24...
[2026-08-16 01:50:00] Logged new future forecast ID 28 at row 29. Pending actuals.
[2026-08-16 01:50:00] SOL-USD completed. Forecast ID: 28
