[2026-08-13 02:34:11] 
[2026-08-13 02:34:11] ================================================================================
[2026-08-13 02:34:11] PROCESSING SOL-USD
[2026-08-13 02:34:11] ================================================================================
[2026-08-13 02:34:11] 
[2026-08-13 02:34:11] --- STAGE 1: DOWNLOADING DATA ---
[2026-08-13 02:34:11] Downloading data for SOL-USD (period=60d, interval=1h)...
[2026-08-13 02:34:11] Data downloaded successfully. Total rows: 1419
[2026-08-13 02:34:11] 
[2026-08-13 02:34:11] --- STAGE 2: EVALUATING LATEST FORECAST ---
[2026-08-13 02:34:11] Latest forecast (row 25) is pending. Evaluating...
[2026-08-13 02:34:11]   ForecastTime:    2026-08-12 02:32:44
[2026-08-13 02:34:11]   Rounded to:      2026-08-12 02:00:00
[2026-08-13 02:34:11]   Target windows:  2026-08-12 03:00:00 to 2026-08-13 02:00:00
[2026-08-13 02:34:11]   Data range:      2026-06-15 00:00:00 to 2026-08-13 02:00:00
[2026-08-13 02:34:11]   -> Updated ForecastDetails row 25.
[2026-08-13 02:34:11]   -> Metrics: last_actual=75.50, abs_error=0.98, pct_error=1.30%, mape=0.78%
[2026-08-13 02:34:11] Pending forecast evaluated.
[2026-08-13 02:34:11] 
[2026-08-13 02:34:11] --- STAGE 3: GENERATING NEW FORECAST ---
[2026-08-13 02:34:11] Running future forecast for horizon=24...
[2026-08-13 02:34:12] Logged new future forecast ID 25 at row 26. Pending actuals.
[2026-08-13 02:34:12] SOL-USD completed. Forecast ID: 25
