[2026-09-23 04:30:07] 
[2026-09-23 04:30:07] ================================================================================
[2026-09-23 04:30:07] PROCESSING SOL-USD
[2026-09-23 04:30:07] ================================================================================
[2026-09-23 04:30:07] 
[2026-09-23 04:30:07] --- STAGE 1: DOWNLOADING DATA ---
[2026-09-23 04:30:07] Downloading data for SOL-USD (period=60d, interval=1h)...
[2026-09-23 04:30:08] Data downloaded successfully. Total rows: 1421
[2026-09-23 04:30:08] 
[2026-09-23 04:30:08] --- STAGE 2: EVALUATING LATEST FORECAST ---
[2026-09-23 04:30:08] Latest forecast (row 66) is pending. Evaluating...
[2026-09-23 04:30:08]   ForecastTime:    2026-09-22 04:33:44
[2026-09-23 04:30:08]   Rounded to:      2026-09-22 04:00:00
[2026-09-23 04:30:08]   Target windows:  2026-09-22 05:00:00 to 2026-09-23 04:00:00
[2026-09-23 04:30:08]   Data range:      2026-07-26 00:00:00 to 2026-09-23 04:00:00
[2026-09-23 04:30:08]   -> Updated ForecastDetails row 66.
[2026-09-23 04:30:08]   -> Metrics: last_actual=119.44, abs_error=4.22, pct_error=3.53%, mape=1.78%
[2026-09-23 04:30:08] Pending forecast evaluated.
[2026-09-23 04:30:08] 
[2026-09-23 04:30:08] --- STAGE 3: GENERATING NEW FORECAST ---
[2026-09-23 04:30:08] Running future forecast for horizon=24...
[2026-09-23 04:30:08] Logged new future forecast ID 66 at row 67. Pending actuals.
[2026-09-23 04:30:08] SOL-USD completed. Forecast ID: 66
