[2026-09-04 04:12:45] 
[2026-09-04 04:12:45] ================================================================================
[2026-09-04 04:12:45] PROCESSING SOL-USD
[2026-09-04 04:12:45] ================================================================================
[2026-09-04 04:12:45] 
[2026-09-04 04:12:45] --- STAGE 1: DOWNLOADING DATA ---
[2026-09-04 04:12:45] Downloading data for SOL-USD (period=60d, interval=1h)...
[2026-09-04 04:12:45] Data downloaded successfully. Total rows: 1400
[2026-09-04 04:12:45] 
[2026-09-04 04:12:45] --- STAGE 2: EVALUATING LATEST FORECAST ---
[2026-09-04 04:12:45] Latest forecast (row 47) is pending. Evaluating...
[2026-09-04 04:12:45]   ForecastTime:    2026-09-03 04:07:06
[2026-09-04 04:12:45]   Rounded to:      2026-09-03 04:00:00
[2026-09-04 04:12:45]   Target windows:  2026-09-03 05:00:00 to 2026-09-04 04:00:00
[2026-09-04 04:12:45]   Data range:      2026-07-07 00:00:00 to 2026-09-04 04:00:00
[2026-09-04 04:12:45]   -> Updated ForecastDetails row 47.
[2026-09-04 04:12:45]   -> Metrics: last_actual=103.63, abs_error=3.23, pct_error=3.11%, mape=2.53%
[2026-09-04 04:12:45] Pending forecast evaluated.
[2026-09-04 04:12:45] 
[2026-09-04 04:12:45] --- STAGE 3: GENERATING NEW FORECAST ---
[2026-09-04 04:12:45] Running future forecast for horizon=24...
[2026-09-04 04:12:46] Logged new future forecast ID 47 at row 48. Pending actuals.
[2026-09-04 04:12:46] SOL-USD completed. Forecast ID: 47
