[2026-10-05 05:18:12] 
[2026-10-05 05:18:12] ================================================================================
[2026-10-05 05:18:12] PROCESSING SOL-USD
[2026-10-05 05:18:12] ================================================================================
[2026-10-05 05:18:12] 
[2026-10-05 05:18:12] --- STAGE 1: DOWNLOADING DATA ---
[2026-10-05 05:18:12] Downloading data for SOL-USD (period=60d, interval=1h)...
[2026-10-05 05:18:13] Data downloaded successfully. Total rows: 1422
[2026-10-05 05:18:13] 
[2026-10-05 05:18:13] --- STAGE 2: EVALUATING LATEST FORECAST ---
[2026-10-05 05:18:13] Latest forecast (row 78) is pending. Evaluating...
[2026-10-05 05:18:13]   ForecastTime:    2026-10-04 05:34:30
[2026-10-05 05:18:13]   Rounded to:      2026-10-04 05:00:00
[2026-10-05 05:18:13]   Target windows:  2026-10-04 06:00:00 to 2026-10-05 05:00:00
[2026-10-05 05:18:13]   Data range:      2026-08-07 00:00:00 to 2026-10-05 05:00:00
[2026-10-05 05:18:13]   -> Updated ForecastDetails row 78.
[2026-10-05 05:18:13]   -> Metrics: last_actual=120.17, abs_error=0.87, pct_error=0.73%, mape=0.36%
[2026-10-05 05:18:13] Pending forecast evaluated.
[2026-10-05 05:18:13] 
[2026-10-05 05:18:13] --- STAGE 3: GENERATING NEW FORECAST ---
[2026-10-05 05:18:13] Running future forecast for horizon=24...
[2026-10-05 05:18:14] Logged new future forecast ID 78 at row 79. Pending actuals.
[2026-10-05 05:18:14] SOL-USD completed. Forecast ID: 78
