[2026-09-17 04:38:38] 
[2026-09-17 04:38:38] ================================================================================
[2026-09-17 04:38:38] PROCESSING SOL-USD
[2026-09-17 04:38:38] ================================================================================
[2026-09-17 04:38:38] 
[2026-09-17 04:38:38] --- STAGE 1: DOWNLOADING DATA ---
[2026-09-17 04:38:38] Downloading data for SOL-USD (period=60d, interval=1h)...
[2026-09-17 04:38:39] Data downloaded successfully. Total rows: 1421
[2026-09-17 04:38:39] 
[2026-09-17 04:38:39] --- STAGE 2: EVALUATING LATEST FORECAST ---
[2026-09-17 04:38:39] Latest forecast (row 60) is pending. Evaluating...
[2026-09-17 04:38:39]   ForecastTime:    2026-09-16 04:33:15
[2026-09-17 04:38:39]   Rounded to:      2026-09-16 04:00:00
[2026-09-17 04:38:39]   Target windows:  2026-09-16 05:00:00 to 2026-09-17 04:00:00
[2026-09-17 04:38:39]   Data range:      2026-07-20 00:00:00 to 2026-09-17 04:00:00
[2026-09-17 04:38:39]   -> Updated ForecastDetails row 60.
[2026-09-17 04:38:39]   -> Metrics: last_actual=99.34, abs_error=1.65, pct_error=1.66%, mape=0.66%
[2026-09-17 04:38:39] Pending forecast evaluated.
[2026-09-17 04:38:39] 
[2026-09-17 04:38:39] --- STAGE 3: GENERATING NEW FORECAST ---
[2026-09-17 04:38:39] Running future forecast for horizon=24...
[2026-09-17 04:38:39] Logged new future forecast ID 60 at row 61. Pending actuals.
[2026-09-17 04:38:39] SOL-USD completed. Forecast ID: 60
