[2026-09-26 04:42:28] 
[2026-09-26 04:42:28] ================================================================================
[2026-09-26 04:42:28] PROCESSING SOL-USD
[2026-09-26 04:42:28] ================================================================================
[2026-09-26 04:42:28] 
[2026-09-26 04:42:28] --- STAGE 1: DOWNLOADING DATA ---
[2026-09-26 04:42:28] Downloading data for SOL-USD (period=60d, interval=1h)...
[2026-09-26 04:42:28] Data downloaded successfully. Total rows: 1421
[2026-09-26 04:42:28] 
[2026-09-26 04:42:28] --- STAGE 2: EVALUATING LATEST FORECAST ---
[2026-09-26 04:42:28] Latest forecast (row 69) is pending. Evaluating...
[2026-09-26 04:42:28]   ForecastTime:    2026-09-25 04:38:39
[2026-09-26 04:42:28]   Rounded to:      2026-09-25 04:00:00
[2026-09-26 04:42:28]   Target windows:  2026-09-25 05:00:00 to 2026-09-26 04:00:00
[2026-09-26 04:42:28]   Data range:      2026-07-29 00:00:00 to 2026-09-26 04:00:00
[2026-09-26 04:42:28]   -> Updated ForecastDetails row 69.
[2026-09-26 04:42:28]   -> Metrics: last_actual=120.54, abs_error=3.86, pct_error=3.20%, mape=2.88%
[2026-09-26 04:42:28] Pending forecast evaluated.
[2026-09-26 04:42:28] 
[2026-09-26 04:42:28] --- STAGE 3: GENERATING NEW FORECAST ---
[2026-09-26 04:42:28] Running future forecast for horizon=24...
[2026-09-26 04:42:29] Logged new future forecast ID 69 at row 70. Pending actuals.
[2026-09-26 04:42:29] SOL-USD completed. Forecast ID: 69
