[2026-08-22 01:41:58] 
[2026-08-22 01:41:58] ================================================================================
[2026-08-22 01:41:58] PROCESSING SOL-USD
[2026-08-22 01:41:58] ================================================================================
[2026-08-22 01:41:58] 
[2026-08-22 01:41:58] --- STAGE 1: DOWNLOADING DATA ---
[2026-08-22 01:41:58] Downloading data for SOL-USD (period=60d, interval=1h)...
[2026-08-22 01:41:58] Data downloaded successfully. Total rows: 1395
[2026-08-22 01:41:58] 
[2026-08-22 01:41:58] --- STAGE 2: EVALUATING LATEST FORECAST ---
[2026-08-22 01:41:58] Latest forecast (row 34) is pending. Evaluating...
[2026-08-22 01:41:58]   ForecastTime:    2026-08-21 01:48:56
[2026-08-22 01:41:58]   Rounded to:      2026-08-21 01:00:00
[2026-08-22 01:41:58]   Target windows:  2026-08-21 02:00:00 to 2026-08-22 01:00:00
[2026-08-22 01:41:58]   Data range:      2026-06-24 00:00:00 to 2026-08-22 01:00:00
[2026-08-22 01:41:58]   -> Updated ForecastDetails row 34.
[2026-08-22 01:41:58]   -> Metrics: last_actual=94.01, abs_error=5.44, pct_error=5.78%, mape=3.01%
[2026-08-22 01:41:58] Pending forecast evaluated.
[2026-08-22 01:41:58] 
[2026-08-22 01:41:58] --- STAGE 3: GENERATING NEW FORECAST ---
[2026-08-22 01:41:58] Running future forecast for horizon=24...
[2026-08-22 01:41:59] Logged new future forecast ID 34 at row 35. Pending actuals.
[2026-08-22 01:41:59] SOL-USD completed. Forecast ID: 34
