[2026-09-18 04:23:54] 
[2026-09-18 04:23:54] ================================================================================
[2026-09-18 04:23:54] PROCESSING SOL-USD
[2026-09-18 04:23:54] ================================================================================
[2026-09-18 04:23:54] 
[2026-09-18 04:23:54] --- STAGE 1: DOWNLOADING DATA ---
[2026-09-18 04:23:54] Downloading data for SOL-USD (period=60d, interval=1h)...
[2026-09-18 04:23:55] Data downloaded successfully. Total rows: 1421
[2026-09-18 04:23:55] 
[2026-09-18 04:23:55] --- STAGE 2: EVALUATING LATEST FORECAST ---
[2026-09-18 04:23:55] Latest forecast (row 61) is pending. Evaluating...
[2026-09-18 04:23:55]   ForecastTime:    2026-09-17 04:38:39
[2026-09-18 04:23:55]   Rounded to:      2026-09-17 04:00:00
[2026-09-18 04:23:55]   Target windows:  2026-09-17 05:00:00 to 2026-09-18 04:00:00
[2026-09-18 04:23:55]   Data range:      2026-07-21 00:00:00 to 2026-09-18 04:00:00
[2026-09-18 04:23:55]   -> Updated ForecastDetails row 61.
[2026-09-18 04:23:55]   -> Metrics: last_actual=105.04, abs_error=5.74, pct_error=5.46%, mape=1.66%
[2026-09-18 04:23:55] Pending forecast evaluated.
[2026-09-18 04:23:55] 
[2026-09-18 04:23:55] --- STAGE 3: GENERATING NEW FORECAST ---
[2026-09-18 04:23:55] Running future forecast for horizon=24...
[2026-09-18 04:23:56] Logged new future forecast ID 61 at row 62. Pending actuals.
[2026-09-18 04:23:56] SOL-USD completed. Forecast ID: 61
