[2026-08-24 01:49:30] 
[2026-08-24 01:49:30] ================================================================================
[2026-08-24 01:49:30] PROCESSING SOL-USD
[2026-08-24 01:49:30] ================================================================================
[2026-08-24 01:49:30] 
[2026-08-24 01:49:30] --- STAGE 1: DOWNLOADING DATA ---
[2026-08-24 01:49:30] Downloading data for SOL-USD (period=60d, interval=1h)...
[2026-08-24 01:49:30] Data downloaded successfully. Total rows: 1397
[2026-08-24 01:49:30] 
[2026-08-24 01:49:30] --- STAGE 2: EVALUATING LATEST FORECAST ---
[2026-08-24 01:49:30] Latest forecast (row 36) is pending. Evaluating...
[2026-08-24 01:49:30]   ForecastTime:    2026-08-23 01:51:52
[2026-08-24 01:49:30]   Rounded to:      2026-08-23 01:00:00
[2026-08-24 01:49:30]   Target windows:  2026-08-23 02:00:00 to 2026-08-24 01:00:00
[2026-08-24 01:49:30]   Data range:      2026-06-26 00:00:00 to 2026-08-24 01:00:00
[2026-08-24 01:49:30]   -> Updated ForecastDetails row 36.
[2026-08-24 01:49:31]   -> Metrics: last_actual=94.19, abs_error=1.39, pct_error=1.47%, mape=1.27%
[2026-08-24 01:49:31] Pending forecast evaluated.
[2026-08-24 01:49:31] 
[2026-08-24 01:49:31] --- STAGE 3: GENERATING NEW FORECAST ---
[2026-08-24 01:49:31] Running future forecast for horizon=24...
[2026-08-24 01:49:31] Logged new future forecast ID 36 at row 37. Pending actuals.
[2026-08-24 01:49:31] SOL-USD completed. Forecast ID: 36
