[2026-10-06 06:02:20] 
[2026-10-06 06:02:20] ================================================================================
[2026-10-06 06:02:20] PROCESSING SOL-USD
[2026-10-06 06:02:20] ================================================================================
[2026-10-06 06:02:20] 
[2026-10-06 06:02:20] --- STAGE 1: DOWNLOADING DATA ---
[2026-10-06 06:02:20] Downloading data for SOL-USD (period=60d, interval=1h)...
[2026-10-06 06:02:20] Data downloaded successfully. Total rows: 1423
[2026-10-06 06:02:20] 
[2026-10-06 06:02:20] --- STAGE 2: EVALUATING LATEST FORECAST ---
[2026-10-06 06:02:20] Latest forecast (row 79) is pending. Evaluating...
[2026-10-06 06:02:20]   ForecastTime:    2026-10-05 05:18:14
[2026-10-06 06:02:20]   Rounded to:      2026-10-05 05:00:00
[2026-10-06 06:02:20]   Target windows:  2026-10-05 06:00:00 to 2026-10-06 05:00:00
[2026-10-06 06:02:20]   Data range:      2026-08-08 00:00:00 to 2026-10-06 06:00:00
[2026-10-06 06:02:21]   -> Updated ForecastDetails row 79.
[2026-10-06 06:02:21]   -> Metrics: last_actual=119.78, abs_error=0.05, pct_error=0.04%, mape=0.62%
[2026-10-06 06:02:21] Pending forecast evaluated.
[2026-10-06 06:02:21] 
[2026-10-06 06:02:21] --- STAGE 3: GENERATING NEW FORECAST ---
[2026-10-06 06:02:21] Running future forecast for horizon=24...
[2026-10-06 06:02:21] Logged new future forecast ID 79 at row 80. Pending actuals.
[2026-10-06 06:02:21] SOL-USD completed. Forecast ID: 79
