[2026-08-11 02:14:58] 
[2026-08-11 02:14:58] ================================================================================
[2026-08-11 02:14:58] PROCESSING SOL-USD
[2026-08-11 02:14:58] ================================================================================
[2026-08-11 02:14:58] 
[2026-08-11 02:14:58] --- STAGE 1: DOWNLOADING DATA ---
[2026-08-11 02:14:58] Downloading data for SOL-USD (period=60d, interval=1h)...
[2026-08-11 02:14:58] Data downloaded successfully. Total rows: 1417
[2026-08-11 02:14:58] 
[2026-08-11 02:14:58] --- STAGE 2: EVALUATING LATEST FORECAST ---
[2026-08-11 02:14:58] Latest forecast (row 23) is pending. Evaluating...
[2026-08-11 02:14:58]   ForecastTime:    2026-08-10 02:24:24
[2026-08-11 02:14:58]   Rounded to:      2026-08-10 02:00:00
[2026-08-11 02:14:58]   Target windows:  2026-08-10 03:00:00 to 2026-08-11 02:00:00
[2026-08-11 02:14:58]   Data range:      2026-06-13 00:00:00 to 2026-08-11 02:00:00
[2026-08-11 02:14:58]   -> Updated ForecastDetails row 23.
[2026-08-11 02:14:59]   -> Metrics: last_actual=76.02, abs_error=0.10, pct_error=0.13%, mape=0.41%
[2026-08-11 02:14:59] Pending forecast evaluated.
[2026-08-11 02:14:59] 
[2026-08-11 02:14:59] --- STAGE 3: GENERATING NEW FORECAST ---
[2026-08-11 02:14:59] Running future forecast for horizon=24...
[2026-08-11 02:14:59] Logged new future forecast ID 23 at row 24. Pending actuals.
[2026-08-11 02:14:59] SOL-USD completed. Forecast ID: 23
