[2026-08-19 01:44:35] 
[2026-08-19 01:44:35] ================================================================================
[2026-08-19 01:44:35] PROCESSING SOL-USD
[2026-08-19 01:44:35] ================================================================================
[2026-08-19 01:44:35] 
[2026-08-19 01:44:35] --- STAGE 1: DOWNLOADING DATA ---
[2026-08-19 01:44:35] Downloading data for SOL-USD (period=60d, interval=1h)...
[2026-08-19 01:44:35] Data downloaded successfully. Total rows: 1418
[2026-08-19 01:44:35] 
[2026-08-19 01:44:35] --- STAGE 2: EVALUATING LATEST FORECAST ---
[2026-08-19 01:44:35] Latest forecast (row 31) is pending. Evaluating...
[2026-08-19 01:44:35]   ForecastTime:    2026-08-18 01:42:52
[2026-08-19 01:44:35]   Rounded to:      2026-08-18 01:00:00
[2026-08-19 01:44:35]   Target windows:  2026-08-18 02:00:00 to 2026-08-19 01:00:00
[2026-08-19 01:44:35]   Data range:      2026-06-21 00:00:00 to 2026-08-19 01:00:00
[2026-08-19 01:44:35]   -> Updated ForecastDetails row 31.
[2026-08-19 01:44:35]   -> Metrics: last_actual=76.69, abs_error=1.01, pct_error=1.31%, mape=1.00%
[2026-08-19 01:44:35] Pending forecast evaluated.
[2026-08-19 01:44:35] 
[2026-08-19 01:44:35] --- STAGE 3: GENERATING NEW FORECAST ---
[2026-08-19 01:44:35] Running future forecast for horizon=24...
[2026-08-19 01:44:36] Logged new future forecast ID 31 at row 32. Pending actuals.
[2026-08-19 01:44:36] SOL-USD completed. Forecast ID: 31
