[2026-09-14 04:37:31] 
[2026-09-14 04:37:31] ================================================================================
[2026-09-14 04:37:31] PROCESSING SOL-USD
[2026-09-14 04:37:31] ================================================================================
[2026-09-14 04:37:31] 
[2026-09-14 04:37:31] --- STAGE 1: DOWNLOADING DATA ---
[2026-09-14 04:37:31] Downloading data for SOL-USD (period=60d, interval=1h)...
[2026-09-14 04:37:32] Data downloaded successfully. Total rows: 1421
[2026-09-14 04:37:32] 
[2026-09-14 04:37:32] --- STAGE 2: EVALUATING LATEST FORECAST ---
[2026-09-14 04:37:32] Latest forecast (row 57) is pending. Evaluating...
[2026-09-14 04:37:32]   ForecastTime:    2026-09-13 04:31:12
[2026-09-14 04:37:32]   Rounded to:      2026-09-13 04:00:00
[2026-09-14 04:37:32]   Target windows:  2026-09-13 05:00:00 to 2026-09-14 04:00:00
[2026-09-14 04:37:32]   Data range:      2026-07-17 00:00:00 to 2026-09-14 04:00:00
[2026-09-14 04:37:32]   -> Updated ForecastDetails row 57.
[2026-09-14 04:37:32]   -> Metrics: last_actual=101.04, abs_error=0.44, pct_error=0.44%, mape=1.11%
[2026-09-14 04:37:32] Pending forecast evaluated.
[2026-09-14 04:37:32] 
[2026-09-14 04:37:32] --- STAGE 3: GENERATING NEW FORECAST ---
[2026-09-14 04:37:32] Running future forecast for horizon=24...
[2026-09-14 04:37:32] Logged new future forecast ID 57 at row 58. Pending actuals.
[2026-09-14 04:37:32] SOL-USD completed. Forecast ID: 57
