[2026-07-30 02:58:00] 
[2026-07-30 02:58:00] ================================================================================
[2026-07-30 02:58:00] PROCESSING SOL-USD
[2026-07-30 02:58:00] ================================================================================
[2026-07-30 02:58:00] 
[2026-07-30 02:58:00] --- STAGE 1: DOWNLOADING DATA ---
[2026-07-30 02:58:00] Downloading data for SOL-USD (period=60d, interval=1h)...
[2026-07-30 02:58:00] Data downloaded successfully. Total rows: 1398
[2026-07-30 02:58:00] 
[2026-07-30 02:58:00] --- STAGE 2: EVALUATING LATEST FORECAST ---
[2026-07-30 02:58:00] Latest forecast (row 11) is pending. Evaluating...
[2026-07-30 02:58:00]   ForecastTime:    2026-07-29 03:23:43
[2026-07-30 02:58:00]   Rounded to:      2026-07-29 03:00:00
[2026-07-30 02:58:00]   Target windows:  2026-07-29 04:00:00 to 2026-07-30 03:00:00
[2026-07-30 02:58:00]   Data range:      2026-06-01 00:00:00 to 2026-07-30 02:00:00
[2026-07-30 02:58:00]   -> Updated ForecastDetails row 11.
[2026-07-30 02:58:00]   -> Metrics: last_actual=73.77, abs_error=0.25, pct_error=0.34%, mape=0.54%
[2026-07-30 02:58:00] Pending forecast evaluated.
[2026-07-30 02:58:00] 
[2026-07-30 02:58:00] --- STAGE 3: GENERATING NEW FORECAST ---
[2026-07-30 02:58:00] Running future forecast for horizon=24...
[2026-07-30 02:58:01] Logged new future forecast ID 11 at row 12. Pending actuals.
[2026-07-30 02:58:01] SOL-USD completed. Forecast ID: 11
