[2026-08-06 03:23:49] 
[2026-08-06 03:23:49] ================================================================================
[2026-08-06 03:23:49] PROCESSING SOL-USD
[2026-08-06 03:23:49] ================================================================================
[2026-08-06 03:23:49] 
[2026-08-06 03:23:49] --- STAGE 1: DOWNLOADING DATA ---
[2026-08-06 03:23:49] Downloading data for SOL-USD (period=60d, interval=1h)...
[2026-08-06 03:23:49] Data downloaded successfully. Total rows: 1420
[2026-08-06 03:23:49] 
[2026-08-06 03:23:49] --- STAGE 2: EVALUATING LATEST FORECAST ---
[2026-08-06 03:23:49] Latest forecast (row 18) is pending. Evaluating...
[2026-08-06 03:23:49]   ForecastTime:    2026-08-05 03:21:04
[2026-08-06 03:23:49]   Rounded to:      2026-08-05 03:00:00
[2026-08-06 03:23:49]   Target windows:  2026-08-05 04:00:00 to 2026-08-06 03:00:00
[2026-08-06 03:23:49]   Data range:      2026-06-08 00:00:00 to 2026-08-06 03:00:00
[2026-08-06 03:23:49]   -> Updated ForecastDetails row 18.
[2026-08-06 03:23:49]   -> Metrics: last_actual=73.45, abs_error=0.34, pct_error=0.46%, mape=0.33%
[2026-08-06 03:23:49] Pending forecast evaluated.
[2026-08-06 03:23:49] 
[2026-08-06 03:23:49] --- STAGE 3: GENERATING NEW FORECAST ---
[2026-08-06 03:23:49] Running future forecast for horizon=24...
[2026-08-06 03:23:50] Logged new future forecast ID 18 at row 19. Pending actuals.
[2026-08-06 03:23:50] SOL-USD completed. Forecast ID: 18
