[2026-09-22 04:33:43] 
[2026-09-22 04:33:43] ================================================================================
[2026-09-22 04:33:43] PROCESSING SOL-USD
[2026-09-22 04:33:43] ================================================================================
[2026-09-22 04:33:43] 
[2026-09-22 04:33:43] --- STAGE 1: DOWNLOADING DATA ---
[2026-09-22 04:33:43] Downloading data for SOL-USD (period=60d, interval=1h)...
[2026-09-22 04:33:44] Data downloaded successfully. Total rows: 1421
[2026-09-22 04:33:44] 
[2026-09-22 04:33:44] --- STAGE 2: EVALUATING LATEST FORECAST ---
[2026-09-22 04:33:44] Latest forecast (row 65) is pending. Evaluating...
[2026-09-22 04:33:44]   ForecastTime:    2026-09-21 04:37:46
[2026-09-22 04:33:44]   Rounded to:      2026-09-21 04:00:00
[2026-09-22 04:33:44]   Target windows:  2026-09-21 05:00:00 to 2026-09-22 04:00:00
[2026-09-22 04:33:44]   Data range:      2026-07-25 00:00:00 to 2026-09-22 04:00:00
[2026-09-22 04:33:44]   -> Updated ForecastDetails row 65.
[2026-09-22 04:33:44]   -> Metrics: last_actual=116.60, abs_error=5.88, pct_error=5.04%, mape=4.90%
[2026-09-22 04:33:44] Pending forecast evaluated.
[2026-09-22 04:33:44] 
[2026-09-22 04:33:44] --- STAGE 3: GENERATING NEW FORECAST ---
[2026-09-22 04:33:44] Running future forecast for horizon=24...
[2026-09-22 04:33:44] Logged new future forecast ID 65 at row 66. Pending actuals.
[2026-09-22 04:33:44] SOL-USD completed. Forecast ID: 65
