[2026-07-26 03:42:06] 
[2026-07-26 03:42:06] ================================================================================
[2026-07-26 03:42:06] PROCESSING SOL-USD
[2026-07-26 03:42:06] ================================================================================
[2026-07-26 03:42:06] 
[2026-07-26 03:42:06] --- STAGE 1: DOWNLOADING DATA ---
[2026-07-26 03:42:06] Downloading data for SOL-USD (period=60d, interval=1h)...
[2026-07-26 03:42:06] Data downloaded successfully. Total rows: 1399
[2026-07-26 03:42:06] 
[2026-07-26 03:42:06] --- STAGE 2: EVALUATING LATEST FORECAST ---
[2026-07-26 03:42:06] Latest forecast (row 7) is pending. Evaluating...
[2026-07-26 03:42:06]   ForecastTime:    2026-07-25 03:29:12
[2026-07-26 03:42:06]   Rounded to:      2026-07-25 03:00:00
[2026-07-26 03:42:06]   Target windows:  2026-07-25 04:00:00 to 2026-07-26 03:00:00
[2026-07-26 03:42:06]   Data range:      2026-05-28 00:00:00 to 2026-07-26 03:00:00
[2026-07-26 03:42:06]   -> Updated ForecastDetails row 7.
[2026-07-26 03:42:06]   -> Metrics: last_actual=74.92, abs_error=1.09, pct_error=1.46%, mape=0.61%
[2026-07-26 03:42:06] Pending forecast evaluated.
[2026-07-26 03:42:06] 
[2026-07-26 03:42:06] --- STAGE 3: GENERATING NEW FORECAST ---
[2026-07-26 03:42:06] Running future forecast for horizon=24...
[2026-07-26 03:42:07] Logged new future forecast ID 7 at row 8. Pending actuals.
[2026-07-26 03:42:07] SOL-USD completed. Forecast ID: 7
