[2026-08-03 03:42:01] 
[2026-08-03 03:42:01] ================================================================================
[2026-08-03 03:42:01] PROCESSING SOL-USD
[2026-08-03 03:42:01] ================================================================================
[2026-08-03 03:42:01] 
[2026-08-03 03:42:01] --- STAGE 1: DOWNLOADING DATA ---
[2026-08-03 03:42:01] Downloading data for SOL-USD (period=60d, interval=1h)...
[2026-08-03 03:42:01] Data downloaded successfully. Total rows: 1399
[2026-08-03 03:42:01] 
[2026-08-03 03:42:01] --- STAGE 2: EVALUATING LATEST FORECAST ---
[2026-08-03 03:42:01] Latest forecast (row 15) is pending. Evaluating...
[2026-08-03 03:42:01]   ForecastTime:    2026-08-02 03:39:51
[2026-08-03 03:42:01]   Rounded to:      2026-08-02 03:00:00
[2026-08-03 03:42:01]   Target windows:  2026-08-02 04:00:00 to 2026-08-03 03:00:00
[2026-08-03 03:42:01]   Data range:      2026-06-05 00:00:00 to 2026-08-03 03:00:00
[2026-08-03 03:42:01]   -> Updated ForecastDetails row 15.
[2026-08-03 03:42:01]   -> Metrics: last_actual=72.88, abs_error=0.48, pct_error=0.66%, mape=0.40%
[2026-08-03 03:42:01] Pending forecast evaluated.
[2026-08-03 03:42:01] 
[2026-08-03 03:42:01] --- STAGE 3: GENERATING NEW FORECAST ---
[2026-08-03 03:42:01] Running future forecast for horizon=24...
[2026-08-03 03:42:01] Logged new future forecast ID 15 at row 16. Pending actuals.
[2026-08-03 03:42:01] SOL-USD completed. Forecast ID: 15
