[2026-10-02 05:19:16] 
[2026-10-02 05:19:16] ================================================================================
[2026-10-02 05:19:16] PROCESSING SOL-USD
[2026-10-02 05:19:16] ================================================================================
[2026-10-02 05:19:16] 
[2026-10-02 05:19:16] --- STAGE 1: DOWNLOADING DATA ---
[2026-10-02 05:19:16] Downloading data for SOL-USD (period=60d, interval=1h)...
[2026-10-02 05:19:17] Data downloaded successfully. Total rows: 1422
[2026-10-02 05:19:17] 
[2026-10-02 05:19:17] --- STAGE 2: EVALUATING LATEST FORECAST ---
[2026-10-02 05:19:17] Latest forecast (row 75) is pending. Evaluating...
[2026-10-02 05:19:17]   ForecastTime:    2026-10-01 05:31:42
[2026-10-02 05:19:17]   Rounded to:      2026-10-01 05:00:00
[2026-10-02 05:19:17]   Target windows:  2026-10-01 06:00:00 to 2026-10-02 05:00:00
[2026-10-02 05:19:17]   Data range:      2026-08-04 00:00:00 to 2026-10-02 05:00:00
[2026-10-02 05:19:17]   -> Updated ForecastDetails row 75.
[2026-10-02 05:19:17]   -> Metrics: last_actual=122.90, abs_error=3.79, pct_error=3.08%, mape=1.20%
[2026-10-02 05:19:17] Pending forecast evaluated.
[2026-10-02 05:19:17] 
[2026-10-02 05:19:17] --- STAGE 3: GENERATING NEW FORECAST ---
[2026-10-02 05:19:17] Running future forecast for horizon=24...
[2026-10-02 05:19:18] Logged new future forecast ID 75 at row 76. Pending actuals.
[2026-10-02 05:19:18] SOL-USD completed. Forecast ID: 75
