[2026-07-29 03:23:41] 
[2026-07-29 03:23:41] ================================================================================
[2026-07-29 03:23:41] PROCESSING SOL-USD
[2026-07-29 03:23:41] ================================================================================
[2026-07-29 03:23:41] 
[2026-07-29 03:23:41] --- STAGE 1: DOWNLOADING DATA ---
[2026-07-29 03:23:41] Downloading data for SOL-USD (period=60d, interval=1h)...
[2026-07-29 03:23:42] Data downloaded successfully. Total rows: 1420
[2026-07-29 03:23:42] 
[2026-07-29 03:23:42] --- STAGE 2: EVALUATING LATEST FORECAST ---
[2026-07-29 03:23:42] Latest forecast (row 10) is pending. Evaluating...
[2026-07-29 03:23:42]   ForecastTime:    2026-07-28 03:22:44
[2026-07-29 03:23:42]   Rounded to:      2026-07-28 03:00:00
[2026-07-29 03:23:42]   Target windows:  2026-07-28 04:00:00 to 2026-07-29 03:00:00
[2026-07-29 03:23:42]   Data range:      2026-05-31 00:00:00 to 2026-07-29 03:00:00
[2026-07-29 03:23:42]   -> Updated ForecastDetails row 10.
[2026-07-29 03:23:43]   -> Metrics: last_actual=73.36, abs_error=0.48, pct_error=0.66%, mape=0.71%
[2026-07-29 03:23:43] Pending forecast evaluated.
[2026-07-29 03:23:43] 
[2026-07-29 03:23:43] --- STAGE 3: GENERATING NEW FORECAST ---
[2026-07-29 03:23:43] Running future forecast for horizon=24...
[2026-07-29 03:23:43] Logged new future forecast ID 10 at row 11. Pending actuals.
[2026-07-29 03:23:43] SOL-USD completed. Forecast ID: 10
