[2026-08-10 02:24:23] 
[2026-08-10 02:24:23] ================================================================================
[2026-08-10 02:24:23] PROCESSING SOL-USD
[2026-08-10 02:24:23] ================================================================================
[2026-08-10 02:24:23] 
[2026-08-10 02:24:23] --- STAGE 1: DOWNLOADING DATA ---
[2026-08-10 02:24:23] Downloading data for SOL-USD (period=60d, interval=1h)...
[2026-08-10 02:24:23] Data downloaded successfully. Total rows: 1419
[2026-08-10 02:24:23] 
[2026-08-10 02:24:23] --- STAGE 2: EVALUATING LATEST FORECAST ---
[2026-08-10 02:24:23] Latest forecast (row 22) is pending. Evaluating...
[2026-08-10 02:24:23]   ForecastTime:    2026-08-09 02:19:05
[2026-08-10 02:24:23]   Rounded to:      2026-08-09 02:00:00
[2026-08-10 02:24:23]   Target windows:  2026-08-09 03:00:00 to 2026-08-10 02:00:00
[2026-08-10 02:24:23]   Data range:      2026-06-12 00:00:00 to 2026-08-10 02:00:00
[2026-08-10 02:24:23]   -> Updated ForecastDetails row 22.
[2026-08-10 02:24:23]   -> Metrics: last_actual=76.46, abs_error=0.85, pct_error=1.11%, mape=1.17%
[2026-08-10 02:24:23] Pending forecast evaluated.
[2026-08-10 02:24:23] 
[2026-08-10 02:24:23] --- STAGE 3: GENERATING NEW FORECAST ---
[2026-08-10 02:24:23] Running future forecast for horizon=24...
[2026-08-10 02:24:24] Logged new future forecast ID 22 at row 23. Pending actuals.
[2026-08-10 02:24:24] SOL-USD completed. Forecast ID: 22
