[2026-09-11 04:19:49] 
[2026-09-11 04:19:49] ================================================================================
[2026-09-11 04:19:49] PROCESSING SOL-USD
[2026-09-11 04:19:49] ================================================================================
[2026-09-11 04:19:49] 
[2026-09-11 04:19:49] --- STAGE 1: DOWNLOADING DATA ---
[2026-09-11 04:19:49] Downloading data for SOL-USD (period=60d, interval=1h)...
[2026-09-11 04:19:49] Data downloaded successfully. Total rows: 1421
[2026-09-11 04:19:49] 
[2026-09-11 04:19:49] --- STAGE 2: EVALUATING LATEST FORECAST ---
[2026-09-11 04:19:49] Latest forecast (row 54) is pending. Evaluating...
[2026-09-11 04:19:49]   ForecastTime:    2026-09-10 04:20:04
[2026-09-11 04:19:49]   Rounded to:      2026-09-10 04:00:00
[2026-09-11 04:19:49]   Target windows:  2026-09-10 05:00:00 to 2026-09-11 04:00:00
[2026-09-11 04:19:49]   Data range:      2026-07-14 00:00:00 to 2026-09-11 04:00:00
[2026-09-11 04:19:49]   -> Updated ForecastDetails row 54.
[2026-09-11 04:19:49]   -> Metrics: last_actual=99.43, abs_error=2.16, pct_error=2.17%, mape=1.53%
[2026-09-11 04:19:49] Pending forecast evaluated.
[2026-09-11 04:19:49] 
[2026-09-11 04:19:49] --- STAGE 3: GENERATING NEW FORECAST ---
[2026-09-11 04:19:49] Running future forecast for horizon=24...
[2026-09-11 04:19:50] Logged new future forecast ID 54 at row 55. Pending actuals.
[2026-09-11 04:19:50] SOL-USD completed. Forecast ID: 54
