[2026-10-07 05:37:31] 
[2026-10-07 05:37:31] ================================================================================
[2026-10-07 05:37:31] PROCESSING SOL-USD
[2026-10-07 05:37:31] ================================================================================
[2026-10-07 05:37:31] 
[2026-10-07 05:37:31] --- STAGE 1: DOWNLOADING DATA ---
[2026-10-07 05:37:31] Downloading data for SOL-USD (period=60d, interval=1h)...
[2026-10-07 05:37:32] Data downloaded successfully. Total rows: 1422
[2026-10-07 05:37:32] 
[2026-10-07 05:37:32] --- STAGE 2: EVALUATING LATEST FORECAST ---
[2026-10-07 05:37:32] Latest forecast (row 80) is pending. Evaluating...
[2026-10-07 05:37:32]   ForecastTime:    2026-10-06 06:02:21
[2026-10-07 05:37:32]   Rounded to:      2026-10-06 06:00:00
[2026-10-07 05:37:32]   Target windows:  2026-10-06 07:00:00 to 2026-10-07 06:00:00
[2026-10-07 05:37:32]   Data range:      2026-08-09 00:00:00 to 2026-10-07 05:00:00
[2026-10-07 05:37:32]   -> Updated ForecastDetails row 80.
[2026-10-07 05:37:32]   -> Metrics: last_actual=118.57, abs_error=0.96, pct_error=0.81%, mape=0.98%
[2026-10-07 05:37:32] Pending forecast evaluated.
[2026-10-07 05:37:32] 
[2026-10-07 05:37:32] --- STAGE 3: GENERATING NEW FORECAST ---
[2026-10-07 05:37:32] Running future forecast for horizon=24...
[2026-10-07 05:37:33] Logged new future forecast ID 80 at row 81. Pending actuals.
[2026-10-07 05:37:33] SOL-USD completed. Forecast ID: 80
