[2026-09-02 04:10:07] 
[2026-09-02 04:10:07] ================================================================================
[2026-09-02 04:10:07] PROCESSING SOL-USD
[2026-09-02 04:10:07] ================================================================================
[2026-09-02 04:10:07] 
[2026-09-02 04:10:07] --- STAGE 1: DOWNLOADING DATA ---
[2026-09-02 04:10:07] Downloading data for SOL-USD (period=60d, interval=1h)...
[2026-09-02 04:10:08] Data downloaded successfully. Total rows: 1421
[2026-09-02 04:10:08] 
[2026-09-02 04:10:08] --- STAGE 2: EVALUATING LATEST FORECAST ---
[2026-09-02 04:10:08] Latest forecast (row 45) is pending. Evaluating...
[2026-09-02 04:10:08]   ForecastTime:    2026-09-01 04:48:59
[2026-09-02 04:10:08]   Rounded to:      2026-09-01 04:00:00
[2026-09-02 04:10:08]   Target windows:  2026-09-01 05:00:00 to 2026-09-02 04:00:00
[2026-09-02 04:10:08]   Data range:      2026-07-05 00:00:00 to 2026-09-02 04:00:00
[2026-09-02 04:10:08]   -> Updated ForecastDetails row 45.
[2026-09-02 04:10:08]   -> Metrics: last_actual=99.85, abs_error=3.99, pct_error=3.99%, mape=2.82%
[2026-09-02 04:10:08] Pending forecast evaluated.
[2026-09-02 04:10:08] 
[2026-09-02 04:10:08] --- STAGE 3: GENERATING NEW FORECAST ---
[2026-09-02 04:10:08] Running future forecast for horizon=24...
[2026-09-02 04:10:09] Logged new future forecast ID 45 at row 46. Pending actuals.
[2026-09-02 04:10:09] SOL-USD completed. Forecast ID: 45
