[2026-08-14 02:32:59] 
[2026-08-14 02:32:59] ================================================================================
[2026-08-14 02:32:59] PROCESSING SOL-USD
[2026-08-14 02:32:59] ================================================================================
[2026-08-14 02:32:59] 
[2026-08-14 02:32:59] --- STAGE 1: DOWNLOADING DATA ---
[2026-08-14 02:32:59] Downloading data for SOL-USD (period=60d, interval=1h)...
[2026-08-14 02:32:59] Data downloaded successfully. Total rows: 1419
[2026-08-14 02:32:59] 
[2026-08-14 02:32:59] --- STAGE 2: EVALUATING LATEST FORECAST ---
[2026-08-14 02:32:59] Latest forecast (row 26) is pending. Evaluating...
[2026-08-14 02:32:59]   ForecastTime:    2026-08-13 02:34:12
[2026-08-14 02:32:59]   Rounded to:      2026-08-13 02:00:00
[2026-08-14 02:32:59]   Target windows:  2026-08-13 03:00:00 to 2026-08-14 02:00:00
[2026-08-14 02:32:59]   Data range:      2026-06-16 00:00:00 to 2026-08-14 02:00:00
[2026-08-14 02:32:59]   -> Updated ForecastDetails row 26.
[2026-08-14 02:32:59]   -> Metrics: last_actual=76.08, abs_error=0.66, pct_error=0.87%, mape=0.82%
[2026-08-14 02:32:59] Pending forecast evaluated.
[2026-08-14 02:32:59] 
[2026-08-14 02:32:59] --- STAGE 3: GENERATING NEW FORECAST ---
[2026-08-14 02:32:59] Running future forecast for horizon=24...
[2026-08-14 02:33:00] Logged new future forecast ID 26 at row 27. Pending actuals.
[2026-08-14 02:33:00] SOL-USD completed. Forecast ID: 26
