[2026-09-21 04:37:45] 
[2026-09-21 04:37:45] ================================================================================
[2026-09-21 04:37:45] PROCESSING SOL-USD
[2026-09-21 04:37:45] ================================================================================
[2026-09-21 04:37:45] 
[2026-09-21 04:37:45] --- STAGE 1: DOWNLOADING DATA ---
[2026-09-21 04:37:45] Downloading data for SOL-USD (period=60d, interval=1h)...
[2026-09-21 04:37:46] Data downloaded successfully. Total rows: 1421
[2026-09-21 04:37:46] 
[2026-09-21 04:37:46] --- STAGE 2: EVALUATING LATEST FORECAST ---
[2026-09-21 04:37:46] Latest forecast (row 64) is pending. Evaluating...
[2026-09-21 04:37:46]   ForecastTime:    2026-09-20 04:39:53
[2026-09-21 04:37:46]   Rounded to:      2026-09-20 04:00:00
[2026-09-21 04:37:46]   Target windows:  2026-09-20 05:00:00 to 2026-09-21 04:00:00
[2026-09-21 04:37:46]   Data range:      2026-07-24 00:00:00 to 2026-09-21 04:00:00
[2026-09-21 04:37:46]   -> Updated ForecastDetails row 64.
[2026-09-21 04:37:46]   -> Metrics: last_actual=111.40, abs_error=3.41, pct_error=3.06%, mape=1.39%
[2026-09-21 04:37:46] Pending forecast evaluated.
[2026-09-21 04:37:46] 
[2026-09-21 04:37:46] --- STAGE 3: GENERATING NEW FORECAST ---
[2026-09-21 04:37:46] Running future forecast for horizon=24...
[2026-09-21 04:37:46] Logged new future forecast ID 64 at row 65. Pending actuals.
[2026-09-21 04:37:46] SOL-USD completed. Forecast ID: 64
