[2026-08-07 03:11:00] 
[2026-08-07 03:11:00] ================================================================================
[2026-08-07 03:11:00] PROCESSING SOL-USD
[2026-08-07 03:11:00] ================================================================================
[2026-08-07 03:11:00] 
[2026-08-07 03:11:00] --- STAGE 1: DOWNLOADING DATA ---
[2026-08-07 03:11:00] Downloading data for SOL-USD (period=60d, interval=1h)...
[2026-08-07 03:11:00] Data downloaded successfully. Total rows: 1420
[2026-08-07 03:11:00] 
[2026-08-07 03:11:00] --- STAGE 2: EVALUATING LATEST FORECAST ---
[2026-08-07 03:11:00] Latest forecast (row 19) is pending. Evaluating...
[2026-08-07 03:11:00]   ForecastTime:    2026-08-06 03:23:50
[2026-08-07 03:11:00]   Rounded to:      2026-08-06 03:00:00
[2026-08-07 03:11:00]   Target windows:  2026-08-06 04:00:00 to 2026-08-07 03:00:00
[2026-08-07 03:11:00]   Data range:      2026-06-09 00:00:00 to 2026-08-07 03:00:00
[2026-08-07 03:11:00]   -> Updated ForecastDetails row 19.
[2026-08-07 03:11:01]   -> Metrics: last_actual=72.66, abs_error=0.77, pct_error=1.05%, mape=0.65%
[2026-08-07 03:11:01] Pending forecast evaluated.
[2026-08-07 03:11:01] 
[2026-08-07 03:11:01] --- STAGE 3: GENERATING NEW FORECAST ---
[2026-08-07 03:11:01] Running future forecast for horizon=24...
[2026-08-07 03:11:01] Logged new future forecast ID 19 at row 20. Pending actuals.
[2026-08-07 03:11:01] SOL-USD completed. Forecast ID: 19
