[2026-09-13 04:31:11] 
[2026-09-13 04:31:11] ================================================================================
[2026-09-13 04:31:11] PROCESSING SOL-USD
[2026-09-13 04:31:11] ================================================================================
[2026-09-13 04:31:11] 
[2026-09-13 04:31:11] --- STAGE 1: DOWNLOADING DATA ---
[2026-09-13 04:31:11] Downloading data for SOL-USD (period=60d, interval=1h)...
[2026-09-13 04:31:11] Data downloaded successfully. Total rows: 1421
[2026-09-13 04:31:11] 
[2026-09-13 04:31:11] --- STAGE 2: EVALUATING LATEST FORECAST ---
[2026-09-13 04:31:11] Latest forecast (row 56) is pending. Evaluating...
[2026-09-13 04:31:11]   ForecastTime:    2026-09-12 04:18:01
[2026-09-13 04:31:11]   Rounded to:      2026-09-12 04:00:00
[2026-09-13 04:31:11]   Target windows:  2026-09-12 05:00:00 to 2026-09-13 04:00:00
[2026-09-13 04:31:11]   Data range:      2026-07-16 00:00:00 to 2026-09-13 04:00:00
[2026-09-13 04:31:11]   -> Updated ForecastDetails row 56.
[2026-09-13 04:31:11]   -> Metrics: last_actual=101.68, abs_error=1.01, pct_error=0.99%, mape=0.66%
[2026-09-13 04:31:11] Pending forecast evaluated.
[2026-09-13 04:31:11] 
[2026-09-13 04:31:11] --- STAGE 3: GENERATING NEW FORECAST ---
[2026-09-13 04:31:11] Running future forecast for horizon=24...
[2026-09-13 04:31:12] Logged new future forecast ID 56 at row 57. Pending actuals.
[2026-09-13 04:31:12] SOL-USD completed. Forecast ID: 56
