[2026-07-31 03:39:52] 
[2026-07-31 03:39:52] ================================================================================
[2026-07-31 03:39:52] PROCESSING SOL-USD
[2026-07-31 03:39:52] ================================================================================
[2026-07-31 03:39:52] 
[2026-07-31 03:39:52] --- STAGE 1: DOWNLOADING DATA ---
[2026-07-31 03:39:52] Downloading data for SOL-USD (period=60d, interval=1h)...
[2026-07-31 03:39:52] Data downloaded successfully. Total rows: 1420
[2026-07-31 03:39:52] 
[2026-07-31 03:39:52] --- STAGE 2: EVALUATING LATEST FORECAST ---
[2026-07-31 03:39:52] Latest forecast (row 12) is pending. Evaluating...
[2026-07-31 03:39:52]   ForecastTime:    2026-07-30 02:58:01
[2026-07-31 03:39:52]   Rounded to:      2026-07-30 02:00:00
[2026-07-31 03:39:52]   Target windows:  2026-07-30 03:00:00 to 2026-07-31 02:00:00
[2026-07-31 03:39:52]   Data range:      2026-06-02 00:00:00 to 2026-07-31 03:00:00
[2026-07-31 03:39:52]   -> Updated ForecastDetails row 12.
[2026-07-31 03:39:52]   -> Metrics: last_actual=74.08, abs_error=0.14, pct_error=0.19%, mape=0.61%
[2026-07-31 03:39:52] Pending forecast evaluated.
[2026-07-31 03:39:52] 
[2026-07-31 03:39:52] --- STAGE 3: GENERATING NEW FORECAST ---
[2026-07-31 03:39:52] Running future forecast for horizon=24...
[2026-07-31 03:39:53] Logged new future forecast ID 12 at row 13. Pending actuals.
[2026-07-31 03:39:53] SOL-USD completed. Forecast ID: 12
