[2026-08-17 01:47:31] 
[2026-08-17 01:47:31] ================================================================================
[2026-08-17 01:47:31] PROCESSING SOL-USD
[2026-08-17 01:47:31] ================================================================================
[2026-08-17 01:47:31] 
[2026-08-17 01:47:31] --- STAGE 1: DOWNLOADING DATA ---
[2026-08-17 01:47:31] Downloading data for SOL-USD (period=60d, interval=1h)...
[2026-08-17 01:47:31] Data downloaded successfully. Total rows: 1417
[2026-08-17 01:47:31] 
[2026-08-17 01:47:31] --- STAGE 2: EVALUATING LATEST FORECAST ---
[2026-08-17 01:47:31] Latest forecast (row 29) is pending. Evaluating...
[2026-08-17 01:47:31]   ForecastTime:    2026-08-16 01:50:00
[2026-08-17 01:47:31]   Rounded to:      2026-08-16 01:00:00
[2026-08-17 01:47:31]   Target windows:  2026-08-16 02:00:00 to 2026-08-17 01:00:00
[2026-08-17 01:47:31]   Data range:      2026-06-19 00:00:00 to 2026-08-17 01:00:00
[2026-08-17 01:47:31]   -> Updated ForecastDetails row 29.
[2026-08-17 01:47:31]   -> Metrics: last_actual=75.12, abs_error=0.23, pct_error=0.31%, mape=0.38%
[2026-08-17 01:47:31] Pending forecast evaluated.
[2026-08-17 01:47:31] 
[2026-08-17 01:47:31] --- STAGE 3: GENERATING NEW FORECAST ---
[2026-08-17 01:47:31] Running future forecast for horizon=24...
[2026-08-17 01:47:32] Logged new future forecast ID 29 at row 30. Pending actuals.
[2026-08-17 01:47:32] SOL-USD completed. Forecast ID: 29
