[2026-09-27 05:02:26] 
[2026-09-27 05:02:26] ================================================================================
[2026-09-27 05:02:26] PROCESSING SOL-USD
[2026-09-27 05:02:26] ================================================================================
[2026-09-27 05:02:26] 
[2026-09-27 05:02:26] --- STAGE 1: DOWNLOADING DATA ---
[2026-09-27 05:02:26] Downloading data for SOL-USD (period=60d, interval=1h)...
[2026-09-27 05:02:27] Data downloaded successfully. Total rows: 1422
[2026-09-27 05:02:27] 
[2026-09-27 05:02:27] --- STAGE 2: EVALUATING LATEST FORECAST ---
[2026-09-27 05:02:27] Latest forecast (row 70) is pending. Evaluating...
[2026-09-27 05:02:27]   ForecastTime:    2026-09-26 04:42:29
[2026-09-27 05:02:27]   Rounded to:      2026-09-26 04:00:00
[2026-09-27 05:02:27]   Target windows:  2026-09-26 05:00:00 to 2026-09-27 04:00:00
[2026-09-27 05:02:27]   Data range:      2026-07-30 00:00:00 to 2026-09-27 05:00:00
[2026-09-27 05:02:27]   -> Updated ForecastDetails row 70.
[2026-09-27 05:02:27]   -> Metrics: last_actual=120.14, abs_error=0.13, pct_error=0.11%, mape=0.50%
[2026-09-27 05:02:27] Pending forecast evaluated.
[2026-09-27 05:02:27] 
[2026-09-27 05:02:27] --- STAGE 3: GENERATING NEW FORECAST ---
[2026-09-27 05:02:27] Running future forecast for horizon=24...
[2026-09-27 05:02:28] Logged new future forecast ID 70 at row 71. Pending actuals.
[2026-09-27 05:02:28] SOL-USD completed. Forecast ID: 70
