[2026-08-18 01:42:51] 
[2026-08-18 01:42:51] ================================================================================
[2026-08-18 01:42:51] PROCESSING SOL-USD
[2026-08-18 01:42:51] ================================================================================
[2026-08-18 01:42:51] 
[2026-08-18 01:42:51] --- STAGE 1: DOWNLOADING DATA ---
[2026-08-18 01:42:51] Downloading data for SOL-USD (period=60d, interval=1h)...
[2026-08-18 01:42:51] Data downloaded successfully. Total rows: 1416
[2026-08-18 01:42:51] 
[2026-08-18 01:42:51] --- STAGE 2: EVALUATING LATEST FORECAST ---
[2026-08-18 01:42:51] Latest forecast (row 30) is pending. Evaluating...
[2026-08-18 01:42:51]   ForecastTime:    2026-08-17 01:47:32
[2026-08-18 01:42:51]   Rounded to:      2026-08-17 01:00:00
[2026-08-18 01:42:51]   Target windows:  2026-08-17 02:00:00 to 2026-08-18 01:00:00
[2026-08-18 01:42:51]   Data range:      2026-06-20 00:00:00 to 2026-08-18 01:00:00
[2026-08-18 01:42:51]   -> Updated ForecastDetails row 30.
[2026-08-18 01:42:51]   -> Metrics: last_actual=75.73, abs_error=0.71, pct_error=0.93%, mape=0.82%
[2026-08-18 01:42:51] Pending forecast evaluated.
[2026-08-18 01:42:51] 
[2026-08-18 01:42:51] --- STAGE 3: GENERATING NEW FORECAST ---
[2026-08-18 01:42:51] Running future forecast for horizon=24...
[2026-08-18 01:42:52] Logged new future forecast ID 30 at row 31. Pending actuals.
[2026-08-18 01:42:52] SOL-USD completed. Forecast ID: 30
