[2026-09-16 04:33:14] 
[2026-09-16 04:33:14] ================================================================================
[2026-09-16 04:33:14] PROCESSING SOL-USD
[2026-09-16 04:33:14] ================================================================================
[2026-09-16 04:33:14] 
[2026-09-16 04:33:14] --- STAGE 1: DOWNLOADING DATA ---
[2026-09-16 04:33:14] Downloading data for SOL-USD (period=60d, interval=1h)...
[2026-09-16 04:33:14] Data downloaded successfully. Total rows: 1421
[2026-09-16 04:33:14] 
[2026-09-16 04:33:14] --- STAGE 2: EVALUATING LATEST FORECAST ---
[2026-09-16 04:33:14] Latest forecast (row 59) is pending. Evaluating...
[2026-09-16 04:33:14]   ForecastTime:    2026-09-15 04:38:00
[2026-09-16 04:33:14]   Rounded to:      2026-09-15 04:00:00
[2026-09-16 04:33:14]   Target windows:  2026-09-15 05:00:00 to 2026-09-16 04:00:00
[2026-09-16 04:33:14]   Data range:      2026-07-19 00:00:00 to 2026-09-16 04:00:00
[2026-09-16 04:33:14]   -> Updated ForecastDetails row 59.
[2026-09-16 04:33:14]   -> Metrics: last_actual=97.28, abs_error=3.73, pct_error=3.83%, mape=2.20%
[2026-09-16 04:33:14] Pending forecast evaluated.
[2026-09-16 04:33:14] 
[2026-09-16 04:33:14] --- STAGE 3: GENERATING NEW FORECAST ---
[2026-09-16 04:33:14] Running future forecast for horizon=24...
[2026-09-16 04:33:15] Logged new future forecast ID 59 at row 60. Pending actuals.
[2026-09-16 04:33:15] SOL-USD completed. Forecast ID: 59
