[2026-08-21 01:48:55] 
[2026-08-21 01:48:55] ================================================================================
[2026-08-21 01:48:55] PROCESSING SOL-USD
[2026-08-21 01:48:55] ================================================================================
[2026-08-21 01:48:55] 
[2026-08-21 01:48:55] --- STAGE 1: DOWNLOADING DATA ---
[2026-08-21 01:48:55] Downloading data for SOL-USD (period=60d, interval=1h)...
[2026-08-21 01:48:56] Data downloaded successfully. Total rows: 1397
[2026-08-21 01:48:56] 
[2026-08-21 01:48:56] --- STAGE 2: EVALUATING LATEST FORECAST ---
[2026-08-21 01:48:56] Latest forecast (row 33) is pending. Evaluating...
[2026-08-21 01:48:56]   ForecastTime:    2026-08-20 01:43:36
[2026-08-21 01:48:56]   Rounded to:      2026-08-20 01:00:00
[2026-08-21 01:48:56]   Target windows:  2026-08-20 02:00:00 to 2026-08-21 01:00:00
[2026-08-21 01:48:56]   Data range:      2026-06-23 00:00:00 to 2026-08-21 01:00:00
[2026-08-21 01:48:56]   -> Updated ForecastDetails row 33.
[2026-08-21 01:48:56]   -> Metrics: last_actual=89.19, abs_error=5.75, pct_error=6.44%, mape=3.20%
[2026-08-21 01:48:56] Pending forecast evaluated.
[2026-08-21 01:48:56] 
[2026-08-21 01:48:56] --- STAGE 3: GENERATING NEW FORECAST ---
[2026-08-21 01:48:56] Running future forecast for horizon=24...
[2026-08-21 01:48:56] Logged new future forecast ID 33 at row 34. Pending actuals.
[2026-08-21 01:48:56] SOL-USD completed. Forecast ID: 33
