[2026-08-04 03:26:08] 
[2026-08-04 03:26:08] ================================================================================
[2026-08-04 03:26:08] PROCESSING SOL-USD
[2026-08-04 03:26:08] ================================================================================
[2026-08-04 03:26:08] 
[2026-08-04 03:26:08] --- STAGE 1: DOWNLOADING DATA ---
[2026-08-04 03:26:08] Downloading data for SOL-USD (period=60d, interval=1h)...
[2026-08-04 03:26:08] Data downloaded successfully. Total rows: 1399
[2026-08-04 03:26:08] 
[2026-08-04 03:26:08] --- STAGE 2: EVALUATING LATEST FORECAST ---
[2026-08-04 03:26:08] Latest forecast (row 16) is pending. Evaluating...
[2026-08-04 03:26:08]   ForecastTime:    2026-08-03 03:42:01
[2026-08-04 03:26:08]   Rounded to:      2026-08-03 03:00:00
[2026-08-04 03:26:08]   Target windows:  2026-08-03 04:00:00 to 2026-08-04 03:00:00
[2026-08-04 03:26:08]   Data range:      2026-06-06 00:00:00 to 2026-08-04 03:00:00
[2026-08-04 03:26:08]   -> Updated ForecastDetails row 16.
[2026-08-04 03:26:08]   -> Metrics: last_actual=73.45, abs_error=0.58, pct_error=0.78%, mape=0.75%
[2026-08-04 03:26:08] Pending forecast evaluated.
[2026-08-04 03:26:08] 
[2026-08-04 03:26:08] --- STAGE 3: GENERATING NEW FORECAST ---
[2026-08-04 03:26:08] Running future forecast for horizon=24...
[2026-08-04 03:26:08] Logged new future forecast ID 16 at row 17. Pending actuals.
[2026-08-04 03:26:08] SOL-USD completed. Forecast ID: 16
