[2026-08-23 01:51:51] 
[2026-08-23 01:51:51] ================================================================================
[2026-08-23 01:51:51] PROCESSING SOL-USD
[2026-08-23 01:51:51] ================================================================================
[2026-08-23 01:51:51] 
[2026-08-23 01:51:51] --- STAGE 1: DOWNLOADING DATA ---
[2026-08-23 01:51:51] Downloading data for SOL-USD (period=60d, interval=1h)...
[2026-08-23 01:51:51] Data downloaded successfully. Total rows: 1417
[2026-08-23 01:51:51] 
[2026-08-23 01:51:51] --- STAGE 2: EVALUATING LATEST FORECAST ---
[2026-08-23 01:51:51] Latest forecast (row 35) is pending. Evaluating...
[2026-08-23 01:51:51]   ForecastTime:    2026-08-22 01:41:59
[2026-08-23 01:51:51]   Rounded to:      2026-08-22 01:00:00
[2026-08-23 01:51:51]   Target windows:  2026-08-22 02:00:00 to 2026-08-23 01:00:00
[2026-08-23 01:51:51]   Data range:      2026-06-25 00:00:00 to 2026-08-23 01:00:00
[2026-08-23 01:51:51]   -> Updated ForecastDetails row 35.
[2026-08-23 01:51:52]   -> Metrics: last_actual=96.07, abs_error=1.90, pct_error=1.98%, mape=1.02%
[2026-08-23 01:51:52] Pending forecast evaluated.
[2026-08-23 01:51:52] 
[2026-08-23 01:51:52] --- STAGE 3: GENERATING NEW FORECAST ---
[2026-08-23 01:51:52] Running future forecast for horizon=24...
[2026-08-23 01:51:52] Logged new future forecast ID 35 at row 36. Pending actuals.
[2026-08-23 01:51:52] SOL-USD completed. Forecast ID: 35
