[2026-08-02 03:39:50] 
[2026-08-02 03:39:50] ================================================================================
[2026-08-02 03:39:50] PROCESSING SOL-USD
[2026-08-02 03:39:50] ================================================================================
[2026-08-02 03:39:50] 
[2026-08-02 03:39:50] --- STAGE 1: DOWNLOADING DATA ---
[2026-08-02 03:39:50] Downloading data for SOL-USD (period=60d, interval=1h)...
[2026-08-02 03:39:51] Data downloaded successfully. Total rows: 1420
[2026-08-02 03:39:51] 
[2026-08-02 03:39:51] --- STAGE 2: EVALUATING LATEST FORECAST ---
[2026-08-02 03:39:51] Latest forecast (row 14) is pending. Evaluating...
[2026-08-02 03:39:51]   ForecastTime:    2026-08-01 03:40:01
[2026-08-02 03:39:51]   Rounded to:      2026-08-01 03:00:00
[2026-08-02 03:39:51]   Target windows:  2026-08-01 04:00:00 to 2026-08-02 03:00:00
[2026-08-02 03:39:51]   Data range:      2026-06-04 00:00:00 to 2026-08-02 03:00:00
[2026-08-02 03:39:51]   -> Updated ForecastDetails row 14.
[2026-08-02 03:39:51]   -> Metrics: last_actual=73.12, abs_error=0.38, pct_error=0.51%, mape=0.65%
[2026-08-02 03:39:51] Pending forecast evaluated.
[2026-08-02 03:39:51] 
[2026-08-02 03:39:51] --- STAGE 3: GENERATING NEW FORECAST ---
[2026-08-02 03:39:51] Running future forecast for horizon=24...
[2026-08-02 03:39:51] Logged new future forecast ID 14 at row 15. Pending actuals.
[2026-08-02 03:39:51] SOL-USD completed. Forecast ID: 14
