[2026-09-19 04:20:47] 
[2026-09-19 04:20:47] ================================================================================
[2026-09-19 04:20:47] PROCESSING SOL-USD
[2026-09-19 04:20:47] ================================================================================
[2026-09-19 04:20:47] 
[2026-09-19 04:20:47] --- STAGE 1: DOWNLOADING DATA ---
[2026-09-19 04:20:47] Downloading data for SOL-USD (period=60d, interval=1h)...
[2026-09-19 04:20:47] Data downloaded successfully. Total rows: 1421
[2026-09-19 04:20:47] 
[2026-09-19 04:20:47] --- STAGE 2: EVALUATING LATEST FORECAST ---
[2026-09-19 04:20:47] Latest forecast (row 62) is pending. Evaluating...
[2026-09-19 04:20:47]   ForecastTime:    2026-09-18 04:23:56
[2026-09-19 04:20:47]   Rounded to:      2026-09-18 04:00:00
[2026-09-19 04:20:47]   Target windows:  2026-09-18 05:00:00 to 2026-09-19 04:00:00
[2026-09-19 04:20:47]   Data range:      2026-07-22 00:00:00 to 2026-09-19 04:00:00
[2026-09-19 04:20:47]   -> Updated ForecastDetails row 62.
[2026-09-19 04:20:47]   -> Metrics: last_actual=113.19, abs_error=8.95, pct_error=7.91%, mape=4.87%
[2026-09-19 04:20:47] Pending forecast evaluated.
[2026-09-19 04:20:47] 
[2026-09-19 04:20:47] --- STAGE 3: GENERATING NEW FORECAST ---
[2026-09-19 04:20:47] Running future forecast for horizon=24...
[2026-09-19 04:20:48] Logged new future forecast ID 62 at row 63. Pending actuals.
[2026-09-19 04:20:48] SOL-USD completed. Forecast ID: 62
