[2026-07-31 03:39:51] 
[2026-07-31 03:39:51] ================================================================================
[2026-07-31 03:39:51] PROCESSING ETH-USD
[2026-07-31 03:39:51] ================================================================================
[2026-07-31 03:39:51] 
[2026-07-31 03:39:51] --- STAGE 1: DOWNLOADING DATA ---
[2026-07-31 03:39:51] Downloading data for ETH-USD (period=60d, interval=1h)...
[2026-07-31 03:39:51] Data downloaded successfully. Total rows: 1420
[2026-07-31 03:39:51] 
[2026-07-31 03:39:51] --- STAGE 2: EVALUATING LATEST FORECAST ---
[2026-07-31 03:39:51] Latest forecast (row 12) is pending. Evaluating...
[2026-07-31 03:39:51]   ForecastTime:    2026-07-30 02:58:00
[2026-07-31 03:39:51]   Rounded to:      2026-07-30 02:00:00
[2026-07-31 03:39:51]   Target windows:  2026-07-30 03:00:00 to 2026-07-31 02:00:00
[2026-07-31 03:39:51]   Data range:      2026-06-02 00:00:00 to 2026-07-31 03:00:00
[2026-07-31 03:39:51]   -> Updated ForecastDetails row 12.
[2026-07-31 03:39:51]   -> Metrics: last_actual=1902.18, abs_error=4.77, pct_error=0.25%, mape=0.46%
[2026-07-31 03:39:51] Pending forecast evaluated.
[2026-07-31 03:39:51] 
[2026-07-31 03:39:51] --- STAGE 3: GENERATING NEW FORECAST ---
[2026-07-31 03:39:51] Running future forecast for horizon=24...
[2026-07-31 03:39:52] Logged new future forecast ID 12 at row 13. Pending actuals.
[2026-07-31 03:39:52] ETH-USD completed. Forecast ID: 12
