[2026-08-21 01:48:55] 
[2026-08-21 01:48:55] ================================================================================
[2026-08-21 01:48:55] PROCESSING ETH-USD
[2026-08-21 01:48:55] ================================================================================
[2026-08-21 01:48:55] 
[2026-08-21 01:48:55] --- STAGE 1: DOWNLOADING DATA ---
[2026-08-21 01:48:55] Downloading data for ETH-USD (period=60d, interval=1h)...
[2026-08-21 01:48:55] Data downloaded successfully. Total rows: 1397
[2026-08-21 01:48:55] 
[2026-08-21 01:48:55] --- STAGE 2: EVALUATING LATEST FORECAST ---
[2026-08-21 01:48:55] Latest forecast (row 33) is pending. Evaluating...
[2026-08-21 01:48:55]   ForecastTime:    2026-08-20 01:43:35
[2026-08-21 01:48:55]   Rounded to:      2026-08-20 01:00:00
[2026-08-21 01:48:55]   Target windows:  2026-08-20 02:00:00 to 2026-08-21 01:00:00
[2026-08-21 01:48:55]   Data range:      2026-06-23 00:00:00 to 2026-08-21 01:00:00
[2026-08-21 01:48:55]   -> Updated ForecastDetails row 33.
[2026-08-21 01:48:55]   -> Metrics: last_actual=2373.59, abs_error=171.62, pct_error=7.23%, mape=2.92%
[2026-08-21 01:48:55] Pending forecast evaluated.
[2026-08-21 01:48:55] 
[2026-08-21 01:48:55] --- STAGE 3: GENERATING NEW FORECAST ---
[2026-08-21 01:48:55] Running future forecast for horizon=24...
[2026-08-21 01:48:55] Logged new future forecast ID 33 at row 34. Pending actuals.
[2026-08-21 01:48:55] ETH-USD completed. Forecast ID: 33
