[2026-09-15 04:37:58] 
[2026-09-15 04:37:58] ================================================================================
[2026-09-15 04:37:58] PROCESSING ETH-USD
[2026-09-15 04:37:58] ================================================================================
[2026-09-15 04:37:58] 
[2026-09-15 04:37:58] --- STAGE 1: DOWNLOADING DATA ---
[2026-09-15 04:37:58] Downloading data for ETH-USD (period=60d, interval=1h)...
[2026-09-15 04:37:58] Data downloaded successfully. Total rows: 1421
[2026-09-15 04:37:58] 
[2026-09-15 04:37:58] --- STAGE 2: EVALUATING LATEST FORECAST ---
[2026-09-15 04:37:58] Latest forecast (row 58) is pending. Evaluating...
[2026-09-15 04:37:58]   ForecastTime:    2026-09-14 04:37:31
[2026-09-15 04:37:58]   Rounded to:      2026-09-14 04:00:00
[2026-09-15 04:37:58]   Target windows:  2026-09-14 05:00:00 to 2026-09-15 04:00:00
[2026-09-15 04:37:58]   Data range:      2026-07-18 00:00:00 to 2026-09-15 04:00:00
[2026-09-15 04:37:58]   -> Updated ForecastDetails row 58.
[2026-09-15 04:37:58]   -> Metrics: last_actual=2489.73, abs_error=11.64, pct_error=0.47%, mape=0.61%
[2026-09-15 04:37:58] Pending forecast evaluated.
[2026-09-15 04:37:58] 
[2026-09-15 04:37:58] --- STAGE 3: GENERATING NEW FORECAST ---
[2026-09-15 04:37:58] Running future forecast for horizon=24...
[2026-09-15 04:37:59] Logged new future forecast ID 58 at row 59. Pending actuals.
[2026-09-15 04:37:59] ETH-USD completed. Forecast ID: 58
