[2026-08-22 01:41:57] 
[2026-08-22 01:41:57] ================================================================================
[2026-08-22 01:41:57] PROCESSING ETH-USD
[2026-08-22 01:41:57] ================================================================================
[2026-08-22 01:41:57] 
[2026-08-22 01:41:57] --- STAGE 1: DOWNLOADING DATA ---
[2026-08-22 01:41:57] Downloading data for ETH-USD (period=60d, interval=1h)...
[2026-08-22 01:41:57] Data downloaded successfully. Total rows: 1395
[2026-08-22 01:41:57] 
[2026-08-22 01:41:57] --- STAGE 2: EVALUATING LATEST FORECAST ---
[2026-08-22 01:41:57] Latest forecast (row 34) is pending. Evaluating...
[2026-08-22 01:41:57]   ForecastTime:    2026-08-21 01:48:55
[2026-08-22 01:41:57]   Rounded to:      2026-08-21 01:00:00
[2026-08-22 01:41:57]   Target windows:  2026-08-21 02:00:00 to 2026-08-22 01:00:00
[2026-08-22 01:41:57]   Data range:      2026-06-24 00:00:00 to 2026-08-22 01:00:00
[2026-08-22 01:41:57]   -> Updated ForecastDetails row 34.
[2026-08-22 01:41:57]   -> Metrics: last_actual=2515.99, abs_error=172.11, pct_error=6.84%, mape=2.32%
[2026-08-22 01:41:57] Pending forecast evaluated.
[2026-08-22 01:41:57] 
[2026-08-22 01:41:57] --- STAGE 3: GENERATING NEW FORECAST ---
[2026-08-22 01:41:57] Running future forecast for horizon=24...
[2026-08-22 01:41:58] Logged new future forecast ID 34 at row 35. Pending actuals.
[2026-08-22 01:41:58] ETH-USD completed. Forecast ID: 34
