[2026-08-04 03:26:07] 
[2026-08-04 03:26:07] ================================================================================
[2026-08-04 03:26:07] PROCESSING ETH-USD
[2026-08-04 03:26:07] ================================================================================
[2026-08-04 03:26:07] 
[2026-08-04 03:26:07] --- STAGE 1: DOWNLOADING DATA ---
[2026-08-04 03:26:07] Downloading data for ETH-USD (period=60d, interval=1h)...
[2026-08-04 03:26:07] Data downloaded successfully. Total rows: 1399
[2026-08-04 03:26:07] 
[2026-08-04 03:26:07] --- STAGE 2: EVALUATING LATEST FORECAST ---
[2026-08-04 03:26:07] Latest forecast (row 16) is pending. Evaluating...
[2026-08-04 03:26:07]   ForecastTime:    2026-08-03 03:42:01
[2026-08-04 03:26:07]   Rounded to:      2026-08-03 03:00:00
[2026-08-04 03:26:07]   Target windows:  2026-08-03 04:00:00 to 2026-08-04 03:00:00
[2026-08-04 03:26:07]   Data range:      2026-06-06 00:00:00 to 2026-08-04 03:00:00
[2026-08-04 03:26:07]   -> Updated ForecastDetails row 16.
[2026-08-04 03:26:07]   -> Metrics: last_actual=1858.04, abs_error=2.92, pct_error=0.16%, mape=0.45%
[2026-08-04 03:26:07] Pending forecast evaluated.
[2026-08-04 03:26:07] 
[2026-08-04 03:26:07] --- STAGE 3: GENERATING NEW FORECAST ---
[2026-08-04 03:26:07] Running future forecast for horizon=24...
[2026-08-04 03:26:08] Logged new future forecast ID 16 at row 17. Pending actuals.
[2026-08-04 03:26:08] ETH-USD completed. Forecast ID: 16
