[2026-10-07 05:37:30] 
[2026-10-07 05:37:30] ================================================================================
[2026-10-07 05:37:30] PROCESSING ETH-USD
[2026-10-07 05:37:30] ================================================================================
[2026-10-07 05:37:30] 
[2026-10-07 05:37:30] --- STAGE 1: DOWNLOADING DATA ---
[2026-10-07 05:37:30] Downloading data for ETH-USD (period=60d, interval=1h)...
[2026-10-07 05:37:31] Data downloaded successfully. Total rows: 1422
[2026-10-07 05:37:31] 
[2026-10-07 05:37:31] --- STAGE 2: EVALUATING LATEST FORECAST ---
[2026-10-07 05:37:31] Latest forecast (row 80) is pending. Evaluating...
[2026-10-07 05:37:31]   ForecastTime:    2026-10-06 06:02:20
[2026-10-07 05:37:31]   Rounded to:      2026-10-06 06:00:00
[2026-10-07 05:37:31]   Target windows:  2026-10-06 07:00:00 to 2026-10-07 06:00:00
[2026-10-07 05:37:31]   Data range:      2026-08-09 00:00:00 to 2026-10-07 05:00:00
[2026-10-07 05:37:31]   -> Updated ForecastDetails row 80.
[2026-10-07 05:37:31]   -> Metrics: last_actual=2616.55, abs_error=79.43, pct_error=3.04%, mape=0.98%
[2026-10-07 05:37:31] Pending forecast evaluated.
[2026-10-07 05:37:31] 
[2026-10-07 05:37:31] --- STAGE 3: GENERATING NEW FORECAST ---
[2026-10-07 05:37:31] Running future forecast for horizon=24...
[2026-10-07 05:37:31] Logged new future forecast ID 80 at row 81. Pending actuals.
[2026-10-07 05:37:31] ETH-USD completed. Forecast ID: 80
