[2026-09-29 05:28:55] 
[2026-09-29 05:28:55] ================================================================================
[2026-09-29 05:28:55] PROCESSING ETH-USD
[2026-09-29 05:28:55] ================================================================================
[2026-09-29 05:28:55] 
[2026-09-29 05:28:55] --- STAGE 1: DOWNLOADING DATA ---
[2026-09-29 05:28:55] Downloading data for ETH-USD (period=60d, interval=1h)...
[2026-09-29 05:28:55] Data downloaded successfully. Total rows: 1422
[2026-09-29 05:28:55] 
[2026-09-29 05:28:55] --- STAGE 2: EVALUATING LATEST FORECAST ---
[2026-09-29 05:28:55] Latest forecast (row 72) is pending. Evaluating...
[2026-09-29 05:28:55]   ForecastTime:    2026-09-28 05:04:11
[2026-09-29 05:28:55]   Rounded to:      2026-09-28 05:00:00
[2026-09-29 05:28:55]   Target windows:  2026-09-28 06:00:00 to 2026-09-29 05:00:00
[2026-09-29 05:28:55]   Data range:      2026-08-01 00:00:00 to 2026-09-29 05:00:00
[2026-09-29 05:28:55]   -> Updated ForecastDetails row 72.
[2026-09-29 05:28:55]   -> Metrics: last_actual=2671.57, abs_error=13.12, pct_error=0.49%, mape=0.64%
[2026-09-29 05:28:55] Pending forecast evaluated.
[2026-09-29 05:28:55] 
[2026-09-29 05:28:55] --- STAGE 3: GENERATING NEW FORECAST ---
[2026-09-29 05:28:55] Running future forecast for horizon=24...
[2026-09-29 05:28:56] Logged new future forecast ID 72 at row 73. Pending actuals.
[2026-09-29 05:28:56] ETH-USD completed. Forecast ID: 72
