[2026-08-10 02:24:22] 
[2026-08-10 02:24:22] ================================================================================
[2026-08-10 02:24:22] PROCESSING ETH-USD
[2026-08-10 02:24:22] ================================================================================
[2026-08-10 02:24:22] 
[2026-08-10 02:24:22] --- STAGE 1: DOWNLOADING DATA ---
[2026-08-10 02:24:22] Downloading data for ETH-USD (period=60d, interval=1h)...
[2026-08-10 02:24:22] Data downloaded successfully. Total rows: 1419
[2026-08-10 02:24:22] 
[2026-08-10 02:24:22] --- STAGE 2: EVALUATING LATEST FORECAST ---
[2026-08-10 02:24:22] Latest forecast (row 22) is pending. Evaluating...
[2026-08-10 02:24:22]   ForecastTime:    2026-08-09 02:19:04
[2026-08-10 02:24:22]   Rounded to:      2026-08-09 02:00:00
[2026-08-10 02:24:22]   Target windows:  2026-08-09 03:00:00 to 2026-08-10 02:00:00
[2026-08-10 02:24:22]   Data range:      2026-06-12 00:00:00 to 2026-08-10 02:00:00
[2026-08-10 02:24:22]   -> Updated ForecastDetails row 22.
[2026-08-10 02:24:22]   -> Metrics: last_actual=1914.11, abs_error=2.67, pct_error=0.14%, mape=0.19%
[2026-08-10 02:24:22] Pending forecast evaluated.
[2026-08-10 02:24:22] 
[2026-08-10 02:24:22] --- STAGE 3: GENERATING NEW FORECAST ---
[2026-08-10 02:24:22] Running future forecast for horizon=24...
[2026-08-10 02:24:23] Logged new future forecast ID 22 at row 23. Pending actuals.
[2026-08-10 02:24:23] ETH-USD completed. Forecast ID: 22
