[2026-08-24 01:49:29] 
[2026-08-24 01:49:29] ================================================================================
[2026-08-24 01:49:29] PROCESSING ETH-USD
[2026-08-24 01:49:29] ================================================================================
[2026-08-24 01:49:29] 
[2026-08-24 01:49:29] --- STAGE 1: DOWNLOADING DATA ---
[2026-08-24 01:49:29] Downloading data for ETH-USD (period=60d, interval=1h)...
[2026-08-24 01:49:29] Data downloaded successfully. Total rows: 1397
[2026-08-24 01:49:29] 
[2026-08-24 01:49:29] --- STAGE 2: EVALUATING LATEST FORECAST ---
[2026-08-24 01:49:29] Latest forecast (row 36) is pending. Evaluating...
[2026-08-24 01:49:29]   ForecastTime:    2026-08-23 01:51:51
[2026-08-24 01:49:29]   Rounded to:      2026-08-23 01:00:00
[2026-08-24 01:49:29]   Target windows:  2026-08-23 02:00:00 to 2026-08-24 01:00:00
[2026-08-24 01:49:29]   Data range:      2026-06-26 00:00:00 to 2026-08-24 01:00:00
[2026-08-24 01:49:29]   -> Updated ForecastDetails row 36.
[2026-08-24 01:49:30]   -> Metrics: last_actual=2437.82, abs_error=9.33, pct_error=0.38%, mape=0.99%
[2026-08-24 01:49:30] Pending forecast evaluated.
[2026-08-24 01:49:30] 
[2026-08-24 01:49:30] --- STAGE 3: GENERATING NEW FORECAST ---
[2026-08-24 01:49:30] Running future forecast for horizon=24...
[2026-08-24 01:49:30] Logged new future forecast ID 36 at row 37. Pending actuals.
[2026-08-24 01:49:30] ETH-USD completed. Forecast ID: 36
