[2026-09-25 04:38:36] 
[2026-09-25 04:38:36] ================================================================================
[2026-09-25 04:38:36] PROCESSING ETH-USD
[2026-09-25 04:38:36] ================================================================================
[2026-09-25 04:38:36] 
[2026-09-25 04:38:36] --- STAGE 1: DOWNLOADING DATA ---
[2026-09-25 04:38:36] Downloading data for ETH-USD (period=60d, interval=1h)...
[2026-09-25 04:38:37] Data downloaded successfully. Total rows: 1421
[2026-09-25 04:38:37] 
[2026-09-25 04:38:37] --- STAGE 2: EVALUATING LATEST FORECAST ---
[2026-09-25 04:38:37] Latest forecast (row 68) is pending. Evaluating...
[2026-09-25 04:38:37]   ForecastTime:    2026-09-24 04:27:20
[2026-09-25 04:38:37]   Rounded to:      2026-09-24 04:00:00
[2026-09-25 04:38:37]   Target windows:  2026-09-24 05:00:00 to 2026-09-25 04:00:00
[2026-09-25 04:38:37]   Data range:      2026-07-28 00:00:00 to 2026-09-25 04:00:00
[2026-09-25 04:38:37]   -> Updated ForecastDetails row 68.
[2026-09-25 04:38:37]   -> Metrics: last_actual=2680.60, abs_error=10.96, pct_error=0.41%, mape=0.56%
[2026-09-25 04:38:37] Pending forecast evaluated.
[2026-09-25 04:38:37] 
[2026-09-25 04:38:37] --- STAGE 3: GENERATING NEW FORECAST ---
[2026-09-25 04:38:37] Running future forecast for horizon=24...
[2026-09-25 04:38:37] Logged new future forecast ID 68 at row 69. Pending actuals.
[2026-09-25 04:38:37] ETH-USD completed. Forecast ID: 68
