[2026-09-09 04:23:13] 
[2026-09-09 04:23:13] ================================================================================
[2026-09-09 04:23:13] PROCESSING ETH-USD
[2026-09-09 04:23:13] ================================================================================
[2026-09-09 04:23:13] 
[2026-09-09 04:23:13] --- STAGE 1: DOWNLOADING DATA ---
[2026-09-09 04:23:13] Downloading data for ETH-USD (period=60d, interval=1h)...
[2026-09-09 04:23:13] Data downloaded successfully. Total rows: 1400
[2026-09-09 04:23:13] 
[2026-09-09 04:23:13] --- STAGE 2: EVALUATING LATEST FORECAST ---
[2026-09-09 04:23:13] Latest forecast (row 52) is pending. Evaluating...
[2026-09-09 04:23:13]   ForecastTime:    2026-09-08 04:16:36
[2026-09-09 04:23:13]   Rounded to:      2026-09-08 04:00:00
[2026-09-09 04:23:13]   Target windows:  2026-09-08 05:00:00 to 2026-09-09 04:00:00
[2026-09-09 04:23:13]   Data range:      2026-07-12 00:00:00 to 2026-09-09 04:00:00
[2026-09-09 04:23:13]   -> Updated ForecastDetails row 52.
[2026-09-09 04:23:14]   -> Metrics: last_actual=2497.39, abs_error=21.80, pct_error=0.87%, mape=0.42%
[2026-09-09 04:23:14] Pending forecast evaluated.
[2026-09-09 04:23:14] 
[2026-09-09 04:23:14] --- STAGE 3: GENERATING NEW FORECAST ---
[2026-09-09 04:23:14] Running future forecast for horizon=24...
[2026-09-09 04:23:14] Logged new future forecast ID 52 at row 53. Pending actuals.
[2026-09-09 04:23:14] ETH-USD completed. Forecast ID: 52
