[2026-09-23 04:30:07] 
[2026-09-23 04:30:07] ================================================================================
[2026-09-23 04:30:07] PROCESSING ETH-USD
[2026-09-23 04:30:07] ================================================================================
[2026-09-23 04:30:07] 
[2026-09-23 04:30:07] --- STAGE 1: DOWNLOADING DATA ---
[2026-09-23 04:30:07] Downloading data for ETH-USD (period=60d, interval=1h)...
[2026-09-23 04:30:07] Data downloaded successfully. Total rows: 1421
[2026-09-23 04:30:07] 
[2026-09-23 04:30:07] --- STAGE 2: EVALUATING LATEST FORECAST ---
[2026-09-23 04:30:07] Latest forecast (row 66) is pending. Evaluating...
[2026-09-23 04:30:07]   ForecastTime:    2026-09-22 04:33:43
[2026-09-23 04:30:07]   Rounded to:      2026-09-22 04:00:00
[2026-09-23 04:30:07]   Target windows:  2026-09-22 05:00:00 to 2026-09-23 04:00:00
[2026-09-23 04:30:07]   Data range:      2026-07-26 00:00:00 to 2026-09-23 04:00:00
[2026-09-23 04:30:07]   -> Updated ForecastDetails row 66.
[2026-09-23 04:30:07]   -> Metrics: last_actual=2779.58, abs_error=64.80, pct_error=2.33%, mape=1.03%
[2026-09-23 04:30:07] Pending forecast evaluated.
[2026-09-23 04:30:07] 
[2026-09-23 04:30:07] --- STAGE 3: GENERATING NEW FORECAST ---
[2026-09-23 04:30:07] Running future forecast for horizon=24...
[2026-09-23 04:30:07] Logged new future forecast ID 66 at row 67. Pending actuals.
[2026-09-23 04:30:07] ETH-USD completed. Forecast ID: 66
