[2026-08-09 02:19:03] 
[2026-08-09 02:19:03] ================================================================================
[2026-08-09 02:19:03] PROCESSING ETH-USD
[2026-08-09 02:19:03] ================================================================================
[2026-08-09 02:19:03] 
[2026-08-09 02:19:03] --- STAGE 1: DOWNLOADING DATA ---
[2026-08-09 02:19:03] Downloading data for ETH-USD (period=60d, interval=1h)...
[2026-08-09 02:19:04] Data downloaded successfully. Total rows: 1419
[2026-08-09 02:19:04] 
[2026-08-09 02:19:04] --- STAGE 2: EVALUATING LATEST FORECAST ---
[2026-08-09 02:19:04] Latest forecast (row 21) is pending. Evaluating...
[2026-08-09 02:19:04]   ForecastTime:    2026-08-08 02:08:01
[2026-08-09 02:19:04]   Rounded to:      2026-08-08 02:00:00
[2026-08-09 02:19:04]   Target windows:  2026-08-08 03:00:00 to 2026-08-09 02:00:00
[2026-08-09 02:19:04]   Data range:      2026-06-11 00:00:00 to 2026-08-09 02:00:00
[2026-08-09 02:19:04]   -> Updated ForecastDetails row 21.
[2026-08-09 02:19:04]   -> Metrics: last_actual=1914.55, abs_error=1.38, pct_error=0.07%, mape=0.16%
[2026-08-09 02:19:04] Pending forecast evaluated.
[2026-08-09 02:19:04] 
[2026-08-09 02:19:04] --- STAGE 3: GENERATING NEW FORECAST ---
[2026-08-09 02:19:04] Running future forecast for horizon=24...
[2026-08-09 02:19:04] Logged new future forecast ID 21 at row 22. Pending actuals.
[2026-08-09 02:19:04] ETH-USD completed. Forecast ID: 21
