[2026-08-11 02:14:57] 
[2026-08-11 02:14:57] ================================================================================
[2026-08-11 02:14:57] PROCESSING ETH-USD
[2026-08-11 02:14:57] ================================================================================
[2026-08-11 02:14:57] 
[2026-08-11 02:14:57] --- STAGE 1: DOWNLOADING DATA ---
[2026-08-11 02:14:57] Downloading data for ETH-USD (period=60d, interval=1h)...
[2026-08-11 02:14:57] Data downloaded successfully. Total rows: 1417
[2026-08-11 02:14:57] 
[2026-08-11 02:14:57] --- STAGE 2: EVALUATING LATEST FORECAST ---
[2026-08-11 02:14:57] Latest forecast (row 23) is pending. Evaluating...
[2026-08-11 02:14:57]   ForecastTime:    2026-08-10 02:24:23
[2026-08-11 02:14:57]   Rounded to:      2026-08-10 02:00:00
[2026-08-11 02:14:57]   Target windows:  2026-08-10 03:00:00 to 2026-08-11 02:00:00
[2026-08-11 02:14:57]   Data range:      2026-06-13 00:00:00 to 2026-08-11 02:00:00
[2026-08-11 02:14:57]   -> Updated ForecastDetails row 23.
[2026-08-11 02:14:58]   -> Metrics: last_actual=1876.35, abs_error=36.61, pct_error=1.95%, mape=1.30%
[2026-08-11 02:14:58] Pending forecast evaluated.
[2026-08-11 02:14:58] 
[2026-08-11 02:14:58] --- STAGE 3: GENERATING NEW FORECAST ---
[2026-08-11 02:14:58] Running future forecast for horizon=24...
[2026-08-11 02:14:58] Logged new future forecast ID 23 at row 24. Pending actuals.
[2026-08-11 02:14:58] ETH-USD completed. Forecast ID: 23
