[2026-08-03 03:42:00] 
[2026-08-03 03:42:00] ================================================================================
[2026-08-03 03:42:00] PROCESSING ETH-USD
[2026-08-03 03:42:00] ================================================================================
[2026-08-03 03:42:00] 
[2026-08-03 03:42:00] --- STAGE 1: DOWNLOADING DATA ---
[2026-08-03 03:42:00] Downloading data for ETH-USD (period=60d, interval=1h)...
[2026-08-03 03:42:00] Data downloaded successfully. Total rows: 1399
[2026-08-03 03:42:00] 
[2026-08-03 03:42:00] --- STAGE 2: EVALUATING LATEST FORECAST ---
[2026-08-03 03:42:00] Latest forecast (row 15) is pending. Evaluating...
[2026-08-03 03:42:00]   ForecastTime:    2026-08-02 03:39:50
[2026-08-03 03:42:00]   Rounded to:      2026-08-02 03:00:00
[2026-08-03 03:42:00]   Target windows:  2026-08-02 04:00:00 to 2026-08-03 03:00:00
[2026-08-03 03:42:00]   Data range:      2026-06-05 00:00:00 to 2026-08-03 03:00:00
[2026-08-03 03:42:00]   -> Updated ForecastDetails row 15.
[2026-08-03 03:42:00]   -> Metrics: last_actual=1859.36, abs_error=8.59, pct_error=0.46%, mape=0.48%
[2026-08-03 03:42:00] Pending forecast evaluated.
[2026-08-03 03:42:00] 
[2026-08-03 03:42:00] --- STAGE 3: GENERATING NEW FORECAST ---
[2026-08-03 03:42:00] Running future forecast for horizon=24...
[2026-08-03 03:42:01] Logged new future forecast ID 15 at row 16. Pending actuals.
[2026-08-03 03:42:01] ETH-USD completed. Forecast ID: 15
