[2026-07-26 03:42:05] 
[2026-07-26 03:42:05] ================================================================================
[2026-07-26 03:42:05] PROCESSING ETH-USD
[2026-07-26 03:42:05] ================================================================================
[2026-07-26 03:42:05] 
[2026-07-26 03:42:05] --- STAGE 1: DOWNLOADING DATA ---
[2026-07-26 03:42:05] Downloading data for ETH-USD (period=60d, interval=1h)...
[2026-07-26 03:42:05] Data downloaded successfully. Total rows: 1399
[2026-07-26 03:42:05] 
[2026-07-26 03:42:05] --- STAGE 2: EVALUATING LATEST FORECAST ---
[2026-07-26 03:42:05] Latest forecast (row 7) is pending. Evaluating...
[2026-07-26 03:42:05]   ForecastTime:    2026-07-25 03:29:11
[2026-07-26 03:42:05]   Rounded to:      2026-07-25 03:00:00
[2026-07-26 03:42:05]   Target windows:  2026-07-25 04:00:00 to 2026-07-26 03:00:00
[2026-07-26 03:42:05]   Data range:      2026-05-28 00:00:00 to 2026-07-26 03:00:00
[2026-07-26 03:42:05]   -> Updated ForecastDetails row 7.
[2026-07-26 03:42:05]   -> Metrics: last_actual=1880.72, abs_error=24.30, pct_error=1.29%, mape=0.58%
[2026-07-26 03:42:05] Pending forecast evaluated.
[2026-07-26 03:42:05] 
[2026-07-26 03:42:05] --- STAGE 3: GENERATING NEW FORECAST ---
[2026-07-26 03:42:05] Running future forecast for horizon=24...
[2026-07-26 03:42:06] Logged new future forecast ID 7 at row 8. Pending actuals.
[2026-07-26 03:42:06] ETH-USD completed. Forecast ID: 7
