[2026-10-06 06:02:19] 
[2026-10-06 06:02:19] ================================================================================
[2026-10-06 06:02:19] PROCESSING ETH-USD
[2026-10-06 06:02:19] ================================================================================
[2026-10-06 06:02:19] 
[2026-10-06 06:02:19] --- STAGE 1: DOWNLOADING DATA ---
[2026-10-06 06:02:19] Downloading data for ETH-USD (period=60d, interval=1h)...
[2026-10-06 06:02:19] Data downloaded successfully. Total rows: 1423
[2026-10-06 06:02:19] 
[2026-10-06 06:02:19] --- STAGE 2: EVALUATING LATEST FORECAST ---
[2026-10-06 06:02:19] Latest forecast (row 79) is pending. Evaluating...
[2026-10-06 06:02:19]   ForecastTime:    2026-10-05 05:18:12
[2026-10-06 06:02:19]   Rounded to:      2026-10-05 05:00:00
[2026-10-06 06:02:19]   Target windows:  2026-10-05 06:00:00 to 2026-10-06 05:00:00
[2026-10-06 06:02:19]   Data range:      2026-08-08 00:00:00 to 2026-10-06 06:00:00
[2026-10-06 06:02:19]   -> Updated ForecastDetails row 79.
[2026-10-06 06:02:20]   -> Metrics: last_actual=2698.59, abs_error=7.66, pct_error=0.28%, mape=0.64%
[2026-10-06 06:02:20] Pending forecast evaluated.
[2026-10-06 06:02:20] 
[2026-10-06 06:02:20] --- STAGE 3: GENERATING NEW FORECAST ---
[2026-10-06 06:02:20] Running future forecast for horizon=24...
[2026-10-06 06:02:20] Logged new future forecast ID 79 at row 80. Pending actuals.
[2026-10-06 06:02:20] ETH-USD completed. Forecast ID: 79
