[2026-10-04 05:34:28] 
[2026-10-04 05:34:28] ================================================================================
[2026-10-04 05:34:28] PROCESSING ETH-USD
[2026-10-04 05:34:28] ================================================================================
[2026-10-04 05:34:28] 
[2026-10-04 05:34:28] --- STAGE 1: DOWNLOADING DATA ---
[2026-10-04 05:34:28] Downloading data for ETH-USD (period=60d, interval=1h)...
[2026-10-04 05:34:28] Data downloaded successfully. Total rows: 1422
[2026-10-04 05:34:28] 
[2026-10-04 05:34:28] --- STAGE 2: EVALUATING LATEST FORECAST ---
[2026-10-04 05:34:28] Latest forecast (row 77) is pending. Evaluating...
[2026-10-04 05:34:28]   ForecastTime:    2026-10-03 05:02:06
[2026-10-04 05:34:28]   Rounded to:      2026-10-03 05:00:00
[2026-10-04 05:34:28]   Target windows:  2026-10-03 06:00:00 to 2026-10-04 05:00:00
[2026-10-04 05:34:28]   Data range:      2026-08-06 00:00:00 to 2026-10-04 05:00:00
[2026-10-04 05:34:28]   -> Updated ForecastDetails row 77.
[2026-10-04 05:34:28]   -> Metrics: last_actual=2694.21, abs_error=12.30, pct_error=0.46%, mape=0.30%
[2026-10-04 05:34:28] Pending forecast evaluated.
[2026-10-04 05:34:28] 
[2026-10-04 05:34:28] --- STAGE 3: GENERATING NEW FORECAST ---
[2026-10-04 05:34:28] Running future forecast for horizon=24...
[2026-10-04 05:34:28] Logged new future forecast ID 77 at row 78. Pending actuals.
[2026-10-04 05:34:28] ETH-USD completed. Forecast ID: 77
