[2026-10-09 05:49:50] 
[2026-10-09 05:49:50] ================================================================================
[2026-10-09 05:49:50] PROCESSING ETH-USD
[2026-10-09 05:49:50] ================================================================================
[2026-10-09 05:49:50] 
[2026-10-09 05:49:50] --- STAGE 1: DOWNLOADING DATA ---
[2026-10-09 05:49:50] Downloading data for ETH-USD (period=60d, interval=1h)...
[2026-10-09 05:49:50] Data downloaded successfully. Total rows: 1422
[2026-10-09 05:49:50] 
[2026-10-09 05:49:50] --- STAGE 2: EVALUATING LATEST FORECAST ---
[2026-10-09 05:49:50] Latest forecast (row 82) is pending. Evaluating...
[2026-10-09 05:49:50]   ForecastTime:    2026-10-08 05:45:48
[2026-10-09 05:49:50]   Rounded to:      2026-10-08 05:00:00
[2026-10-09 05:49:50]   Target windows:  2026-10-08 06:00:00 to 2026-10-09 05:00:00
[2026-10-09 05:49:50]   Data range:      2026-08-11 00:00:00 to 2026-10-09 05:00:00
[2026-10-09 05:49:50]   -> Updated ForecastDetails row 82.
[2026-10-09 05:49:50]   -> Metrics: last_actual=2488.58, abs_error=82.86, pct_error=3.33%, mape=3.04%
[2026-10-09 05:49:50] Pending forecast evaluated.
[2026-10-09 05:49:50] 
[2026-10-09 05:49:50] --- STAGE 3: GENERATING NEW FORECAST ---
[2026-10-09 05:49:50] Running future forecast for horizon=24...
[2026-10-09 05:49:51] Logged new future forecast ID 82 at row 83. Pending actuals.
[2026-10-09 05:49:51] ETH-USD completed. Forecast ID: 82
