[2026-08-16 01:49:58] 
[2026-08-16 01:49:58] ================================================================================
[2026-08-16 01:49:58] PROCESSING ETH-USD
[2026-08-16 01:49:58] ================================================================================
[2026-08-16 01:49:58] 
[2026-08-16 01:49:58] --- STAGE 1: DOWNLOADING DATA ---
[2026-08-16 01:49:58] Downloading data for ETH-USD (period=60d, interval=1h)...
[2026-08-16 01:49:58] Data downloaded successfully. Total rows: 1418
[2026-08-16 01:49:58] 
[2026-08-16 01:49:58] --- STAGE 2: EVALUATING LATEST FORECAST ---
[2026-08-16 01:49:58] Latest forecast (row 28) is pending. Evaluating...
[2026-08-16 01:49:58]   ForecastTime:    2026-08-15 01:42:57
[2026-08-16 01:49:58]   Rounded to:      2026-08-15 01:00:00
[2026-08-16 01:49:58]   Target windows:  2026-08-15 02:00:00 to 2026-08-16 01:00:00
[2026-08-16 01:49:58]   Data range:      2026-06-18 00:00:00 to 2026-08-16 01:00:00
[2026-08-16 01:49:58]   -> Updated ForecastDetails row 28.
[2026-08-16 01:49:59]   -> Metrics: last_actual=1877.89, abs_error=3.78, pct_error=0.20%, mape=0.10%
[2026-08-16 01:49:59] Pending forecast evaluated.
[2026-08-16 01:49:59] 
[2026-08-16 01:49:59] --- STAGE 3: GENERATING NEW FORECAST ---
[2026-08-16 01:49:59] Running future forecast for horizon=24...
[2026-08-16 01:49:59] Logged new future forecast ID 28 at row 29. Pending actuals.
[2026-08-16 01:49:59] ETH-USD completed. Forecast ID: 28
