[2026-08-31 05:13:09] 
[2026-08-31 05:13:09] ================================================================================
[2026-08-31 05:13:09] PROCESSING ETH-USD
[2026-08-31 05:13:09] ================================================================================
[2026-08-31 05:13:09] 
[2026-08-31 05:13:09] --- STAGE 1: DOWNLOADING DATA ---
[2026-08-31 05:13:09] Downloading data for ETH-USD (period=60d, interval=1h)...
[2026-08-31 05:13:09] Data downloaded successfully. Total rows: 1422
[2026-08-31 05:13:09] 
[2026-08-31 05:13:09] --- STAGE 2: EVALUATING LATEST FORECAST ---
[2026-08-31 05:13:09] Latest forecast (row 43) is pending. Evaluating...
[2026-08-31 05:13:09]   ForecastTime:    2026-08-30 05:05:37
[2026-08-31 05:13:09]   Rounded to:      2026-08-30 05:00:00
[2026-08-31 05:13:09]   Target windows:  2026-08-30 06:00:00 to 2026-08-31 05:00:00
[2026-08-31 05:13:09]   Data range:      2026-07-03 00:00:00 to 2026-08-31 05:00:00
[2026-08-31 05:13:09]   -> Updated ForecastDetails row 43.
[2026-08-31 05:13:09]   -> Metrics: last_actual=2422.04, abs_error=38.49, pct_error=1.59%, mape=1.07%
[2026-08-31 05:13:09] Pending forecast evaluated.
[2026-08-31 05:13:09] 
[2026-08-31 05:13:09] --- STAGE 3: GENERATING NEW FORECAST ---
[2026-08-31 05:13:09] Running future forecast for horizon=24...
[2026-08-31 05:13:10] Logged new future forecast ID 43 at row 44. Pending actuals.
[2026-08-31 05:13:10] ETH-USD completed. Forecast ID: 43
