[2026-10-08 05:45:47] 
[2026-10-08 05:45:47] ================================================================================
[2026-10-08 05:45:47] PROCESSING ETH-USD
[2026-10-08 05:45:47] ================================================================================
[2026-10-08 05:45:47] 
[2026-10-08 05:45:47] --- STAGE 1: DOWNLOADING DATA ---
[2026-10-08 05:45:47] Downloading data for ETH-USD (period=60d, interval=1h)...
[2026-10-08 05:45:47] Data downloaded successfully. Total rows: 1422
[2026-10-08 05:45:47] 
[2026-10-08 05:45:47] --- STAGE 2: EVALUATING LATEST FORECAST ---
[2026-10-08 05:45:47] Latest forecast (row 81) is pending. Evaluating...
[2026-10-08 05:45:47]   ForecastTime:    2026-10-07 05:37:31
[2026-10-08 05:45:47]   Rounded to:      2026-10-07 05:00:00
[2026-10-08 05:45:47]   Target windows:  2026-10-07 06:00:00 to 2026-10-08 05:00:00
[2026-10-08 05:45:47]   Data range:      2026-08-10 00:00:00 to 2026-10-08 05:00:00
[2026-10-08 05:45:47]   -> Updated ForecastDetails row 81.
[2026-10-08 05:45:47]   -> Metrics: last_actual=2568.08, abs_error=61.62, pct_error=2.40%, mape=1.89%
[2026-10-08 05:45:47] Pending forecast evaluated.
[2026-10-08 05:45:47] 
[2026-10-08 05:45:47] --- STAGE 3: GENERATING NEW FORECAST ---
[2026-10-08 05:45:47] Running future forecast for horizon=24...
[2026-10-08 05:45:48] Logged new future forecast ID 81 at row 82. Pending actuals.
[2026-10-08 05:45:48] ETH-USD completed. Forecast ID: 81
