[2026-07-27 03:51:36] 
[2026-07-27 03:51:36] ================================================================================
[2026-07-27 03:51:36] PROCESSING ETH-USD
[2026-07-27 03:51:36] ================================================================================
[2026-07-27 03:51:36] 
[2026-07-27 03:51:36] --- STAGE 1: DOWNLOADING DATA ---
[2026-07-27 03:51:36] Downloading data for ETH-USD (period=60d, interval=1h)...
[2026-07-27 03:51:36] Data downloaded successfully. Total rows: 1420
[2026-07-27 03:51:36] 
[2026-07-27 03:51:36] --- STAGE 2: EVALUATING LATEST FORECAST ---
[2026-07-27 03:51:36] Latest forecast (row 8) is pending. Evaluating...
[2026-07-27 03:51:36]   ForecastTime:    2026-07-26 03:42:06
[2026-07-27 03:51:36]   Rounded to:      2026-07-26 03:00:00
[2026-07-27 03:51:36]   Target windows:  2026-07-26 04:00:00 to 2026-07-27 03:00:00
[2026-07-27 03:51:36]   Data range:      2026-05-29 00:00:00 to 2026-07-27 03:00:00
[2026-07-27 03:51:36]   -> Updated ForecastDetails row 8.
[2026-07-27 03:51:37]   -> Metrics: last_actual=1945.44, abs_error=57.80, pct_error=2.97%, mape=1.25%
[2026-07-27 03:51:37] Pending forecast evaluated.
[2026-07-27 03:51:37] 
[2026-07-27 03:51:37] --- STAGE 3: GENERATING NEW FORECAST ---
[2026-07-27 03:51:37] Running future forecast for horizon=24...
[2026-07-27 03:51:37] Logged new future forecast ID 8 at row 9. Pending actuals.
[2026-07-27 03:51:37] ETH-USD completed. Forecast ID: 8
