[2026-09-05 04:08:41] 
[2026-09-05 04:08:41] ================================================================================
[2026-09-05 04:08:41] PROCESSING ETH-USD
[2026-09-05 04:08:41] ================================================================================
[2026-09-05 04:08:41] 
[2026-09-05 04:08:41] --- STAGE 1: DOWNLOADING DATA ---
[2026-09-05 04:08:41] Downloading data for ETH-USD (period=60d, interval=1h)...
[2026-09-05 04:08:41] Data downloaded successfully. Total rows: 1421
[2026-09-05 04:08:41] 
[2026-09-05 04:08:41] --- STAGE 2: EVALUATING LATEST FORECAST ---
[2026-09-05 04:08:41] Latest forecast (row 48) is pending. Evaluating...
[2026-09-05 04:08:41]   ForecastTime:    2026-09-04 04:12:45
[2026-09-05 04:08:41]   Rounded to:      2026-09-04 04:00:00
[2026-09-05 04:08:41]   Target windows:  2026-09-04 05:00:00 to 2026-09-05 04:00:00
[2026-09-05 04:08:41]   Data range:      2026-07-08 00:00:00 to 2026-09-05 04:00:00
[2026-09-05 04:08:41]   -> Updated ForecastDetails row 48.
[2026-09-05 04:08:41]   -> Metrics: last_actual=2452.29, abs_error=34.83, pct_error=1.42%, mape=1.36%
[2026-09-05 04:08:41] Pending forecast evaluated.
[2026-09-05 04:08:41] 
[2026-09-05 04:08:41] --- STAGE 3: GENERATING NEW FORECAST ---
[2026-09-05 04:08:41] Running future forecast for horizon=24...
[2026-09-05 04:08:42] Logged new future forecast ID 48 at row 49. Pending actuals.
[2026-09-05 04:08:42] ETH-USD completed. Forecast ID: 48
