[2026-09-28 05:04:10] 
[2026-09-28 05:04:10] ================================================================================
[2026-09-28 05:04:10] PROCESSING ETH-USD
[2026-09-28 05:04:10] ================================================================================
[2026-09-28 05:04:10] 
[2026-09-28 05:04:10] --- STAGE 1: DOWNLOADING DATA ---
[2026-09-28 05:04:10] Downloading data for ETH-USD (period=60d, interval=1h)...
[2026-09-28 05:04:10] Data downloaded successfully. Total rows: 1422
[2026-09-28 05:04:10] 
[2026-09-28 05:04:10] --- STAGE 2: EVALUATING LATEST FORECAST ---
[2026-09-28 05:04:10] Latest forecast (row 71) is pending. Evaluating...
[2026-09-28 05:04:10]   ForecastTime:    2026-09-27 05:02:26
[2026-09-28 05:04:10]   Rounded to:      2026-09-27 05:00:00
[2026-09-28 05:04:10]   Target windows:  2026-09-27 06:00:00 to 2026-09-28 05:00:00
[2026-09-28 05:04:10]   Data range:      2026-07-31 00:00:00 to 2026-09-28 05:00:00
[2026-09-28 05:04:10]   -> Updated ForecastDetails row 71.
[2026-09-28 05:04:10]   -> Metrics: last_actual=2654.76, abs_error=35.71, pct_error=1.35%, mape=0.65%
[2026-09-28 05:04:10] Pending forecast evaluated.
[2026-09-28 05:04:10] 
[2026-09-28 05:04:10] --- STAGE 3: GENERATING NEW FORECAST ---
[2026-09-28 05:04:10] Running future forecast for horizon=24...
[2026-09-28 05:04:11] Logged new future forecast ID 71 at row 72. Pending actuals.
[2026-09-28 05:04:11] ETH-USD completed. Forecast ID: 71
