[2026-09-20 04:39:50] 
[2026-09-20 04:39:50] ================================================================================
[2026-09-20 04:39:50] PROCESSING ETH-USD
[2026-09-20 04:39:50] ================================================================================
[2026-09-20 04:39:50] 
[2026-09-20 04:39:50] --- STAGE 1: DOWNLOADING DATA ---
[2026-09-20 04:39:50] Downloading data for ETH-USD (period=60d, interval=1h)...
[2026-09-20 04:39:50] Data downloaded successfully. Total rows: 1421
[2026-09-20 04:39:50] 
[2026-09-20 04:39:50] --- STAGE 2: EVALUATING LATEST FORECAST ---
[2026-09-20 04:39:50] Latest forecast (row 63) is pending. Evaluating...
[2026-09-20 04:39:50]   ForecastTime:    2026-09-19 04:20:47
[2026-09-20 04:39:50]   Rounded to:      2026-09-19 04:00:00
[2026-09-20 04:39:50]   Target windows:  2026-09-19 05:00:00 to 2026-09-20 04:00:00
[2026-09-20 04:39:50]   Data range:      2026-07-23 00:00:00 to 2026-09-20 04:00:00
[2026-09-20 04:39:50]   -> Updated ForecastDetails row 63.
[2026-09-20 04:39:50]   -> Metrics: last_actual=2584.99, abs_error=19.62, pct_error=0.76%, mape=0.81%
[2026-09-20 04:39:50] Pending forecast evaluated.
[2026-09-20 04:39:50] 
[2026-09-20 04:39:50] --- STAGE 3: GENERATING NEW FORECAST ---
[2026-09-20 04:39:50] Running future forecast for horizon=24...
[2026-09-20 04:39:51] Logged new future forecast ID 63 at row 64. Pending actuals.
[2026-09-20 04:39:51] ETH-USD completed. Forecast ID: 63
