[2026-08-14 02:32:58] 
[2026-08-14 02:32:58] ================================================================================
[2026-08-14 02:32:58] PROCESSING ETH-USD
[2026-08-14 02:32:58] ================================================================================
[2026-08-14 02:32:58] 
[2026-08-14 02:32:58] --- STAGE 1: DOWNLOADING DATA ---
[2026-08-14 02:32:58] Downloading data for ETH-USD (period=60d, interval=1h)...
[2026-08-14 02:32:58] Data downloaded successfully. Total rows: 1419
[2026-08-14 02:32:58] 
[2026-08-14 02:32:58] --- STAGE 2: EVALUATING LATEST FORECAST ---
[2026-08-14 02:32:58] Latest forecast (row 26) is pending. Evaluating...
[2026-08-14 02:32:58]   ForecastTime:    2026-08-13 02:34:11
[2026-08-14 02:32:58]   Rounded to:      2026-08-13 02:00:00
[2026-08-14 02:32:58]   Target windows:  2026-08-13 03:00:00 to 2026-08-14 02:00:00
[2026-08-14 02:32:58]   Data range:      2026-06-16 00:00:00 to 2026-08-14 02:00:00
[2026-08-14 02:32:58]   -> Updated ForecastDetails row 26.
[2026-08-14 02:32:58]   -> Metrics: last_actual=1887.09, abs_error=13.84, pct_error=0.73%, mape=0.67%
[2026-08-14 02:32:58] Pending forecast evaluated.
[2026-08-14 02:32:58] 
[2026-08-14 02:32:58] --- STAGE 3: GENERATING NEW FORECAST ---
[2026-08-14 02:32:58] Running future forecast for horizon=24...
[2026-08-14 02:32:59] Logged new future forecast ID 26 at row 27. Pending actuals.
[2026-08-14 02:32:59] ETH-USD completed. Forecast ID: 26
