[2026-09-19 04:20:46] 
[2026-09-19 04:20:46] ================================================================================
[2026-09-19 04:20:46] PROCESSING ETH-USD
[2026-09-19 04:20:46] ================================================================================
[2026-09-19 04:20:46] 
[2026-09-19 04:20:46] --- STAGE 1: DOWNLOADING DATA ---
[2026-09-19 04:20:46] Downloading data for ETH-USD (period=60d, interval=1h)...
[2026-09-19 04:20:46] Data downloaded successfully. Total rows: 1421
[2026-09-19 04:20:46] 
[2026-09-19 04:20:46] --- STAGE 2: EVALUATING LATEST FORECAST ---
[2026-09-19 04:20:46] Latest forecast (row 62) is pending. Evaluating...
[2026-09-19 04:20:46]   ForecastTime:    2026-09-18 04:23:54
[2026-09-19 04:20:46]   Rounded to:      2026-09-18 04:00:00
[2026-09-19 04:20:46]   Target windows:  2026-09-18 05:00:00 to 2026-09-19 04:00:00
[2026-09-19 04:20:46]   Data range:      2026-07-22 00:00:00 to 2026-09-19 04:00:00
[2026-09-19 04:20:46]   -> Updated ForecastDetails row 62.
[2026-09-19 04:20:47]   -> Metrics: last_actual=2621.52, abs_error=153.90, pct_error=5.87%, mape=3.98%
[2026-09-19 04:20:47] Pending forecast evaluated.
[2026-09-19 04:20:47] 
[2026-09-19 04:20:47] --- STAGE 3: GENERATING NEW FORECAST ---
[2026-09-19 04:20:47] Running future forecast for horizon=24...
[2026-09-19 04:20:47] Logged new future forecast ID 62 at row 63. Pending actuals.
[2026-09-19 04:20:47] ETH-USD completed. Forecast ID: 62
