[2026-08-29 06:51:53] 
[2026-08-29 06:51:53] ================================================================================
[2026-08-29 06:51:53] PROCESSING ETH-USD
[2026-08-29 06:51:53] ================================================================================
[2026-08-29 06:51:53] 
[2026-08-29 06:51:53] --- STAGE 1: DOWNLOADING DATA ---
[2026-08-29 06:51:53] Downloading data for ETH-USD (period=60d, interval=1h)...
[2026-08-29 06:51:53] Data downloaded successfully. Total rows: 1423
[2026-08-29 06:51:53] 
[2026-08-29 06:51:53] --- STAGE 2: EVALUATING LATEST FORECAST ---
[2026-08-29 06:51:53] Latest forecast (row 41) is pending. Evaluating...
[2026-08-29 06:51:53]   ForecastTime:    2026-08-28 11:07:19
[2026-08-29 06:51:53]   Rounded to:      2026-08-28 11:00:00
[2026-08-29 06:51:53]   Target windows:  2026-08-28 12:00:00 to 2026-08-29 11:00:00
[2026-08-29 06:51:53]   Data range:      2026-07-01 00:00:00 to 2026-08-29 06:00:00
[2026-08-29 06:51:53]   -> Updated ForecastDetails row 41.
[2026-08-29 06:51:53]   -> Metrics: last_actual=2435.64, abs_error=66.99, pct_error=2.75%, mape=2.38%
[2026-08-29 06:51:53] Pending forecast evaluated.
[2026-08-29 06:51:53] 
[2026-08-29 06:51:53] --- STAGE 3: GENERATING NEW FORECAST ---
[2026-08-29 06:51:53] Running future forecast for horizon=24...
[2026-08-29 06:51:54] Logged new future forecast ID 41 at row 42. Pending actuals.
[2026-08-29 06:51:54] ETH-USD completed. Forecast ID: 41
