[2026-09-13 04:31:10] 
[2026-09-13 04:31:10] ================================================================================
[2026-09-13 04:31:10] PROCESSING ETH-USD
[2026-09-13 04:31:10] ================================================================================
[2026-09-13 04:31:10] 
[2026-09-13 04:31:10] --- STAGE 1: DOWNLOADING DATA ---
[2026-09-13 04:31:10] Downloading data for ETH-USD (period=60d, interval=1h)...
[2026-09-13 04:31:10] Data downloaded successfully. Total rows: 1421
[2026-09-13 04:31:10] 
[2026-09-13 04:31:10] --- STAGE 2: EVALUATING LATEST FORECAST ---
[2026-09-13 04:31:10] Latest forecast (row 56) is pending. Evaluating...
[2026-09-13 04:31:10]   ForecastTime:    2026-09-12 04:18:00
[2026-09-13 04:31:10]   Rounded to:      2026-09-12 04:00:00
[2026-09-13 04:31:10]   Target windows:  2026-09-12 05:00:00 to 2026-09-13 04:00:00
[2026-09-13 04:31:10]   Data range:      2026-07-16 00:00:00 to 2026-09-13 04:00:00
[2026-09-13 04:31:10]   -> Updated ForecastDetails row 56.
[2026-09-13 04:31:10]   -> Metrics: last_actual=2522.32, abs_error=23.68, pct_error=0.94%, mape=0.85%
[2026-09-13 04:31:10] Pending forecast evaluated.
[2026-09-13 04:31:10] 
[2026-09-13 04:31:10] --- STAGE 3: GENERATING NEW FORECAST ---
[2026-09-13 04:31:10] Running future forecast for horizon=24...
[2026-09-13 04:31:11] Logged new future forecast ID 56 at row 57. Pending actuals.
[2026-09-13 04:31:11] ETH-USD completed. Forecast ID: 56
