[2026-09-18 04:23:53] 
[2026-09-18 04:23:53] ================================================================================
[2026-09-18 04:23:53] PROCESSING ETH-USD
[2026-09-18 04:23:53] ================================================================================
[2026-09-18 04:23:53] 
[2026-09-18 04:23:53] --- STAGE 1: DOWNLOADING DATA ---
[2026-09-18 04:23:53] Downloading data for ETH-USD (period=60d, interval=1h)...
[2026-09-18 04:23:53] Data downloaded successfully. Total rows: 1421
[2026-09-18 04:23:53] 
[2026-09-18 04:23:53] --- STAGE 2: EVALUATING LATEST FORECAST ---
[2026-09-18 04:23:53] Latest forecast (row 61) is pending. Evaluating...
[2026-09-18 04:23:53]   ForecastTime:    2026-09-17 04:38:38
[2026-09-18 04:23:53]   Rounded to:      2026-09-17 04:00:00
[2026-09-18 04:23:53]   Target windows:  2026-09-17 05:00:00 to 2026-09-18 04:00:00
[2026-09-18 04:23:53]   Data range:      2026-07-21 00:00:00 to 2026-09-18 04:00:00
[2026-09-18 04:23:53]   -> Updated ForecastDetails row 61.
[2026-09-18 04:23:54]   -> Metrics: last_actual=2470.91, abs_error=43.85, pct_error=1.77%, mape=0.91%
[2026-09-18 04:23:54] Pending forecast evaluated.
[2026-09-18 04:23:54] 
[2026-09-18 04:23:54] --- STAGE 3: GENERATING NEW FORECAST ---
[2026-09-18 04:23:54] Running future forecast for horizon=24...
[2026-09-18 04:23:54] Logged new future forecast ID 61 at row 62. Pending actuals.
[2026-09-18 04:23:54] ETH-USD completed. Forecast ID: 61
