[2026-08-30 05:05:36] 
[2026-08-30 05:05:36] ================================================================================
[2026-08-30 05:05:36] PROCESSING ETH-USD
[2026-08-30 05:05:36] ================================================================================
[2026-08-30 05:05:36] 
[2026-08-30 05:05:36] --- STAGE 1: DOWNLOADING DATA ---
[2026-08-30 05:05:36] Downloading data for ETH-USD (period=60d, interval=1h)...
[2026-08-30 05:05:36] Data downloaded successfully. Total rows: 1422
[2026-08-30 05:05:36] 
[2026-08-30 05:05:36] --- STAGE 2: EVALUATING LATEST FORECAST ---
[2026-08-30 05:05:36] Latest forecast (row 42) is pending. Evaluating...
[2026-08-30 05:05:36]   ForecastTime:    2026-08-29 06:51:54
[2026-08-30 05:05:36]   Rounded to:      2026-08-29 06:00:00
[2026-08-30 05:05:36]   Target windows:  2026-08-29 07:00:00 to 2026-08-30 06:00:00
[2026-08-30 05:05:36]   Data range:      2026-07-02 00:00:00 to 2026-08-30 05:00:00
[2026-08-30 05:05:36]   -> Updated ForecastDetails row 42.
[2026-08-30 05:05:36]   -> Metrics: last_actual=2458.25, abs_error=19.55, pct_error=0.80%, mape=0.49%
[2026-08-30 05:05:36] Pending forecast evaluated.
[2026-08-30 05:05:36] 
[2026-08-30 05:05:36] --- STAGE 3: GENERATING NEW FORECAST ---
[2026-08-30 05:05:36] Running future forecast for horizon=24...
[2026-08-30 05:05:37] Logged new future forecast ID 42 at row 43. Pending actuals.
[2026-08-30 05:05:37] ETH-USD completed. Forecast ID: 42
