[2026-07-25 03:29:11] 
[2026-07-25 03:29:11] ================================================================================
[2026-07-25 03:29:11] PROCESSING ETH-USD
[2026-07-25 03:29:11] ================================================================================
[2026-07-25 03:29:11] 
[2026-07-25 03:29:11] --- STAGE 1: DOWNLOADING DATA ---
[2026-07-25 03:29:11] Downloading data for ETH-USD (period=60d, interval=1h)...
[2026-07-25 03:29:11] Data downloaded successfully. Total rows: 1399
[2026-07-25 03:29:11] 
[2026-07-25 03:29:11] --- STAGE 2: EVALUATING LATEST FORECAST ---
[2026-07-25 03:29:11] Latest forecast (row 6) is pending. Evaluating...
[2026-07-25 03:29:11]   ForecastTime:    2026-07-24 03:31:18
[2026-07-25 03:29:11]   Rounded to:      2026-07-24 03:00:00
[2026-07-25 03:29:11]   Target windows:  2026-07-24 04:00:00 to 2026-07-25 03:00:00
[2026-07-25 03:29:11]   Data range:      2026-05-27 00:00:00 to 2026-07-25 03:00:00
[2026-07-25 03:29:11]   -> Updated ForecastDetails row 6.
[2026-07-25 03:29:11]   -> Metrics: last_actual=1857.83, abs_error=10.77, pct_error=0.58%, mape=0.57%
[2026-07-25 03:29:11] Pending forecast evaluated.
[2026-07-25 03:29:11] 
[2026-07-25 03:29:11] --- STAGE 3: GENERATING NEW FORECAST ---
[2026-07-25 03:29:11] Running future forecast for horizon=24...
[2026-07-25 03:29:11] Logged new future forecast ID 6 at row 7. Pending actuals.
[2026-07-25 03:29:11] ETH-USD completed. Forecast ID: 6
