[2026-09-12 04:17:59] 
[2026-09-12 04:17:59] ================================================================================
[2026-09-12 04:17:59] PROCESSING ETH-USD
[2026-09-12 04:17:59] ================================================================================
[2026-09-12 04:17:59] 
[2026-09-12 04:17:59] --- STAGE 1: DOWNLOADING DATA ---
[2026-09-12 04:17:59] Downloading data for ETH-USD (period=60d, interval=1h)...
[2026-09-12 04:17:59] Data downloaded successfully. Total rows: 1421
[2026-09-12 04:17:59] 
[2026-09-12 04:17:59] --- STAGE 2: EVALUATING LATEST FORECAST ---
[2026-09-12 04:17:59] Latest forecast (row 55) is pending. Evaluating...
[2026-09-12 04:17:59]   ForecastTime:    2026-09-11 04:19:49
[2026-09-12 04:17:59]   Rounded to:      2026-09-11 04:00:00
[2026-09-12 04:17:59]   Target windows:  2026-09-11 05:00:00 to 2026-09-12 04:00:00
[2026-09-12 04:17:59]   Data range:      2026-07-15 00:00:00 to 2026-09-12 04:00:00
[2026-09-12 04:17:59]   -> Updated ForecastDetails row 55.
[2026-09-12 04:17:59]   -> Metrics: last_actual=2511.86, abs_error=64.58, pct_error=2.57%, mape=2.66%
[2026-09-12 04:17:59] Pending forecast evaluated.
[2026-09-12 04:17:59] 
[2026-09-12 04:17:59] --- STAGE 3: GENERATING NEW FORECAST ---
[2026-09-12 04:17:59] Running future forecast for horizon=24...
[2026-09-12 04:18:00] Logged new future forecast ID 55 at row 56. Pending actuals.
[2026-09-12 04:18:00] ETH-USD completed. Forecast ID: 55
