[2026-08-07 03:10:59] 
[2026-08-07 03:10:59] ================================================================================
[2026-08-07 03:10:59] PROCESSING ETH-USD
[2026-08-07 03:10:59] ================================================================================
[2026-08-07 03:10:59] 
[2026-08-07 03:10:59] --- STAGE 1: DOWNLOADING DATA ---
[2026-08-07 03:10:59] Downloading data for ETH-USD (period=60d, interval=1h)...
[2026-08-07 03:10:59] Data downloaded successfully. Total rows: 1420
[2026-08-07 03:10:59] 
[2026-08-07 03:10:59] --- STAGE 2: EVALUATING LATEST FORECAST ---
[2026-08-07 03:10:59] Latest forecast (row 19) is pending. Evaluating...
[2026-08-07 03:10:59]   ForecastTime:    2026-08-06 03:23:49
[2026-08-07 03:10:59]   Rounded to:      2026-08-06 03:00:00
[2026-08-07 03:10:59]   Target windows:  2026-08-06 04:00:00 to 2026-08-07 03:00:00
[2026-08-07 03:10:59]   Data range:      2026-06-09 00:00:00 to 2026-08-07 03:00:00
[2026-08-07 03:10:59]   -> Updated ForecastDetails row 19.
[2026-08-07 03:11:00]   -> Metrics: last_actual=1901.51, abs_error=8.42, pct_error=0.44%, mape=0.63%
[2026-08-07 03:11:00] Pending forecast evaluated.
[2026-08-07 03:11:00] 
[2026-08-07 03:11:00] --- STAGE 3: GENERATING NEW FORECAST ---
[2026-08-07 03:11:00] Running future forecast for horizon=24...
[2026-08-07 03:11:00] Logged new future forecast ID 19 at row 20. Pending actuals.
[2026-08-07 03:11:00] ETH-USD completed. Forecast ID: 19
