[2026-09-22 04:33:42] 
[2026-09-22 04:33:42] ================================================================================
[2026-09-22 04:33:42] PROCESSING ETH-USD
[2026-09-22 04:33:42] ================================================================================
[2026-09-22 04:33:42] 
[2026-09-22 04:33:42] --- STAGE 1: DOWNLOADING DATA ---
[2026-09-22 04:33:42] Downloading data for ETH-USD (period=60d, interval=1h)...
[2026-09-22 04:33:43] Data downloaded successfully. Total rows: 1421
[2026-09-22 04:33:43] 
[2026-09-22 04:33:43] --- STAGE 2: EVALUATING LATEST FORECAST ---
[2026-09-22 04:33:43] Latest forecast (row 65) is pending. Evaluating...
[2026-09-22 04:33:43]   ForecastTime:    2026-09-21 04:37:45
[2026-09-22 04:33:43]   Rounded to:      2026-09-21 04:00:00
[2026-09-22 04:33:43]   Target windows:  2026-09-21 05:00:00 to 2026-09-22 04:00:00
[2026-09-22 04:33:43]   Data range:      2026-07-25 00:00:00 to 2026-09-22 04:00:00
[2026-09-22 04:33:43]   -> Updated ForecastDetails row 65.
[2026-09-22 04:33:43]   -> Metrics: last_actual=2731.19, abs_error=90.17, pct_error=3.30%, mape=3.15%
[2026-09-22 04:33:43] Pending forecast evaluated.
[2026-09-22 04:33:43] 
[2026-09-22 04:33:43] --- STAGE 3: GENERATING NEW FORECAST ---
[2026-09-22 04:33:43] Running future forecast for horizon=24...
[2026-09-22 04:33:43] Logged new future forecast ID 65 at row 66. Pending actuals.
[2026-09-22 04:33:43] ETH-USD completed. Forecast ID: 65
