[2026-09-14 04:37:30] 
[2026-09-14 04:37:30] ================================================================================
[2026-09-14 04:37:30] PROCESSING ETH-USD
[2026-09-14 04:37:30] ================================================================================
[2026-09-14 04:37:30] 
[2026-09-14 04:37:30] --- STAGE 1: DOWNLOADING DATA ---
[2026-09-14 04:37:30] Downloading data for ETH-USD (period=60d, interval=1h)...
[2026-09-14 04:37:30] Data downloaded successfully. Total rows: 1421
[2026-09-14 04:37:30] 
[2026-09-14 04:37:30] --- STAGE 2: EVALUATING LATEST FORECAST ---
[2026-09-14 04:37:30] Latest forecast (row 57) is pending. Evaluating...
[2026-09-14 04:37:30]   ForecastTime:    2026-09-13 04:31:11
[2026-09-14 04:37:30]   Rounded to:      2026-09-13 04:00:00
[2026-09-14 04:37:30]   Target windows:  2026-09-13 05:00:00 to 2026-09-14 04:00:00
[2026-09-14 04:37:30]   Data range:      2026-07-17 00:00:00 to 2026-09-14 04:00:00
[2026-09-14 04:37:30]   -> Updated ForecastDetails row 57.
[2026-09-14 04:37:30]   -> Metrics: last_actual=2512.82, abs_error=2.46, pct_error=0.10%, mape=0.93%
[2026-09-14 04:37:30] Pending forecast evaluated.
[2026-09-14 04:37:30] 
[2026-09-14 04:37:30] --- STAGE 3: GENERATING NEW FORECAST ---
[2026-09-14 04:37:30] Running future forecast for horizon=24...
[2026-09-14 04:37:31] Logged new future forecast ID 57 at row 58. Pending actuals.
[2026-09-14 04:37:31] ETH-USD completed. Forecast ID: 57
