[2026-08-18 01:42:50] 
[2026-08-18 01:42:50] ================================================================================
[2026-08-18 01:42:50] PROCESSING ETH-USD
[2026-08-18 01:42:50] ================================================================================
[2026-08-18 01:42:50] 
[2026-08-18 01:42:50] --- STAGE 1: DOWNLOADING DATA ---
[2026-08-18 01:42:50] Downloading data for ETH-USD (period=60d, interval=1h)...
[2026-08-18 01:42:50] Data downloaded successfully. Total rows: 1395
[2026-08-18 01:42:50] 
[2026-08-18 01:42:50] --- STAGE 2: EVALUATING LATEST FORECAST ---
[2026-08-18 01:42:50] Latest forecast (row 30) is pending. Evaluating...
[2026-08-18 01:42:50]   ForecastTime:    2026-08-17 01:47:31
[2026-08-18 01:42:50]   Rounded to:      2026-08-17 01:00:00
[2026-08-18 01:42:50]   Target windows:  2026-08-17 02:00:00 to 2026-08-18 01:00:00
[2026-08-18 01:42:50]   Data range:      2026-06-20 00:00:00 to 2026-08-18 01:00:00
[2026-08-18 01:42:50]   -> Updated ForecastDetails row 30.
[2026-08-18 01:42:50]   -> Metrics: last_actual=1903.17, abs_error=15.20, pct_error=0.80%, mape=0.81%
[2026-08-18 01:42:50] Pending forecast evaluated.
[2026-08-18 01:42:50] 
[2026-08-18 01:42:50] --- STAGE 3: GENERATING NEW FORECAST ---
[2026-08-18 01:42:50] Running future forecast for horizon=24...
[2026-08-18 01:42:51] Logged new future forecast ID 30 at row 31. Pending actuals.
[2026-08-18 01:42:51] ETH-USD completed. Forecast ID: 30
