[2026-08-25 01:43:51] 
[2026-08-25 01:43:51] ================================================================================
[2026-08-25 01:43:51] PROCESSING ETH-USD
[2026-08-25 01:43:51] ================================================================================
[2026-08-25 01:43:51] 
[2026-08-25 01:43:51] --- STAGE 1: DOWNLOADING DATA ---
[2026-08-25 01:43:51] Downloading data for ETH-USD (period=60d, interval=1h)...
[2026-08-25 01:43:51] Data downloaded successfully. Total rows: 1416
[2026-08-25 01:43:51] 
[2026-08-25 01:43:51] --- STAGE 2: EVALUATING LATEST FORECAST ---
[2026-08-25 01:43:51] Latest forecast (row 37) is pending. Evaluating...
[2026-08-25 01:43:51]   ForecastTime:    2026-08-24 01:49:30
[2026-08-25 01:43:51]   Rounded to:      2026-08-24 01:00:00
[2026-08-25 01:43:51]   Target windows:  2026-08-24 02:00:00 to 2026-08-25 01:00:00
[2026-08-25 01:43:51]   Data range:      2026-06-27 00:00:00 to 2026-08-25 01:00:00
[2026-08-25 01:43:51]   -> Updated ForecastDetails row 37.
[2026-08-25 01:43:51]   -> Metrics: last_actual=2495.50, abs_error=61.90, pct_error=2.48%, mape=1.60%
[2026-08-25 01:43:51] Pending forecast evaluated.
[2026-08-25 01:43:51] 
[2026-08-25 01:43:51] --- STAGE 3: GENERATING NEW FORECAST ---
[2026-08-25 01:43:51] Running future forecast for horizon=24...
[2026-08-25 01:43:51] Logged new future forecast ID 37 at row 38. Pending actuals.
[2026-08-25 01:43:51] ETH-USD completed. Forecast ID: 37
