[2026-09-17 04:38:37] 
[2026-09-17 04:38:37] ================================================================================
[2026-09-17 04:38:37] PROCESSING ETH-USD
[2026-09-17 04:38:37] ================================================================================
[2026-09-17 04:38:37] 
[2026-09-17 04:38:37] --- STAGE 1: DOWNLOADING DATA ---
[2026-09-17 04:38:37] Downloading data for ETH-USD (period=60d, interval=1h)...
[2026-09-17 04:38:38] Data downloaded successfully. Total rows: 1421
[2026-09-17 04:38:38] 
[2026-09-17 04:38:38] --- STAGE 2: EVALUATING LATEST FORECAST ---
[2026-09-17 04:38:38] Latest forecast (row 60) is pending. Evaluating...
[2026-09-17 04:38:38]   ForecastTime:    2026-09-16 04:33:14
[2026-09-17 04:38:38]   Rounded to:      2026-09-16 04:00:00
[2026-09-17 04:38:38]   Target windows:  2026-09-16 05:00:00 to 2026-09-17 04:00:00
[2026-09-17 04:38:38]   Data range:      2026-07-20 00:00:00 to 2026-09-17 04:00:00
[2026-09-17 04:38:38]   -> Updated ForecastDetails row 60.
[2026-09-17 04:38:38]   -> Metrics: last_actual=2429.13, abs_error=12.30, pct_error=0.51%, mape=0.38%
[2026-09-17 04:38:38] Pending forecast evaluated.
[2026-09-17 04:38:38] 
[2026-09-17 04:38:38] --- STAGE 3: GENERATING NEW FORECAST ---
[2026-09-17 04:38:38] Running future forecast for horizon=24...
[2026-09-17 04:38:38] Logged new future forecast ID 60 at row 61. Pending actuals.
[2026-09-17 04:38:38] ETH-USD completed. Forecast ID: 60
