[2026-09-11 04:19:48] 
[2026-09-11 04:19:48] ================================================================================
[2026-09-11 04:19:48] PROCESSING ETH-USD
[2026-09-11 04:19:48] ================================================================================
[2026-09-11 04:19:48] 
[2026-09-11 04:19:48] --- STAGE 1: DOWNLOADING DATA ---
[2026-09-11 04:19:48] Downloading data for ETH-USD (period=60d, interval=1h)...
[2026-09-11 04:19:48] Data downloaded successfully. Total rows: 1421
[2026-09-11 04:19:48] 
[2026-09-11 04:19:48] --- STAGE 2: EVALUATING LATEST FORECAST ---
[2026-09-11 04:19:48] Latest forecast (row 54) is pending. Evaluating...
[2026-09-11 04:19:48]   ForecastTime:    2026-09-10 04:20:03
[2026-09-11 04:19:48]   Rounded to:      2026-09-10 04:00:00
[2026-09-11 04:19:48]   Target windows:  2026-09-10 05:00:00 to 2026-09-11 04:00:00
[2026-09-11 04:19:48]   Data range:      2026-07-14 00:00:00 to 2026-09-11 04:00:00
[2026-09-11 04:19:48]   -> Updated ForecastDetails row 54.
[2026-09-11 04:19:49]   -> Metrics: last_actual=2450.33, abs_error=21.76, pct_error=0.89%, mape=0.74%
[2026-09-11 04:19:49] Pending forecast evaluated.
[2026-09-11 04:19:49] 
[2026-09-11 04:19:49] --- STAGE 3: GENERATING NEW FORECAST ---
[2026-09-11 04:19:49] Running future forecast for horizon=24...
[2026-09-11 04:19:49] Logged new future forecast ID 54 at row 55. Pending actuals.
[2026-09-11 04:19:49] ETH-USD completed. Forecast ID: 54
