[2026-09-07 04:15:51] 
[2026-09-07 04:15:51] ================================================================================
[2026-09-07 04:15:51] PROCESSING ETH-USD
[2026-09-07 04:15:51] ================================================================================
[2026-09-07 04:15:51] 
[2026-09-07 04:15:51] --- STAGE 1: DOWNLOADING DATA ---
[2026-09-07 04:15:51] Downloading data for ETH-USD (period=60d, interval=1h)...
[2026-09-07 04:15:51] Data downloaded successfully. Total rows: 1421
[2026-09-07 04:15:51] 
[2026-09-07 04:15:51] --- STAGE 2: EVALUATING LATEST FORECAST ---
[2026-09-07 04:15:51] Latest forecast (row 50) is pending. Evaluating...
[2026-09-07 04:15:51]   ForecastTime:    2026-09-06 04:16:32
[2026-09-07 04:15:51]   Rounded to:      2026-09-06 04:00:00
[2026-09-07 04:15:51]   Target windows:  2026-09-06 05:00:00 to 2026-09-07 04:00:00
[2026-09-07 04:15:51]   Data range:      2026-07-10 00:00:00 to 2026-09-07 04:00:00
[2026-09-07 04:15:51]   -> Updated ForecastDetails row 50.
[2026-09-07 04:15:51]   -> Metrics: last_actual=2497.65, abs_error=8.21, pct_error=0.33%, mape=0.40%
[2026-09-07 04:15:51] Pending forecast evaluated.
[2026-09-07 04:15:51] 
[2026-09-07 04:15:51] --- STAGE 3: GENERATING NEW FORECAST ---
[2026-09-07 04:15:51] Running future forecast for horizon=24...
[2026-09-07 04:15:51] Logged new future forecast ID 50 at row 51. Pending actuals.
[2026-09-07 04:15:51] ETH-USD completed. Forecast ID: 50
