[2026-08-17 01:47:30] 
[2026-08-17 01:47:30] ================================================================================
[2026-08-17 01:47:30] PROCESSING ETH-USD
[2026-08-17 01:47:30] ================================================================================
[2026-08-17 01:47:30] 
[2026-08-17 01:47:30] --- STAGE 1: DOWNLOADING DATA ---
[2026-08-17 01:47:30] Downloading data for ETH-USD (period=60d, interval=1h)...
[2026-08-17 01:47:30] Data downloaded successfully. Total rows: 1418
[2026-08-17 01:47:30] 
[2026-08-17 01:47:30] --- STAGE 2: EVALUATING LATEST FORECAST ---
[2026-08-17 01:47:30] Latest forecast (row 29) is pending. Evaluating...
[2026-08-17 01:47:30]   ForecastTime:    2026-08-16 01:49:59
[2026-08-17 01:47:30]   Rounded to:      2026-08-16 01:00:00
[2026-08-17 01:47:30]   Target windows:  2026-08-16 02:00:00 to 2026-08-17 01:00:00
[2026-08-17 01:47:30]   Data range:      2026-06-19 00:00:00 to 2026-08-17 01:00:00
[2026-08-17 01:47:30]   -> Updated ForecastDetails row 29.
[2026-08-17 01:47:30]   -> Metrics: last_actual=1890.62, abs_error=11.33, pct_error=0.60%, mape=0.17%
[2026-08-17 01:47:30] Pending forecast evaluated.
[2026-08-17 01:47:30] 
[2026-08-17 01:47:30] --- STAGE 3: GENERATING NEW FORECAST ---
[2026-08-17 01:47:30] Running future forecast for horizon=24...
[2026-08-17 01:47:31] Logged new future forecast ID 29 at row 30. Pending actuals.
[2026-08-17 01:47:31] ETH-USD completed. Forecast ID: 29
