[2026-09-01 04:48:56] 
[2026-09-01 04:48:56] ================================================================================
[2026-09-01 04:48:56] PROCESSING ETH-USD
[2026-09-01 04:48:56] ================================================================================
[2026-09-01 04:48:56] 
[2026-09-01 04:48:56] --- STAGE 1: DOWNLOADING DATA ---
[2026-09-01 04:48:56] Downloading data for ETH-USD (period=60d, interval=1h)...
[2026-09-01 04:48:56] Data downloaded successfully. Total rows: 1421
[2026-09-01 04:48:56] 
[2026-09-01 04:48:56] --- STAGE 2: EVALUATING LATEST FORECAST ---
[2026-09-01 04:48:56] Latest forecast (row 44) is pending. Evaluating...
[2026-09-01 04:48:56]   ForecastTime:    2026-08-31 05:13:10
[2026-09-01 04:48:56]   Rounded to:      2026-08-31 05:00:00
[2026-09-01 04:48:56]   Target windows:  2026-08-31 06:00:00 to 2026-09-01 05:00:00
[2026-09-01 04:48:56]   Data range:      2026-07-04 00:00:00 to 2026-09-01 04:00:00
[2026-09-01 04:48:56]   -> Updated ForecastDetails row 44.
[2026-09-01 04:48:57]   -> Metrics: last_actual=2471.42, abs_error=38.44, pct_error=1.56%, mape=1.25%
[2026-09-01 04:48:57] Pending forecast evaluated.
[2026-09-01 04:48:57] 
[2026-09-01 04:48:57] --- STAGE 3: GENERATING NEW FORECAST ---
[2026-09-01 04:48:57] Running future forecast for horizon=24...
[2026-09-01 04:48:57] Logged new future forecast ID 44 at row 45. Pending actuals.
[2026-09-01 04:48:57] ETH-USD completed. Forecast ID: 44
