[2026-09-02 04:10:06] 
[2026-09-02 04:10:06] ================================================================================
[2026-09-02 04:10:06] PROCESSING ETH-USD
[2026-09-02 04:10:06] ================================================================================
[2026-09-02 04:10:06] 
[2026-09-02 04:10:06] --- STAGE 1: DOWNLOADING DATA ---
[2026-09-02 04:10:06] Downloading data for ETH-USD (period=60d, interval=1h)...
[2026-09-02 04:10:07] Data downloaded successfully. Total rows: 1421
[2026-09-02 04:10:07] 
[2026-09-02 04:10:07] --- STAGE 2: EVALUATING LATEST FORECAST ---
[2026-09-02 04:10:07] Latest forecast (row 45) is pending. Evaluating...
[2026-09-02 04:10:07]   ForecastTime:    2026-09-01 04:48:57
[2026-09-02 04:10:07]   Rounded to:      2026-09-01 04:00:00
[2026-09-02 04:10:07]   Target windows:  2026-09-01 05:00:00 to 2026-09-02 04:00:00
[2026-09-02 04:10:07]   Data range:      2026-07-05 00:00:00 to 2026-09-02 04:00:00
[2026-09-02 04:10:07]   -> Updated ForecastDetails row 45.
[2026-09-02 04:10:07]   -> Metrics: last_actual=2407.80, abs_error=61.46, pct_error=2.55%, mape=1.66%
[2026-09-02 04:10:07] Pending forecast evaluated.
[2026-09-02 04:10:07] 
[2026-09-02 04:10:07] --- STAGE 3: GENERATING NEW FORECAST ---
[2026-09-02 04:10:07] Running future forecast for horizon=24...
[2026-09-02 04:10:07] Logged new future forecast ID 45 at row 46. Pending actuals.
[2026-09-02 04:10:07] ETH-USD completed. Forecast ID: 45
