[2026-09-24 04:27:19] 
[2026-09-24 04:27:19] ================================================================================
[2026-09-24 04:27:19] PROCESSING ETH-USD
[2026-09-24 04:27:19] ================================================================================
[2026-09-24 04:27:19] 
[2026-09-24 04:27:19] --- STAGE 1: DOWNLOADING DATA ---
[2026-09-24 04:27:19] Downloading data for ETH-USD (period=60d, interval=1h)...
[2026-09-24 04:27:19] Data downloaded successfully. Total rows: 1421
[2026-09-24 04:27:19] 
[2026-09-24 04:27:19] --- STAGE 2: EVALUATING LATEST FORECAST ---
[2026-09-24 04:27:19] Latest forecast (row 67) is pending. Evaluating...
[2026-09-24 04:27:19]   ForecastTime:    2026-09-23 04:30:07
[2026-09-24 04:27:19]   Rounded to:      2026-09-23 04:00:00
[2026-09-24 04:27:19]   Target windows:  2026-09-23 05:00:00 to 2026-09-24 04:00:00
[2026-09-24 04:27:19]   Data range:      2026-07-27 00:00:00 to 2026-09-24 04:00:00
[2026-09-24 04:27:19]   -> Updated ForecastDetails row 67.
[2026-09-24 04:27:19]   -> Metrics: last_actual=2674.39, abs_error=110.13, pct_error=4.12%, mape=3.25%
[2026-09-24 04:27:19] Pending forecast evaluated.
[2026-09-24 04:27:19] 
[2026-09-24 04:27:19] --- STAGE 3: GENERATING NEW FORECAST ---
[2026-09-24 04:27:19] Running future forecast for horizon=24...
[2026-09-24 04:27:20] Logged new future forecast ID 67 at row 68. Pending actuals.
[2026-09-24 04:27:20] ETH-USD completed. Forecast ID: 67
