[2026-08-01 03:40:00] 
[2026-08-01 03:40:00] ================================================================================
[2026-08-01 03:40:00] PROCESSING ETH-USD
[2026-08-01 03:40:00] ================================================================================
[2026-08-01 03:40:00] 
[2026-08-01 03:40:00] --- STAGE 1: DOWNLOADING DATA ---
[2026-08-01 03:40:00] Downloading data for ETH-USD (period=60d, interval=1h)...
[2026-08-01 03:40:00] Data downloaded successfully. Total rows: 1399
[2026-08-01 03:40:00] 
[2026-08-01 03:40:00] --- STAGE 2: EVALUATING LATEST FORECAST ---
[2026-08-01 03:40:00] Latest forecast (row 13) is pending. Evaluating...
[2026-08-01 03:40:00]   ForecastTime:    2026-07-31 03:39:52
[2026-08-01 03:40:00]   Rounded to:      2026-07-31 03:00:00
[2026-08-01 03:40:00]   Target windows:  2026-07-31 04:00:00 to 2026-08-01 03:00:00
[2026-08-01 03:40:00]   Data range:      2026-06-03 00:00:00 to 2026-08-01 03:00:00
[2026-08-01 03:40:00]   -> Updated ForecastDetails row 13.
[2026-08-01 03:40:00]   -> Metrics: last_actual=1866.34, abs_error=30.26, pct_error=1.62%, mape=1.46%
[2026-08-01 03:40:00] Pending forecast evaluated.
[2026-08-01 03:40:00] 
[2026-08-01 03:40:00] --- STAGE 3: GENERATING NEW FORECAST ---
[2026-08-01 03:40:00] Running future forecast for horizon=24...
[2026-08-01 03:40:00] Logged new future forecast ID 13 at row 14. Pending actuals.
[2026-08-01 03:40:00] ETH-USD completed. Forecast ID: 13
