[2026-07-28 03:22:42] 
[2026-07-28 03:22:42] ================================================================================
[2026-07-28 03:22:42] PROCESSING ETH-USD
[2026-07-28 03:22:42] ================================================================================
[2026-07-28 03:22:42] 
[2026-07-28 03:22:42] --- STAGE 1: DOWNLOADING DATA ---
[2026-07-28 03:22:42] Downloading data for ETH-USD (period=60d, interval=1h)...
[2026-07-28 03:22:42] Data downloaded successfully. Total rows: 1399
[2026-07-28 03:22:42] 
[2026-07-28 03:22:42] --- STAGE 2: EVALUATING LATEST FORECAST ---
[2026-07-28 03:22:42] Latest forecast (row 9) is pending. Evaluating...
[2026-07-28 03:22:42]   ForecastTime:    2026-07-27 03:51:37
[2026-07-28 03:22:42]   Rounded to:      2026-07-27 03:00:00
[2026-07-28 03:22:42]   Target windows:  2026-07-27 04:00:00 to 2026-07-28 03:00:00
[2026-07-28 03:22:42]   Data range:      2026-05-30 00:00:00 to 2026-07-28 03:00:00
[2026-07-28 03:22:42]   -> Updated ForecastDetails row 9.
[2026-07-28 03:22:43]   -> Metrics: last_actual=1878.02, abs_error=73.24, pct_error=3.90%, mape=1.40%
[2026-07-28 03:22:43] Pending forecast evaluated.
[2026-07-28 03:22:43] 
[2026-07-28 03:22:43] --- STAGE 3: GENERATING NEW FORECAST ---
[2026-07-28 03:22:43] Running future forecast for horizon=24...
[2026-07-28 03:22:43] Logged new future forecast ID 9 at row 10. Pending actuals.
[2026-07-28 03:22:43] ETH-USD completed. Forecast ID: 9
