[2026-08-08 02:08:00] 
[2026-08-08 02:08:00] ================================================================================
[2026-08-08 02:08:00] PROCESSING ETH-USD
[2026-08-08 02:08:00] ================================================================================
[2026-08-08 02:08:00] 
[2026-08-08 02:08:00] --- STAGE 1: DOWNLOADING DATA ---
[2026-08-08 02:08:00] Downloading data for ETH-USD (period=60d, interval=1h)...
[2026-08-08 02:08:00] Data downloaded successfully. Total rows: 1396
[2026-08-08 02:08:00] 
[2026-08-08 02:08:00] --- STAGE 2: EVALUATING LATEST FORECAST ---
[2026-08-08 02:08:00] Latest forecast (row 20) is pending. Evaluating...
[2026-08-08 02:08:00]   ForecastTime:    2026-08-07 03:11:00
[2026-08-08 02:08:00]   Rounded to:      2026-08-07 03:00:00
[2026-08-08 02:08:00]   Target windows:  2026-08-07 04:00:00 to 2026-08-08 03:00:00
[2026-08-08 02:08:00]   Data range:      2026-06-10 00:00:00 to 2026-08-08 02:00:00
[2026-08-08 02:08:00]   -> Updated ForecastDetails row 20.
[2026-08-08 02:08:00]   -> Metrics: last_actual=1913.45, abs_error=9.40, pct_error=0.49%, mape=0.51%
[2026-08-08 02:08:00] Pending forecast evaluated.
[2026-08-08 02:08:00] 
[2026-08-08 02:08:00] --- STAGE 3: GENERATING NEW FORECAST ---
[2026-08-08 02:08:00] Running future forecast for horizon=24...
[2026-08-08 02:08:01] Logged new future forecast ID 20 at row 21. Pending actuals.
[2026-08-08 02:08:01] ETH-USD completed. Forecast ID: 20
