[2026-08-02 03:39:50] 
[2026-08-02 03:39:50] ================================================================================
[2026-08-02 03:39:50] PROCESSING ETH-USD
[2026-08-02 03:39:50] ================================================================================
[2026-08-02 03:39:50] 
[2026-08-02 03:39:50] --- STAGE 1: DOWNLOADING DATA ---
[2026-08-02 03:39:50] Downloading data for ETH-USD (period=60d, interval=1h)...
[2026-08-02 03:39:50] Data downloaded successfully. Total rows: 1420
[2026-08-02 03:39:50] 
[2026-08-02 03:39:50] --- STAGE 2: EVALUATING LATEST FORECAST ---
[2026-08-02 03:39:50] Latest forecast (row 14) is pending. Evaluating...
[2026-08-02 03:39:50]   ForecastTime:    2026-08-01 03:40:00
[2026-08-02 03:39:50]   Rounded to:      2026-08-01 03:00:00
[2026-08-02 03:39:50]   Target windows:  2026-08-01 04:00:00 to 2026-08-02 03:00:00
[2026-08-02 03:39:50]   Data range:      2026-06-04 00:00:00 to 2026-08-02 03:00:00
[2026-08-02 03:39:50]   -> Updated ForecastDetails row 14.
[2026-08-02 03:39:50]   -> Metrics: last_actual=1876.47, abs_error=12.78, pct_error=0.68%, mape=0.52%
[2026-08-02 03:39:50] Pending forecast evaluated.
[2026-08-02 03:39:50] 
[2026-08-02 03:39:50] --- STAGE 3: GENERATING NEW FORECAST ---
[2026-08-02 03:39:50] Running future forecast for horizon=24...
[2026-08-02 03:39:50] Logged new future forecast ID 14 at row 15. Pending actuals.
[2026-08-02 03:39:50] ETH-USD completed. Forecast ID: 14
