[2026-08-05 03:21:02] 
[2026-08-05 03:21:02] ================================================================================
[2026-08-05 03:21:02] PROCESSING ETH-USD
[2026-08-05 03:21:02] ================================================================================
[2026-08-05 03:21:02] 
[2026-08-05 03:21:02] --- STAGE 1: DOWNLOADING DATA ---
[2026-08-05 03:21:02] Downloading data for ETH-USD (period=60d, interval=1h)...
[2026-08-05 03:21:02] Data downloaded successfully. Total rows: 1398
[2026-08-05 03:21:02] 
[2026-08-05 03:21:02] --- STAGE 2: EVALUATING LATEST FORECAST ---
[2026-08-05 03:21:02] Latest forecast (row 17) is pending. Evaluating...
[2026-08-05 03:21:02]   ForecastTime:    2026-08-04 03:26:08
[2026-08-05 03:21:02]   Rounded to:      2026-08-04 03:00:00
[2026-08-05 03:21:02]   Target windows:  2026-08-04 04:00:00 to 2026-08-05 03:00:00
[2026-08-05 03:21:02]   Data range:      2026-06-07 00:00:00 to 2026-08-05 03:00:00
[2026-08-05 03:21:02]   -> Updated ForecastDetails row 17.
[2026-08-05 03:21:02]   -> Metrics: last_actual=1865.46, abs_error=12.21, pct_error=0.65%, mape=0.64%
[2026-08-05 03:21:02] Pending forecast evaluated.
[2026-08-05 03:21:02] 
[2026-08-05 03:21:02] --- STAGE 3: GENERATING NEW FORECAST ---
[2026-08-05 03:21:02] Running future forecast for horizon=24...
[2026-08-05 03:21:03] Logged new future forecast ID 17 at row 18. Pending actuals.
[2026-08-05 03:21:03] ETH-USD completed. Forecast ID: 17
