[2026-09-14 04:37:37] 
[2026-09-14 04:37:37] ================================================================================
[2026-09-14 04:37:37] PROCESSING BTC-USD
[2026-09-14 04:37:37] ================================================================================
[2026-09-14 04:37:37] 
[2026-09-14 04:37:37] --- STAGE 1: DOWNLOADING DATA ---
[2026-09-14 04:37:37] Downloading data for BTC-USD (period=30d, interval=4h)...
[2026-09-14 04:37:37] Data downloaded successfully. Total rows: 176
[2026-09-14 04:37:37] 
[2026-09-14 04:37:37] --- STAGE 2: EVALUATING LATEST FORECAST ---
[2026-09-14 04:37:37] Latest forecast (row 57) is pending. Evaluating...
[2026-09-14 04:37:37]   ForecastTime:    2026-09-13 04:31:17
[2026-09-14 04:37:37]   Rounded to:      2026-09-13 04:00:00
[2026-09-14 04:37:37]   Target windows:  2026-09-13 08:00:00 to 2026-09-14 04:00:00
[2026-09-14 04:37:37]   Data range:      2026-08-16 00:00:00 to 2026-09-14 04:00:00
[2026-09-14 04:37:37]   -> Updated ForecastDetails row 57.
[2026-09-14 04:37:37]   -> Metrics: last_actual=77556.44, abs_error=475.44, pct_error=0.61%, mape=0.37%
[2026-09-14 04:37:37] Pending forecast evaluated.
[2026-09-14 04:37:37] 
[2026-09-14 04:37:37] --- STAGE 3: GENERATING NEW FORECAST ---
[2026-09-14 04:37:37] Running future forecast for horizon=6...
[2026-09-14 04:37:38] Logged new future forecast ID 57 at row 58. Pending actuals.
[2026-09-14 04:37:38] BTC-USD completed. Forecast ID: 57
