[2026-09-02 04:10:13] 
[2026-09-02 04:10:13] ================================================================================
[2026-09-02 04:10:13] PROCESSING BTC-USD
[2026-09-02 04:10:13] ================================================================================
[2026-09-02 04:10:13] 
[2026-09-02 04:10:13] --- STAGE 1: DOWNLOADING DATA ---
[2026-09-02 04:10:13] Downloading data for BTC-USD (period=30d, interval=4h)...
[2026-09-02 04:10:13] Data downloaded successfully. Total rows: 176
[2026-09-02 04:10:13] 
[2026-09-02 04:10:13] --- STAGE 2: EVALUATING LATEST FORECAST ---
[2026-09-02 04:10:13] Latest forecast (row 45) is pending. Evaluating...
[2026-09-02 04:10:13]   ForecastTime:    2026-09-01 04:49:05
[2026-09-02 04:10:13]   Rounded to:      2026-09-01 04:00:00
[2026-09-02 04:10:13]   Target windows:  2026-09-01 08:00:00 to 2026-09-02 04:00:00
[2026-09-02 04:10:13]   Data range:      2026-08-04 00:00:00 to 2026-09-02 04:00:00
[2026-09-02 04:10:13]   -> Updated ForecastDetails row 45.
[2026-09-02 04:10:13]   -> Metrics: last_actual=77327.39, abs_error=1025.48, pct_error=1.33%, mape=1.31%
[2026-09-02 04:10:13] Pending forecast evaluated.
[2026-09-02 04:10:13] 
[2026-09-02 04:10:13] --- STAGE 3: GENERATING NEW FORECAST ---
[2026-09-02 04:10:13] Running future forecast for horizon=6...
[2026-09-02 04:10:14] Logged new future forecast ID 45 at row 46. Pending actuals.
[2026-09-02 04:10:14] BTC-USD completed. Forecast ID: 45
