[2026-08-15 01:43:03] 
[2026-08-15 01:43:03] ================================================================================
[2026-08-15 01:43:03] PROCESSING BTC-USD
[2026-08-15 01:43:03] ================================================================================
[2026-08-15 01:43:03] 
[2026-08-15 01:43:03] --- STAGE 1: DOWNLOADING DATA ---
[2026-08-15 01:43:03] Downloading data for BTC-USD (period=30d, interval=4h)...
[2026-08-15 01:43:03] Data downloaded successfully. Total rows: 175
[2026-08-15 01:43:03] 
[2026-08-15 01:43:03] --- STAGE 2: EVALUATING LATEST FORECAST ---
[2026-08-15 01:43:03] Latest forecast (row 27) is pending. Evaluating...
[2026-08-15 01:43:03]   ForecastTime:    2026-08-14 02:33:05
[2026-08-15 01:43:03]   Rounded to:      2026-08-14 00:00:00
[2026-08-15 01:43:03]   Target windows:  2026-08-14 04:00:00 to 2026-08-15 00:00:00
[2026-08-15 01:43:03]   Data range:      2026-07-17 00:00:00 to 2026-08-15 00:00:00
[2026-08-15 01:43:03]   -> Updated ForecastDetails row 27.
[2026-08-15 01:43:03]   -> Metrics: last_actual=62957.44, abs_error=703.11, pct_error=1.12%, mape=1.15%
[2026-08-15 01:43:03] Pending forecast evaluated.
[2026-08-15 01:43:03] 
[2026-08-15 01:43:03] --- STAGE 3: GENERATING NEW FORECAST ---
[2026-08-15 01:43:03] Running future forecast for horizon=6...
[2026-08-15 01:43:04] Logged new future forecast ID 27 at row 28. Pending actuals.
[2026-08-15 01:43:04] BTC-USD completed. Forecast ID: 27
