[2026-08-26 01:49:23] 
[2026-08-26 01:49:23] ================================================================================
[2026-08-26 01:49:23] PROCESSING BTC-USD
[2026-08-26 01:49:23] ================================================================================
[2026-08-26 01:49:23] 
[2026-08-26 01:49:23] --- STAGE 1: DOWNLOADING DATA ---
[2026-08-26 01:49:23] Downloading data for BTC-USD (period=30d, interval=4h)...
[2026-08-26 01:49:23] Data downloaded successfully. Total rows: 175
[2026-08-26 01:49:23] 
[2026-08-26 01:49:23] --- STAGE 2: EVALUATING LATEST FORECAST ---
[2026-08-26 01:49:23] Latest forecast (row 38) is pending. Evaluating...
[2026-08-26 01:49:23]   ForecastTime:    2026-08-25 01:43:56
[2026-08-26 01:49:23]   Rounded to:      2026-08-25 00:00:00
[2026-08-26 01:49:23]   Target windows:  2026-08-25 04:00:00 to 2026-08-26 00:00:00
[2026-08-26 01:49:23]   Data range:      2026-07-28 00:00:00 to 2026-08-26 00:00:00
[2026-08-26 01:49:23]   -> Updated ForecastDetails row 38.
[2026-08-26 01:49:23]   -> Metrics: last_actual=78822.57, abs_error=1100.55, pct_error=1.40%, mape=0.93%
[2026-08-26 01:49:23] Pending forecast evaluated.
[2026-08-26 01:49:23] 
[2026-08-26 01:49:23] --- STAGE 3: GENERATING NEW FORECAST ---
[2026-08-26 01:49:23] Running future forecast for horizon=6...
[2026-08-26 01:49:24] Logged new future forecast ID 38 at row 39. Pending actuals.
[2026-08-26 01:49:24] BTC-USD completed. Forecast ID: 38
