[2026-08-28 11:07:25] 
[2026-08-28 11:07:25] ================================================================================
[2026-08-28 11:07:25] PROCESSING BTC-USD
[2026-08-28 11:07:25] ================================================================================
[2026-08-28 11:07:25] 
[2026-08-28 11:07:25] --- STAGE 1: DOWNLOADING DATA ---
[2026-08-28 11:07:25] Downloading data for BTC-USD (period=30d, interval=4h)...
[2026-08-28 11:07:25] Data downloaded successfully. Total rows: 177
[2026-08-28 11:07:25] 
[2026-08-28 11:07:25] --- STAGE 2: EVALUATING LATEST FORECAST ---
[2026-08-28 11:07:25] Latest forecast (row 40) is pending. Evaluating...
[2026-08-28 11:07:25]   ForecastTime:    2026-08-27 08:54:29
[2026-08-28 11:07:25]   Rounded to:      2026-08-27 08:00:00
[2026-08-28 11:07:25]   Target windows:  2026-08-27 12:00:00 to 2026-08-28 08:00:00
[2026-08-28 11:07:25]   Data range:      2026-07-30 00:00:00 to 2026-08-28 08:00:00
[2026-08-28 11:07:25]   -> Updated ForecastDetails row 40.
[2026-08-28 11:07:26]   -> Metrics: last_actual=79649.19, abs_error=83.29, pct_error=0.10%, mape=0.32%
[2026-08-28 11:07:26] Pending forecast evaluated.
[2026-08-28 11:07:26] 
[2026-08-28 11:07:26] --- STAGE 3: GENERATING NEW FORECAST ---
[2026-08-28 11:07:26] Running future forecast for horizon=6...
[2026-08-28 11:07:26] Logged new future forecast ID 40 at row 41. Pending actuals.
[2026-08-28 11:07:26] BTC-USD completed. Forecast ID: 40
