[2026-09-09 04:23:19] 
[2026-09-09 04:23:19] ================================================================================
[2026-09-09 04:23:19] PROCESSING BTC-USD
[2026-09-09 04:23:19] ================================================================================
[2026-09-09 04:23:19] 
[2026-09-09 04:23:19] --- STAGE 1: DOWNLOADING DATA ---
[2026-09-09 04:23:19] Downloading data for BTC-USD (period=30d, interval=4h)...
[2026-09-09 04:23:19] Data downloaded successfully. Total rows: 176
[2026-09-09 04:23:19] 
[2026-09-09 04:23:19] --- STAGE 2: EVALUATING LATEST FORECAST ---
[2026-09-09 04:23:19] Latest forecast (row 52) is pending. Evaluating...
[2026-09-09 04:23:19]   ForecastTime:    2026-09-08 04:16:43
[2026-09-09 04:23:19]   Rounded to:      2026-09-08 04:00:00
[2026-09-09 04:23:19]   Target windows:  2026-09-08 08:00:00 to 2026-09-09 04:00:00
[2026-09-09 04:23:19]   Data range:      2026-08-11 00:00:00 to 2026-09-09 04:00:00
[2026-09-09 04:23:19]   -> Updated ForecastDetails row 52.
[2026-09-09 04:23:19]   -> Metrics: last_actual=78867.26, abs_error=352.60, pct_error=0.45%, mape=0.30%
[2026-09-09 04:23:19] Pending forecast evaluated.
[2026-09-09 04:23:19] 
[2026-09-09 04:23:19] --- STAGE 3: GENERATING NEW FORECAST ---
[2026-09-09 04:23:19] Running future forecast for horizon=6...
[2026-09-09 04:23:20] Logged new future forecast ID 52 at row 53. Pending actuals.
[2026-09-09 04:23:20] BTC-USD completed. Forecast ID: 52
