[2026-09-18 04:24:00] 
[2026-09-18 04:24:00] ================================================================================
[2026-09-18 04:24:00] PROCESSING BTC-USD
[2026-09-18 04:24:00] ================================================================================
[2026-09-18 04:24:00] 
[2026-09-18 04:24:00] --- STAGE 1: DOWNLOADING DATA ---
[2026-09-18 04:24:00] Downloading data for BTC-USD (period=30d, interval=4h)...
[2026-09-18 04:24:00] Data downloaded successfully. Total rows: 176
[2026-09-18 04:24:00] 
[2026-09-18 04:24:00] --- STAGE 2: EVALUATING LATEST FORECAST ---
[2026-09-18 04:24:00] Latest forecast (row 61) is pending. Evaluating...
[2026-09-18 04:24:00]   ForecastTime:    2026-09-17 04:38:45
[2026-09-18 04:24:00]   Rounded to:      2026-09-17 04:00:00
[2026-09-18 04:24:00]   Target windows:  2026-09-17 08:00:00 to 2026-09-18 04:00:00
[2026-09-18 04:24:00]   Data range:      2026-08-20 00:00:00 to 2026-09-18 04:00:00
[2026-09-18 04:24:00]   -> Updated ForecastDetails row 61.
[2026-09-18 04:24:00]   -> Metrics: last_actual=77237.54, abs_error=1187.05, pct_error=1.54%, mape=0.87%
[2026-09-18 04:24:00] Pending forecast evaluated.
[2026-09-18 04:24:00] 
[2026-09-18 04:24:00] --- STAGE 3: GENERATING NEW FORECAST ---
[2026-09-18 04:24:00] Running future forecast for horizon=6...
[2026-09-18 04:24:01] Logged new future forecast ID 61 at row 62. Pending actuals.
[2026-09-18 04:24:01] BTC-USD completed. Forecast ID: 61
