[2026-10-09 05:49:56] 
[2026-10-09 05:49:56] ================================================================================
[2026-10-09 05:49:56] PROCESSING BTC-USD
[2026-10-09 05:49:56] ================================================================================
[2026-10-09 05:49:56] 
[2026-10-09 05:49:56] --- STAGE 1: DOWNLOADING DATA ---
[2026-10-09 05:49:56] Downloading data for BTC-USD (period=30d, interval=4h)...
[2026-10-09 05:49:56] Data downloaded successfully. Total rows: 176
[2026-10-09 05:49:56] 
[2026-10-09 05:49:56] --- STAGE 2: EVALUATING LATEST FORECAST ---
[2026-10-09 05:49:56] Latest forecast (row 82) is pending. Evaluating...
[2026-10-09 05:49:56]   ForecastTime:    2026-10-08 05:45:53
[2026-10-09 05:49:56]   Rounded to:      2026-10-08 04:00:00
[2026-10-09 05:49:56]   Target windows:  2026-10-08 08:00:00 to 2026-10-09 04:00:00
[2026-10-09 05:49:56]   Data range:      2026-09-10 00:00:00 to 2026-10-09 04:00:00
[2026-10-09 05:49:56]   -> Updated ForecastDetails row 82.
[2026-10-09 05:49:56]   -> Metrics: last_actual=82304.27, abs_error=299.23, pct_error=0.36%, mape=1.00%
[2026-10-09 05:49:56] Pending forecast evaluated.
[2026-10-09 05:49:56] 
[2026-10-09 05:49:56] --- STAGE 3: GENERATING NEW FORECAST ---
[2026-10-09 05:49:56] Running future forecast for horizon=6...
[2026-10-09 05:49:57] Logged new future forecast ID 82 at row 83. Pending actuals.
[2026-10-09 05:49:57] BTC-USD completed. Forecast ID: 82
