[2026-09-11 04:19:53] 
[2026-09-11 04:19:53] ================================================================================
[2026-09-11 04:19:53] PROCESSING BTC-USD
[2026-09-11 04:19:53] ================================================================================
[2026-09-11 04:19:53] 
[2026-09-11 04:19:53] --- STAGE 1: DOWNLOADING DATA ---
[2026-09-11 04:19:53] Downloading data for BTC-USD (period=30d, interval=4h)...
[2026-09-11 04:19:53] Data downloaded successfully. Total rows: 176
[2026-09-11 04:19:53] 
[2026-09-11 04:19:53] --- STAGE 2: EVALUATING LATEST FORECAST ---
[2026-09-11 04:19:53] Latest forecast (row 54) is pending. Evaluating...
[2026-09-11 04:19:53]   ForecastTime:    2026-09-10 04:20:09
[2026-09-11 04:19:53]   Rounded to:      2026-09-10 04:00:00
[2026-09-11 04:19:53]   Target windows:  2026-09-10 08:00:00 to 2026-09-11 04:00:00
[2026-09-11 04:19:53]   Data range:      2026-08-13 00:00:00 to 2026-09-11 04:00:00
[2026-09-11 04:19:53]   -> Updated ForecastDetails row 54.
[2026-09-11 04:19:54]   -> Metrics: last_actual=76939.91, abs_error=1270.66, pct_error=1.65%, mape=1.53%
[2026-09-11 04:19:54] Pending forecast evaluated.
[2026-09-11 04:19:54] 
[2026-09-11 04:19:54] --- STAGE 3: GENERATING NEW FORECAST ---
[2026-09-11 04:19:54] Running future forecast for horizon=6...
[2026-09-11 04:19:54] Logged new future forecast ID 54 at row 55. Pending actuals.
[2026-09-11 04:19:54] BTC-USD completed. Forecast ID: 54
