[2026-08-11 02:15:03] 
[2026-08-11 02:15:03] ================================================================================
[2026-08-11 02:15:03] PROCESSING BTC-USD
[2026-08-11 02:15:03] ================================================================================
[2026-08-11 02:15:03] 
[2026-08-11 02:15:03] --- STAGE 1: DOWNLOADING DATA ---
[2026-08-11 02:15:03] Downloading data for BTC-USD (period=30d, interval=4h)...
[2026-08-11 02:15:04] Data downloaded successfully. Total rows: 175
[2026-08-11 02:15:04] 
[2026-08-11 02:15:04] --- STAGE 2: EVALUATING LATEST FORECAST ---
[2026-08-11 02:15:04] Latest forecast (row 23) is pending. Evaluating...
[2026-08-11 02:15:04]   ForecastTime:    2026-08-10 02:24:29
[2026-08-11 02:15:04]   Rounded to:      2026-08-10 00:00:00
[2026-08-11 02:15:04]   Target windows:  2026-08-10 04:00:00 to 2026-08-11 00:00:00
[2026-08-11 02:15:04]   Data range:      2026-07-13 00:00:00 to 2026-08-11 00:00:00
[2026-08-11 02:15:04]   -> Updated ForecastDetails row 23.
[2026-08-11 02:15:04]   -> Metrics: last_actual=63979.96, abs_error=876.05, pct_error=1.37%, mape=0.97%
[2026-08-11 02:15:04] Pending forecast evaluated.
[2026-08-11 02:15:04] 
[2026-08-11 02:15:04] --- STAGE 3: GENERATING NEW FORECAST ---
[2026-08-11 02:15:04] Running future forecast for horizon=6...
[2026-08-11 02:15:04] Logged new future forecast ID 23 at row 24. Pending actuals.
[2026-08-11 02:15:04] BTC-USD completed. Forecast ID: 23
