[2026-08-18 01:42:56] 
[2026-08-18 01:42:56] ================================================================================
[2026-08-18 01:42:56] PROCESSING BTC-USD
[2026-08-18 01:42:56] ================================================================================
[2026-08-18 01:42:56] 
[2026-08-18 01:42:56] --- STAGE 1: DOWNLOADING DATA ---
[2026-08-18 01:42:56] Downloading data for BTC-USD (period=30d, interval=4h)...
[2026-08-18 01:42:57] Data downloaded successfully. Total rows: 175
[2026-08-18 01:42:57] 
[2026-08-18 01:42:57] --- STAGE 2: EVALUATING LATEST FORECAST ---
[2026-08-18 01:42:57] Latest forecast (row 30) is pending. Evaluating...
[2026-08-18 01:42:57]   ForecastTime:    2026-08-17 01:47:37
[2026-08-18 01:42:57]   Rounded to:      2026-08-17 00:00:00
[2026-08-18 01:42:57]   Target windows:  2026-08-17 04:00:00 to 2026-08-18 00:00:00
[2026-08-18 01:42:57]   Data range:      2026-07-20 00:00:00 to 2026-08-18 00:00:00
[2026-08-18 01:42:57]   -> Updated ForecastDetails row 30.
[2026-08-18 01:42:57]   -> Metrics: last_actual=64200.00, abs_error=1086.48, pct_error=1.69%, mape=1.41%
[2026-08-18 01:42:57] Pending forecast evaluated.
[2026-08-18 01:42:57] 
[2026-08-18 01:42:57] --- STAGE 3: GENERATING NEW FORECAST ---
[2026-08-18 01:42:57] Running future forecast for horizon=6...
[2026-08-18 01:42:58] Logged new future forecast ID 30 at row 31. Pending actuals.
[2026-08-18 01:42:58] BTC-USD completed. Forecast ID: 30
