[2026-08-24 01:49:36] 
[2026-08-24 01:49:36] ================================================================================
[2026-08-24 01:49:36] PROCESSING BTC-USD
[2026-08-24 01:49:36] ================================================================================
[2026-08-24 01:49:36] 
[2026-08-24 01:49:36] --- STAGE 1: DOWNLOADING DATA ---
[2026-08-24 01:49:36] Downloading data for BTC-USD (period=30d, interval=4h)...
[2026-08-24 01:49:36] Data downloaded successfully. Total rows: 175
[2026-08-24 01:49:36] 
[2026-08-24 01:49:36] --- STAGE 2: EVALUATING LATEST FORECAST ---
[2026-08-24 01:49:36] Latest forecast (row 36) is pending. Evaluating...
[2026-08-24 01:49:36]   ForecastTime:    2026-08-23 01:51:58
[2026-08-24 01:49:36]   Rounded to:      2026-08-23 00:00:00
[2026-08-24 01:49:36]   Target windows:  2026-08-23 04:00:00 to 2026-08-24 00:00:00
[2026-08-24 01:49:36]   Data range:      2026-07-26 00:00:00 to 2026-08-24 00:00:00
[2026-08-24 01:49:36]   -> Updated ForecastDetails row 36.
[2026-08-24 01:49:36]   -> Metrics: last_actual=77223.42, abs_error=217.48, pct_error=0.28%, mape=0.50%
[2026-08-24 01:49:36] Pending forecast evaluated.
[2026-08-24 01:49:36] 
[2026-08-24 01:49:36] --- STAGE 3: GENERATING NEW FORECAST ---
[2026-08-24 01:49:36] Running future forecast for horizon=6...
[2026-08-24 01:49:37] Logged new future forecast ID 36 at row 37. Pending actuals.
[2026-08-24 01:49:37] BTC-USD completed. Forecast ID: 36
