[2026-08-14 02:33:04] 
[2026-08-14 02:33:04] ================================================================================
[2026-08-14 02:33:04] PROCESSING BTC-USD
[2026-08-14 02:33:04] ================================================================================
[2026-08-14 02:33:04] 
[2026-08-14 02:33:04] --- STAGE 1: DOWNLOADING DATA ---
[2026-08-14 02:33:04] Downloading data for BTC-USD (period=30d, interval=4h)...
[2026-08-14 02:33:04] Data downloaded successfully. Total rows: 175
[2026-08-14 02:33:04] 
[2026-08-14 02:33:04] --- STAGE 2: EVALUATING LATEST FORECAST ---
[2026-08-14 02:33:04] Latest forecast (row 26) is pending. Evaluating...
[2026-08-14 02:33:04]   ForecastTime:    2026-08-13 02:34:17
[2026-08-14 02:33:04]   Rounded to:      2026-08-13 00:00:00
[2026-08-14 02:33:04]   Target windows:  2026-08-13 04:00:00 to 2026-08-14 00:00:00
[2026-08-14 02:33:04]   Data range:      2026-07-16 00:00:00 to 2026-08-14 00:00:00
[2026-08-14 02:33:04]   -> Updated ForecastDetails row 26.
[2026-08-14 02:33:05]   -> Metrics: last_actual=63500.75, abs_error=209.34, pct_error=0.33%, mape=0.37%
[2026-08-14 02:33:05] Pending forecast evaluated.
[2026-08-14 02:33:05] 
[2026-08-14 02:33:05] --- STAGE 3: GENERATING NEW FORECAST ---
[2026-08-14 02:33:05] Running future forecast for horizon=6...
[2026-08-14 02:33:05] Logged new future forecast ID 26 at row 27. Pending actuals.
[2026-08-14 02:33:05] BTC-USD completed. Forecast ID: 26
