[2026-09-16 04:33:20] 
[2026-09-16 04:33:20] ================================================================================
[2026-09-16 04:33:20] PROCESSING BTC-USD
[2026-09-16 04:33:20] ================================================================================
[2026-09-16 04:33:20] 
[2026-09-16 04:33:20] --- STAGE 1: DOWNLOADING DATA ---
[2026-09-16 04:33:20] Downloading data for BTC-USD (period=30d, interval=4h)...
[2026-09-16 04:33:20] Data downloaded successfully. Total rows: 176
[2026-09-16 04:33:20] 
[2026-09-16 04:33:20] --- STAGE 2: EVALUATING LATEST FORECAST ---
[2026-09-16 04:33:20] Latest forecast (row 59) is pending. Evaluating...
[2026-09-16 04:33:20]   ForecastTime:    2026-09-15 04:38:06
[2026-09-16 04:33:20]   Rounded to:      2026-09-15 04:00:00
[2026-09-16 04:33:20]   Target windows:  2026-09-15 08:00:00 to 2026-09-16 04:00:00
[2026-09-16 04:33:20]   Data range:      2026-08-18 00:00:00 to 2026-09-16 04:00:00
[2026-09-16 04:33:20]   -> Updated ForecastDetails row 59.
[2026-09-16 04:33:20]   -> Metrics: last_actual=75805.90, abs_error=1250.43, pct_error=1.65%, mape=1.35%
[2026-09-16 04:33:20] Pending forecast evaluated.
[2026-09-16 04:33:20] 
[2026-09-16 04:33:20] --- STAGE 3: GENERATING NEW FORECAST ---
[2026-09-16 04:33:20] Running future forecast for horizon=6...
[2026-09-16 04:33:21] Logged new future forecast ID 59 at row 60. Pending actuals.
[2026-09-16 04:33:21] BTC-USD completed. Forecast ID: 59
