[2026-08-06 03:23:54] 
[2026-08-06 03:23:54] ================================================================================
[2026-08-06 03:23:54] PROCESSING BTC-USD
[2026-08-06 03:23:54] ================================================================================
[2026-08-06 03:23:54] 
[2026-08-06 03:23:54] --- STAGE 1: DOWNLOADING DATA ---
[2026-08-06 03:23:54] Downloading data for BTC-USD (period=30d, interval=4h)...
[2026-08-06 03:23:54] Data downloaded successfully. Total rows: 175
[2026-08-06 03:23:54] 
[2026-08-06 03:23:54] --- STAGE 2: EVALUATING LATEST FORECAST ---
[2026-08-06 03:23:54] Latest forecast (row 18) is pending. Evaluating...
[2026-08-06 03:23:54]   ForecastTime:    2026-08-05 03:21:09
[2026-08-06 03:23:54]   Rounded to:      2026-08-05 00:00:00
[2026-08-06 03:23:54]   Target windows:  2026-08-05 04:00:00 to 2026-08-06 00:00:00
[2026-08-06 03:23:54]   Data range:      2026-07-08 00:00:00 to 2026-08-06 00:00:00
[2026-08-06 03:23:54]   -> Updated ForecastDetails row 18.
[2026-08-06 03:23:55]   -> Metrics: last_actual=64470.26, abs_error=572.18, pct_error=0.89%, mape=0.70%
[2026-08-06 03:23:55] Pending forecast evaluated.
[2026-08-06 03:23:55] 
[2026-08-06 03:23:55] --- STAGE 3: GENERATING NEW FORECAST ---
[2026-08-06 03:23:55] Running future forecast for horizon=6...
[2026-08-06 03:23:55] Logged new future forecast ID 18 at row 19. Pending actuals.
[2026-08-06 03:23:55] BTC-USD completed. Forecast ID: 18
