[2026-09-12 04:18:06] 
[2026-09-12 04:18:06] ================================================================================
[2026-09-12 04:18:06] PROCESSING BTC-USD
[2026-09-12 04:18:06] ================================================================================
[2026-09-12 04:18:06] 
[2026-09-12 04:18:06] --- STAGE 1: DOWNLOADING DATA ---
[2026-09-12 04:18:06] Downloading data for BTC-USD (period=30d, interval=4h)...
[2026-09-12 04:18:06] Data downloaded successfully. Total rows: 176
[2026-09-12 04:18:06] 
[2026-09-12 04:18:06] --- STAGE 2: EVALUATING LATEST FORECAST ---
[2026-09-12 04:18:06] Latest forecast (row 55) is pending. Evaluating...
[2026-09-12 04:18:06]   ForecastTime:    2026-09-11 04:19:54
[2026-09-12 04:18:06]   Rounded to:      2026-09-11 04:00:00
[2026-09-12 04:18:06]   Target windows:  2026-09-11 08:00:00 to 2026-09-12 04:00:00
[2026-09-12 04:18:06]   Data range:      2026-08-14 00:00:00 to 2026-09-12 04:00:00
[2026-09-12 04:18:06]   -> Updated ForecastDetails row 55.
[2026-09-12 04:18:06]   -> Metrics: last_actual=77244.92, abs_error=586.58, pct_error=0.76%, mape=0.77%
[2026-09-12 04:18:06] Pending forecast evaluated.
[2026-09-12 04:18:06] 
[2026-09-12 04:18:06] --- STAGE 3: GENERATING NEW FORECAST ---
[2026-09-12 04:18:06] Running future forecast for horizon=6...
[2026-09-12 04:18:07] Logged new future forecast ID 55 at row 56. Pending actuals.
[2026-09-12 04:18:07] BTC-USD completed. Forecast ID: 55
