[2026-08-05 03:21:08] 
[2026-08-05 03:21:08] ================================================================================
[2026-08-05 03:21:08] PROCESSING BTC-USD
[2026-08-05 03:21:08] ================================================================================
[2026-08-05 03:21:08] 
[2026-08-05 03:21:08] --- STAGE 1: DOWNLOADING DATA ---
[2026-08-05 03:21:08] Downloading data for BTC-USD (period=30d, interval=4h)...
[2026-08-05 03:21:09] Data downloaded successfully. Total rows: 170
[2026-08-05 03:21:09] 
[2026-08-05 03:21:09] --- STAGE 2: EVALUATING LATEST FORECAST ---
[2026-08-05 03:21:09] Latest forecast (row 17) is pending. Evaluating...
[2026-08-05 03:21:09]   ForecastTime:    2026-08-04 03:26:13
[2026-08-05 03:21:09]   Rounded to:      2026-08-04 00:00:00
[2026-08-05 03:21:09]   Target windows:  2026-08-04 04:00:00 to 2026-08-05 00:00:00
[2026-08-05 03:21:09]   Data range:      2026-07-07 00:00:00 to 2026-08-05 00:00:00
[2026-08-05 03:21:09]   -> Updated ForecastDetails row 17.
[2026-08-05 03:21:09]   -> Metrics: last_actual=64065.15, abs_error=555.81, pct_error=0.87%, mape=0.68%
[2026-08-05 03:21:09] Pending forecast evaluated.
[2026-08-05 03:21:09] 
[2026-08-05 03:21:09] --- STAGE 3: GENERATING NEW FORECAST ---
[2026-08-05 03:21:09] Running future forecast for horizon=6...
[2026-08-05 03:21:09] Logged new future forecast ID 17 at row 18. Pending actuals.
[2026-08-05 03:21:09] BTC-USD completed. Forecast ID: 17
