[2026-07-28 03:22:48] 
[2026-07-28 03:22:48] ================================================================================
[2026-07-28 03:22:48] PROCESSING BTC-USD
[2026-07-28 03:22:48] ================================================================================
[2026-07-28 03:22:48] 
[2026-07-28 03:22:48] --- STAGE 1: DOWNLOADING DATA ---
[2026-07-28 03:22:48] Downloading data for BTC-USD (period=30d, interval=4h)...
[2026-07-28 03:22:48] Data downloaded successfully. Total rows: 170
[2026-07-28 03:22:48] 
[2026-07-28 03:22:48] --- STAGE 2: EVALUATING LATEST FORECAST ---
[2026-07-28 03:22:48] Latest forecast (row 9) is pending. Evaluating...
[2026-07-28 03:22:48]   ForecastTime:    2026-07-27 03:51:45
[2026-07-28 03:22:48]   Rounded to:      2026-07-27 00:00:00
[2026-07-28 03:22:48]   Target windows:  2026-07-27 04:00:00 to 2026-07-28 00:00:00
[2026-07-28 03:22:48]   Data range:      2026-06-29 00:00:00 to 2026-07-28 00:00:00
[2026-07-28 03:22:48]   -> Updated ForecastDetails row 9.
[2026-07-28 03:22:48]   -> Metrics: last_actual=63239.62, abs_error=1887.55, pct_error=2.98%, mape=1.25%
[2026-07-28 03:22:48] Pending forecast evaluated.
[2026-07-28 03:22:48] 
[2026-07-28 03:22:48] --- STAGE 3: GENERATING NEW FORECAST ---
[2026-07-28 03:22:48] Running future forecast for horizon=6...
[2026-07-28 03:22:49] Logged new future forecast ID 9 at row 10. Pending actuals.
[2026-07-28 03:22:49] BTC-USD completed. Forecast ID: 9
