[2026-08-23 01:51:57] 
[2026-08-23 01:51:57] ================================================================================
[2026-08-23 01:51:57] PROCESSING BTC-USD
[2026-08-23 01:51:57] ================================================================================
[2026-08-23 01:51:57] 
[2026-08-23 01:51:57] --- STAGE 1: DOWNLOADING DATA ---
[2026-08-23 01:51:57] Downloading data for BTC-USD (period=30d, interval=4h)...
[2026-08-23 01:51:57] Data downloaded successfully. Total rows: 175
[2026-08-23 01:51:57] 
[2026-08-23 01:51:57] --- STAGE 2: EVALUATING LATEST FORECAST ---
[2026-08-23 01:51:57] Latest forecast (row 35) is pending. Evaluating...
[2026-08-23 01:51:57]   ForecastTime:    2026-08-22 01:42:05
[2026-08-23 01:51:57]   Rounded to:      2026-08-22 00:00:00
[2026-08-23 01:51:57]   Target windows:  2026-08-22 04:00:00 to 2026-08-23 00:00:00
[2026-08-23 01:51:57]   Data range:      2026-07-25 00:00:00 to 2026-08-23 00:00:00
[2026-08-23 01:51:57]   -> Updated ForecastDetails row 35.
[2026-08-23 01:51:57]   -> Metrics: last_actual=77236.55, abs_error=272.41, pct_error=0.35%, mape=0.72%
[2026-08-23 01:51:57] Pending forecast evaluated.
[2026-08-23 01:51:57] 
[2026-08-23 01:51:57] --- STAGE 3: GENERATING NEW FORECAST ---
[2026-08-23 01:51:57] Running future forecast for horizon=6...
[2026-08-23 01:51:58] Logged new future forecast ID 35 at row 36. Pending actuals.
[2026-08-23 01:51:58] BTC-USD completed. Forecast ID: 35
