[2026-08-16 01:50:05] 
[2026-08-16 01:50:05] ================================================================================
[2026-08-16 01:50:05] PROCESSING BTC-USD
[2026-08-16 01:50:05] ================================================================================
[2026-08-16 01:50:05] 
[2026-08-16 01:50:05] --- STAGE 1: DOWNLOADING DATA ---
[2026-08-16 01:50:05] Downloading data for BTC-USD (period=30d, interval=4h)...
[2026-08-16 01:50:05] Data downloaded successfully. Total rows: 175
[2026-08-16 01:50:05] 
[2026-08-16 01:50:05] --- STAGE 2: EVALUATING LATEST FORECAST ---
[2026-08-16 01:50:05] Latest forecast (row 28) is pending. Evaluating...
[2026-08-16 01:50:05]   ForecastTime:    2026-08-15 01:43:04
[2026-08-16 01:50:05]   Rounded to:      2026-08-15 00:00:00
[2026-08-16 01:50:05]   Target windows:  2026-08-15 04:00:00 to 2026-08-16 00:00:00
[2026-08-16 01:50:05]   Data range:      2026-07-18 00:00:00 to 2026-08-16 00:00:00
[2026-08-16 01:50:05]   -> Updated ForecastDetails row 28.
[2026-08-16 01:50:05]   -> Metrics: last_actual=62999.85, abs_error=183.87, pct_error=0.29%, mape=0.14%
[2026-08-16 01:50:05] Pending forecast evaluated.
[2026-08-16 01:50:05] 
[2026-08-16 01:50:05] --- STAGE 3: GENERATING NEW FORECAST ---
[2026-08-16 01:50:05] Running future forecast for horizon=6...
[2026-08-16 01:50:06] Logged new future forecast ID 28 at row 29. Pending actuals.
[2026-08-16 01:50:06] BTC-USD completed. Forecast ID: 28
