[2026-08-19 01:44:41] 
[2026-08-19 01:44:41] ================================================================================
[2026-08-19 01:44:41] PROCESSING BTC-USD
[2026-08-19 01:44:41] ================================================================================
[2026-08-19 01:44:41] 
[2026-08-19 01:44:41] --- STAGE 1: DOWNLOADING DATA ---
[2026-08-19 01:44:41] Downloading data for BTC-USD (period=30d, interval=4h)...
[2026-08-19 01:44:41] Data downloaded successfully. Total rows: 175
[2026-08-19 01:44:41] 
[2026-08-19 01:44:41] --- STAGE 2: EVALUATING LATEST FORECAST ---
[2026-08-19 01:44:41] Latest forecast (row 31) is pending. Evaluating...
[2026-08-19 01:44:41]   ForecastTime:    2026-08-18 01:42:58
[2026-08-19 01:44:41]   Rounded to:      2026-08-18 00:00:00
[2026-08-19 01:44:41]   Target windows:  2026-08-18 04:00:00 to 2026-08-19 00:00:00
[2026-08-19 01:44:41]   Data range:      2026-07-21 00:00:00 to 2026-08-19 00:00:00
[2026-08-19 01:44:41]   -> Updated ForecastDetails row 31.
[2026-08-19 01:44:41]   -> Metrics: last_actual=64370.56, abs_error=245.01, pct_error=0.38%, mape=0.54%
[2026-08-19 01:44:41] Pending forecast evaluated.
[2026-08-19 01:44:41] 
[2026-08-19 01:44:41] --- STAGE 3: GENERATING NEW FORECAST ---
[2026-08-19 01:44:41] Running future forecast for horizon=6...
[2026-08-19 01:44:42] Logged new future forecast ID 31 at row 32. Pending actuals.
[2026-08-19 01:44:42] BTC-USD completed. Forecast ID: 31
