[2026-08-31 05:13:16] 
[2026-08-31 05:13:16] ================================================================================
[2026-08-31 05:13:16] PROCESSING BTC-USD
[2026-08-31 05:13:16] ================================================================================
[2026-08-31 05:13:16] 
[2026-08-31 05:13:16] --- STAGE 1: DOWNLOADING DATA ---
[2026-08-31 05:13:16] Downloading data for BTC-USD (period=30d, interval=4h)...
[2026-08-31 05:13:16] Data downloaded successfully. Total rows: 176
[2026-08-31 05:13:16] 
[2026-08-31 05:13:16] --- STAGE 2: EVALUATING LATEST FORECAST ---
[2026-08-31 05:13:16] Latest forecast (row 43) is pending. Evaluating...
[2026-08-31 05:13:16]   ForecastTime:    2026-08-30 05:05:45
[2026-08-31 05:13:16]   Rounded to:      2026-08-30 04:00:00
[2026-08-31 05:13:16]   Target windows:  2026-08-30 08:00:00 to 2026-08-31 04:00:00
[2026-08-31 05:13:16]   Data range:      2026-08-02 00:00:00 to 2026-08-31 04:00:00
[2026-08-31 05:13:16]   -> Updated ForecastDetails row 43.
[2026-08-31 05:13:16]   -> Metrics: last_actual=77725.92, abs_error=161.44, pct_error=0.21%, mape=0.47%
[2026-08-31 05:13:16] Pending forecast evaluated.
[2026-08-31 05:13:16] 
[2026-08-31 05:13:16] --- STAGE 3: GENERATING NEW FORECAST ---
[2026-08-31 05:13:16] Running future forecast for horizon=6...
[2026-08-31 05:13:17] Logged new future forecast ID 43 at row 44. Pending actuals.
[2026-08-31 05:13:17] BTC-USD completed. Forecast ID: 43
