[2026-07-30 02:58:05] 
[2026-07-30 02:58:05] ================================================================================
[2026-07-30 02:58:05] PROCESSING BTC-USD
[2026-07-30 02:58:05] ================================================================================
[2026-07-30 02:58:05] 
[2026-07-30 02:58:05] --- STAGE 1: DOWNLOADING DATA ---
[2026-07-30 02:58:05] Downloading data for BTC-USD (period=30d, interval=4h)...
[2026-07-30 02:58:05] Data downloaded successfully. Total rows: 170
[2026-07-30 02:58:05] 
[2026-07-30 02:58:05] --- STAGE 2: EVALUATING LATEST FORECAST ---
[2026-07-30 02:58:05] Latest forecast (row 11) is pending. Evaluating...
[2026-07-30 02:58:05]   ForecastTime:    2026-07-29 03:23:49
[2026-07-30 02:58:05]   Rounded to:      2026-07-29 00:00:00
[2026-07-30 02:58:05]   Target windows:  2026-07-29 04:00:00 to 2026-07-30 00:00:00
[2026-07-30 02:58:05]   Data range:      2026-07-01 00:00:00 to 2026-07-30 00:00:00
[2026-07-30 02:58:05]   -> Updated ForecastDetails row 11.
[2026-07-30 02:58:05]   -> Metrics: last_actual=64102.99, abs_error=105.06, pct_error=0.16%, mape=0.47%
[2026-07-30 02:58:05] Pending forecast evaluated.
[2026-07-30 02:58:05] 
[2026-07-30 02:58:05] --- STAGE 3: GENERATING NEW FORECAST ---
[2026-07-30 02:58:05] Running future forecast for horizon=6...
[2026-07-30 02:58:06] Logged new future forecast ID 11 at row 12. Pending actuals.
[2026-07-30 02:58:06] BTC-USD completed. Forecast ID: 11
