[2026-09-03 04:07:11] 
[2026-09-03 04:07:11] ================================================================================
[2026-09-03 04:07:11] PROCESSING BTC-USD
[2026-09-03 04:07:11] ================================================================================
[2026-09-03 04:07:11] 
[2026-09-03 04:07:11] --- STAGE 1: DOWNLOADING DATA ---
[2026-09-03 04:07:11] Downloading data for BTC-USD (period=30d, interval=4h)...
[2026-09-03 04:07:11] Data downloaded successfully. Total rows: 176
[2026-09-03 04:07:11] 
[2026-09-03 04:07:11] --- STAGE 2: EVALUATING LATEST FORECAST ---
[2026-09-03 04:07:11] Latest forecast (row 46) is pending. Evaluating...
[2026-09-03 04:07:11]   ForecastTime:    2026-09-02 04:10:14
[2026-09-03 04:07:11]   Rounded to:      2026-09-02 04:00:00
[2026-09-03 04:07:11]   Target windows:  2026-09-02 08:00:00 to 2026-09-03 04:00:00
[2026-09-03 04:07:11]   Data range:      2026-08-05 00:00:00 to 2026-09-03 04:00:00
[2026-09-03 04:07:11]   -> Updated ForecastDetails row 46.
[2026-09-03 04:07:11]   -> Metrics: last_actual=77724.03, abs_error=839.15, pct_error=1.08%, mape=0.53%
[2026-09-03 04:07:11] Pending forecast evaluated.
[2026-09-03 04:07:11] 
[2026-09-03 04:07:11] --- STAGE 3: GENERATING NEW FORECAST ---
[2026-09-03 04:07:11] Running future forecast for horizon=6...
[2026-09-03 04:07:12] Logged new future forecast ID 46 at row 47. Pending actuals.
[2026-09-03 04:07:12] BTC-USD completed. Forecast ID: 46
