[2026-10-07 05:37:38] 
[2026-10-07 05:37:38] ================================================================================
[2026-10-07 05:37:38] PROCESSING BTC-USD
[2026-10-07 05:37:38] ================================================================================
[2026-10-07 05:37:38] 
[2026-10-07 05:37:38] --- STAGE 1: DOWNLOADING DATA ---
[2026-10-07 05:37:38] Downloading data for BTC-USD (period=30d, interval=4h)...
[2026-10-07 05:37:38] Data downloaded successfully. Total rows: 176
[2026-10-07 05:37:38] 
[2026-10-07 05:37:38] --- STAGE 2: EVALUATING LATEST FORECAST ---
[2026-10-07 05:37:38] Latest forecast (row 80) is pending. Evaluating...
[2026-10-07 05:37:38]   ForecastTime:    2026-10-06 06:02:27
[2026-10-07 05:37:38]   Rounded to:      2026-10-06 04:00:00
[2026-10-07 05:37:38]   Target windows:  2026-10-06 08:00:00 to 2026-10-07 04:00:00
[2026-10-07 05:37:38]   Data range:      2026-09-08 00:00:00 to 2026-10-07 04:00:00
[2026-10-07 05:37:38]   -> Updated ForecastDetails row 80.
[2026-10-07 05:37:39]   -> Metrics: last_actual=84171.62, abs_error=969.12, pct_error=1.15%, mape=0.78%
[2026-10-07 05:37:39] Pending forecast evaluated.
[2026-10-07 05:37:39] 
[2026-10-07 05:37:39] --- STAGE 3: GENERATING NEW FORECAST ---
[2026-10-07 05:37:39] Running future forecast for horizon=6...
[2026-10-07 05:37:39] Logged new future forecast ID 80 at row 81. Pending actuals.
[2026-10-07 05:37:39] BTC-USD completed. Forecast ID: 80
