[2026-09-17 04:38:43] 
[2026-09-17 04:38:43] ================================================================================
[2026-09-17 04:38:43] PROCESSING BTC-USD
[2026-09-17 04:38:43] ================================================================================
[2026-09-17 04:38:43] 
[2026-09-17 04:38:43] --- STAGE 1: DOWNLOADING DATA ---
[2026-09-17 04:38:43] Downloading data for BTC-USD (period=30d, interval=4h)...
[2026-09-17 04:38:44] Data downloaded successfully. Total rows: 176
[2026-09-17 04:38:44] 
[2026-09-17 04:38:44] --- STAGE 2: EVALUATING LATEST FORECAST ---
[2026-09-17 04:38:44] Latest forecast (row 60) is pending. Evaluating...
[2026-09-17 04:38:44]   ForecastTime:    2026-09-16 04:33:21
[2026-09-17 04:38:44]   Rounded to:      2026-09-16 04:00:00
[2026-09-17 04:38:44]   Target windows:  2026-09-16 08:00:00 to 2026-09-17 04:00:00
[2026-09-17 04:38:44]   Data range:      2026-08-19 00:00:00 to 2026-09-17 04:00:00
[2026-09-17 04:38:44]   -> Updated ForecastDetails row 60.
[2026-09-17 04:38:44]   -> Metrics: last_actual=76208.39, abs_error=493.16, pct_error=0.65%, mape=0.51%
[2026-09-17 04:38:44] Pending forecast evaluated.
[2026-09-17 04:38:44] 
[2026-09-17 04:38:44] --- STAGE 3: GENERATING NEW FORECAST ---
[2026-09-17 04:38:44] Running future forecast for horizon=6...
[2026-09-17 04:38:45] Logged new future forecast ID 60 at row 61. Pending actuals.
[2026-09-17 04:38:45] BTC-USD completed. Forecast ID: 60
