[2026-08-10 02:24:28] 
[2026-08-10 02:24:28] ================================================================================
[2026-08-10 02:24:28] PROCESSING BTC-USD
[2026-08-10 02:24:28] ================================================================================
[2026-08-10 02:24:28] 
[2026-08-10 02:24:28] --- STAGE 1: DOWNLOADING DATA ---
[2026-08-10 02:24:28] Downloading data for BTC-USD (period=30d, interval=4h)...
[2026-08-10 02:24:28] Data downloaded successfully. Total rows: 175
[2026-08-10 02:24:28] 
[2026-08-10 02:24:28] --- STAGE 2: EVALUATING LATEST FORECAST ---
[2026-08-10 02:24:28] Latest forecast (row 22) is pending. Evaluating...
[2026-08-10 02:24:28]   ForecastTime:    2026-08-09 02:19:11
[2026-08-10 02:24:28]   Rounded to:      2026-08-09 00:00:00
[2026-08-10 02:24:28]   Target windows:  2026-08-09 04:00:00 to 2026-08-10 00:00:00
[2026-08-10 02:24:28]   Data range:      2026-07-12 00:00:00 to 2026-08-10 00:00:00
[2026-08-10 02:24:28]   -> Updated ForecastDetails row 22.
[2026-08-10 02:24:28]   -> Metrics: last_actual=64910.24, abs_error=217.57, pct_error=0.34%, mape=0.37%
[2026-08-10 02:24:28] Pending forecast evaluated.
[2026-08-10 02:24:28] 
[2026-08-10 02:24:28] --- STAGE 3: GENERATING NEW FORECAST ---
[2026-08-10 02:24:28] Running future forecast for horizon=6...
[2026-08-10 02:24:29] Logged new future forecast ID 22 at row 23. Pending actuals.
[2026-08-10 02:24:29] BTC-USD completed. Forecast ID: 22
