[2026-09-01 04:49:03] 
[2026-09-01 04:49:03] ================================================================================
[2026-09-01 04:49:03] PROCESSING BTC-USD
[2026-09-01 04:49:03] ================================================================================
[2026-09-01 04:49:03] 
[2026-09-01 04:49:03] --- STAGE 1: DOWNLOADING DATA ---
[2026-09-01 04:49:03] Downloading data for BTC-USD (period=30d, interval=4h)...
[2026-09-01 04:49:04] Data downloaded successfully. Total rows: 176
[2026-09-01 04:49:04] 
[2026-09-01 04:49:04] --- STAGE 2: EVALUATING LATEST FORECAST ---
[2026-09-01 04:49:04] Latest forecast (row 44) is pending. Evaluating...
[2026-09-01 04:49:04]   ForecastTime:    2026-08-31 05:13:17
[2026-09-01 04:49:04]   Rounded to:      2026-08-31 04:00:00
[2026-09-01 04:49:04]   Target windows:  2026-08-31 08:00:00 to 2026-09-01 04:00:00
[2026-09-01 04:49:04]   Data range:      2026-08-03 00:00:00 to 2026-09-01 04:00:00
[2026-09-01 04:49:04]   -> Updated ForecastDetails row 44.
[2026-09-01 04:49:04]   -> Metrics: last_actual=78745.31, abs_error=2380.30, pct_error=3.02%, mape=1.98%
[2026-09-01 04:49:04] Pending forecast evaluated.
[2026-09-01 04:49:04] 
[2026-09-01 04:49:04] --- STAGE 3: GENERATING NEW FORECAST ---
[2026-09-01 04:49:04] Running future forecast for horizon=6...
[2026-09-01 04:49:05] Logged new future forecast ID 44 at row 45. Pending actuals.
[2026-09-01 04:49:05] BTC-USD completed. Forecast ID: 44
