[2026-09-15 04:38:05] 
[2026-09-15 04:38:05] ================================================================================
[2026-09-15 04:38:05] PROCESSING BTC-USD
[2026-09-15 04:38:05] ================================================================================
[2026-09-15 04:38:05] 
[2026-09-15 04:38:05] --- STAGE 1: DOWNLOADING DATA ---
[2026-09-15 04:38:05] Downloading data for BTC-USD (period=30d, interval=4h)...
[2026-09-15 04:38:05] Data downloaded successfully. Total rows: 176
[2026-09-15 04:38:05] 
[2026-09-15 04:38:05] --- STAGE 2: EVALUATING LATEST FORECAST ---
[2026-09-15 04:38:05] Latest forecast (row 58) is pending. Evaluating...
[2026-09-15 04:38:05]   ForecastTime:    2026-09-14 04:37:38
[2026-09-15 04:38:05]   Rounded to:      2026-09-14 04:00:00
[2026-09-15 04:38:05]   Target windows:  2026-09-14 08:00:00 to 2026-09-15 04:00:00
[2026-09-15 04:38:05]   Data range:      2026-08-17 00:00:00 to 2026-09-15 04:00:00
[2026-09-15 04:38:05]   -> Updated ForecastDetails row 58.
[2026-09-15 04:38:05]   -> Metrics: last_actual=77526.82, abs_error=256.77, pct_error=0.33%, mape=1.03%
[2026-09-15 04:38:05] Pending forecast evaluated.
[2026-09-15 04:38:05] 
[2026-09-15 04:38:05] --- STAGE 3: GENERATING NEW FORECAST ---
[2026-09-15 04:38:05] Running future forecast for horizon=6...
[2026-09-15 04:38:06] Logged new future forecast ID 58 at row 59. Pending actuals.
[2026-09-15 04:38:06] BTC-USD completed. Forecast ID: 58
