[2026-09-26 04:42:33] 
[2026-09-26 04:42:33] ================================================================================
[2026-09-26 04:42:33] PROCESSING BTC-USD
[2026-09-26 04:42:33] ================================================================================
[2026-09-26 04:42:33] 
[2026-09-26 04:42:33] --- STAGE 1: DOWNLOADING DATA ---
[2026-09-26 04:42:33] Downloading data for BTC-USD (period=30d, interval=4h)...
[2026-09-26 04:42:33] Data downloaded successfully. Total rows: 176
[2026-09-26 04:42:33] 
[2026-09-26 04:42:33] --- STAGE 2: EVALUATING LATEST FORECAST ---
[2026-09-26 04:42:33] Latest forecast (row 69) is pending. Evaluating...
[2026-09-26 04:42:33]   ForecastTime:    2026-09-25 04:38:45
[2026-09-26 04:42:33]   Rounded to:      2026-09-25 04:00:00
[2026-09-26 04:42:33]   Target windows:  2026-09-25 08:00:00 to 2026-09-26 04:00:00
[2026-09-26 04:42:33]   Data range:      2026-08-28 00:00:00 to 2026-09-26 04:00:00
[2026-09-26 04:42:33]   -> Updated ForecastDetails row 69.
[2026-09-26 04:42:33]   -> Metrics: last_actual=83930.56, abs_error=12.97, pct_error=0.02%, mape=0.18%
[2026-09-26 04:42:33] Pending forecast evaluated.
[2026-09-26 04:42:33] 
[2026-09-26 04:42:33] --- STAGE 3: GENERATING NEW FORECAST ---
[2026-09-26 04:42:33] Running future forecast for horizon=6...
[2026-09-26 04:42:34] Logged new future forecast ID 69 at row 70. Pending actuals.
[2026-09-26 04:42:34] BTC-USD completed. Forecast ID: 69
