[2026-09-20 04:39:58] 
[2026-09-20 04:39:58] ================================================================================
[2026-09-20 04:39:58] PROCESSING BTC-USD
[2026-09-20 04:39:58] ================================================================================
[2026-09-20 04:39:58] 
[2026-09-20 04:39:58] --- STAGE 1: DOWNLOADING DATA ---
[2026-09-20 04:39:58] Downloading data for BTC-USD (period=30d, interval=4h)...
[2026-09-20 04:39:58] Data downloaded successfully. Total rows: 176
[2026-09-20 04:39:58] 
[2026-09-20 04:39:58] --- STAGE 2: EVALUATING LATEST FORECAST ---
[2026-09-20 04:39:58] Latest forecast (row 63) is pending. Evaluating...
[2026-09-20 04:39:58]   ForecastTime:    2026-09-19 04:20:52
[2026-09-20 04:39:58]   Rounded to:      2026-09-19 04:00:00
[2026-09-20 04:39:58]   Target windows:  2026-09-19 08:00:00 to 2026-09-20 04:00:00
[2026-09-20 04:39:58]   Data range:      2026-08-22 00:00:00 to 2026-09-20 04:00:00
[2026-09-20 04:39:58]   -> Updated ForecastDetails row 63.
[2026-09-20 04:39:58]   -> Metrics: last_actual=80443.78, abs_error=254.42, pct_error=0.32%, mape=0.57%
[2026-09-20 04:39:58] Pending forecast evaluated.
[2026-09-20 04:39:58] 
[2026-09-20 04:39:58] --- STAGE 3: GENERATING NEW FORECAST ---
[2026-09-20 04:39:58] Running future forecast for horizon=6...
[2026-09-20 04:39:59] Logged new future forecast ID 63 at row 64. Pending actuals.
[2026-09-20 04:39:59] BTC-USD completed. Forecast ID: 63
