[2026-08-20 01:43:41] 
[2026-08-20 01:43:41] ================================================================================
[2026-08-20 01:43:41] PROCESSING BTC-USD
[2026-08-20 01:43:41] ================================================================================
[2026-08-20 01:43:41] 
[2026-08-20 01:43:41] --- STAGE 1: DOWNLOADING DATA ---
[2026-08-20 01:43:41] Downloading data for BTC-USD (period=30d, interval=4h)...
[2026-08-20 01:43:41] Data downloaded successfully. Total rows: 175
[2026-08-20 01:43:41] 
[2026-08-20 01:43:41] --- STAGE 2: EVALUATING LATEST FORECAST ---
[2026-08-20 01:43:41] Latest forecast (row 32) is pending. Evaluating...
[2026-08-20 01:43:41]   ForecastTime:    2026-08-19 01:44:42
[2026-08-20 01:43:41]   Rounded to:      2026-08-19 00:00:00
[2026-08-20 01:43:41]   Target windows:  2026-08-19 04:00:00 to 2026-08-20 00:00:00
[2026-08-20 01:43:41]   Data range:      2026-07-22 00:00:00 to 2026-08-20 00:00:00
[2026-08-20 01:43:41]   -> Updated ForecastDetails row 32.
[2026-08-20 01:43:41]   -> Metrics: last_actual=69585.78, abs_error=5150.22, pct_error=7.40%, mape=4.41%
[2026-08-20 01:43:41] Pending forecast evaluated.
[2026-08-20 01:43:41] 
[2026-08-20 01:43:41] --- STAGE 3: GENERATING NEW FORECAST ---
[2026-08-20 01:43:41] Running future forecast for horizon=6...
[2026-08-20 01:43:42] Logged new future forecast ID 32 at row 33. Pending actuals.
[2026-08-20 01:43:42] BTC-USD completed. Forecast ID: 32
