[2026-09-24 04:27:26] 
[2026-09-24 04:27:26] ================================================================================
[2026-09-24 04:27:26] PROCESSING BTC-USD
[2026-09-24 04:27:26] ================================================================================
[2026-09-24 04:27:26] 
[2026-09-24 04:27:26] --- STAGE 1: DOWNLOADING DATA ---
[2026-09-24 04:27:26] Downloading data for BTC-USD (period=30d, interval=4h)...
[2026-09-24 04:27:26] Data downloaded successfully. Total rows: 176
[2026-09-24 04:27:26] 
[2026-09-24 04:27:26] --- STAGE 2: EVALUATING LATEST FORECAST ---
[2026-09-24 04:27:26] Latest forecast (row 67) is pending. Evaluating...
[2026-09-24 04:27:26]   ForecastTime:    2026-09-23 04:30:13
[2026-09-24 04:27:26]   Rounded to:      2026-09-23 04:00:00
[2026-09-24 04:27:26]   Target windows:  2026-09-23 08:00:00 to 2026-09-24 04:00:00
[2026-09-24 04:27:26]   Data range:      2026-08-26 00:00:00 to 2026-09-24 04:00:00
[2026-09-24 04:27:26]   -> Updated ForecastDetails row 67.
[2026-09-24 04:27:26]   -> Metrics: last_actual=83867.22, abs_error=3032.10, pct_error=3.62%, mape=3.07%
[2026-09-24 04:27:26] Pending forecast evaluated.
[2026-09-24 04:27:26] 
[2026-09-24 04:27:26] --- STAGE 3: GENERATING NEW FORECAST ---
[2026-09-24 04:27:26] Running future forecast for horizon=6...
[2026-09-24 04:27:27] Logged new future forecast ID 67 at row 68. Pending actuals.
[2026-09-24 04:27:27] BTC-USD completed. Forecast ID: 67
