[2026-07-25 03:29:17] 
[2026-07-25 03:29:17] ================================================================================
[2026-07-25 03:29:17] PROCESSING BTC-USD
[2026-07-25 03:29:17] ================================================================================
[2026-07-25 03:29:17] 
[2026-07-25 03:29:17] --- STAGE 1: DOWNLOADING DATA ---
[2026-07-25 03:29:17] Downloading data for BTC-USD (period=30d, interval=4h)...
[2026-07-25 03:29:17] Data downloaded successfully. Total rows: 170
[2026-07-25 03:29:17] 
[2026-07-25 03:29:17] --- STAGE 2: EVALUATING LATEST FORECAST ---
[2026-07-25 03:29:17] Latest forecast (row 6) is pending. Evaluating...
[2026-07-25 03:29:17]   ForecastTime:    2026-07-24 03:31:28
[2026-07-25 03:29:17]   Rounded to:      2026-07-24 00:00:00
[2026-07-25 03:29:17]   Target windows:  2026-07-24 04:00:00 to 2026-07-25 00:00:00
[2026-07-25 03:29:17]   Data range:      2026-06-26 00:00:00 to 2026-07-25 00:00:00
[2026-07-25 03:29:17]   -> Updated ForecastDetails row 6.
[2026-07-25 03:29:17]   -> Metrics: last_actual=64018.28, abs_error=1197.94, pct_error=1.87%, mape=1.31%
[2026-07-25 03:29:17] Pending forecast evaluated.
[2026-07-25 03:29:17] 
[2026-07-25 03:29:17] --- STAGE 3: GENERATING NEW FORECAST ---
[2026-07-25 03:29:17] Running future forecast for horizon=6...
[2026-07-25 03:29:18] Logged new future forecast ID 6 at row 7. Pending actuals.
[2026-07-25 03:29:18] BTC-USD completed. Forecast ID: 6
