[2026-09-29 05:29:01] 
[2026-09-29 05:29:01] ================================================================================
[2026-09-29 05:29:01] PROCESSING BTC-USD
[2026-09-29 05:29:01] ================================================================================
[2026-09-29 05:29:01] 
[2026-09-29 05:29:01] --- STAGE 1: DOWNLOADING DATA ---
[2026-09-29 05:29:01] Downloading data for BTC-USD (period=30d, interval=4h)...
[2026-09-29 05:29:01] Data downloaded successfully. Total rows: 176
[2026-09-29 05:29:01] 
[2026-09-29 05:29:01] --- STAGE 2: EVALUATING LATEST FORECAST ---
[2026-09-29 05:29:01] Latest forecast (row 72) is pending. Evaluating...
[2026-09-29 05:29:01]   ForecastTime:    2026-09-28 05:04:18
[2026-09-29 05:29:01]   Rounded to:      2026-09-28 04:00:00
[2026-09-29 05:29:01]   Target windows:  2026-09-28 08:00:00 to 2026-09-29 04:00:00
[2026-09-29 05:29:01]   Data range:      2026-08-31 00:00:00 to 2026-09-29 04:00:00
[2026-09-29 05:29:01]   -> Updated ForecastDetails row 72.
[2026-09-29 05:29:02]   -> Metrics: last_actual=83281.32, abs_error=17.41, pct_error=0.02%, mape=0.20%
[2026-09-29 05:29:02] Pending forecast evaluated.
[2026-09-29 05:29:02] 
[2026-09-29 05:29:02] --- STAGE 3: GENERATING NEW FORECAST ---
[2026-09-29 05:29:02] Running future forecast for horizon=6...
[2026-09-29 05:29:02] Logged new future forecast ID 72 at row 73. Pending actuals.
[2026-09-29 05:29:02] BTC-USD completed. Forecast ID: 72
