[2026-09-19 04:20:51] 
[2026-09-19 04:20:51] ================================================================================
[2026-09-19 04:20:51] PROCESSING BTC-USD
[2026-09-19 04:20:51] ================================================================================
[2026-09-19 04:20:51] 
[2026-09-19 04:20:51] --- STAGE 1: DOWNLOADING DATA ---
[2026-09-19 04:20:51] Downloading data for BTC-USD (period=30d, interval=4h)...
[2026-09-19 04:20:52] Data downloaded successfully. Total rows: 176
[2026-09-19 04:20:52] 
[2026-09-19 04:20:52] --- STAGE 2: EVALUATING LATEST FORECAST ---
[2026-09-19 04:20:52] Latest forecast (row 62) is pending. Evaluating...
[2026-09-19 04:20:52]   ForecastTime:    2026-09-18 04:24:01
[2026-09-19 04:20:52]   Rounded to:      2026-09-18 04:00:00
[2026-09-19 04:20:52]   Target windows:  2026-09-18 08:00:00 to 2026-09-19 04:00:00
[2026-09-19 04:20:52]   Data range:      2026-08-21 00:00:00 to 2026-09-19 04:00:00
[2026-09-19 04:20:52]   -> Updated ForecastDetails row 62.
[2026-09-19 04:20:52]   -> Metrics: last_actual=81103.97, abs_error=4040.52, pct_error=4.98%, mape=4.19%
[2026-09-19 04:20:52] Pending forecast evaluated.
[2026-09-19 04:20:52] 
[2026-09-19 04:20:52] --- STAGE 3: GENERATING NEW FORECAST ---
[2026-09-19 04:20:52] Running future forecast for horizon=6...
[2026-09-19 04:20:52] Logged new future forecast ID 62 at row 63. Pending actuals.
[2026-09-19 04:20:52] BTC-USD completed. Forecast ID: 62
