[2026-10-03 05:02:11] 
[2026-10-03 05:02:11] ================================================================================
[2026-10-03 05:02:11] PROCESSING BTC-USD
[2026-10-03 05:02:11] ================================================================================
[2026-10-03 05:02:11] 
[2026-10-03 05:02:11] --- STAGE 1: DOWNLOADING DATA ---
[2026-10-03 05:02:11] Downloading data for BTC-USD (period=30d, interval=4h)...
[2026-10-03 05:02:11] Data downloaded successfully. Total rows: 176
[2026-10-03 05:02:11] 
[2026-10-03 05:02:11] --- STAGE 2: EVALUATING LATEST FORECAST ---
[2026-10-03 05:02:12] Latest forecast (row 76) is pending. Evaluating...
[2026-10-03 05:02:12]   ForecastTime:    2026-10-02 05:19:23
[2026-10-03 05:02:12]   Rounded to:      2026-10-02 04:00:00
[2026-10-03 05:02:12]   Target windows:  2026-10-02 08:00:00 to 2026-10-03 04:00:00
[2026-10-03 05:02:12]   Data range:      2026-09-04 00:00:00 to 2026-10-03 04:00:00
[2026-10-03 05:02:12]   -> Updated ForecastDetails row 76.
[2026-10-03 05:02:12]   -> Metrics: last_actual=84538.01, abs_error=1204.22, pct_error=1.42%, mape=1.21%
[2026-10-03 05:02:12] Pending forecast evaluated.
[2026-10-03 05:02:12] 
[2026-10-03 05:02:12] --- STAGE 3: GENERATING NEW FORECAST ---
[2026-10-03 05:02:12] Running future forecast for horizon=6...
[2026-10-03 05:02:12] Logged new future forecast ID 76 at row 77. Pending actuals.
[2026-10-03 05:02:12] BTC-USD completed. Forecast ID: 76
