[2026-08-04 03:26:12] 
[2026-08-04 03:26:12] ================================================================================
[2026-08-04 03:26:12] PROCESSING BTC-USD
[2026-08-04 03:26:12] ================================================================================
[2026-08-04 03:26:12] 
[2026-08-04 03:26:12] --- STAGE 1: DOWNLOADING DATA ---
[2026-08-04 03:26:12] Downloading data for BTC-USD (period=30d, interval=4h)...
[2026-08-04 03:26:12] Data downloaded successfully. Total rows: 170
[2026-08-04 03:26:12] 
[2026-08-04 03:26:12] --- STAGE 2: EVALUATING LATEST FORECAST ---
[2026-08-04 03:26:12] Latest forecast (row 16) is pending. Evaluating...
[2026-08-04 03:26:12]   ForecastTime:    2026-08-03 03:42:06
[2026-08-04 03:26:12]   Rounded to:      2026-08-03 00:00:00
[2026-08-04 03:26:12]   Target windows:  2026-08-03 04:00:00 to 2026-08-04 00:00:00
[2026-08-04 03:26:12]   Data range:      2026-07-06 00:00:00 to 2026-08-04 00:00:00
[2026-08-04 03:26:12]   -> Updated ForecastDetails row 16.
[2026-08-04 03:26:13]   -> Metrics: last_actual=63660.65, abs_error=243.75, pct_error=0.38%, mape=0.61%
[2026-08-04 03:26:13] Pending forecast evaluated.
[2026-08-04 03:26:13] 
[2026-08-04 03:26:13] --- STAGE 3: GENERATING NEW FORECAST ---
[2026-08-04 03:26:13] Running future forecast for horizon=6...
[2026-08-04 03:26:13] Logged new future forecast ID 16 at row 17. Pending actuals.
[2026-08-04 03:26:13] BTC-USD completed. Forecast ID: 16
