[2026-08-25 01:43:55] 
[2026-08-25 01:43:55] ================================================================================
[2026-08-25 01:43:55] PROCESSING BTC-USD
[2026-08-25 01:43:55] ================================================================================
[2026-08-25 01:43:55] 
[2026-08-25 01:43:55] --- STAGE 1: DOWNLOADING DATA ---
[2026-08-25 01:43:55] Downloading data for BTC-USD (period=30d, interval=4h)...
[2026-08-25 01:43:56] Data downloaded successfully. Total rows: 175
[2026-08-25 01:43:56] 
[2026-08-25 01:43:56] --- STAGE 2: EVALUATING LATEST FORECAST ---
[2026-08-25 01:43:56] Latest forecast (row 37) is pending. Evaluating...
[2026-08-25 01:43:56]   ForecastTime:    2026-08-24 01:49:37
[2026-08-25 01:43:56]   Rounded to:      2026-08-24 00:00:00
[2026-08-25 01:43:56]   Target windows:  2026-08-24 04:00:00 to 2026-08-25 00:00:00
[2026-08-25 01:43:56]   Data range:      2026-07-27 00:00:00 to 2026-08-25 00:00:00
[2026-08-25 01:43:56]   -> Updated ForecastDetails row 37.
[2026-08-25 01:43:56]   -> Metrics: last_actual=79722.84, abs_error=2637.61, pct_error=3.31%, mape=1.95%
[2026-08-25 01:43:56] Pending forecast evaluated.
[2026-08-25 01:43:56] 
[2026-08-25 01:43:56] --- STAGE 3: GENERATING NEW FORECAST ---
[2026-08-25 01:43:56] Running future forecast for horizon=6...
[2026-08-25 01:43:56] Logged new future forecast ID 37 at row 38. Pending actuals.
[2026-08-25 01:43:56] BTC-USD completed. Forecast ID: 37
