[2026-07-27 03:51:44] 
[2026-07-27 03:51:44] ================================================================================
[2026-07-27 03:51:44] PROCESSING BTC-USD
[2026-07-27 03:51:44] ================================================================================
[2026-07-27 03:51:44] 
[2026-07-27 03:51:44] --- STAGE 1: DOWNLOADING DATA ---
[2026-07-27 03:51:44] Downloading data for BTC-USD (period=30d, interval=4h)...
[2026-07-27 03:51:44] Data downloaded successfully. Total rows: 175
[2026-07-27 03:51:44] 
[2026-07-27 03:51:44] --- STAGE 2: EVALUATING LATEST FORECAST ---
[2026-07-27 03:51:44] Latest forecast (row 8) is pending. Evaluating...
[2026-07-27 03:51:44]   ForecastTime:    2026-07-26 03:42:12
[2026-07-27 03:51:44]   Rounded to:      2026-07-26 00:00:00
[2026-07-27 03:51:44]   Target windows:  2026-07-26 04:00:00 to 2026-07-27 00:00:00
[2026-07-27 03:51:44]   Data range:      2026-06-28 00:00:00 to 2026-07-27 00:00:00
[2026-07-27 03:51:44]   -> Updated ForecastDetails row 8.
[2026-07-27 03:51:44]   -> Metrics: last_actual=65235.02, abs_error=591.54, pct_error=0.91%, mape=0.46%
[2026-07-27 03:51:44] Pending forecast evaluated.
[2026-07-27 03:51:44] 
[2026-07-27 03:51:44] --- STAGE 3: GENERATING NEW FORECAST ---
[2026-07-27 03:51:44] Running future forecast for horizon=6...
[2026-07-27 03:51:45] Logged new future forecast ID 8 at row 9. Pending actuals.
[2026-07-27 03:51:45] BTC-USD completed. Forecast ID: 8
