[2026-08-29 06:52:00] 
[2026-08-29 06:52:00] ================================================================================
[2026-08-29 06:52:00] PROCESSING BTC-USD
[2026-08-29 06:52:00] ================================================================================
[2026-08-29 06:52:00] 
[2026-08-29 06:52:00] --- STAGE 1: DOWNLOADING DATA ---
[2026-08-29 06:52:00] Downloading data for BTC-USD (period=30d, interval=4h)...
[2026-08-29 06:52:00] Data downloaded successfully. Total rows: 176
[2026-08-29 06:52:00] 
[2026-08-29 06:52:00] --- STAGE 2: EVALUATING LATEST FORECAST ---
[2026-08-29 06:52:00] Latest forecast (row 41) is pending. Evaluating...
[2026-08-29 06:52:00]   ForecastTime:    2026-08-28 11:07:26
[2026-08-29 06:52:00]   Rounded to:      2026-08-28 08:00:00
[2026-08-29 06:52:00]   Target windows:  2026-08-28 12:00:00 to 2026-08-29 08:00:00
[2026-08-29 06:52:00]   Data range:      2026-07-31 00:00:00 to 2026-08-29 04:00:00
[2026-08-29 06:52:00]   -> Updated ForecastDetails row 41.
[2026-08-29 06:52:00]   -> Metrics: last_actual=77469.20, abs_error=2063.59, pct_error=2.66%, mape=2.55%
[2026-08-29 06:52:00] Pending forecast evaluated.
[2026-08-29 06:52:00] 
[2026-08-29 06:52:00] --- STAGE 3: GENERATING NEW FORECAST ---
[2026-08-29 06:52:00] Running future forecast for horizon=6...
[2026-08-29 06:52:01] Logged new future forecast ID 41 at row 42. Pending actuals.
[2026-08-29 06:52:01] BTC-USD completed. Forecast ID: 41
