[2026-08-03 03:42:05] 
[2026-08-03 03:42:05] ================================================================================
[2026-08-03 03:42:05] PROCESSING BTC-USD
[2026-08-03 03:42:05] ================================================================================
[2026-08-03 03:42:05] 
[2026-08-03 03:42:05] --- STAGE 1: DOWNLOADING DATA ---
[2026-08-03 03:42:05] Downloading data for BTC-USD (period=30d, interval=4h)...
[2026-08-03 03:42:05] Data downloaded successfully. Total rows: 170
[2026-08-03 03:42:05] 
[2026-08-03 03:42:05] --- STAGE 2: EVALUATING LATEST FORECAST ---
[2026-08-03 03:42:05] Latest forecast (row 15) is pending. Evaluating...
[2026-08-03 03:42:05]   ForecastTime:    2026-08-02 03:39:55
[2026-08-03 03:42:05]   Rounded to:      2026-08-02 00:00:00
[2026-08-03 03:42:05]   Target windows:  2026-08-02 04:00:00 to 2026-08-03 00:00:00
[2026-08-03 03:42:05]   Data range:      2026-07-05 00:00:00 to 2026-08-03 00:00:00
[2026-08-03 03:42:05]   -> Updated ForecastDetails row 15.
[2026-08-03 03:42:06]   -> Metrics: last_actual=62962.53, abs_error=617.87, pct_error=0.98%, mape=0.44%
[2026-08-03 03:42:06] Pending forecast evaluated.
[2026-08-03 03:42:06] 
[2026-08-03 03:42:06] --- STAGE 3: GENERATING NEW FORECAST ---
[2026-08-03 03:42:06] Running future forecast for horizon=6...
[2026-08-03 03:42:06] Logged new future forecast ID 15 at row 16. Pending actuals.
[2026-08-03 03:42:06] BTC-USD completed. Forecast ID: 15
