[2026-08-22 01:42:04] 
[2026-08-22 01:42:04] ================================================================================
[2026-08-22 01:42:04] PROCESSING BTC-USD
[2026-08-22 01:42:04] ================================================================================
[2026-08-22 01:42:04] 
[2026-08-22 01:42:04] --- STAGE 1: DOWNLOADING DATA ---
[2026-08-22 01:42:04] Downloading data for BTC-USD (period=30d, interval=4h)...
[2026-08-22 01:42:04] Data downloaded successfully. Total rows: 175
[2026-08-22 01:42:04] 
[2026-08-22 01:42:04] --- STAGE 2: EVALUATING LATEST FORECAST ---
[2026-08-22 01:42:04] Latest forecast (row 34) is pending. Evaluating...
[2026-08-22 01:42:04]   ForecastTime:    2026-08-21 01:49:01
[2026-08-22 01:42:04]   Rounded to:      2026-08-21 00:00:00
[2026-08-22 01:42:04]   Target windows:  2026-08-21 04:00:00 to 2026-08-22 00:00:00
[2026-08-22 01:42:04]   Data range:      2026-07-24 00:00:00 to 2026-08-22 00:00:00
[2026-08-22 01:42:04]   -> Updated ForecastDetails row 34.
[2026-08-22 01:42:04]   -> Metrics: last_actual=77984.30, abs_error=3441.31, pct_error=4.41%, mape=3.15%
[2026-08-22 01:42:04] Pending forecast evaluated.
[2026-08-22 01:42:04] 
[2026-08-22 01:42:04] --- STAGE 3: GENERATING NEW FORECAST ---
[2026-08-22 01:42:04] Running future forecast for horizon=6...
[2026-08-22 01:42:05] Logged new future forecast ID 34 at row 35. Pending actuals.
[2026-08-22 01:42:05] BTC-USD completed. Forecast ID: 34
