[2026-08-21 01:49:00] 
[2026-08-21 01:49:00] ================================================================================
[2026-08-21 01:49:00] PROCESSING BTC-USD
[2026-08-21 01:49:00] ================================================================================
[2026-08-21 01:49:00] 
[2026-08-21 01:49:00] --- STAGE 1: DOWNLOADING DATA ---
[2026-08-21 01:49:00] Downloading data for BTC-USD (period=30d, interval=4h)...
[2026-08-21 01:49:00] Data downloaded successfully. Total rows: 175
[2026-08-21 01:49:00] 
[2026-08-21 01:49:00] --- STAGE 2: EVALUATING LATEST FORECAST ---
[2026-08-21 01:49:00] Latest forecast (row 33) is pending. Evaluating...
[2026-08-21 01:49:00]   ForecastTime:    2026-08-20 01:43:42
[2026-08-21 01:49:00]   Rounded to:      2026-08-20 00:00:00
[2026-08-21 01:49:00]   Target windows:  2026-08-20 04:00:00 to 2026-08-21 00:00:00
[2026-08-21 01:49:00]   Data range:      2026-07-23 00:00:00 to 2026-08-21 00:00:00
[2026-08-21 01:49:00]   -> Updated ForecastDetails row 33.
[2026-08-21 01:49:01]   -> Metrics: last_actual=75370.73, abs_error=6124.77, pct_error=8.13%, mape=4.28%
[2026-08-21 01:49:01] Pending forecast evaluated.
[2026-08-21 01:49:01] 
[2026-08-21 01:49:01] --- STAGE 3: GENERATING NEW FORECAST ---
[2026-08-21 01:49:01] Running future forecast for horizon=6...
[2026-08-21 01:49:01] Logged new future forecast ID 33 at row 34. Pending actuals.
[2026-08-21 01:49:01] BTC-USD completed. Forecast ID: 33
