[2026-10-02 05:19:22] 
[2026-10-02 05:19:22] ================================================================================
[2026-10-02 05:19:22] PROCESSING BTC-USD
[2026-10-02 05:19:22] ================================================================================
[2026-10-02 05:19:22] 
[2026-10-02 05:19:22] --- STAGE 1: DOWNLOADING DATA ---
[2026-10-02 05:19:22] Downloading data for BTC-USD (period=30d, interval=4h)...
[2026-10-02 05:19:22] Data downloaded successfully. Total rows: 176
[2026-10-02 05:19:22] 
[2026-10-02 05:19:22] --- STAGE 2: EVALUATING LATEST FORECAST ---
[2026-10-02 05:19:22] Latest forecast (row 75) is pending. Evaluating...
[2026-10-02 05:19:22]   ForecastTime:    2026-10-01 05:31:47
[2026-10-02 05:19:22]   Rounded to:      2026-10-01 04:00:00
[2026-10-02 05:19:22]   Target windows:  2026-10-01 08:00:00 to 2026-10-02 04:00:00
[2026-10-02 05:19:22]   Data range:      2026-09-03 00:00:00 to 2026-10-02 04:00:00
[2026-10-02 05:19:22]   -> Updated ForecastDetails row 75.
[2026-10-02 05:19:22]   -> Metrics: last_actual=86467.06, abs_error=2668.62, pct_error=3.09%, mape=1.20%
[2026-10-02 05:19:22] Pending forecast evaluated.
[2026-10-02 05:19:22] 
[2026-10-02 05:19:22] --- STAGE 3: GENERATING NEW FORECAST ---
[2026-10-02 05:19:22] Running future forecast for horizon=6...
[2026-10-02 05:19:23] Logged new future forecast ID 75 at row 76. Pending actuals.
[2026-10-02 05:19:23] BTC-USD completed. Forecast ID: 75
