[2026-08-13 02:34:16] 
[2026-08-13 02:34:16] ================================================================================
[2026-08-13 02:34:16] PROCESSING BTC-USD
[2026-08-13 02:34:16] ================================================================================
[2026-08-13 02:34:16] 
[2026-08-13 02:34:16] --- STAGE 1: DOWNLOADING DATA ---
[2026-08-13 02:34:16] Downloading data for BTC-USD (period=30d, interval=4h)...
[2026-08-13 02:34:17] Data downloaded successfully. Total rows: 175
[2026-08-13 02:34:17] 
[2026-08-13 02:34:17] --- STAGE 2: EVALUATING LATEST FORECAST ---
[2026-08-13 02:34:17] Latest forecast (row 25) is pending. Evaluating...
[2026-08-13 02:34:17]   ForecastTime:    2026-08-12 02:32:50
[2026-08-13 02:34:17]   Rounded to:      2026-08-12 00:00:00
[2026-08-13 02:34:17]   Target windows:  2026-08-12 04:00:00 to 2026-08-13 00:00:00
[2026-08-13 02:34:17]   Data range:      2026-07-15 00:00:00 to 2026-08-13 00:00:00
[2026-08-13 02:34:17]   -> Updated ForecastDetails row 25.
[2026-08-13 02:34:17]   -> Metrics: last_actual=63346.86, abs_error=626.53, pct_error=0.99%, mape=0.69%
[2026-08-13 02:34:17] Pending forecast evaluated.
[2026-08-13 02:34:17] 
[2026-08-13 02:34:17] --- STAGE 3: GENERATING NEW FORECAST ---
[2026-08-13 02:34:17] Running future forecast for horizon=6...
[2026-08-13 02:34:17] Logged new future forecast ID 25 at row 26. Pending actuals.
[2026-08-13 02:34:17] BTC-USD completed. Forecast ID: 25
