[2026-10-08 05:45:52] 
[2026-10-08 05:45:52] ================================================================================
[2026-10-08 05:45:52] PROCESSING BTC-USD
[2026-10-08 05:45:52] ================================================================================
[2026-10-08 05:45:52] 
[2026-10-08 05:45:52] --- STAGE 1: DOWNLOADING DATA ---
[2026-10-08 05:45:52] Downloading data for BTC-USD (period=30d, interval=4h)...
[2026-10-08 05:45:52] Data downloaded successfully. Total rows: 176
[2026-10-08 05:45:52] 
[2026-10-08 05:45:52] --- STAGE 2: EVALUATING LATEST FORECAST ---
[2026-10-08 05:45:52] Latest forecast (row 81) is pending. Evaluating...
[2026-10-08 05:45:52]   ForecastTime:    2026-10-07 05:37:39
[2026-10-08 05:45:52]   Rounded to:      2026-10-07 04:00:00
[2026-10-08 05:45:52]   Target windows:  2026-10-07 08:00:00 to 2026-10-08 04:00:00
[2026-10-08 05:45:52]   Data range:      2026-09-09 00:00:00 to 2026-10-08 04:00:00
[2026-10-08 05:45:52]   -> Updated ForecastDetails row 81.
[2026-10-08 05:45:53]   -> Metrics: last_actual=82844.32, abs_error=1616.43, pct_error=1.95%, mape=1.39%
[2026-10-08 05:45:53] Pending forecast evaluated.
[2026-10-08 05:45:53] 
[2026-10-08 05:45:53] --- STAGE 3: GENERATING NEW FORECAST ---
[2026-10-08 05:45:53] Running future forecast for horizon=6...
[2026-10-08 05:45:53] Logged new future forecast ID 81 at row 82. Pending actuals.
[2026-10-08 05:45:53] BTC-USD completed. Forecast ID: 81
