[2026-07-31 03:39:57] 
[2026-07-31 03:39:57] ================================================================================
[2026-07-31 03:39:57] PROCESSING BTC-USD
[2026-07-31 03:39:57] ================================================================================
[2026-07-31 03:39:57] 
[2026-07-31 03:39:57] --- STAGE 1: DOWNLOADING DATA ---
[2026-07-31 03:39:57] Downloading data for BTC-USD (period=30d, interval=4h)...
[2026-07-31 03:39:58] Data downloaded successfully. Total rows: 175
[2026-07-31 03:39:58] 
[2026-07-31 03:39:58] --- STAGE 2: EVALUATING LATEST FORECAST ---
[2026-07-31 03:39:58] Latest forecast (row 12) is pending. Evaluating...
[2026-07-31 03:39:58]   ForecastTime:    2026-07-30 02:58:06
[2026-07-31 03:39:58]   Rounded to:      2026-07-30 00:00:00
[2026-07-31 03:39:58]   Target windows:  2026-07-30 04:00:00 to 2026-07-31 00:00:00
[2026-07-31 03:39:58]   Data range:      2026-07-02 00:00:00 to 2026-07-31 00:00:00
[2026-07-31 03:39:58]   -> Updated ForecastDetails row 12.
[2026-07-31 03:39:58]   -> Metrics: last_actual=64251.05, abs_error=22.30, pct_error=0.03%, mape=0.59%
[2026-07-31 03:39:58] Pending forecast evaluated.
[2026-07-31 03:39:58] 
[2026-07-31 03:39:58] --- STAGE 3: GENERATING NEW FORECAST ---
[2026-07-31 03:39:58] Running future forecast for horizon=6...
[2026-07-31 03:39:58] Logged new future forecast ID 12 at row 13. Pending actuals.
[2026-07-31 03:39:58] BTC-USD completed. Forecast ID: 12
