[2026-08-01 03:40:05] 
[2026-08-01 03:40:05] ================================================================================
[2026-08-01 03:40:05] PROCESSING BTC-USD
[2026-08-01 03:40:05] ================================================================================
[2026-08-01 03:40:05] 
[2026-08-01 03:40:05] --- STAGE 1: DOWNLOADING DATA ---
[2026-08-01 03:40:05] Downloading data for BTC-USD (period=30d, interval=4h)...
[2026-08-01 03:40:06] Data downloaded successfully. Total rows: 170
[2026-08-01 03:40:06] 
[2026-08-01 03:40:06] --- STAGE 2: EVALUATING LATEST FORECAST ---
[2026-08-01 03:40:06] Latest forecast (row 13) is pending. Evaluating...
[2026-08-01 03:40:06]   ForecastTime:    2026-07-31 03:39:58
[2026-08-01 03:40:06]   Rounded to:      2026-07-31 00:00:00
[2026-08-01 03:40:06]   Target windows:  2026-07-31 04:00:00 to 2026-08-01 00:00:00
[2026-08-01 03:40:06]   Data range:      2026-07-03 00:00:00 to 2026-08-01 00:00:00
[2026-08-01 03:40:06]   -> Updated ForecastDetails row 13.
[2026-08-01 03:40:06]   -> Metrics: last_actual=62931.36, abs_error=1302.58, pct_error=2.07%, mape=1.78%
[2026-08-01 03:40:06] Pending forecast evaluated.
[2026-08-01 03:40:06] 
[2026-08-01 03:40:06] --- STAGE 3: GENERATING NEW FORECAST ---
[2026-08-01 03:40:06] Running future forecast for horizon=6...
[2026-08-01 03:40:06] Logged new future forecast ID 13 at row 14. Pending actuals.
[2026-08-01 03:40:06] BTC-USD completed. Forecast ID: 13
