[2026-09-21 04:37:49] 
[2026-09-21 04:37:49] ================================================================================
[2026-09-21 04:37:49] PROCESSING BTC-USD
[2026-09-21 04:37:49] ================================================================================
[2026-09-21 04:37:49] 
[2026-09-21 04:37:49] --- STAGE 1: DOWNLOADING DATA ---
[2026-09-21 04:37:49] Downloading data for BTC-USD (period=30d, interval=4h)...
[2026-09-21 04:37:50] Data downloaded successfully. Total rows: 176
[2026-09-21 04:37:50] 
[2026-09-21 04:37:50] --- STAGE 2: EVALUATING LATEST FORECAST ---
[2026-09-21 04:37:50] Latest forecast (row 64) is pending. Evaluating...
[2026-09-21 04:37:50]   ForecastTime:    2026-09-20 04:39:59
[2026-09-21 04:37:50]   Rounded to:      2026-09-20 04:00:00
[2026-09-21 04:37:50]   Target windows:  2026-09-20 08:00:00 to 2026-09-21 04:00:00
[2026-09-21 04:37:50]   Data range:      2026-08-23 00:00:00 to 2026-09-21 04:00:00
[2026-09-21 04:37:50]   -> Updated ForecastDetails row 64.
[2026-09-21 04:37:50]   -> Metrics: last_actual=81350.03, abs_error=1457.78, pct_error=1.79%, mape=1.17%
[2026-09-21 04:37:50] Pending forecast evaluated.
[2026-09-21 04:37:50] 
[2026-09-21 04:37:50] --- STAGE 3: GENERATING NEW FORECAST ---
[2026-09-21 04:37:50] Running future forecast for horizon=6...
[2026-09-21 04:37:50] Logged new future forecast ID 64 at row 65. Pending actuals.
[2026-09-21 04:37:50] BTC-USD completed. Forecast ID: 64
