[2026-09-22 04:33:49] 
[2026-09-22 04:33:49] ================================================================================
[2026-09-22 04:33:49] PROCESSING BTC-USD
[2026-09-22 04:33:49] ================================================================================
[2026-09-22 04:33:49] 
[2026-09-22 04:33:49] --- STAGE 1: DOWNLOADING DATA ---
[2026-09-22 04:33:49] Downloading data for BTC-USD (period=30d, interval=4h)...
[2026-09-22 04:33:49] Data downloaded successfully. Total rows: 176
[2026-09-22 04:33:49] 
[2026-09-22 04:33:49] --- STAGE 2: EVALUATING LATEST FORECAST ---
[2026-09-22 04:33:49] Latest forecast (row 65) is pending. Evaluating...
[2026-09-22 04:33:49]   ForecastTime:    2026-09-21 04:37:50
[2026-09-22 04:33:49]   Rounded to:      2026-09-21 04:00:00
[2026-09-22 04:33:49]   Target windows:  2026-09-21 08:00:00 to 2026-09-22 04:00:00
[2026-09-22 04:33:49]   Data range:      2026-08-24 00:00:00 to 2026-09-22 04:00:00
[2026-09-22 04:33:49]   -> Updated ForecastDetails row 65.
[2026-09-22 04:33:49]   -> Metrics: last_actual=85470.40, abs_error=4375.27, pct_error=5.12%, mape=5.40%
[2026-09-22 04:33:49] Pending forecast evaluated.
[2026-09-22 04:33:50] 
[2026-09-22 04:33:50] --- STAGE 3: GENERATING NEW FORECAST ---
[2026-09-22 04:33:50] Running future forecast for horizon=6...
[2026-09-22 04:33:51] Logged new future forecast ID 65 at row 66. Pending actuals.
[2026-09-22 04:33:51] BTC-USD completed. Forecast ID: 65
