[2026-09-27 05:02:18] 
[2026-09-27 05:02:18] ================================================================================
[2026-09-27 05:02:18] PROCESSING ETH-USD
[2026-09-27 05:02:18] ================================================================================
[2026-09-27 05:02:18] 
[2026-09-27 05:02:18] --- STAGE 1: DOWNLOADING DATA ---
[2026-09-27 05:02:18] Downloading data for ETH-USD (period=30d, interval=1h)...
[2026-09-27 05:02:18] Data downloaded successfully. Total rows: 702
[2026-09-27 05:02:18] 
[2026-09-27 05:02:18] --- STAGE 2: EVALUATING LATEST FORECAST ---
[2026-09-27 05:02:18] Latest forecast (row 70) is pending. Evaluating...
[2026-09-27 05:02:18]   ForecastTime:    2026-09-26 04:42:21
[2026-09-27 05:02:18]   Rounded to:      2026-09-26 04:00:00
[2026-09-27 05:02:18]   Target windows:  2026-09-26 05:00:00 to 2026-09-27 04:00:00
[2026-09-27 05:02:18]   Data range:      2026-08-29 00:00:00 to 2026-09-27 05:00:00
[2026-09-27 05:02:18]   -> Updated ForecastDetails row 70.
[2026-09-27 05:02:18]   -> Metrics: last_actual=2691.51, abs_error=6.36, pct_error=0.24%, mape=0.23%
[2026-09-27 05:02:18] Pending forecast evaluated.
[2026-09-27 05:02:18] 
[2026-09-27 05:02:18] --- STAGE 3: GENERATING NEW FORECAST ---
[2026-09-27 05:02:18] Running future forecast for horizon=24...
[2026-09-27 05:02:19] Logged new future forecast ID 70 at row 71. Pending actuals.
[2026-09-27 05:02:19] ETH-USD completed. Forecast ID: 70
