[2026-08-08 02:07:52] 
[2026-08-08 02:07:52] ================================================================================
[2026-08-08 02:07:52] PROCESSING ETH-USD
[2026-08-08 02:07:52] ================================================================================
[2026-08-08 02:07:52] 
[2026-08-08 02:07:52] --- STAGE 1: DOWNLOADING DATA ---
[2026-08-08 02:07:52] Downloading data for ETH-USD (period=30d, interval=1h)...
[2026-08-08 02:07:52] Data downloaded successfully. Total rows: 676
[2026-08-08 02:07:52] 
[2026-08-08 02:07:52] --- STAGE 2: EVALUATING LATEST FORECAST ---
[2026-08-08 02:07:52] Latest forecast (row 20) is pending. Evaluating...
[2026-08-08 02:07:52]   ForecastTime:    2026-08-07 03:10:53
[2026-08-08 02:07:52]   Rounded to:      2026-08-07 03:00:00
[2026-08-08 02:07:52]   Target windows:  2026-08-07 04:00:00 to 2026-08-08 03:00:00
[2026-08-08 02:07:52]   Data range:      2026-07-10 00:00:00 to 2026-08-08 02:00:00
[2026-08-08 02:07:52]   -> Updated ForecastDetails row 20.
[2026-08-08 02:07:52]   -> Metrics: last_actual=1913.46, abs_error=10.05, pct_error=0.53%, mape=0.52%
[2026-08-08 02:07:52] Pending forecast evaluated.
[2026-08-08 02:07:52] 
[2026-08-08 02:07:52] --- STAGE 3: GENERATING NEW FORECAST ---
[2026-08-08 02:07:52] Running future forecast for horizon=24...
[2026-08-08 02:07:53] Logged new future forecast ID 20 at row 21. Pending actuals.
[2026-08-08 02:07:53] ETH-USD completed. Forecast ID: 20
