[2026-09-30 05:16:26] 
[2026-09-30 05:16:26] ================================================================================
[2026-09-30 05:16:26] PROCESSING ETH-USD
[2026-09-30 05:16:26] ================================================================================
[2026-09-30 05:16:26] 
[2026-09-30 05:16:26] --- STAGE 1: DOWNLOADING DATA ---
[2026-09-30 05:16:26] Downloading data for ETH-USD (period=30d, interval=1h)...
[2026-09-30 05:16:26] Data downloaded successfully. Total rows: 702
[2026-09-30 05:16:26] 
[2026-09-30 05:16:26] --- STAGE 2: EVALUATING LATEST FORECAST ---
[2026-09-30 05:16:26] Latest forecast (row 73) is pending. Evaluating...
[2026-09-30 05:16:26]   ForecastTime:    2026-09-29 05:28:48
[2026-09-30 05:16:26]   Rounded to:      2026-09-29 05:00:00
[2026-09-30 05:16:26]   Target windows:  2026-09-29 06:00:00 to 2026-09-30 05:00:00
[2026-09-30 05:16:26]   Data range:      2026-09-01 00:00:00 to 2026-09-30 05:00:00
[2026-09-30 05:16:26]   -> Updated ForecastDetails row 73.
[2026-09-30 05:16:26]   -> Metrics: last_actual=2666.57, abs_error=20.18, pct_error=0.76%, mape=0.82%
[2026-09-30 05:16:26] Pending forecast evaluated.
[2026-09-30 05:16:26] 
[2026-09-30 05:16:26] --- STAGE 3: GENERATING NEW FORECAST ---
[2026-09-30 05:16:26] Running future forecast for horizon=24...
[2026-09-30 05:16:26] Logged new future forecast ID 73 at row 74. Pending actuals.
[2026-09-30 05:16:26] ETH-USD completed. Forecast ID: 73
