[2026-08-02 03:39:44] 
[2026-08-02 03:39:44] ================================================================================
[2026-08-02 03:39:44] PROCESSING ETH-USD
[2026-08-02 03:39:44] ================================================================================
[2026-08-02 03:39:44] 
[2026-08-02 03:39:44] --- STAGE 1: DOWNLOADING DATA ---
[2026-08-02 03:39:44] Downloading data for ETH-USD (period=30d, interval=1h)...
[2026-08-02 03:39:44] Data downloaded successfully. Total rows: 700
[2026-08-02 03:39:44] 
[2026-08-02 03:39:44] --- STAGE 2: EVALUATING LATEST FORECAST ---
[2026-08-02 03:39:44] Latest forecast (row 14) is pending. Evaluating...
[2026-08-02 03:39:44]   ForecastTime:    2026-08-01 03:39:54
[2026-08-02 03:39:44]   Rounded to:      2026-08-01 03:00:00
[2026-08-02 03:39:44]   Target windows:  2026-08-01 04:00:00 to 2026-08-02 03:00:00
[2026-08-02 03:39:44]   Data range:      2026-07-04 00:00:00 to 2026-08-02 03:00:00
[2026-08-02 03:39:44]   -> Updated ForecastDetails row 14.
[2026-08-02 03:39:44]   -> Metrics: last_actual=1876.50, abs_error=14.86, pct_error=0.79%, mape=0.51%
[2026-08-02 03:39:44] Pending forecast evaluated.
[2026-08-02 03:39:44] 
[2026-08-02 03:39:44] --- STAGE 3: GENERATING NEW FORECAST ---
[2026-08-02 03:39:44] Running future forecast for horizon=24...
[2026-08-02 03:39:45] Logged new future forecast ID 14 at row 15. Pending actuals.
[2026-08-02 03:39:45] ETH-USD completed. Forecast ID: 14
