[2026-08-23 01:51:42] 
[2026-08-23 01:51:42] ================================================================================
[2026-08-23 01:51:42] PROCESSING ETH-USD
[2026-08-23 01:51:42] ================================================================================
[2026-08-23 01:51:42] 
[2026-08-23 01:51:42] --- STAGE 1: DOWNLOADING DATA ---
[2026-08-23 01:51:42] Downloading data for ETH-USD (period=30d, interval=1h)...
[2026-08-23 01:51:42] Data downloaded successfully. Total rows: 697
[2026-08-23 01:51:42] 
[2026-08-23 01:51:42] --- STAGE 2: EVALUATING LATEST FORECAST ---
[2026-08-23 01:51:42] Latest forecast (row 35) is pending. Evaluating...
[2026-08-23 01:51:42]   ForecastTime:    2026-08-22 01:41:49
[2026-08-23 01:51:42]   Rounded to:      2026-08-22 01:00:00
[2026-08-23 01:51:42]   Target windows:  2026-08-22 02:00:00 to 2026-08-23 01:00:00
[2026-08-23 01:51:42]   Data range:      2026-07-25 00:00:00 to 2026-08-23 01:00:00
[2026-08-23 01:51:42]   -> Updated ForecastDetails row 35.
[2026-08-23 01:51:42]   -> Metrics: last_actual=2427.96, abs_error=8.84, pct_error=0.36%, mape=1.46%
[2026-08-23 01:51:42] Pending forecast evaluated.
[2026-08-23 01:51:42] 
[2026-08-23 01:51:42] --- STAGE 3: GENERATING NEW FORECAST ---
[2026-08-23 01:51:42] Running future forecast for horizon=24...
[2026-08-23 01:51:43] Logged new future forecast ID 35 at row 36. Pending actuals.
[2026-08-23 01:51:43] ETH-USD completed. Forecast ID: 35
