[2026-09-02 04:09:59] 
[2026-09-02 04:09:59] ================================================================================
[2026-09-02 04:09:59] PROCESSING ETH-USD
[2026-09-02 04:09:59] ================================================================================
[2026-09-02 04:09:59] 
[2026-09-02 04:09:59] --- STAGE 1: DOWNLOADING DATA ---
[2026-09-02 04:09:59] Downloading data for ETH-USD (period=30d, interval=1h)...
[2026-09-02 04:09:59] Data downloaded successfully. Total rows: 701
[2026-09-02 04:09:59] 
[2026-09-02 04:09:59] --- STAGE 2: EVALUATING LATEST FORECAST ---
[2026-09-02 04:09:59] Latest forecast (row 45) is pending. Evaluating...
[2026-09-02 04:09:59]   ForecastTime:    2026-09-01 04:48:49
[2026-09-02 04:09:59]   Rounded to:      2026-09-01 04:00:00
[2026-09-02 04:09:59]   Target windows:  2026-09-01 05:00:00 to 2026-09-02 04:00:00
[2026-09-02 04:09:59]   Data range:      2026-08-04 00:00:00 to 2026-09-02 04:00:00
[2026-09-02 04:09:59]   -> Updated ForecastDetails row 45.
[2026-09-02 04:09:59]   -> Metrics: last_actual=2407.31, abs_error=62.86, pct_error=2.61%, mape=1.71%
[2026-09-02 04:09:59] Pending forecast evaluated.
[2026-09-02 04:09:59] 
[2026-09-02 04:09:59] --- STAGE 3: GENERATING NEW FORECAST ---
[2026-09-02 04:09:59] Running future forecast for horizon=24...
[2026-09-02 04:10:00] Logged new future forecast ID 45 at row 46. Pending actuals.
[2026-09-02 04:10:00] ETH-USD completed. Forecast ID: 45
