[2026-10-10 05:33:03] 
[2026-10-10 05:33:03] ================================================================================
[2026-10-10 05:33:03] PROCESSING ETH-USD
[2026-10-10 05:33:03] ================================================================================
[2026-10-10 05:33:03] 
[2026-10-10 05:33:03] --- STAGE 1: DOWNLOADING DATA ---
[2026-10-10 05:33:03] Downloading data for ETH-USD (period=30d, interval=1h)...
[2026-10-10 05:33:04] Data downloaded successfully. Total rows: 702
[2026-10-10 05:33:04] 
[2026-10-10 05:33:04] --- STAGE 2: EVALUATING LATEST FORECAST ---
[2026-10-10 05:33:04] Latest forecast (row 83) is pending. Evaluating...
[2026-10-10 05:33:04]   ForecastTime:    2026-10-09 05:49:43
[2026-10-10 05:33:04]   Rounded to:      2026-10-09 05:00:00
[2026-10-10 05:33:04]   Target windows:  2026-10-09 06:00:00 to 2026-10-10 05:00:00
[2026-10-10 05:33:04]   Data range:      2026-09-11 00:00:00 to 2026-10-10 05:00:00
[2026-10-10 05:33:04]   -> Updated ForecastDetails row 83.
[2026-10-10 05:33:04]   -> Metrics: last_actual=2495.00, abs_error=1.13, pct_error=0.05%, mape=0.25%
[2026-10-10 05:33:04] Pending forecast evaluated.
[2026-10-10 05:33:04] 
[2026-10-10 05:33:04] --- STAGE 3: GENERATING NEW FORECAST ---
[2026-10-10 05:33:04] Running future forecast for horizon=24...
[2026-10-10 05:33:05] Logged new future forecast ID 83 at row 84. Pending actuals.
[2026-10-10 05:33:05] ETH-USD completed. Forecast ID: 83
