[2026-09-18 04:23:45] 
[2026-09-18 04:23:45] ================================================================================
[2026-09-18 04:23:45] PROCESSING ETH-USD
[2026-09-18 04:23:45] ================================================================================
[2026-09-18 04:23:45] 
[2026-09-18 04:23:45] --- STAGE 1: DOWNLOADING DATA ---
[2026-09-18 04:23:45] Downloading data for ETH-USD (period=30d, interval=1h)...
[2026-09-18 04:23:45] Data downloaded successfully. Total rows: 701
[2026-09-18 04:23:45] 
[2026-09-18 04:23:45] --- STAGE 2: EVALUATING LATEST FORECAST ---
[2026-09-18 04:23:45] Latest forecast (row 61) is pending. Evaluating...
[2026-09-18 04:23:45]   ForecastTime:    2026-09-17 04:38:30
[2026-09-18 04:23:45]   Rounded to:      2026-09-17 04:00:00
[2026-09-18 04:23:45]   Target windows:  2026-09-17 05:00:00 to 2026-09-18 04:00:00
[2026-09-18 04:23:45]   Data range:      2026-08-20 00:00:00 to 2026-09-18 04:00:00
[2026-09-18 04:23:45]   -> Updated ForecastDetails row 61.
[2026-09-18 04:23:46]   -> Metrics: last_actual=2471.52, abs_error=36.36, pct_error=1.47%, mape=0.74%
[2026-09-18 04:23:46] Pending forecast evaluated.
[2026-09-18 04:23:46] 
[2026-09-18 04:23:46] --- STAGE 3: GENERATING NEW FORECAST ---
[2026-09-18 04:23:46] Running future forecast for horizon=24...
[2026-09-18 04:23:46] Logged new future forecast ID 61 at row 62. Pending actuals.
[2026-09-18 04:23:46] ETH-USD completed. Forecast ID: 61
