[2026-09-19 04:20:40] 
[2026-09-19 04:20:40] ================================================================================
[2026-09-19 04:20:40] PROCESSING ETH-USD
[2026-09-19 04:20:40] ================================================================================
[2026-09-19 04:20:40] 
[2026-09-19 04:20:40] --- STAGE 1: DOWNLOADING DATA ---
[2026-09-19 04:20:40] Downloading data for ETH-USD (period=30d, interval=1h)...
[2026-09-19 04:20:40] Data downloaded successfully. Total rows: 701
[2026-09-19 04:20:40] 
[2026-09-19 04:20:40] --- STAGE 2: EVALUATING LATEST FORECAST ---
[2026-09-19 04:20:40] Latest forecast (row 62) is pending. Evaluating...
[2026-09-19 04:20:40]   ForecastTime:    2026-09-18 04:23:46
[2026-09-19 04:20:40]   Rounded to:      2026-09-18 04:00:00
[2026-09-19 04:20:40]   Target windows:  2026-09-18 05:00:00 to 2026-09-19 04:00:00
[2026-09-19 04:20:40]   Data range:      2026-08-21 00:00:00 to 2026-09-19 04:00:00
[2026-09-19 04:20:40]   -> Updated ForecastDetails row 62.
[2026-09-19 04:20:40]   -> Metrics: last_actual=2621.66, abs_error=147.68, pct_error=5.63%, mape=3.93%
[2026-09-19 04:20:40] Pending forecast evaluated.
[2026-09-19 04:20:40] 
[2026-09-19 04:20:40] --- STAGE 3: GENERATING NEW FORECAST ---
[2026-09-19 04:20:40] Running future forecast for horizon=24...
[2026-09-19 04:20:41] Logged new future forecast ID 62 at row 63. Pending actuals.
[2026-09-19 04:20:41] ETH-USD completed. Forecast ID: 62
