[2026-09-03 04:06:57] 
[2026-09-03 04:06:57] ================================================================================
[2026-09-03 04:06:57] PROCESSING ETH-USD
[2026-09-03 04:06:57] ================================================================================
[2026-09-03 04:06:57] 
[2026-09-03 04:06:57] --- STAGE 1: DOWNLOADING DATA ---
[2026-09-03 04:06:57] Downloading data for ETH-USD (period=30d, interval=1h)...
[2026-09-03 04:06:57] Data downloaded successfully. Total rows: 701
[2026-09-03 04:06:57] 
[2026-09-03 04:06:57] --- STAGE 2: EVALUATING LATEST FORECAST ---
[2026-09-03 04:06:57] Latest forecast (row 46) is pending. Evaluating...
[2026-09-03 04:06:57]   ForecastTime:    2026-09-02 04:10:00
[2026-09-03 04:06:57]   Rounded to:      2026-09-02 04:00:00
[2026-09-03 04:06:57]   Target windows:  2026-09-02 05:00:00 to 2026-09-03 04:00:00
[2026-09-03 04:06:57]   Data range:      2026-08-05 00:00:00 to 2026-09-03 04:00:00
[2026-09-03 04:06:57]   -> Updated ForecastDetails row 46.
[2026-09-03 04:06:57]   -> Metrics: last_actual=2404.51, abs_error=17.89, pct_error=0.74%, mape=1.08%
[2026-09-03 04:06:57] Pending forecast evaluated.
[2026-09-03 04:06:57] 
[2026-09-03 04:06:57] --- STAGE 3: GENERATING NEW FORECAST ---
[2026-09-03 04:06:57] Running future forecast for horizon=24...
[2026-09-03 04:06:58] Logged new future forecast ID 46 at row 47. Pending actuals.
[2026-09-03 04:06:58] ETH-USD completed. Forecast ID: 46
