[2026-08-27 08:54:14] 
[2026-08-27 08:54:14] ================================================================================
[2026-08-27 08:54:14] PROCESSING ETH-USD
[2026-08-27 08:54:14] ================================================================================
[2026-08-27 08:54:14] 
[2026-08-27 08:54:14] --- STAGE 1: DOWNLOADING DATA ---
[2026-08-27 08:54:14] Downloading data for ETH-USD (period=30d, interval=1h)...
[2026-08-27 08:54:14] Data downloaded successfully. Total rows: 705
[2026-08-27 08:54:14] 
[2026-08-27 08:54:14] --- STAGE 2: EVALUATING LATEST FORECAST ---
[2026-08-27 08:54:14] Latest forecast (row 39) is pending. Evaluating...
[2026-08-27 08:54:14]   ForecastTime:    2026-08-26 01:49:10
[2026-08-27 08:54:14]   Rounded to:      2026-08-26 01:00:00
[2026-08-27 08:54:14]   Target windows:  2026-08-26 02:00:00 to 2026-08-27 01:00:00
[2026-08-27 08:54:14]   Data range:      2026-07-29 00:00:00 to 2026-08-27 08:00:00
[2026-08-27 08:54:14]   -> Updated ForecastDetails row 39.
[2026-08-27 08:54:14]   -> Metrics: last_actual=2497.78, abs_error=49.18, pct_error=1.97%, mape=0.71%
[2026-08-27 08:54:14] Pending forecast evaluated.
[2026-08-27 08:54:14] 
[2026-08-27 08:54:14] --- STAGE 3: GENERATING NEW FORECAST ---
[2026-08-27 08:54:14] Running future forecast for horizon=24...
[2026-08-27 08:54:15] Logged new future forecast ID 39 at row 40. Pending actuals.
[2026-08-27 08:54:15] ETH-USD completed. Forecast ID: 39
