[2026-09-06 04:16:24] 
[2026-09-06 04:16:24] ================================================================================
[2026-09-06 04:16:24] PROCESSING ETH-USD
[2026-09-06 04:16:24] ================================================================================
[2026-09-06 04:16:24] 
[2026-09-06 04:16:24] --- STAGE 1: DOWNLOADING DATA ---
[2026-09-06 04:16:24] Downloading data for ETH-USD (period=30d, interval=1h)...
[2026-09-06 04:16:24] Data downloaded successfully. Total rows: 701
[2026-09-06 04:16:24] 
[2026-09-06 04:16:24] --- STAGE 2: EVALUATING LATEST FORECAST ---
[2026-09-06 04:16:24] Latest forecast (row 49) is pending. Evaluating...
[2026-09-06 04:16:24]   ForecastTime:    2026-09-05 04:08:34
[2026-09-06 04:16:24]   Rounded to:      2026-09-05 04:00:00
[2026-09-06 04:16:24]   Target windows:  2026-09-05 05:00:00 to 2026-09-06 04:00:00
[2026-09-06 04:16:24]   Data range:      2026-08-08 00:00:00 to 2026-09-06 04:00:00
[2026-09-06 04:16:24]   -> Updated ForecastDetails row 49.
[2026-09-06 04:16:24]   -> Metrics: last_actual=2507.04, abs_error=54.83, pct_error=2.19%, mape=0.80%
[2026-09-06 04:16:24] Pending forecast evaluated.
[2026-09-06 04:16:24] 
[2026-09-06 04:16:24] --- STAGE 3: GENERATING NEW FORECAST ---
[2026-09-06 04:16:24] Running future forecast for horizon=24...
[2026-09-06 04:16:25] Logged new future forecast ID 49 at row 50. Pending actuals.
[2026-09-06 04:16:25] ETH-USD completed. Forecast ID: 49
