[2026-08-30 05:05:28] 
[2026-08-30 05:05:28] ================================================================================
[2026-08-30 05:05:28] PROCESSING ETH-USD
[2026-08-30 05:05:28] ================================================================================
[2026-08-30 05:05:28] 
[2026-08-30 05:05:28] --- STAGE 1: DOWNLOADING DATA ---
[2026-08-30 05:05:28] Downloading data for ETH-USD (period=30d, interval=1h)...
[2026-08-30 05:05:28] Data downloaded successfully. Total rows: 702
[2026-08-30 05:05:28] 
[2026-08-30 05:05:28] --- STAGE 2: EVALUATING LATEST FORECAST ---
[2026-08-30 05:05:28] Latest forecast (row 42) is pending. Evaluating...
[2026-08-30 05:05:28]   ForecastTime:    2026-08-29 06:51:46
[2026-08-30 05:05:28]   Rounded to:      2026-08-29 06:00:00
[2026-08-30 05:05:28]   Target windows:  2026-08-29 07:00:00 to 2026-08-30 06:00:00
[2026-08-30 05:05:28]   Data range:      2026-08-01 00:00:00 to 2026-08-30 05:00:00
[2026-08-30 05:05:28]   -> Updated ForecastDetails row 42.
[2026-08-30 05:05:28]   -> Metrics: last_actual=2458.24, abs_error=18.09, pct_error=0.74%, mape=0.45%
[2026-08-30 05:05:28] Pending forecast evaluated.
[2026-08-30 05:05:28] 
[2026-08-30 05:05:28] --- STAGE 3: GENERATING NEW FORECAST ---
[2026-08-30 05:05:28] Running future forecast for horizon=24...
[2026-08-30 05:05:29] Logged new future forecast ID 42 at row 43. Pending actuals.
[2026-08-30 05:05:29] ETH-USD completed. Forecast ID: 42
