[2026-07-25 03:29:03] 
[2026-07-25 03:29:03] ================================================================================
[2026-07-25 03:29:03] PROCESSING ETH-USD
[2026-07-25 03:29:03] ================================================================================
[2026-07-25 03:29:03] 
[2026-07-25 03:29:03] --- STAGE 1: DOWNLOADING DATA ---
[2026-07-25 03:29:03] Downloading data for ETH-USD (period=30d, interval=1h)...
[2026-07-25 03:29:03] Data downloaded successfully. Total rows: 679
[2026-07-25 03:29:03] 
[2026-07-25 03:29:03] --- STAGE 2: EVALUATING LATEST FORECAST ---
[2026-07-25 03:29:03] Latest forecast (row 6) is pending. Evaluating...
[2026-07-25 03:29:03]   ForecastTime:    2026-07-24 03:31:08
[2026-07-25 03:29:03]   Rounded to:      2026-07-24 03:00:00
[2026-07-25 03:29:03]   Target windows:  2026-07-24 04:00:00 to 2026-07-25 03:00:00
[2026-07-25 03:29:03]   Data range:      2026-06-26 00:00:00 to 2026-07-25 03:00:00
[2026-07-25 03:29:03]   -> Updated ForecastDetails row 6.
[2026-07-25 03:29:03]   -> Metrics: last_actual=1857.83, abs_error=14.41, pct_error=0.78%, mape=0.65%
[2026-07-25 03:29:03] Pending forecast evaluated.
[2026-07-25 03:29:03] 
[2026-07-25 03:29:03] --- STAGE 3: GENERATING NEW FORECAST ---
[2026-07-25 03:29:03] Running future forecast for horizon=24...
[2026-07-25 03:29:04] Logged new future forecast ID 6 at row 7. Pending actuals.
[2026-07-25 03:29:04] ETH-USD completed. Forecast ID: 6
