[2026-08-20 01:43:26] 
[2026-08-20 01:43:26] ================================================================================
[2026-08-20 01:43:26] PROCESSING ETH-USD
[2026-08-20 01:43:26] ================================================================================
[2026-08-20 01:43:26] 
[2026-08-20 01:43:26] --- STAGE 1: DOWNLOADING DATA ---
[2026-08-20 01:43:26] Downloading data for ETH-USD (period=30d, interval=1h)...
[2026-08-20 01:43:26] Data downloaded successfully. Total rows: 697
[2026-08-20 01:43:26] 
[2026-08-20 01:43:26] --- STAGE 2: EVALUATING LATEST FORECAST ---
[2026-08-20 01:43:26] Latest forecast (row 32) is pending. Evaluating...
[2026-08-20 01:43:26]   ForecastTime:    2026-08-19 01:44:27
[2026-08-20 01:43:26]   Rounded to:      2026-08-19 01:00:00
[2026-08-20 01:43:26]   Target windows:  2026-08-19 02:00:00 to 2026-08-20 01:00:00
[2026-08-20 01:43:26]   Data range:      2026-07-22 00:00:00 to 2026-08-20 01:00:00
[2026-08-20 01:43:26]   -> Updated ForecastDetails row 32.
[2026-08-20 01:43:26]   -> Metrics: last_actual=2263.97, abs_error=352.33, pct_error=15.56%, mape=5.91%
[2026-08-20 01:43:26] Pending forecast evaluated.
[2026-08-20 01:43:27] 
[2026-08-20 01:43:27] --- STAGE 3: GENERATING NEW FORECAST ---
[2026-08-20 01:43:27] Running future forecast for horizon=24...
[2026-08-20 01:43:27] Logged new future forecast ID 32 at row 33. Pending actuals.
[2026-08-20 01:43:27] ETH-USD completed. Forecast ID: 32
