[2026-10-09 05:49:41] 
[2026-10-09 05:49:41] ================================================================================
[2026-10-09 05:49:41] PROCESSING ETH-USD
[2026-10-09 05:49:41] ================================================================================
[2026-10-09 05:49:41] 
[2026-10-09 05:49:41] --- STAGE 1: DOWNLOADING DATA ---
[2026-10-09 05:49:41] Downloading data for ETH-USD (period=30d, interval=1h)...
[2026-10-09 05:49:42] Data downloaded successfully. Total rows: 702
[2026-10-09 05:49:42] 
[2026-10-09 05:49:42] --- STAGE 2: EVALUATING LATEST FORECAST ---
[2026-10-09 05:49:42] Latest forecast (row 82) is pending. Evaluating...
[2026-10-09 05:49:42]   ForecastTime:    2026-10-08 05:45:41
[2026-10-09 05:49:42]   Rounded to:      2026-10-08 05:00:00
[2026-10-09 05:49:42]   Target windows:  2026-10-08 06:00:00 to 2026-10-09 05:00:00
[2026-10-09 05:49:42]   Data range:      2026-09-10 00:00:00 to 2026-10-09 05:00:00
[2026-10-09 05:49:42]   -> Updated ForecastDetails row 82.
[2026-10-09 05:49:42]   -> Metrics: last_actual=2488.42, abs_error=80.14, pct_error=3.22%, mape=2.95%
[2026-10-09 05:49:42] Pending forecast evaluated.
[2026-10-09 05:49:42] 
[2026-10-09 05:49:42] --- STAGE 3: GENERATING NEW FORECAST ---
[2026-10-09 05:49:42] Running future forecast for horizon=24...
[2026-10-09 05:49:43] Logged new future forecast ID 82 at row 83. Pending actuals.
[2026-10-09 05:49:43] ETH-USD completed. Forecast ID: 82
