[2026-08-13 02:34:03] 
[2026-08-13 02:34:03] ================================================================================
[2026-08-13 02:34:03] PROCESSING ETH-USD
[2026-08-13 02:34:03] ================================================================================
[2026-08-13 02:34:03] 
[2026-08-13 02:34:03] --- STAGE 1: DOWNLOADING DATA ---
[2026-08-13 02:34:03] Downloading data for ETH-USD (period=30d, interval=1h)...
[2026-08-13 02:34:03] Data downloaded successfully. Total rows: 697
[2026-08-13 02:34:03] 
[2026-08-13 02:34:03] --- STAGE 2: EVALUATING LATEST FORECAST ---
[2026-08-13 02:34:03] Latest forecast (row 25) is pending. Evaluating...
[2026-08-13 02:34:03]   ForecastTime:    2026-08-12 02:32:36
[2026-08-13 02:34:03]   Rounded to:      2026-08-12 02:00:00
[2026-08-13 02:34:03]   Target windows:  2026-08-12 03:00:00 to 2026-08-13 02:00:00
[2026-08-13 02:34:03]   Data range:      2026-07-15 00:00:00 to 2026-08-13 02:00:00
[2026-08-13 02:34:03]   -> Updated ForecastDetails row 25.
[2026-08-13 02:34:03]   -> Metrics: last_actual=1872.45, abs_error=14.26, pct_error=0.76%, mape=0.43%
[2026-08-13 02:34:03] Pending forecast evaluated.
[2026-08-13 02:34:03] 
[2026-08-13 02:34:03] --- STAGE 3: GENERATING NEW FORECAST ---
[2026-08-13 02:34:03] Running future forecast for horizon=24...
[2026-08-13 02:34:04] Logged new future forecast ID 25 at row 26. Pending actuals.
[2026-08-13 02:34:04] ETH-USD completed. Forecast ID: 25
