[2026-08-05 03:20:54] 
[2026-08-05 03:20:54] ================================================================================
[2026-08-05 03:20:54] PROCESSING ETH-USD
[2026-08-05 03:20:54] ================================================================================
[2026-08-05 03:20:54] 
[2026-08-05 03:20:54] --- STAGE 1: DOWNLOADING DATA ---
[2026-08-05 03:20:54] Downloading data for ETH-USD (period=30d, interval=1h)...
[2026-08-05 03:20:54] Data downloaded successfully. Total rows: 678
[2026-08-05 03:20:54] 
[2026-08-05 03:20:54] --- STAGE 2: EVALUATING LATEST FORECAST ---
[2026-08-05 03:20:54] Latest forecast (row 17) is pending. Evaluating...
[2026-08-05 03:20:54]   ForecastTime:    2026-08-04 03:26:01
[2026-08-05 03:20:54]   Rounded to:      2026-08-04 03:00:00
[2026-08-05 03:20:54]   Target windows:  2026-08-04 04:00:00 to 2026-08-05 03:00:00
[2026-08-05 03:20:54]   Data range:      2026-07-07 00:00:00 to 2026-08-05 03:00:00
[2026-08-05 03:20:54]   -> Updated ForecastDetails row 17.
[2026-08-05 03:20:55]   -> Metrics: last_actual=1864.91, abs_error=3.79, pct_error=0.20%, mape=0.28%
[2026-08-05 03:20:55] Pending forecast evaluated.
[2026-08-05 03:20:55] 
[2026-08-05 03:20:55] --- STAGE 3: GENERATING NEW FORECAST ---
[2026-08-05 03:20:55] Running future forecast for horizon=24...
[2026-08-05 03:20:55] Logged new future forecast ID 17 at row 18. Pending actuals.
[2026-08-05 03:20:55] ETH-USD completed. Forecast ID: 17
