[2026-09-26 04:42:20] 
[2026-09-26 04:42:20] ================================================================================
[2026-09-26 04:42:20] PROCESSING ETH-USD
[2026-09-26 04:42:20] ================================================================================
[2026-09-26 04:42:20] 
[2026-09-26 04:42:20] --- STAGE 1: DOWNLOADING DATA ---
[2026-09-26 04:42:20] Downloading data for ETH-USD (period=30d, interval=1h)...
[2026-09-26 04:42:20] Data downloaded successfully. Total rows: 701
[2026-09-26 04:42:20] 
[2026-09-26 04:42:20] --- STAGE 2: EVALUATING LATEST FORECAST ---
[2026-09-26 04:42:20] Latest forecast (row 69) is pending. Evaluating...
[2026-09-26 04:42:20]   ForecastTime:    2026-09-25 04:38:29
[2026-09-26 04:42:20]   Rounded to:      2026-09-25 04:00:00
[2026-09-26 04:42:20]   Target windows:  2026-09-25 05:00:00 to 2026-09-26 04:00:00
[2026-09-26 04:42:20]   Data range:      2026-08-28 00:00:00 to 2026-09-26 04:00:00
[2026-09-26 04:42:20]   -> Updated ForecastDetails row 69.
[2026-09-26 04:42:20]   -> Metrics: last_actual=2687.74, abs_error=3.55, pct_error=0.13%, mape=0.38%
[2026-09-26 04:42:20] Pending forecast evaluated.
[2026-09-26 04:42:20] 
[2026-09-26 04:42:20] --- STAGE 3: GENERATING NEW FORECAST ---
[2026-09-26 04:42:20] Running future forecast for horizon=24...
[2026-09-26 04:42:21] Logged new future forecast ID 69 at row 70. Pending actuals.
[2026-09-26 04:42:21] ETH-USD completed. Forecast ID: 69
