[2026-08-29 06:51:44] 
[2026-08-29 06:51:44] ================================================================================
[2026-08-29 06:51:44] PROCESSING ETH-USD
[2026-08-29 06:51:44] ================================================================================
[2026-08-29 06:51:44] 
[2026-08-29 06:51:44] --- STAGE 1: DOWNLOADING DATA ---
[2026-08-29 06:51:44] Downloading data for ETH-USD (period=30d, interval=1h)...
[2026-08-29 06:51:45] Data downloaded successfully. Total rows: 703
[2026-08-29 06:51:45] 
[2026-08-29 06:51:45] --- STAGE 2: EVALUATING LATEST FORECAST ---
[2026-08-29 06:51:45] Latest forecast (row 41) is pending. Evaluating...
[2026-08-29 06:51:45]   ForecastTime:    2026-08-28 11:07:11
[2026-08-29 06:51:45]   Rounded to:      2026-08-28 11:00:00
[2026-08-29 06:51:45]   Target windows:  2026-08-28 12:00:00 to 2026-08-29 11:00:00
[2026-08-29 06:51:45]   Data range:      2026-07-31 00:00:00 to 2026-08-29 06:00:00
[2026-08-29 06:51:45]   -> Updated ForecastDetails row 41.
[2026-08-29 06:51:45]   -> Metrics: last_actual=2435.51, abs_error=66.90, pct_error=2.75%, mape=2.35%
[2026-08-29 06:51:45] Pending forecast evaluated.
[2026-08-29 06:51:45] 
[2026-08-29 06:51:45] --- STAGE 3: GENERATING NEW FORECAST ---
[2026-08-29 06:51:45] Running future forecast for horizon=24...
[2026-08-29 06:51:46] Logged new future forecast ID 41 at row 42. Pending actuals.
[2026-08-29 06:51:46] ETH-USD completed. Forecast ID: 41
