[2026-08-21 01:48:47] 
[2026-08-21 01:48:47] ================================================================================
[2026-08-21 01:48:47] PROCESSING ETH-USD
[2026-08-21 01:48:47] ================================================================================
[2026-08-21 01:48:47] 
[2026-08-21 01:48:47] --- STAGE 1: DOWNLOADING DATA ---
[2026-08-21 01:48:47] Downloading data for ETH-USD (period=30d, interval=1h)...
[2026-08-21 01:48:47] Data downloaded successfully. Total rows: 698
[2026-08-21 01:48:47] 
[2026-08-21 01:48:47] --- STAGE 2: EVALUATING LATEST FORECAST ---
[2026-08-21 01:48:47] Latest forecast (row 33) is pending. Evaluating...
[2026-08-21 01:48:47]   ForecastTime:    2026-08-20 01:43:27
[2026-08-21 01:48:47]   Rounded to:      2026-08-20 01:00:00
[2026-08-21 01:48:47]   Target windows:  2026-08-20 02:00:00 to 2026-08-21 01:00:00
[2026-08-21 01:48:47]   Data range:      2026-07-23 00:00:00 to 2026-08-21 01:00:00
[2026-08-21 01:48:47]   -> Updated ForecastDetails row 33.
[2026-08-21 01:48:47]   -> Metrics: last_actual=2374.52, abs_error=395.59, pct_error=16.66%, mape=8.51%
[2026-08-21 01:48:47] Pending forecast evaluated.
[2026-08-21 01:48:48] 
[2026-08-21 01:48:48] --- STAGE 3: GENERATING NEW FORECAST ---
[2026-08-21 01:48:48] Running future forecast for horizon=24...
[2026-08-21 01:48:49] Logged new future forecast ID 33 at row 34. Pending actuals.
[2026-08-21 01:48:49] ETH-USD completed. Forecast ID: 33
