[2026-07-27 03:51:28] 
[2026-07-27 03:51:28] ================================================================================
[2026-07-27 03:51:28] PROCESSING ETH-USD
[2026-07-27 03:51:28] ================================================================================
[2026-07-27 03:51:28] 
[2026-07-27 03:51:28] --- STAGE 1: DOWNLOADING DATA ---
[2026-07-27 03:51:28] Downloading data for ETH-USD (period=30d, interval=1h)...
[2026-07-27 03:51:28] Data downloaded successfully. Total rows: 700
[2026-07-27 03:51:28] 
[2026-07-27 03:51:28] --- STAGE 2: EVALUATING LATEST FORECAST ---
[2026-07-27 03:51:28] Latest forecast (row 8) is pending. Evaluating...
[2026-07-27 03:51:28]   ForecastTime:    2026-07-26 03:41:58
[2026-07-27 03:51:28]   Rounded to:      2026-07-26 03:00:00
[2026-07-27 03:51:28]   Target windows:  2026-07-26 04:00:00 to 2026-07-27 03:00:00
[2026-07-27 03:51:28]   Data range:      2026-06-28 00:00:00 to 2026-07-27 03:00:00
[2026-07-27 03:51:28]   -> Updated ForecastDetails row 8.
[2026-07-27 03:51:28]   -> Metrics: last_actual=1945.45, abs_error=55.43, pct_error=2.85%, mape=1.18%
[2026-07-27 03:51:28] Pending forecast evaluated.
[2026-07-27 03:51:28] 
[2026-07-27 03:51:28] --- STAGE 3: GENERATING NEW FORECAST ---
[2026-07-27 03:51:28] Running future forecast for horizon=24...
[2026-07-27 03:51:29] Logged new future forecast ID 8 at row 9. Pending actuals.
[2026-07-27 03:51:29] ETH-USD completed. Forecast ID: 8
