[2026-09-07 04:15:44] 
[2026-09-07 04:15:44] ================================================================================
[2026-09-07 04:15:44] PROCESSING ETH-USD
[2026-09-07 04:15:44] ================================================================================
[2026-09-07 04:15:44] 
[2026-09-07 04:15:44] --- STAGE 1: DOWNLOADING DATA ---
[2026-09-07 04:15:44] Downloading data for ETH-USD (period=30d, interval=1h)...
[2026-09-07 04:15:45] Data downloaded successfully. Total rows: 701
[2026-09-07 04:15:45] 
[2026-09-07 04:15:45] --- STAGE 2: EVALUATING LATEST FORECAST ---
[2026-09-07 04:15:45] Latest forecast (row 50) is pending. Evaluating...
[2026-09-07 04:15:45]   ForecastTime:    2026-09-06 04:16:25
[2026-09-07 04:15:45]   Rounded to:      2026-09-06 04:00:00
[2026-09-07 04:15:45]   Target windows:  2026-09-06 05:00:00 to 2026-09-07 04:00:00
[2026-09-07 04:15:45]   Data range:      2026-08-09 00:00:00 to 2026-09-07 04:00:00
[2026-09-07 04:15:45]   -> Updated ForecastDetails row 50.
[2026-09-07 04:15:45]   -> Metrics: last_actual=2497.46, abs_error=6.32, pct_error=0.25%, mape=0.39%
[2026-09-07 04:15:45] Pending forecast evaluated.
[2026-09-07 04:15:45] 
[2026-09-07 04:15:45] --- STAGE 3: GENERATING NEW FORECAST ---
[2026-09-07 04:15:45] Running future forecast for horizon=24...
[2026-09-07 04:15:45] Logged new future forecast ID 50 at row 51. Pending actuals.
[2026-09-07 04:15:45] ETH-USD completed. Forecast ID: 50
