[2026-10-08 05:45:40] 
[2026-10-08 05:45:40] ================================================================================
[2026-10-08 05:45:40] PROCESSING ETH-USD
[2026-10-08 05:45:40] ================================================================================
[2026-10-08 05:45:40] 
[2026-10-08 05:45:40] --- STAGE 1: DOWNLOADING DATA ---
[2026-10-08 05:45:40] Downloading data for ETH-USD (period=30d, interval=1h)...
[2026-10-08 05:45:40] Data downloaded successfully. Total rows: 702
[2026-10-08 05:45:40] 
[2026-10-08 05:45:40] --- STAGE 2: EVALUATING LATEST FORECAST ---
[2026-10-08 05:45:40] Latest forecast (row 81) is pending. Evaluating...
[2026-10-08 05:45:40]   ForecastTime:    2026-10-07 05:37:23
[2026-10-08 05:45:40]   Rounded to:      2026-10-07 05:00:00
[2026-10-08 05:45:40]   Target windows:  2026-10-07 06:00:00 to 2026-10-08 05:00:00
[2026-10-08 05:45:40]   Data range:      2026-09-09 00:00:00 to 2026-10-08 05:00:00
[2026-10-08 05:45:40]   -> Updated ForecastDetails row 81.
[2026-10-08 05:45:40]   -> Metrics: last_actual=2567.96, abs_error=60.29, pct_error=2.35%, mape=1.83%
[2026-10-08 05:45:40] Pending forecast evaluated.
[2026-10-08 05:45:40] 
[2026-10-08 05:45:40] --- STAGE 3: GENERATING NEW FORECAST ---
[2026-10-08 05:45:40] Running future forecast for horizon=24...
[2026-10-08 05:45:41] Logged new future forecast ID 81 at row 82. Pending actuals.
[2026-10-08 05:45:41] ETH-USD completed. Forecast ID: 81
