[2026-08-03 03:41:53] 
[2026-08-03 03:41:53] ================================================================================
[2026-08-03 03:41:53] PROCESSING ETH-USD
[2026-08-03 03:41:53] ================================================================================
[2026-08-03 03:41:53] 
[2026-08-03 03:41:53] --- STAGE 1: DOWNLOADING DATA ---
[2026-08-03 03:41:53] Downloading data for ETH-USD (period=30d, interval=1h)...
[2026-08-03 03:41:53] Data downloaded successfully. Total rows: 679
[2026-08-03 03:41:53] 
[2026-08-03 03:41:53] --- STAGE 2: EVALUATING LATEST FORECAST ---
[2026-08-03 03:41:53] Latest forecast (row 15) is pending. Evaluating...
[2026-08-03 03:41:53]   ForecastTime:    2026-08-02 03:39:45
[2026-08-03 03:41:53]   Rounded to:      2026-08-02 03:00:00
[2026-08-03 03:41:53]   Target windows:  2026-08-02 04:00:00 to 2026-08-03 03:00:00
[2026-08-03 03:41:53]   Data range:      2026-07-05 00:00:00 to 2026-08-03 03:00:00
[2026-08-03 03:41:53]   -> Updated ForecastDetails row 15.
[2026-08-03 03:41:54]   -> Metrics: last_actual=1859.36, abs_error=14.94, pct_error=0.80%, mape=0.52%
[2026-08-03 03:41:54] Pending forecast evaluated.
[2026-08-03 03:41:54] 
[2026-08-03 03:41:54] --- STAGE 3: GENERATING NEW FORECAST ---
[2026-08-03 03:41:54] Running future forecast for horizon=24...
[2026-08-03 03:41:54] Logged new future forecast ID 15 at row 16. Pending actuals.
[2026-08-03 03:41:54] ETH-USD completed. Forecast ID: 15
