[2026-08-12 02:32:35] 
[2026-08-12 02:32:35] ================================================================================
[2026-08-12 02:32:35] PROCESSING ETH-USD
[2026-08-12 02:32:35] ================================================================================
[2026-08-12 02:32:35] 
[2026-08-12 02:32:35] --- STAGE 1: DOWNLOADING DATA ---
[2026-08-12 02:32:35] Downloading data for ETH-USD (period=30d, interval=1h)...
[2026-08-12 02:32:35] Data downloaded successfully. Total rows: 699
[2026-08-12 02:32:35] 
[2026-08-12 02:32:35] --- STAGE 2: EVALUATING LATEST FORECAST ---
[2026-08-12 02:32:35] Latest forecast (row 24) is pending. Evaluating...
[2026-08-12 02:32:35]   ForecastTime:    2026-08-11 02:14:51
[2026-08-12 02:32:35]   Rounded to:      2026-08-11 02:00:00
[2026-08-12 02:32:35]   Target windows:  2026-08-11 03:00:00 to 2026-08-12 02:00:00
[2026-08-12 02:32:35]   Data range:      2026-07-14 00:00:00 to 2026-08-12 02:00:00
[2026-08-12 02:32:35]   -> Updated ForecastDetails row 24.
[2026-08-12 02:32:35]   -> Metrics: last_actual=1883.96, abs_error=6.35, pct_error=0.34%, mape=0.36%
[2026-08-12 02:32:35] Pending forecast evaluated.
[2026-08-12 02:32:35] 
[2026-08-12 02:32:35] --- STAGE 3: GENERATING NEW FORECAST ---
[2026-08-12 02:32:35] Running future forecast for horizon=24...
[2026-08-12 02:32:36] Logged new future forecast ID 24 at row 25. Pending actuals.
[2026-08-12 02:32:36] ETH-USD completed. Forecast ID: 24
