[2026-09-23 04:30:00] 
[2026-09-23 04:30:00] ================================================================================
[2026-09-23 04:30:00] PROCESSING ETH-USD
[2026-09-23 04:30:00] ================================================================================
[2026-09-23 04:30:00] 
[2026-09-23 04:30:00] --- STAGE 1: DOWNLOADING DATA ---
[2026-09-23 04:30:00] Downloading data for ETH-USD (period=30d, interval=1h)...
[2026-09-23 04:30:00] Data downloaded successfully. Total rows: 701
[2026-09-23 04:30:00] 
[2026-09-23 04:30:00] --- STAGE 2: EVALUATING LATEST FORECAST ---
[2026-09-23 04:30:00] Latest forecast (row 66) is pending. Evaluating...
[2026-09-23 04:30:00]   ForecastTime:    2026-09-22 04:33:36
[2026-09-23 04:30:00]   Rounded to:      2026-09-22 04:00:00
[2026-09-23 04:30:00]   Target windows:  2026-09-22 05:00:00 to 2026-09-23 04:00:00
[2026-09-23 04:30:00]   Data range:      2026-08-25 00:00:00 to 2026-09-23 04:00:00
[2026-09-23 04:30:00]   -> Updated ForecastDetails row 66.
[2026-09-23 04:30:00]   -> Metrics: last_actual=2780.36, abs_error=81.49, pct_error=2.93%, mape=1.29%
[2026-09-23 04:30:00] Pending forecast evaluated.
[2026-09-23 04:30:00] 
[2026-09-23 04:30:00] --- STAGE 3: GENERATING NEW FORECAST ---
[2026-09-23 04:30:00] Running future forecast for horizon=24...
[2026-09-23 04:30:01] Logged new future forecast ID 66 at row 67. Pending actuals.
[2026-09-23 04:30:01] ETH-USD completed. Forecast ID: 66
