[2026-08-26 01:49:08] 
[2026-08-26 01:49:08] ================================================================================
[2026-08-26 01:49:08] PROCESSING ETH-USD
[2026-08-26 01:49:08] ================================================================================
[2026-08-26 01:49:08] 
[2026-08-26 01:49:08] --- STAGE 1: DOWNLOADING DATA ---
[2026-08-26 01:49:08] Downloading data for ETH-USD (period=30d, interval=1h)...
[2026-08-26 01:49:09] Data downloaded successfully. Total rows: 697
[2026-08-26 01:49:09] 
[2026-08-26 01:49:09] --- STAGE 2: EVALUATING LATEST FORECAST ---
[2026-08-26 01:49:09] Latest forecast (row 38) is pending. Evaluating...
[2026-08-26 01:49:09]   ForecastTime:    2026-08-25 01:43:44
[2026-08-26 01:49:09]   Rounded to:      2026-08-25 01:00:00
[2026-08-26 01:49:09]   Target windows:  2026-08-25 02:00:00 to 2026-08-26 01:00:00
[2026-08-26 01:49:09]   Data range:      2026-07-28 00:00:00 to 2026-08-26 01:00:00
[2026-08-26 01:49:09]   -> Updated ForecastDetails row 38.
[2026-08-26 01:49:09]   -> Metrics: last_actual=2455.77, abs_error=36.46, pct_error=1.48%, mape=0.97%
[2026-08-26 01:49:09] Pending forecast evaluated.
[2026-08-26 01:49:09] 
[2026-08-26 01:49:09] --- STAGE 3: GENERATING NEW FORECAST ---
[2026-08-26 01:49:09] Running future forecast for horizon=24...
[2026-08-26 01:49:10] Logged new future forecast ID 38 at row 39. Pending actuals.
[2026-08-26 01:49:10] ETH-USD completed. Forecast ID: 38
