[2026-09-04 04:12:36] 
[2026-09-04 04:12:36] ================================================================================
[2026-09-04 04:12:36] PROCESSING ETH-USD
[2026-09-04 04:12:36] ================================================================================
[2026-09-04 04:12:36] 
[2026-09-04 04:12:36] --- STAGE 1: DOWNLOADING DATA ---
[2026-09-04 04:12:36] Downloading data for ETH-USD (period=30d, interval=1h)...
[2026-09-04 04:12:36] Data downloaded successfully. Total rows: 701
[2026-09-04 04:12:36] 
[2026-09-04 04:12:36] --- STAGE 2: EVALUATING LATEST FORECAST ---
[2026-09-04 04:12:36] Latest forecast (row 47) is pending. Evaluating...
[2026-09-04 04:12:36]   ForecastTime:    2026-09-03 04:06:58
[2026-09-04 04:12:36]   Rounded to:      2026-09-03 04:00:00
[2026-09-04 04:12:36]   Target windows:  2026-09-03 05:00:00 to 2026-09-04 04:00:00
[2026-09-04 04:12:36]   Data range:      2026-08-06 00:00:00 to 2026-09-04 04:00:00
[2026-09-04 04:12:36]   -> Updated ForecastDetails row 47.
[2026-09-04 04:12:36]   -> Metrics: last_actual=2503.69, abs_error=105.07, pct_error=4.20%, mape=2.75%
[2026-09-04 04:12:36] Pending forecast evaluated.
[2026-09-04 04:12:36] 
[2026-09-04 04:12:36] --- STAGE 3: GENERATING NEW FORECAST ---
[2026-09-04 04:12:36] Running future forecast for horizon=24...
[2026-09-04 04:12:37] Logged new future forecast ID 47 at row 48. Pending actuals.
[2026-09-04 04:12:37] ETH-USD completed. Forecast ID: 47
