[2026-08-15 01:42:49] 
[2026-08-15 01:42:49] ================================================================================
[2026-08-15 01:42:49] PROCESSING ETH-USD
[2026-08-15 01:42:49] ================================================================================
[2026-08-15 01:42:49] 
[2026-08-15 01:42:49] --- STAGE 1: DOWNLOADING DATA ---
[2026-08-15 01:42:49] Downloading data for ETH-USD (period=30d, interval=1h)...
[2026-08-15 01:42:49] Data downloaded successfully. Total rows: 696
[2026-08-15 01:42:49] 
[2026-08-15 01:42:49] --- STAGE 2: EVALUATING LATEST FORECAST ---
[2026-08-15 01:42:49] Latest forecast (row 27) is pending. Evaluating...
[2026-08-15 01:42:49]   ForecastTime:    2026-08-14 02:32:51
[2026-08-15 01:42:49]   Rounded to:      2026-08-14 02:00:00
[2026-08-15 01:42:49]   Target windows:  2026-08-14 03:00:00 to 2026-08-15 02:00:00
[2026-08-15 01:42:49]   Data range:      2026-07-17 00:00:00 to 2026-08-15 01:00:00
[2026-08-15 01:42:49]   -> Updated ForecastDetails row 27.
[2026-08-15 01:42:49]   -> Metrics: last_actual=1882.22, abs_error=4.35, pct_error=0.23%, mape=0.51%
[2026-08-15 01:42:49] Pending forecast evaluated.
[2026-08-15 01:42:49] 
[2026-08-15 01:42:49] --- STAGE 3: GENERATING NEW FORECAST ---
[2026-08-15 01:42:49] Running future forecast for horizon=24...
[2026-08-15 01:42:50] Logged new future forecast ID 27 at row 28. Pending actuals.
[2026-08-15 01:42:50] ETH-USD completed. Forecast ID: 27
