[2026-07-31 03:39:44] 
[2026-07-31 03:39:44] ================================================================================
[2026-07-31 03:39:44] PROCESSING ETH-USD
[2026-07-31 03:39:44] ================================================================================
[2026-07-31 03:39:44] 
[2026-07-31 03:39:44] --- STAGE 1: DOWNLOADING DATA ---
[2026-07-31 03:39:44] Downloading data for ETH-USD (period=30d, interval=1h)...
[2026-07-31 03:39:44] Data downloaded successfully. Total rows: 700
[2026-07-31 03:39:44] 
[2026-07-31 03:39:44] --- STAGE 2: EVALUATING LATEST FORECAST ---
[2026-07-31 03:39:44] Latest forecast (row 12) is pending. Evaluating...
[2026-07-31 03:39:44]   ForecastTime:    2026-07-30 02:57:52
[2026-07-31 03:39:44]   Rounded to:      2026-07-30 02:00:00
[2026-07-31 03:39:44]   Target windows:  2026-07-30 03:00:00 to 2026-07-31 02:00:00
[2026-07-31 03:39:44]   Data range:      2026-07-02 00:00:00 to 2026-07-31 03:00:00
[2026-07-31 03:39:44]   -> Updated ForecastDetails row 12.
[2026-07-31 03:39:44]   -> Metrics: last_actual=1902.18, abs_error=5.44, pct_error=0.29%, mape=0.47%
[2026-07-31 03:39:44] Pending forecast evaluated.
[2026-07-31 03:39:44] 
[2026-07-31 03:39:44] --- STAGE 3: GENERATING NEW FORECAST ---
[2026-07-31 03:39:44] Running future forecast for horizon=24...
[2026-07-31 03:39:45] Logged new future forecast ID 12 at row 13. Pending actuals.
[2026-07-31 03:39:45] ETH-USD completed. Forecast ID: 12
