[2026-10-01 05:31:32] 
[2026-10-01 05:31:32] ================================================================================
[2026-10-01 05:31:32] PROCESSING ETH-USD
[2026-10-01 05:31:32] ================================================================================
[2026-10-01 05:31:32] 
[2026-10-01 05:31:32] --- STAGE 1: DOWNLOADING DATA ---
[2026-10-01 05:31:32] Downloading data for ETH-USD (period=30d, interval=1h)...
[2026-10-01 05:31:32] Data downloaded successfully. Total rows: 702
[2026-10-01 05:31:32] 
[2026-10-01 05:31:32] --- STAGE 2: EVALUATING LATEST FORECAST ---
[2026-10-01 05:31:32] Latest forecast (row 74) is pending. Evaluating...
[2026-10-01 05:31:32]   ForecastTime:    2026-09-30 05:16:26
[2026-10-01 05:31:32]   Rounded to:      2026-09-30 05:00:00
[2026-10-01 05:31:32]   Target windows:  2026-09-30 06:00:00 to 2026-10-01 05:00:00
[2026-10-01 05:31:32]   Data range:      2026-09-02 00:00:00 to 2026-10-01 05:00:00
[2026-10-01 05:31:32]   -> Updated ForecastDetails row 74.
[2026-10-01 05:31:33]   -> Metrics: last_actual=2712.57, abs_error=46.02, pct_error=1.70%, mape=0.80%
[2026-10-01 05:31:33] Pending forecast evaluated.
[2026-10-01 05:31:33] 
[2026-10-01 05:31:33] --- STAGE 3: GENERATING NEW FORECAST ---
[2026-10-01 05:31:33] Running future forecast for horizon=24...
[2026-10-01 05:31:33] Logged new future forecast ID 74 at row 75. Pending actuals.
[2026-10-01 05:31:33] ETH-USD completed. Forecast ID: 74
