[2026-10-06 06:02:12] 
[2026-10-06 06:02:12] ================================================================================
[2026-10-06 06:02:12] PROCESSING ETH-USD
[2026-10-06 06:02:12] ================================================================================
[2026-10-06 06:02:12] 
[2026-10-06 06:02:12] --- STAGE 1: DOWNLOADING DATA ---
[2026-10-06 06:02:12] Downloading data for ETH-USD (period=30d, interval=1h)...
[2026-10-06 06:02:12] Data downloaded successfully. Total rows: 703
[2026-10-06 06:02:12] 
[2026-10-06 06:02:12] --- STAGE 2: EVALUATING LATEST FORECAST ---
[2026-10-06 06:02:12] Latest forecast (row 79) is pending. Evaluating...
[2026-10-06 06:02:12]   ForecastTime:    2026-10-05 05:18:04
[2026-10-06 06:02:12]   Rounded to:      2026-10-05 05:00:00
[2026-10-06 06:02:12]   Target windows:  2026-10-05 06:00:00 to 2026-10-06 05:00:00
[2026-10-06 06:02:12]   Data range:      2026-09-07 00:00:00 to 2026-10-06 06:00:00
[2026-10-06 06:02:12]   -> Updated ForecastDetails row 79.
[2026-10-06 06:02:12]   -> Metrics: last_actual=2698.59, abs_error=4.01, pct_error=0.15%, mape=0.54%
[2026-10-06 06:02:12] Pending forecast evaluated.
[2026-10-06 06:02:12] 
[2026-10-06 06:02:12] --- STAGE 3: GENERATING NEW FORECAST ---
[2026-10-06 06:02:12] Running future forecast for horizon=24...
[2026-10-06 06:02:13] Logged new future forecast ID 79 at row 80. Pending actuals.
[2026-10-06 06:02:13] ETH-USD completed. Forecast ID: 79
