[2026-08-31 05:13:01] 
[2026-08-31 05:13:01] ================================================================================
[2026-08-31 05:13:01] PROCESSING ETH-USD
[2026-08-31 05:13:01] ================================================================================
[2026-08-31 05:13:01] 
[2026-08-31 05:13:01] --- STAGE 1: DOWNLOADING DATA ---
[2026-08-31 05:13:01] Downloading data for ETH-USD (period=30d, interval=1h)...
[2026-08-31 05:13:02] Data downloaded successfully. Total rows: 702
[2026-08-31 05:13:02] 
[2026-08-31 05:13:02] --- STAGE 2: EVALUATING LATEST FORECAST ---
[2026-08-31 05:13:02] Latest forecast (row 43) is pending. Evaluating...
[2026-08-31 05:13:02]   ForecastTime:    2026-08-30 05:05:29
[2026-08-31 05:13:02]   Rounded to:      2026-08-30 05:00:00
[2026-08-31 05:13:02]   Target windows:  2026-08-30 06:00:00 to 2026-08-31 05:00:00
[2026-08-31 05:13:02]   Data range:      2026-08-02 00:00:00 to 2026-08-31 05:00:00
[2026-08-31 05:13:02]   -> Updated ForecastDetails row 43.
[2026-08-31 05:13:02]   -> Metrics: last_actual=2421.77, abs_error=41.38, pct_error=1.71%, mape=1.09%
[2026-08-31 05:13:02] Pending forecast evaluated.
[2026-08-31 05:13:02] 
[2026-08-31 05:13:02] --- STAGE 3: GENERATING NEW FORECAST ---
[2026-08-31 05:13:02] Running future forecast for horizon=24...
[2026-08-31 05:13:02] Logged new future forecast ID 43 at row 44. Pending actuals.
[2026-08-31 05:13:02] ETH-USD completed. Forecast ID: 43
