[2026-09-15 04:37:50] 
[2026-09-15 04:37:50] ================================================================================
[2026-09-15 04:37:50] PROCESSING ETH-USD
[2026-09-15 04:37:50] ================================================================================
[2026-09-15 04:37:50] 
[2026-09-15 04:37:50] --- STAGE 1: DOWNLOADING DATA ---
[2026-09-15 04:37:50] Downloading data for ETH-USD (period=30d, interval=1h)...
[2026-09-15 04:37:50] Data downloaded successfully. Total rows: 701
[2026-09-15 04:37:50] 
[2026-09-15 04:37:50] --- STAGE 2: EVALUATING LATEST FORECAST ---
[2026-09-15 04:37:50] Latest forecast (row 58) is pending. Evaluating...
[2026-09-15 04:37:50]   ForecastTime:    2026-09-14 04:37:23
[2026-09-15 04:37:50]   Rounded to:      2026-09-14 04:00:00
[2026-09-15 04:37:50]   Target windows:  2026-09-14 05:00:00 to 2026-09-15 04:00:00
[2026-09-15 04:37:50]   Data range:      2026-08-17 00:00:00 to 2026-09-15 04:00:00
[2026-09-15 04:37:50]   -> Updated ForecastDetails row 58.
[2026-09-15 04:37:50]   -> Metrics: last_actual=2489.86, abs_error=12.55, pct_error=0.50%, mape=0.59%
[2026-09-15 04:37:50] Pending forecast evaluated.
[2026-09-15 04:37:50] 
[2026-09-15 04:37:50] --- STAGE 3: GENERATING NEW FORECAST ---
[2026-09-15 04:37:50] Running future forecast for horizon=24...
[2026-09-15 04:37:51] Logged new future forecast ID 58 at row 59. Pending actuals.
[2026-09-15 04:37:51] ETH-USD completed. Forecast ID: 58
