[2026-08-19 01:44:26] 
[2026-08-19 01:44:26] ================================================================================
[2026-08-19 01:44:26] PROCESSING ETH-USD
[2026-08-19 01:44:26] ================================================================================
[2026-08-19 01:44:26] 
[2026-08-19 01:44:26] --- STAGE 1: DOWNLOADING DATA ---
[2026-08-19 01:44:26] Downloading data for ETH-USD (period=30d, interval=1h)...
[2026-08-19 01:44:26] Data downloaded successfully. Total rows: 698
[2026-08-19 01:44:26] 
[2026-08-19 01:44:26] --- STAGE 2: EVALUATING LATEST FORECAST ---
[2026-08-19 01:44:26] Latest forecast (row 31) is pending. Evaluating...
[2026-08-19 01:44:26]   ForecastTime:    2026-08-18 01:42:43
[2026-08-19 01:44:26]   Rounded to:      2026-08-18 01:00:00
[2026-08-19 01:44:26]   Target windows:  2026-08-18 02:00:00 to 2026-08-19 01:00:00
[2026-08-19 01:44:26]   Data range:      2026-07-21 00:00:00 to 2026-08-19 01:00:00
[2026-08-19 01:44:26]   -> Updated ForecastDetails row 31.
[2026-08-19 01:44:26]   -> Metrics: last_actual=1911.80, abs_error=6.73, pct_error=0.35%, mape=0.43%
[2026-08-19 01:44:26] Pending forecast evaluated.
[2026-08-19 01:44:26] 
[2026-08-19 01:44:26] --- STAGE 3: GENERATING NEW FORECAST ---
[2026-08-19 01:44:26] Running future forecast for horizon=24...
[2026-08-19 01:44:27] Logged new future forecast ID 31 at row 32. Pending actuals.
[2026-08-19 01:44:27] ETH-USD completed. Forecast ID: 31
