[2026-10-07 05:37:22] 
[2026-10-07 05:37:22] ================================================================================
[2026-10-07 05:37:22] PROCESSING ETH-USD
[2026-10-07 05:37:22] ================================================================================
[2026-10-07 05:37:22] 
[2026-10-07 05:37:22] --- STAGE 1: DOWNLOADING DATA ---
[2026-10-07 05:37:22] Downloading data for ETH-USD (period=30d, interval=1h)...
[2026-10-07 05:37:23] Data downloaded successfully. Total rows: 702
[2026-10-07 05:37:23] 
[2026-10-07 05:37:23] --- STAGE 2: EVALUATING LATEST FORECAST ---
[2026-10-07 05:37:23] Latest forecast (row 80) is pending. Evaluating...
[2026-10-07 05:37:23]   ForecastTime:    2026-10-06 06:02:13
[2026-10-07 05:37:23]   Rounded to:      2026-10-06 06:00:00
[2026-10-07 05:37:23]   Target windows:  2026-10-06 07:00:00 to 2026-10-07 06:00:00
[2026-10-07 05:37:23]   Data range:      2026-09-08 00:00:00 to 2026-10-07 05:00:00
[2026-10-07 05:37:23]   -> Updated ForecastDetails row 80.
[2026-10-07 05:37:23]   -> Metrics: last_actual=2616.16, abs_error=81.56, pct_error=3.12%, mape=1.00%
[2026-10-07 05:37:23] Pending forecast evaluated.
[2026-10-07 05:37:23] 
[2026-10-07 05:37:23] --- STAGE 3: GENERATING NEW FORECAST ---
[2026-10-07 05:37:23] Running future forecast for horizon=24...
[2026-10-07 05:37:23] Logged new future forecast ID 80 at row 81. Pending actuals.
[2026-10-07 05:37:23] ETH-USD completed. Forecast ID: 80
