[2026-08-25 01:43:43] 
[2026-08-25 01:43:43] ================================================================================
[2026-08-25 01:43:43] PROCESSING ETH-USD
[2026-08-25 01:43:43] ================================================================================
[2026-08-25 01:43:43] 
[2026-08-25 01:43:43] --- STAGE 1: DOWNLOADING DATA ---
[2026-08-25 01:43:43] Downloading data for ETH-USD (period=30d, interval=1h)...
[2026-08-25 01:43:43] Data downloaded successfully. Total rows: 696
[2026-08-25 01:43:43] 
[2026-08-25 01:43:43] --- STAGE 2: EVALUATING LATEST FORECAST ---
[2026-08-25 01:43:43] Latest forecast (row 37) is pending. Evaluating...
[2026-08-25 01:43:43]   ForecastTime:    2026-08-24 01:49:22
[2026-08-25 01:43:43]   Rounded to:      2026-08-24 01:00:00
[2026-08-25 01:43:43]   Target windows:  2026-08-24 02:00:00 to 2026-08-25 01:00:00
[2026-08-25 01:43:43]   Data range:      2026-07-27 00:00:00 to 2026-08-25 01:00:00
[2026-08-25 01:43:43]   -> Updated ForecastDetails row 37.
[2026-08-25 01:43:44]   -> Metrics: last_actual=2495.47, abs_error=68.61, pct_error=2.75%, mape=1.63%
[2026-08-25 01:43:44] Pending forecast evaluated.
[2026-08-25 01:43:44] 
[2026-08-25 01:43:44] --- STAGE 3: GENERATING NEW FORECAST ---
[2026-08-25 01:43:44] Running future forecast for horizon=24...
[2026-08-25 01:43:44] Logged new future forecast ID 37 at row 38. Pending actuals.
[2026-08-25 01:43:44] ETH-USD completed. Forecast ID: 37
