[2026-09-28 05:04:02] 
[2026-09-28 05:04:02] ================================================================================
[2026-09-28 05:04:02] PROCESSING ETH-USD
[2026-09-28 05:04:02] ================================================================================
[2026-09-28 05:04:02] 
[2026-09-28 05:04:02] --- STAGE 1: DOWNLOADING DATA ---
[2026-09-28 05:04:02] Downloading data for ETH-USD (period=30d, interval=1h)...
[2026-09-28 05:04:02] Data downloaded successfully. Total rows: 702
[2026-09-28 05:04:02] 
[2026-09-28 05:04:02] --- STAGE 2: EVALUATING LATEST FORECAST ---
[2026-09-28 05:04:03] Latest forecast (row 71) is pending. Evaluating...
[2026-09-28 05:04:03]   ForecastTime:    2026-09-27 05:02:19
[2026-09-28 05:04:03]   Rounded to:      2026-09-27 05:00:00
[2026-09-28 05:04:03]   Target windows:  2026-09-27 06:00:00 to 2026-09-28 05:00:00
[2026-09-28 05:04:03]   Data range:      2026-08-30 00:00:00 to 2026-09-28 05:00:00
[2026-09-28 05:04:03]   -> Updated ForecastDetails row 71.
[2026-09-28 05:04:03]   -> Metrics: last_actual=2655.24, abs_error=35.88, pct_error=1.35%, mape=0.62%
[2026-09-28 05:04:03] Pending forecast evaluated.
[2026-09-28 05:04:03] 
[2026-09-28 05:04:03] --- STAGE 3: GENERATING NEW FORECAST ---
[2026-09-28 05:04:03] Running future forecast for horizon=24...
[2026-09-28 05:04:03] Logged new future forecast ID 71 at row 72. Pending actuals.
[2026-09-28 05:04:03] ETH-USD completed. Forecast ID: 71
