[2026-09-25 04:38:28] 
[2026-09-25 04:38:28] ================================================================================
[2026-09-25 04:38:28] PROCESSING ETH-USD
[2026-09-25 04:38:28] ================================================================================
[2026-09-25 04:38:28] 
[2026-09-25 04:38:28] --- STAGE 1: DOWNLOADING DATA ---
[2026-09-25 04:38:28] Downloading data for ETH-USD (period=30d, interval=1h)...
[2026-09-25 04:38:28] Data downloaded successfully. Total rows: 701
[2026-09-25 04:38:28] 
[2026-09-25 04:38:28] --- STAGE 2: EVALUATING LATEST FORECAST ---
[2026-09-25 04:38:28] Latest forecast (row 68) is pending. Evaluating...
[2026-09-25 04:38:28]   ForecastTime:    2026-09-24 04:27:11
[2026-09-25 04:38:28]   Rounded to:      2026-09-24 04:00:00
[2026-09-25 04:38:28]   Target windows:  2026-09-24 05:00:00 to 2026-09-25 04:00:00
[2026-09-25 04:38:28]   Data range:      2026-08-27 00:00:00 to 2026-09-25 04:00:00
[2026-09-25 04:38:28]   -> Updated ForecastDetails row 68.
[2026-09-25 04:38:28]   -> Metrics: last_actual=2680.60, abs_error=2.02, pct_error=0.08%, mape=0.44%
[2026-09-25 04:38:28] Pending forecast evaluated.
[2026-09-25 04:38:28] 
[2026-09-25 04:38:28] --- STAGE 3: GENERATING NEW FORECAST ---
[2026-09-25 04:38:28] Running future forecast for horizon=24...
[2026-09-25 04:38:29] Logged new future forecast ID 68 at row 69. Pending actuals.
[2026-09-25 04:38:29] ETH-USD completed. Forecast ID: 68
