[2026-08-06 03:23:41] 
[2026-08-06 03:23:41] ================================================================================
[2026-08-06 03:23:41] PROCESSING ETH-USD
[2026-08-06 03:23:41] ================================================================================
[2026-08-06 03:23:41] 
[2026-08-06 03:23:41] --- STAGE 1: DOWNLOADING DATA ---
[2026-08-06 03:23:41] Downloading data for ETH-USD (period=30d, interval=1h)...
[2026-08-06 03:23:41] Data downloaded successfully. Total rows: 700
[2026-08-06 03:23:41] 
[2026-08-06 03:23:41] --- STAGE 2: EVALUATING LATEST FORECAST ---
[2026-08-06 03:23:41] Latest forecast (row 18) is pending. Evaluating...
[2026-08-06 03:23:41]   ForecastTime:    2026-08-05 03:20:55
[2026-08-06 03:23:41]   Rounded to:      2026-08-05 03:00:00
[2026-08-06 03:23:41]   Target windows:  2026-08-05 04:00:00 to 2026-08-06 03:00:00
[2026-08-06 03:23:41]   Data range:      2026-07-08 00:00:00 to 2026-08-06 03:00:00
[2026-08-06 03:23:41]   -> Updated ForecastDetails row 18.
[2026-08-06 03:23:41]   -> Metrics: last_actual=1895.56, abs_error=32.37, pct_error=1.71%, mape=1.24%
[2026-08-06 03:23:41] Pending forecast evaluated.
[2026-08-06 03:23:41] 
[2026-08-06 03:23:41] --- STAGE 3: GENERATING NEW FORECAST ---
[2026-08-06 03:23:41] Running future forecast for horizon=24...
[2026-08-06 03:23:42] Logged new future forecast ID 18 at row 19. Pending actuals.
[2026-08-06 03:23:42] ETH-USD completed. Forecast ID: 18
