[2026-10-04 05:34:20] 
[2026-10-04 05:34:20] ================================================================================
[2026-10-04 05:34:20] PROCESSING ETH-USD
[2026-10-04 05:34:20] ================================================================================
[2026-10-04 05:34:20] 
[2026-10-04 05:34:20] --- STAGE 1: DOWNLOADING DATA ---
[2026-10-04 05:34:20] Downloading data for ETH-USD (period=30d, interval=1h)...
[2026-10-04 05:34:21] Data downloaded successfully. Total rows: 702
[2026-10-04 05:34:21] 
[2026-10-04 05:34:21] --- STAGE 2: EVALUATING LATEST FORECAST ---
[2026-10-04 05:34:21] Latest forecast (row 77) is pending. Evaluating...
[2026-10-04 05:34:21]   ForecastTime:    2026-10-03 05:01:59
[2026-10-04 05:34:21]   Rounded to:      2026-10-03 05:00:00
[2026-10-04 05:34:21]   Target windows:  2026-10-03 06:00:00 to 2026-10-04 05:00:00
[2026-10-04 05:34:21]   Data range:      2026-09-05 00:00:00 to 2026-10-04 05:00:00
[2026-10-04 05:34:21]   -> Updated ForecastDetails row 77.
[2026-10-04 05:34:21]   -> Metrics: last_actual=2694.21, abs_error=9.65, pct_error=0.36%, mape=0.26%
[2026-10-04 05:34:21] Pending forecast evaluated.
[2026-10-04 05:34:21] 
[2026-10-04 05:34:21] --- STAGE 3: GENERATING NEW FORECAST ---
[2026-10-04 05:34:21] Running future forecast for horizon=24...
[2026-10-04 05:34:22] Logged new future forecast ID 77 at row 78. Pending actuals.
[2026-10-04 05:34:22] ETH-USD completed. Forecast ID: 77
