[2026-08-14 02:32:51] 
[2026-08-14 02:32:51] ================================================================================
[2026-08-14 02:32:51] PROCESSING ETH-USD
[2026-08-14 02:32:51] ================================================================================
[2026-08-14 02:32:51] 
[2026-08-14 02:32:51] --- STAGE 1: DOWNLOADING DATA ---
[2026-08-14 02:32:51] Downloading data for ETH-USD (period=30d, interval=1h)...
[2026-08-14 02:32:51] Data downloaded successfully. Total rows: 699
[2026-08-14 02:32:51] 
[2026-08-14 02:32:51] --- STAGE 2: EVALUATING LATEST FORECAST ---
[2026-08-14 02:32:51] Latest forecast (row 26) is pending. Evaluating...
[2026-08-14 02:32:51]   ForecastTime:    2026-08-13 02:34:04
[2026-08-14 02:32:51]   Rounded to:      2026-08-13 02:00:00
[2026-08-14 02:32:51]   Target windows:  2026-08-13 03:00:00 to 2026-08-14 02:00:00
[2026-08-14 02:32:51]   Data range:      2026-07-16 00:00:00 to 2026-08-14 02:00:00
[2026-08-14 02:32:51]   -> Updated ForecastDetails row 26.
[2026-08-14 02:32:51]   -> Metrics: last_actual=1886.22, abs_error=7.77, pct_error=0.41%, mape=0.55%
[2026-08-14 02:32:51] Pending forecast evaluated.
[2026-08-14 02:32:51] 
[2026-08-14 02:32:51] --- STAGE 3: GENERATING NEW FORECAST ---
[2026-08-14 02:32:51] Running future forecast for horizon=24...
[2026-08-14 02:32:51] Logged new future forecast ID 26 at row 27. Pending actuals.
[2026-08-14 02:32:51] ETH-USD completed. Forecast ID: 26
