[2026-09-13 04:31:02] 
[2026-09-13 04:31:02] ================================================================================
[2026-09-13 04:31:02] PROCESSING ETH-USD
[2026-09-13 04:31:02] ================================================================================
[2026-09-13 04:31:02] 
[2026-09-13 04:31:02] --- STAGE 1: DOWNLOADING DATA ---
[2026-09-13 04:31:02] Downloading data for ETH-USD (period=30d, interval=1h)...
[2026-09-13 04:31:02] Data downloaded successfully. Total rows: 701
[2026-09-13 04:31:02] 
[2026-09-13 04:31:02] --- STAGE 2: EVALUATING LATEST FORECAST ---
[2026-09-13 04:31:02] Latest forecast (row 56) is pending. Evaluating...
[2026-09-13 04:31:02]   ForecastTime:    2026-09-12 04:17:52
[2026-09-13 04:31:02]   Rounded to:      2026-09-12 04:00:00
[2026-09-13 04:31:02]   Target windows:  2026-09-12 05:00:00 to 2026-09-13 04:00:00
[2026-09-13 04:31:02]   Data range:      2026-08-15 00:00:00 to 2026-09-13 04:00:00
[2026-09-13 04:31:02]   -> Updated ForecastDetails row 56.
[2026-09-13 04:31:02]   -> Metrics: last_actual=2522.32, abs_error=31.47, pct_error=1.25%, mape=1.08%
[2026-09-13 04:31:02] Pending forecast evaluated.
[2026-09-13 04:31:02] 
[2026-09-13 04:31:02] --- STAGE 3: GENERATING NEW FORECAST ---
[2026-09-13 04:31:02] Running future forecast for horizon=24...
[2026-09-13 04:31:03] Logged new future forecast ID 56 at row 57. Pending actuals.
[2026-09-13 04:31:03] ETH-USD completed. Forecast ID: 56
