[2026-09-11 04:19:42] 
[2026-09-11 04:19:42] ================================================================================
[2026-09-11 04:19:42] PROCESSING ETH-USD
[2026-09-11 04:19:42] ================================================================================
[2026-09-11 04:19:42] 
[2026-09-11 04:19:42] --- STAGE 1: DOWNLOADING DATA ---
[2026-09-11 04:19:42] Downloading data for ETH-USD (period=30d, interval=1h)...
[2026-09-11 04:19:42] Data downloaded successfully. Total rows: 701
[2026-09-11 04:19:42] 
[2026-09-11 04:19:42] --- STAGE 2: EVALUATING LATEST FORECAST ---
[2026-09-11 04:19:42] Latest forecast (row 54) is pending. Evaluating...
[2026-09-11 04:19:42]   ForecastTime:    2026-09-10 04:19:57
[2026-09-11 04:19:42]   Rounded to:      2026-09-10 04:00:00
[2026-09-11 04:19:42]   Target windows:  2026-09-10 05:00:00 to 2026-09-11 04:00:00
[2026-09-11 04:19:42]   Data range:      2026-08-13 00:00:00 to 2026-09-11 04:00:00
[2026-09-11 04:19:42]   -> Updated ForecastDetails row 54.
[2026-09-11 04:19:42]   -> Metrics: last_actual=2450.41, abs_error=22.34, pct_error=0.91%, mape=0.76%
[2026-09-11 04:19:42] Pending forecast evaluated.
[2026-09-11 04:19:42] 
[2026-09-11 04:19:42] --- STAGE 3: GENERATING NEW FORECAST ---
[2026-09-11 04:19:42] Running future forecast for horizon=24...
[2026-09-11 04:19:43] Logged new future forecast ID 54 at row 55. Pending actuals.
[2026-09-11 04:19:43] ETH-USD completed. Forecast ID: 54
