[2026-10-02 05:19:08] 
[2026-10-02 05:19:08] ================================================================================
[2026-10-02 05:19:08] PROCESSING ETH-USD
[2026-10-02 05:19:08] ================================================================================
[2026-10-02 05:19:08] 
[2026-10-02 05:19:08] --- STAGE 1: DOWNLOADING DATA ---
[2026-10-02 05:19:08] Downloading data for ETH-USD (period=30d, interval=1h)...
[2026-10-02 05:19:08] Data downloaded successfully. Total rows: 702
[2026-10-02 05:19:08] 
[2026-10-02 05:19:08] --- STAGE 2: EVALUATING LATEST FORECAST ---
[2026-10-02 05:19:08] Latest forecast (row 75) is pending. Evaluating...
[2026-10-02 05:19:08]   ForecastTime:    2026-10-01 05:31:33
[2026-10-02 05:19:08]   Rounded to:      2026-10-01 05:00:00
[2026-10-02 05:19:08]   Target windows:  2026-10-01 06:00:00 to 2026-10-02 05:00:00
[2026-10-02 05:19:08]   Data range:      2026-09-03 00:00:00 to 2026-10-02 05:00:00
[2026-10-02 05:19:08]   -> Updated ForecastDetails row 75.
[2026-10-02 05:19:08]   -> Metrics: last_actual=2732.79, abs_error=32.39, pct_error=1.19%, mape=0.48%
[2026-10-02 05:19:08] Pending forecast evaluated.
[2026-10-02 05:19:08] 
[2026-10-02 05:19:08] --- STAGE 3: GENERATING NEW FORECAST ---
[2026-10-02 05:19:08] Running future forecast for horizon=24...
[2026-10-02 05:19:09] Logged new future forecast ID 75 at row 76. Pending actuals.
[2026-10-02 05:19:09] ETH-USD completed. Forecast ID: 75
