[2026-08-11 02:14:50] 
[2026-08-11 02:14:50] ================================================================================
[2026-08-11 02:14:50] PROCESSING ETH-USD
[2026-08-11 02:14:50] ================================================================================
[2026-08-11 02:14:50] 
[2026-08-11 02:14:50] --- STAGE 1: DOWNLOADING DATA ---
[2026-08-11 02:14:50] Downloading data for ETH-USD (period=30d, interval=1h)...
[2026-08-11 02:14:50] Data downloaded successfully. Total rows: 697
[2026-08-11 02:14:50] 
[2026-08-11 02:14:50] --- STAGE 2: EVALUATING LATEST FORECAST ---
[2026-08-11 02:14:50] Latest forecast (row 23) is pending. Evaluating...
[2026-08-11 02:14:50]   ForecastTime:    2026-08-10 02:24:15
[2026-08-11 02:14:50]   Rounded to:      2026-08-10 02:00:00
[2026-08-11 02:14:50]   Target windows:  2026-08-10 03:00:00 to 2026-08-11 02:00:00
[2026-08-11 02:14:50]   Data range:      2026-07-13 00:00:00 to 2026-08-11 02:00:00
[2026-08-11 02:14:50]   -> Updated ForecastDetails row 23.
[2026-08-11 02:14:50]   -> Metrics: last_actual=1876.35, abs_error=37.09, pct_error=1.98%, mape=1.29%
[2026-08-11 02:14:50] Pending forecast evaluated.
[2026-08-11 02:14:50] 
[2026-08-11 02:14:50] --- STAGE 3: GENERATING NEW FORECAST ---
[2026-08-11 02:14:50] Running future forecast for horizon=24...
[2026-08-11 02:14:51] Logged new future forecast ID 23 at row 24. Pending actuals.
[2026-08-11 02:14:51] ETH-USD completed. Forecast ID: 23
