[2026-09-10 04:19:56] 
[2026-09-10 04:19:56] ================================================================================
[2026-09-10 04:19:56] PROCESSING ETH-USD
[2026-09-10 04:19:56] ================================================================================
[2026-09-10 04:19:56] 
[2026-09-10 04:19:56] --- STAGE 1: DOWNLOADING DATA ---
[2026-09-10 04:19:56] Downloading data for ETH-USD (period=30d, interval=1h)...
[2026-09-10 04:19:56] Data downloaded successfully. Total rows: 701
[2026-09-10 04:19:56] 
[2026-09-10 04:19:56] --- STAGE 2: EVALUATING LATEST FORECAST ---
[2026-09-10 04:19:56] Latest forecast (row 53) is pending. Evaluating...
[2026-09-10 04:19:56]   ForecastTime:    2026-09-09 04:23:07
[2026-09-10 04:19:56]   Rounded to:      2026-09-09 04:00:00
[2026-09-10 04:19:56]   Target windows:  2026-09-09 05:00:00 to 2026-09-10 04:00:00
[2026-09-10 04:19:56]   Data range:      2026-08-12 00:00:00 to 2026-09-10 04:00:00
[2026-09-10 04:19:56]   -> Updated ForecastDetails row 53.
[2026-09-10 04:19:56]   -> Metrics: last_actual=2476.68, abs_error=15.82, pct_error=0.64%, mape=0.63%
[2026-09-10 04:19:56] Pending forecast evaluated.
[2026-09-10 04:19:56] 
[2026-09-10 04:19:56] --- STAGE 3: GENERATING NEW FORECAST ---
[2026-09-10 04:19:56] Running future forecast for horizon=24...
[2026-09-10 04:19:57] Logged new future forecast ID 53 at row 54. Pending actuals.
[2026-09-10 04:19:57] ETH-USD completed. Forecast ID: 53
