[2026-08-01 03:39:53] 
[2026-08-01 03:39:53] ================================================================================
[2026-08-01 03:39:53] PROCESSING ETH-USD
[2026-08-01 03:39:53] ================================================================================
[2026-08-01 03:39:53] 
[2026-08-01 03:39:53] --- STAGE 1: DOWNLOADING DATA ---
[2026-08-01 03:39:53] Downloading data for ETH-USD (period=30d, interval=1h)...
[2026-08-01 03:39:53] Data downloaded successfully. Total rows: 679
[2026-08-01 03:39:53] 
[2026-08-01 03:39:53] --- STAGE 2: EVALUATING LATEST FORECAST ---
[2026-08-01 03:39:53] Latest forecast (row 13) is pending. Evaluating...
[2026-08-01 03:39:53]   ForecastTime:    2026-07-31 03:39:45
[2026-08-01 03:39:53]   Rounded to:      2026-07-31 03:00:00
[2026-08-01 03:39:53]   Target windows:  2026-07-31 04:00:00 to 2026-08-01 03:00:00
[2026-08-01 03:39:53]   Data range:      2026-07-03 00:00:00 to 2026-08-01 03:00:00
[2026-08-01 03:39:53]   -> Updated ForecastDetails row 13.
[2026-08-01 03:39:53]   -> Metrics: last_actual=1866.36, abs_error=30.83, pct_error=1.65%, mape=1.49%
[2026-08-01 03:39:53] Pending forecast evaluated.
[2026-08-01 03:39:53] 
[2026-08-01 03:39:53] --- STAGE 3: GENERATING NEW FORECAST ---
[2026-08-01 03:39:53] Running future forecast for horizon=24...
[2026-08-01 03:39:54] Logged new future forecast ID 13 at row 14. Pending actuals.
[2026-08-01 03:39:54] ETH-USD completed. Forecast ID: 13
