[2026-08-17 01:47:22] 
[2026-08-17 01:47:22] ================================================================================
[2026-08-17 01:47:22] PROCESSING ETH-USD
[2026-08-17 01:47:22] ================================================================================
[2026-08-17 01:47:22] 
[2026-08-17 01:47:22] --- STAGE 1: DOWNLOADING DATA ---
[2026-08-17 01:47:22] Downloading data for ETH-USD (period=30d, interval=1h)...
[2026-08-17 01:47:22] Data downloaded successfully. Total rows: 697
[2026-08-17 01:47:22] 
[2026-08-17 01:47:22] --- STAGE 2: EVALUATING LATEST FORECAST ---
[2026-08-17 01:47:22] Latest forecast (row 29) is pending. Evaluating...
[2026-08-17 01:47:22]   ForecastTime:    2026-08-16 01:49:52
[2026-08-17 01:47:22]   Rounded to:      2026-08-16 01:00:00
[2026-08-17 01:47:22]   Target windows:  2026-08-16 02:00:00 to 2026-08-17 01:00:00
[2026-08-17 01:47:22]   Data range:      2026-07-19 00:00:00 to 2026-08-17 01:00:00
[2026-08-17 01:47:22]   -> Updated ForecastDetails row 29.
[2026-08-17 01:47:22]   -> Metrics: last_actual=1890.55, abs_error=9.13, pct_error=0.48%, mape=0.16%
[2026-08-17 01:47:22] Pending forecast evaluated.
[2026-08-17 01:47:22] 
[2026-08-17 01:47:22] --- STAGE 3: GENERATING NEW FORECAST ---
[2026-08-17 01:47:22] Running future forecast for horizon=24...
[2026-08-17 01:47:23] Logged new future forecast ID 29 at row 30. Pending actuals.
[2026-08-17 01:47:23] ETH-USD completed. Forecast ID: 29
