[2026-09-21 04:37:38] 
[2026-09-21 04:37:38] ================================================================================
[2026-09-21 04:37:38] PROCESSING ETH-USD
[2026-09-21 04:37:38] ================================================================================
[2026-09-21 04:37:38] 
[2026-09-21 04:37:38] --- STAGE 1: DOWNLOADING DATA ---
[2026-09-21 04:37:38] Downloading data for ETH-USD (period=30d, interval=1h)...
[2026-09-21 04:37:39] Data downloaded successfully. Total rows: 701
[2026-09-21 04:37:39] 
[2026-09-21 04:37:39] --- STAGE 2: EVALUATING LATEST FORECAST ---
[2026-09-21 04:37:39] Latest forecast (row 64) is pending. Evaluating...
[2026-09-21 04:37:39]   ForecastTime:    2026-09-20 04:39:42
[2026-09-21 04:37:39]   Rounded to:      2026-09-20 04:00:00
[2026-09-21 04:37:39]   Target windows:  2026-09-20 05:00:00 to 2026-09-21 04:00:00
[2026-09-21 04:37:39]   Data range:      2026-08-23 00:00:00 to 2026-09-21 04:00:00
[2026-09-21 04:37:39]   -> Updated ForecastDetails row 64.
[2026-09-21 04:37:39]   -> Metrics: last_actual=2659.58, abs_error=99.57, pct_error=3.74%, mape=1.79%
[2026-09-21 04:37:39] Pending forecast evaluated.
[2026-09-21 04:37:39] 
[2026-09-21 04:37:39] --- STAGE 3: GENERATING NEW FORECAST ---
[2026-09-21 04:37:39] Running future forecast for horizon=24...
[2026-09-21 04:37:40] Logged new future forecast ID 64 at row 65. Pending actuals.
[2026-09-21 04:37:40] ETH-USD completed. Forecast ID: 64
