[2026-08-09 02:18:55] 
[2026-08-09 02:18:55] ================================================================================
[2026-08-09 02:18:55] PROCESSING ETH-USD
[2026-08-09 02:18:55] ================================================================================
[2026-08-09 02:18:55] 
[2026-08-09 02:18:55] --- STAGE 1: DOWNLOADING DATA ---
[2026-08-09 02:18:55] Downloading data for ETH-USD (period=30d, interval=1h)...
[2026-08-09 02:18:55] Data downloaded successfully. Total rows: 699
[2026-08-09 02:18:55] 
[2026-08-09 02:18:55] --- STAGE 2: EVALUATING LATEST FORECAST ---
[2026-08-09 02:18:55] Latest forecast (row 21) is pending. Evaluating...
[2026-08-09 02:18:55]   ForecastTime:    2026-08-08 02:07:53
[2026-08-09 02:18:55]   Rounded to:      2026-08-08 02:00:00
[2026-08-09 02:18:55]   Target windows:  2026-08-08 03:00:00 to 2026-08-09 02:00:00
[2026-08-09 02:18:55]   Data range:      2026-07-11 00:00:00 to 2026-08-09 02:00:00
[2026-08-09 02:18:55]   -> Updated ForecastDetails row 21.
[2026-08-09 02:18:55]   -> Metrics: last_actual=1914.55, abs_error=5.84, pct_error=0.30%, mape=0.33%
[2026-08-09 02:18:55] Pending forecast evaluated.
[2026-08-09 02:18:55] 
[2026-08-09 02:18:55] --- STAGE 3: GENERATING NEW FORECAST ---
[2026-08-09 02:18:55] Running future forecast for horizon=24...
[2026-08-09 02:18:56] Logged new future forecast ID 21 at row 22. Pending actuals.
[2026-08-09 02:18:56] ETH-USD completed. Forecast ID: 21
