[2026-07-28 03:22:35] 
[2026-07-28 03:22:35] ================================================================================
[2026-07-28 03:22:35] PROCESSING ETH-USD
[2026-07-28 03:22:35] ================================================================================
[2026-07-28 03:22:35] 
[2026-07-28 03:22:35] --- STAGE 1: DOWNLOADING DATA ---
[2026-07-28 03:22:35] Downloading data for ETH-USD (period=30d, interval=1h)...
[2026-07-28 03:22:36] Data downloaded successfully. Total rows: 679
[2026-07-28 03:22:36] 
[2026-07-28 03:22:36] --- STAGE 2: EVALUATING LATEST FORECAST ---
[2026-07-28 03:22:36] Latest forecast (row 9) is pending. Evaluating...
[2026-07-28 03:22:36]   ForecastTime:    2026-07-27 03:51:29
[2026-07-28 03:22:36]   Rounded to:      2026-07-27 03:00:00
[2026-07-28 03:22:36]   Target windows:  2026-07-27 04:00:00 to 2026-07-28 03:00:00
[2026-07-28 03:22:36]   Data range:      2026-06-29 00:00:00 to 2026-07-28 03:00:00
[2026-07-28 03:22:36]   -> Updated ForecastDetails row 9.
[2026-07-28 03:22:36]   -> Metrics: last_actual=1878.05, abs_error=72.94, pct_error=3.88%, mape=1.44%
[2026-07-28 03:22:36] Pending forecast evaluated.
[2026-07-28 03:22:36] 
[2026-07-28 03:22:36] --- STAGE 3: GENERATING NEW FORECAST ---
[2026-07-28 03:22:36] Running future forecast for horizon=24...
[2026-07-28 03:22:36] Logged new future forecast ID 9 at row 10. Pending actuals.
[2026-07-28 03:22:36] ETH-USD completed. Forecast ID: 9
