[2026-09-20 04:39:41] 
[2026-09-20 04:39:41] ================================================================================
[2026-09-20 04:39:41] PROCESSING ETH-USD
[2026-09-20 04:39:41] ================================================================================
[2026-09-20 04:39:41] 
[2026-09-20 04:39:41] --- STAGE 1: DOWNLOADING DATA ---
[2026-09-20 04:39:41] Downloading data for ETH-USD (period=30d, interval=1h)...
[2026-09-20 04:39:41] Data downloaded successfully. Total rows: 701
[2026-09-20 04:39:41] 
[2026-09-20 04:39:41] --- STAGE 2: EVALUATING LATEST FORECAST ---
[2026-09-20 04:39:41] Latest forecast (row 63) is pending. Evaluating...
[2026-09-20 04:39:41]   ForecastTime:    2026-09-19 04:20:40
[2026-09-20 04:39:41]   Rounded to:      2026-09-19 04:00:00
[2026-09-20 04:39:41]   Target windows:  2026-09-19 05:00:00 to 2026-09-20 04:00:00
[2026-09-20 04:39:41]   Data range:      2026-08-22 00:00:00 to 2026-09-20 04:00:00
[2026-09-20 04:39:41]   -> Updated ForecastDetails row 63.
[2026-09-20 04:39:41]   -> Metrics: last_actual=2584.78, abs_error=1.68, pct_error=0.07%, mape=1.08%
[2026-09-20 04:39:41] Pending forecast evaluated.
[2026-09-20 04:39:41] 
[2026-09-20 04:39:41] --- STAGE 3: GENERATING NEW FORECAST ---
[2026-09-20 04:39:41] Running future forecast for horizon=24...
[2026-09-20 04:39:42] Logged new future forecast ID 63 at row 64. Pending actuals.
[2026-09-20 04:39:42] ETH-USD completed. Forecast ID: 63
