[2026-10-02 05:19:07] 
[2026-10-02 05:19:07] ================================================================================
[2026-10-02 05:19:07] PROCESSING BTC-USD
[2026-10-02 05:19:07] ================================================================================
[2026-10-02 05:19:07] 
[2026-10-02 05:19:07] --- STAGE 1: DOWNLOADING DATA ---
[2026-10-02 05:19:07] Downloading data for BTC-USD (period=30d, interval=1h)...
[2026-10-02 05:19:07] Data downloaded successfully. Total rows: 702
[2026-10-02 05:19:07] 
[2026-10-02 05:19:07] --- STAGE 2: EVALUATING LATEST FORECAST ---
[2026-10-02 05:19:07] Latest forecast (row 75) is pending. Evaluating...
[2026-10-02 05:19:07]   ForecastTime:    2026-10-01 05:31:32
[2026-10-02 05:19:07]   Rounded to:      2026-10-01 05:00:00
[2026-10-02 05:19:07]   Target windows:  2026-10-01 06:00:00 to 2026-10-02 05:00:00
[2026-10-02 05:19:07]   Data range:      2026-09-03 00:00:00 to 2026-10-02 05:00:00
[2026-10-02 05:19:07]   -> Updated ForecastDetails row 75.
[2026-10-02 05:19:07]   -> Metrics: last_actual=86474.95, abs_error=2527.31, pct_error=2.92%, mape=0.90%
[2026-10-02 05:19:07] Pending forecast evaluated.
[2026-10-02 05:19:07] 
[2026-10-02 05:19:07] --- STAGE 3: GENERATING NEW FORECAST ---
[2026-10-02 05:19:07] Running future forecast for horizon=24...
[2026-10-02 05:19:08] Logged new future forecast ID 75 at row 76. Pending actuals.
[2026-10-02 05:19:08] BTC-USD completed. Forecast ID: 75
