[2026-09-23 04:29:58] 
[2026-09-23 04:29:58] ================================================================================
[2026-09-23 04:29:58] PROCESSING BTC-USD
[2026-09-23 04:29:58] ================================================================================
[2026-09-23 04:29:58] 
[2026-09-23 04:29:58] --- STAGE 1: DOWNLOADING DATA ---
[2026-09-23 04:29:58] Downloading data for BTC-USD (period=30d, interval=1h)...
[2026-09-23 04:29:59] Data downloaded successfully. Total rows: 701
[2026-09-23 04:29:59] 
[2026-09-23 04:29:59] --- STAGE 2: EVALUATING LATEST FORECAST ---
[2026-09-23 04:29:59] Latest forecast (row 66) is pending. Evaluating...
[2026-09-23 04:29:59]   ForecastTime:    2026-09-22 04:33:35
[2026-09-23 04:29:59]   Rounded to:      2026-09-22 04:00:00
[2026-09-23 04:29:59]   Target windows:  2026-09-22 05:00:00 to 2026-09-23 04:00:00
[2026-09-23 04:29:59]   Data range:      2026-08-25 00:00:00 to 2026-09-23 04:00:00
[2026-09-23 04:29:59]   -> Updated ForecastDetails row 66.
[2026-09-23 04:30:00]   -> Metrics: last_actual=87022.32, abs_error=2861.77, pct_error=3.29%, mape=1.63%
[2026-09-23 04:30:00] Pending forecast evaluated.
[2026-09-23 04:30:00] 
[2026-09-23 04:30:00] --- STAGE 3: GENERATING NEW FORECAST ---
[2026-09-23 04:30:00] Running future forecast for horizon=24...
[2026-09-23 04:30:00] Logged new future forecast ID 66 at row 67. Pending actuals.
[2026-09-23 04:30:00] BTC-USD completed. Forecast ID: 66
