[2026-07-31 03:39:43] 
[2026-07-31 03:39:43] ================================================================================
[2026-07-31 03:39:43] PROCESSING BTC-USD
[2026-07-31 03:39:43] ================================================================================
[2026-07-31 03:39:43] 
[2026-07-31 03:39:43] --- STAGE 1: DOWNLOADING DATA ---
[2026-07-31 03:39:43] Downloading data for BTC-USD (period=30d, interval=1h)...
[2026-07-31 03:39:43] Data downloaded successfully. Total rows: 700
[2026-07-31 03:39:43] 
[2026-07-31 03:39:43] --- STAGE 2: EVALUATING LATEST FORECAST ---
[2026-07-31 03:39:43] Latest forecast (row 12) is pending. Evaluating...
[2026-07-31 03:39:43]   ForecastTime:    2026-07-30 02:57:51
[2026-07-31 03:39:43]   Rounded to:      2026-07-30 02:00:00
[2026-07-31 03:39:43]   Target windows:  2026-07-30 03:00:00 to 2026-07-31 02:00:00
[2026-07-31 03:39:43]   Data range:      2026-07-02 00:00:00 to 2026-07-31 03:00:00
[2026-07-31 03:39:43]   -> Updated ForecastDetails row 12.
[2026-07-31 03:39:43]   -> Metrics: last_actual=64230.03, abs_error=72.48, pct_error=0.11%, mape=0.64%
[2026-07-31 03:39:43] Pending forecast evaluated.
[2026-07-31 03:39:43] 
[2026-07-31 03:39:43] --- STAGE 3: GENERATING NEW FORECAST ---
[2026-07-31 03:39:43] Running future forecast for horizon=24...
[2026-07-31 03:39:44] Logged new future forecast ID 12 at row 13. Pending actuals.
[2026-07-31 03:39:44] BTC-USD completed. Forecast ID: 12
