[2026-07-29 03:23:31] 
[2026-07-29 03:23:31] ================================================================================
[2026-07-29 03:23:31] PROCESSING BTC-USD
[2026-07-29 03:23:31] ================================================================================
[2026-07-29 03:23:31] 
[2026-07-29 03:23:31] --- STAGE 1: DOWNLOADING DATA ---
[2026-07-29 03:23:31] Downloading data for BTC-USD (period=30d, interval=1h)...
[2026-07-29 03:23:31] Data downloaded successfully. Total rows: 700
[2026-07-29 03:23:31] 
[2026-07-29 03:23:31] --- STAGE 2: EVALUATING LATEST FORECAST ---
[2026-07-29 03:23:31] Latest forecast (row 10) is pending. Evaluating...
[2026-07-29 03:23:31]   ForecastTime:    2026-07-28 03:22:35
[2026-07-29 03:23:31]   Rounded to:      2026-07-28 03:00:00
[2026-07-29 03:23:31]   Target windows:  2026-07-28 04:00:00 to 2026-07-29 03:00:00
[2026-07-29 03:23:31]   Data range:      2026-06-30 00:00:00 to 2026-07-29 03:00:00
[2026-07-29 03:23:31]   -> Updated ForecastDetails row 10.
[2026-07-29 03:23:32]   -> Metrics: last_actual=63831.24, abs_error=408.22, pct_error=0.64%, mape=0.39%
[2026-07-29 03:23:32] Pending forecast evaluated.
[2026-07-29 03:23:32] 
[2026-07-29 03:23:32] --- STAGE 3: GENERATING NEW FORECAST ---
[2026-07-29 03:23:32] Running future forecast for horizon=24...
[2026-07-29 03:23:32] Logged new future forecast ID 10 at row 11. Pending actuals.
[2026-07-29 03:23:32] BTC-USD completed. Forecast ID: 10
