[2026-08-21 01:48:46] 
[2026-08-21 01:48:46] ================================================================================
[2026-08-21 01:48:46] PROCESSING BTC-USD
[2026-08-21 01:48:46] ================================================================================
[2026-08-21 01:48:46] 
[2026-08-21 01:48:46] --- STAGE 1: DOWNLOADING DATA ---
[2026-08-21 01:48:46] Downloading data for BTC-USD (period=30d, interval=1h)...
[2026-08-21 01:48:46] Data downloaded successfully. Total rows: 698
[2026-08-21 01:48:46] 
[2026-08-21 01:48:46] --- STAGE 2: EVALUATING LATEST FORECAST ---
[2026-08-21 01:48:46] Latest forecast (row 33) is pending. Evaluating...
[2026-08-21 01:48:46]   ForecastTime:    2026-08-20 01:43:26
[2026-08-21 01:48:46]   Rounded to:      2026-08-20 01:00:00
[2026-08-21 01:48:46]   Target windows:  2026-08-20 02:00:00 to 2026-08-21 01:00:00
[2026-08-21 01:48:46]   Data range:      2026-07-23 00:00:00 to 2026-08-21 01:00:00
[2026-08-21 01:48:46]   -> Updated ForecastDetails row 33.
[2026-08-21 01:48:47]   -> Metrics: last_actual=75464.02, abs_error=6509.46, pct_error=8.63%, mape=3.56%
[2026-08-21 01:48:47] Pending forecast evaluated.
[2026-08-21 01:48:47] 
[2026-08-21 01:48:47] --- STAGE 3: GENERATING NEW FORECAST ---
[2026-08-21 01:48:47] Running future forecast for horizon=24...
[2026-08-21 01:48:47] Logged new future forecast ID 33 at row 34. Pending actuals.
[2026-08-21 01:48:47] BTC-USD completed. Forecast ID: 33
