[2026-10-04 05:34:19] 
[2026-10-04 05:34:19] ================================================================================
[2026-10-04 05:34:19] PROCESSING BTC-USD
[2026-10-04 05:34:19] ================================================================================
[2026-10-04 05:34:19] 
[2026-10-04 05:34:19] --- STAGE 1: DOWNLOADING DATA ---
[2026-10-04 05:34:19] Downloading data for BTC-USD (period=30d, interval=1h)...
[2026-10-04 05:34:20] Data downloaded successfully. Total rows: 702
[2026-10-04 05:34:20] 
[2026-10-04 05:34:20] --- STAGE 2: EVALUATING LATEST FORECAST ---
[2026-10-04 05:34:20] Latest forecast (row 77) is pending. Evaluating...
[2026-10-04 05:34:20]   ForecastTime:    2026-10-03 05:01:58
[2026-10-04 05:34:20]   Rounded to:      2026-10-03 05:00:00
[2026-10-04 05:34:20]   Target windows:  2026-10-03 06:00:00 to 2026-10-04 05:00:00
[2026-10-04 05:34:20]   Data range:      2026-09-05 00:00:00 to 2026-10-04 05:00:00
[2026-10-04 05:34:20]   -> Updated ForecastDetails row 77.
[2026-10-04 05:34:20]   -> Metrics: last_actual=84854.55, abs_error=508.47, pct_error=0.60%, mape=0.41%
[2026-10-04 05:34:20] Pending forecast evaluated.
[2026-10-04 05:34:20] 
[2026-10-04 05:34:20] --- STAGE 3: GENERATING NEW FORECAST ---
[2026-10-04 05:34:20] Running future forecast for horizon=24...
[2026-10-04 05:34:20] Logged new future forecast ID 77 at row 78. Pending actuals.
[2026-10-04 05:34:20] BTC-USD completed. Forecast ID: 77
