[2026-09-21 04:37:37] 
[2026-09-21 04:37:37] ================================================================================
[2026-09-21 04:37:37] PROCESSING BTC-USD
[2026-09-21 04:37:37] ================================================================================
[2026-09-21 04:37:37] 
[2026-09-21 04:37:37] --- STAGE 1: DOWNLOADING DATA ---
[2026-09-21 04:37:37] Downloading data for BTC-USD (period=30d, interval=1h)...
[2026-09-21 04:37:37] Data downloaded successfully. Total rows: 701
[2026-09-21 04:37:37] 
[2026-09-21 04:37:37] --- STAGE 2: EVALUATING LATEST FORECAST ---
[2026-09-21 04:37:37] Latest forecast (row 64) is pending. Evaluating...
[2026-09-21 04:37:37]   ForecastTime:    2026-09-20 04:39:41
[2026-09-21 04:37:37]   Rounded to:      2026-09-20 04:00:00
[2026-09-21 04:37:37]   Target windows:  2026-09-20 05:00:00 to 2026-09-21 04:00:00
[2026-09-21 04:37:37]   Data range:      2026-08-23 00:00:00 to 2026-09-21 04:00:00
[2026-09-21 04:37:37]   -> Updated ForecastDetails row 64.
[2026-09-21 04:37:37]   -> Metrics: last_actual=81346.48, abs_error=1286.02, pct_error=1.58%, mape=0.75%
[2026-09-21 04:37:37] Pending forecast evaluated.
[2026-09-21 04:37:37] 
[2026-09-21 04:37:37] --- STAGE 3: GENERATING NEW FORECAST ---
[2026-09-21 04:37:37] Running future forecast for horizon=24...
[2026-09-21 04:37:38] Logged new future forecast ID 64 at row 65. Pending actuals.
[2026-09-21 04:37:38] BTC-USD completed. Forecast ID: 64
