[2026-08-03 03:41:51] 
[2026-08-03 03:41:51] ================================================================================
[2026-08-03 03:41:51] PROCESSING BTC-USD
[2026-08-03 03:41:51] ================================================================================
[2026-08-03 03:41:51] 
[2026-08-03 03:41:51] --- STAGE 1: DOWNLOADING DATA ---
[2026-08-03 03:41:51] Downloading data for BTC-USD (period=30d, interval=1h)...
[2026-08-03 03:41:52] Data downloaded successfully. Total rows: 679
[2026-08-03 03:41:52] 
[2026-08-03 03:41:52] --- STAGE 2: EVALUATING LATEST FORECAST ---
[2026-08-03 03:41:52] Latest forecast (row 15) is pending. Evaluating...
[2026-08-03 03:41:52]   ForecastTime:    2026-08-02 03:39:44
[2026-08-03 03:41:52]   Rounded to:      2026-08-02 03:00:00
[2026-08-03 03:41:52]   Target windows:  2026-08-02 04:00:00 to 2026-08-03 03:00:00
[2026-08-03 03:41:52]   Data range:      2026-07-05 00:00:00 to 2026-08-03 03:00:00
[2026-08-03 03:41:52]   -> Updated ForecastDetails row 15.
[2026-08-03 03:41:53]   -> Metrics: last_actual=62971.61, abs_error=816.21, pct_error=1.30%, mape=0.60%
[2026-08-03 03:41:53] Pending forecast evaluated.
[2026-08-03 03:41:53] 
[2026-08-03 03:41:53] --- STAGE 3: GENERATING NEW FORECAST ---
[2026-08-03 03:41:53] Running future forecast for horizon=24...
[2026-08-03 03:41:53] Logged new future forecast ID 15 at row 16. Pending actuals.
[2026-08-03 03:41:53] BTC-USD completed. Forecast ID: 15
