[2026-08-19 01:44:24] 
[2026-08-19 01:44:24] ================================================================================
[2026-08-19 01:44:24] PROCESSING BTC-USD
[2026-08-19 01:44:24] ================================================================================
[2026-08-19 01:44:24] 
[2026-08-19 01:44:24] --- STAGE 1: DOWNLOADING DATA ---
[2026-08-19 01:44:24] Downloading data for BTC-USD (period=30d, interval=1h)...
[2026-08-19 01:44:25] Data downloaded successfully. Total rows: 696
[2026-08-19 01:44:25] 
[2026-08-19 01:44:25] --- STAGE 2: EVALUATING LATEST FORECAST ---
[2026-08-19 01:44:25] Latest forecast (row 31) is pending. Evaluating...
[2026-08-19 01:44:25]   ForecastTime:    2026-08-18 01:42:42
[2026-08-19 01:44:25]   Rounded to:      2026-08-18 01:00:00
[2026-08-19 01:44:25]   Target windows:  2026-08-18 02:00:00 to 2026-08-19 01:00:00
[2026-08-19 01:44:25]   Data range:      2026-07-21 00:00:00 to 2026-08-19 01:00:00
[2026-08-19 01:44:25]   -> Updated ForecastDetails row 31.
[2026-08-19 01:44:25]   -> Metrics: last_actual=64360.05, abs_error=121.17, pct_error=0.19%, mape=0.35%
[2026-08-19 01:44:25] Pending forecast evaluated.
[2026-08-19 01:44:25] 
[2026-08-19 01:44:25] --- STAGE 3: GENERATING NEW FORECAST ---
[2026-08-19 01:44:25] Running future forecast for horizon=24...
[2026-08-19 01:44:26] Logged new future forecast ID 31 at row 32. Pending actuals.
[2026-08-19 01:44:26] BTC-USD completed. Forecast ID: 31
