[2026-08-07 03:10:51] 
[2026-08-07 03:10:51] ================================================================================
[2026-08-07 03:10:51] PROCESSING BTC-USD
[2026-08-07 03:10:51] ================================================================================
[2026-08-07 03:10:51] 
[2026-08-07 03:10:51] --- STAGE 1: DOWNLOADING DATA ---
[2026-08-07 03:10:51] Downloading data for BTC-USD (period=30d, interval=1h)...
[2026-08-07 03:10:51] Data downloaded successfully. Total rows: 700
[2026-08-07 03:10:51] 
[2026-08-07 03:10:51] --- STAGE 2: EVALUATING LATEST FORECAST ---
[2026-08-07 03:10:51] Latest forecast (row 19) is pending. Evaluating...
[2026-08-07 03:10:51]   ForecastTime:    2026-08-06 03:23:41
[2026-08-07 03:10:51]   Rounded to:      2026-08-06 03:00:00
[2026-08-07 03:10:51]   Target windows:  2026-08-06 04:00:00 to 2026-08-07 03:00:00
[2026-08-07 03:10:51]   Data range:      2026-07-09 00:00:00 to 2026-08-07 03:00:00
[2026-08-07 03:10:51]   -> Updated ForecastDetails row 19.
[2026-08-07 03:10:51]   -> Metrics: last_actual=64319.37, abs_error=121.82, pct_error=0.19%, mape=0.27%
[2026-08-07 03:10:51] Pending forecast evaluated.
[2026-08-07 03:10:51] 
[2026-08-07 03:10:51] --- STAGE 3: GENERATING NEW FORECAST ---
[2026-08-07 03:10:51] Running future forecast for horizon=24...
[2026-08-07 03:10:52] Logged new future forecast ID 19 at row 20. Pending actuals.
[2026-08-07 03:10:52] BTC-USD completed. Forecast ID: 19
