[2026-08-22 01:41:45] 
[2026-08-22 01:41:45] ================================================================================
[2026-08-22 01:41:45] PROCESSING BTC-USD
[2026-08-22 01:41:45] ================================================================================
[2026-08-22 01:41:45] 
[2026-08-22 01:41:45] --- STAGE 1: DOWNLOADING DATA ---
[2026-08-22 01:41:45] Downloading data for BTC-USD (period=30d, interval=1h)...
[2026-08-22 01:41:46] Data downloaded successfully. Total rows: 696
[2026-08-22 01:41:46] 
[2026-08-22 01:41:46] --- STAGE 2: EVALUATING LATEST FORECAST ---
[2026-08-22 01:41:46] Latest forecast (row 34) is pending. Evaluating...
[2026-08-22 01:41:46]   ForecastTime:    2026-08-21 01:48:47
[2026-08-22 01:41:46]   Rounded to:      2026-08-21 01:00:00
[2026-08-22 01:41:46]   Target windows:  2026-08-21 02:00:00 to 2026-08-22 01:00:00
[2026-08-22 01:41:46]   Data range:      2026-07-24 00:00:00 to 2026-08-22 01:00:00
[2026-08-22 01:41:46]   -> Updated ForecastDetails row 34.
[2026-08-22 01:41:46]   -> Metrics: last_actual=77995.01, abs_error=4518.20, pct_error=5.79%, mape=3.20%
[2026-08-22 01:41:46] Pending forecast evaluated.
[2026-08-22 01:41:46] 
[2026-08-22 01:41:46] --- STAGE 3: GENERATING NEW FORECAST ---
[2026-08-22 01:41:46] Running future forecast for horizon=24...
[2026-08-22 01:41:47] Logged new future forecast ID 34 at row 35. Pending actuals.
[2026-08-22 01:41:47] BTC-USD completed. Forecast ID: 34
