[2026-09-27 05:02:16] 
[2026-09-27 05:02:16] ================================================================================
[2026-09-27 05:02:16] PROCESSING BTC-USD
[2026-09-27 05:02:16] ================================================================================
[2026-09-27 05:02:16] 
[2026-09-27 05:02:16] --- STAGE 1: DOWNLOADING DATA ---
[2026-09-27 05:02:16] Downloading data for BTC-USD (period=30d, interval=1h)...
[2026-09-27 05:02:17] Data downloaded successfully. Total rows: 702
[2026-09-27 05:02:17] 
[2026-09-27 05:02:17] --- STAGE 2: EVALUATING LATEST FORECAST ---
[2026-09-27 05:02:17] Latest forecast (row 70) is pending. Evaluating...
[2026-09-27 05:02:17]   ForecastTime:    2026-09-26 04:42:20
[2026-09-27 05:02:17]   Rounded to:      2026-09-26 04:00:00
[2026-09-27 05:02:17]   Target windows:  2026-09-26 05:00:00 to 2026-09-27 04:00:00
[2026-09-27 05:02:17]   Data range:      2026-08-29 00:00:00 to 2026-09-27 05:00:00
[2026-09-27 05:02:17]   -> Updated ForecastDetails row 70.
[2026-09-27 05:02:17]   -> Metrics: last_actual=84316.80, abs_error=289.70, pct_error=0.34%, mape=0.19%
[2026-09-27 05:02:17] Pending forecast evaluated.
[2026-09-27 05:02:17] 
[2026-09-27 05:02:17] --- STAGE 3: GENERATING NEW FORECAST ---
[2026-09-27 05:02:17] Running future forecast for horizon=24...
[2026-09-27 05:02:18] Logged new future forecast ID 70 at row 71. Pending actuals.
[2026-09-27 05:02:18] BTC-USD completed. Forecast ID: 70
