[2026-08-27 08:54:12] 
[2026-08-27 08:54:12] ================================================================================
[2026-08-27 08:54:12] PROCESSING BTC-USD
[2026-08-27 08:54:12] ================================================================================
[2026-08-27 08:54:12] 
[2026-08-27 08:54:12] --- STAGE 1: DOWNLOADING DATA ---
[2026-08-27 08:54:12] Downloading data for BTC-USD (period=30d, interval=1h)...
[2026-08-27 08:54:13] Data downloaded successfully. Total rows: 705
[2026-08-27 08:54:13] 
[2026-08-27 08:54:13] --- STAGE 2: EVALUATING LATEST FORECAST ---
[2026-08-27 08:54:13] Latest forecast (row 39) is pending. Evaluating...
[2026-08-27 08:54:13]   ForecastTime:    2026-08-26 01:49:08
[2026-08-27 08:54:13]   Rounded to:      2026-08-26 01:00:00
[2026-08-27 08:54:13]   Target windows:  2026-08-26 02:00:00 to 2026-08-27 01:00:00
[2026-08-27 08:54:13]   Data range:      2026-07-29 00:00:00 to 2026-08-27 08:00:00
[2026-08-27 08:54:13]   -> Updated ForecastDetails row 39.
[2026-08-27 08:54:13]   -> Metrics: last_actual=78893.50, abs_error=394.08, pct_error=0.50%, mape=0.31%
[2026-08-27 08:54:13] Pending forecast evaluated.
[2026-08-27 08:54:13] 
[2026-08-27 08:54:13] --- STAGE 3: GENERATING NEW FORECAST ---
[2026-08-27 08:54:13] Running future forecast for horizon=24...
[2026-08-27 08:54:14] Logged new future forecast ID 39 at row 40. Pending actuals.
[2026-08-27 08:54:14] BTC-USD completed. Forecast ID: 39
