[2026-08-18 01:42:41] 
[2026-08-18 01:42:41] ================================================================================
[2026-08-18 01:42:41] PROCESSING BTC-USD
[2026-08-18 01:42:41] ================================================================================
[2026-08-18 01:42:41] 
[2026-08-18 01:42:41] --- STAGE 1: DOWNLOADING DATA ---
[2026-08-18 01:42:41] Downloading data for BTC-USD (period=30d, interval=1h)...
[2026-08-18 01:42:42] Data downloaded successfully. Total rows: 696
[2026-08-18 01:42:42] 
[2026-08-18 01:42:42] --- STAGE 2: EVALUATING LATEST FORECAST ---
[2026-08-18 01:42:42] Latest forecast (row 30) is pending. Evaluating...
[2026-08-18 01:42:42]   ForecastTime:    2026-08-17 01:47:22
[2026-08-18 01:42:42]   Rounded to:      2026-08-17 01:00:00
[2026-08-18 01:42:42]   Target windows:  2026-08-17 02:00:00 to 2026-08-18 01:00:00
[2026-08-18 01:42:42]   Data range:      2026-07-20 00:00:00 to 2026-08-18 01:00:00
[2026-08-18 01:42:42]   -> Updated ForecastDetails row 30.
[2026-08-18 01:42:42]   -> Metrics: last_actual=64227.95, abs_error=1156.81, pct_error=1.80%, mape=1.20%
[2026-08-18 01:42:42] Pending forecast evaluated.
[2026-08-18 01:42:42] 
[2026-08-18 01:42:42] --- STAGE 3: GENERATING NEW FORECAST ---
[2026-08-18 01:42:42] Running future forecast for horizon=24...
[2026-08-18 01:42:42] Logged new future forecast ID 30 at row 31. Pending actuals.
[2026-08-18 01:42:42] BTC-USD completed. Forecast ID: 30
