[2026-07-27 03:51:26] 
[2026-07-27 03:51:26] ================================================================================
[2026-07-27 03:51:26] PROCESSING BTC-USD
[2026-07-27 03:51:26] ================================================================================
[2026-07-27 03:51:26] 
[2026-07-27 03:51:26] --- STAGE 1: DOWNLOADING DATA ---
[2026-07-27 03:51:26] Downloading data for BTC-USD (period=30d, interval=1h)...
[2026-07-27 03:51:27] Data downloaded successfully. Total rows: 700
[2026-07-27 03:51:27] 
[2026-07-27 03:51:27] --- STAGE 2: EVALUATING LATEST FORECAST ---
[2026-07-27 03:51:27] Latest forecast (row 8) is pending. Evaluating...
[2026-07-27 03:51:27]   ForecastTime:    2026-07-26 03:41:57
[2026-07-27 03:51:27]   Rounded to:      2026-07-26 03:00:00
[2026-07-27 03:51:27]   Target windows:  2026-07-26 04:00:00 to 2026-07-27 03:00:00
[2026-07-27 03:51:27]   Data range:      2026-06-28 00:00:00 to 2026-07-27 03:00:00
[2026-07-27 03:51:27]   -> Updated ForecastDetails row 8.
[2026-07-27 03:51:27]   -> Metrics: last_actual=65236.60, abs_error=635.70, pct_error=0.97%, mape=0.36%
[2026-07-27 03:51:27] Pending forecast evaluated.
[2026-07-27 03:51:27] 
[2026-07-27 03:51:27] --- STAGE 3: GENERATING NEW FORECAST ---
[2026-07-27 03:51:27] Running future forecast for horizon=24...
[2026-07-27 03:51:28] Logged new future forecast ID 8 at row 9. Pending actuals.
[2026-07-27 03:51:28] BTC-USD completed. Forecast ID: 8
