[2026-09-26 04:42:18] 
[2026-09-26 04:42:18] ================================================================================
[2026-09-26 04:42:18] PROCESSING BTC-USD
[2026-09-26 04:42:18] ================================================================================
[2026-09-26 04:42:18] 
[2026-09-26 04:42:18] --- STAGE 1: DOWNLOADING DATA ---
[2026-09-26 04:42:18] Downloading data for BTC-USD (period=30d, interval=1h)...
[2026-09-26 04:42:19] Data downloaded successfully. Total rows: 701
[2026-09-26 04:42:19] 
[2026-09-26 04:42:19] --- STAGE 2: EVALUATING LATEST FORECAST ---
[2026-09-26 04:42:19] Latest forecast (row 69) is pending. Evaluating...
[2026-09-26 04:42:19]   ForecastTime:    2026-09-25 04:38:28
[2026-09-26 04:42:19]   Rounded to:      2026-09-25 04:00:00
[2026-09-26 04:42:19]   Target windows:  2026-09-25 05:00:00 to 2026-09-26 04:00:00
[2026-09-26 04:42:19]   Data range:      2026-08-28 00:00:00 to 2026-09-26 04:00:00
[2026-09-26 04:42:19]   -> Updated ForecastDetails row 69.
[2026-09-26 04:42:19]   -> Metrics: last_actual=83930.57, abs_error=138.54, pct_error=0.17%, mape=0.27%
[2026-09-26 04:42:19] Pending forecast evaluated.
[2026-09-26 04:42:19] 
[2026-09-26 04:42:19] --- STAGE 3: GENERATING NEW FORECAST ---
[2026-09-26 04:42:19] Running future forecast for horizon=24...
[2026-09-26 04:42:20] Logged new future forecast ID 69 at row 70. Pending actuals.
[2026-09-26 04:42:20] BTC-USD completed. Forecast ID: 69
