[2026-08-09 02:18:53] 
[2026-08-09 02:18:53] ================================================================================
[2026-08-09 02:18:53] PROCESSING BTC-USD
[2026-08-09 02:18:53] ================================================================================
[2026-08-09 02:18:53] 
[2026-08-09 02:18:53] --- STAGE 1: DOWNLOADING DATA ---
[2026-08-09 02:18:53] Downloading data for BTC-USD (period=30d, interval=1h)...
[2026-08-09 02:18:54] Data downloaded successfully. Total rows: 699
[2026-08-09 02:18:54] 
[2026-08-09 02:18:54] --- STAGE 2: EVALUATING LATEST FORECAST ---
[2026-08-09 02:18:54] Latest forecast (row 21) is pending. Evaluating...
[2026-08-09 02:18:54]   ForecastTime:    2026-08-08 02:07:52
[2026-08-09 02:18:54]   Rounded to:      2026-08-08 02:00:00
[2026-08-09 02:18:54]   Target windows:  2026-08-08 03:00:00 to 2026-08-09 02:00:00
[2026-08-09 02:18:54]   Data range:      2026-07-11 00:00:00 to 2026-08-09 02:00:00
[2026-08-09 02:18:54]   -> Updated ForecastDetails row 21.
[2026-08-09 02:18:54]   -> Metrics: last_actual=64782.27, abs_error=162.49, pct_error=0.25%, mape=0.32%
[2026-08-09 02:18:54] Pending forecast evaluated.
[2026-08-09 02:18:54] 
[2026-08-09 02:18:54] --- STAGE 3: GENERATING NEW FORECAST ---
[2026-08-09 02:18:54] Running future forecast for horizon=24...
[2026-08-09 02:18:55] Logged new future forecast ID 21 at row 22. Pending actuals.
[2026-08-09 02:18:55] BTC-USD completed. Forecast ID: 21
