[2026-09-01 04:48:46] 
[2026-09-01 04:48:46] ================================================================================
[2026-09-01 04:48:46] PROCESSING BTC-USD
[2026-09-01 04:48:46] ================================================================================
[2026-09-01 04:48:46] 
[2026-09-01 04:48:46] --- STAGE 1: DOWNLOADING DATA ---
[2026-09-01 04:48:46] Downloading data for BTC-USD (period=30d, interval=1h)...
[2026-09-01 04:48:47] Data downloaded successfully. Total rows: 701
[2026-09-01 04:48:47] 
[2026-09-01 04:48:47] --- STAGE 2: EVALUATING LATEST FORECAST ---
[2026-09-01 04:48:47] Latest forecast (row 44) is pending. Evaluating...
[2026-09-01 04:48:47]   ForecastTime:    2026-08-31 05:13:01
[2026-09-01 04:48:47]   Rounded to:      2026-08-31 05:00:00
[2026-09-01 04:48:47]   Target windows:  2026-08-31 06:00:00 to 2026-09-01 05:00:00
[2026-09-01 04:48:47]   Data range:      2026-08-03 00:00:00 to 2026-09-01 04:00:00
[2026-09-01 04:48:47]   -> Updated ForecastDetails row 44.
[2026-09-01 04:48:47]   -> Metrics: last_actual=78741.15, abs_error=904.09, pct_error=1.15%, mape=0.99%
[2026-09-01 04:48:47] Pending forecast evaluated.
[2026-09-01 04:48:47] 
[2026-09-01 04:48:47] --- STAGE 3: GENERATING NEW FORECAST ---
[2026-09-01 04:48:47] Running future forecast for horizon=24...
[2026-09-01 04:48:48] Logged new future forecast ID 44 at row 45. Pending actuals.
[2026-09-01 04:48:48] BTC-USD completed. Forecast ID: 44
