[2026-08-26 01:49:07] 
[2026-08-26 01:49:07] ================================================================================
[2026-08-26 01:49:07] PROCESSING BTC-USD
[2026-08-26 01:49:07] ================================================================================
[2026-08-26 01:49:07] 
[2026-08-26 01:49:07] --- STAGE 1: DOWNLOADING DATA ---
[2026-08-26 01:49:07] Downloading data for BTC-USD (period=30d, interval=1h)...
[2026-08-26 01:49:08] Data downloaded successfully. Total rows: 697
[2026-08-26 01:49:08] 
[2026-08-26 01:49:08] --- STAGE 2: EVALUATING LATEST FORECAST ---
[2026-08-26 01:49:08] Latest forecast (row 38) is pending. Evaluating...
[2026-08-26 01:49:08]   ForecastTime:    2026-08-25 01:43:43
[2026-08-26 01:49:08]   Rounded to:      2026-08-25 01:00:00
[2026-08-26 01:49:08]   Target windows:  2026-08-25 02:00:00 to 2026-08-26 01:00:00
[2026-08-26 01:49:08]   Data range:      2026-07-28 00:00:00 to 2026-08-26 01:00:00
[2026-08-26 01:49:08]   -> Updated ForecastDetails row 38.
[2026-08-26 01:49:08]   -> Metrics: last_actual=78824.73, abs_error=803.73, pct_error=1.02%, mape=0.90%
[2026-08-26 01:49:08] Pending forecast evaluated.
[2026-08-26 01:49:08] 
[2026-08-26 01:49:08] --- STAGE 3: GENERATING NEW FORECAST ---
[2026-08-26 01:49:08] Running future forecast for horizon=24...
[2026-08-26 01:49:08] Logged new future forecast ID 38 at row 39. Pending actuals.
[2026-08-26 01:49:08] BTC-USD completed. Forecast ID: 38
