[2026-09-12 04:17:49] 
[2026-09-12 04:17:49] ================================================================================
[2026-09-12 04:17:49] PROCESSING BTC-USD
[2026-09-12 04:17:49] ================================================================================
[2026-09-12 04:17:49] 
[2026-09-12 04:17:49] --- STAGE 1: DOWNLOADING DATA ---
[2026-09-12 04:17:49] Downloading data for BTC-USD (period=30d, interval=1h)...
[2026-09-12 04:17:50] Data downloaded successfully. Total rows: 701
[2026-09-12 04:17:50] 
[2026-09-12 04:17:50] --- STAGE 2: EVALUATING LATEST FORECAST ---
[2026-09-12 04:17:50] Latest forecast (row 55) is pending. Evaluating...
[2026-09-12 04:17:50]   ForecastTime:    2026-09-11 04:19:42
[2026-09-12 04:17:50]   Rounded to:      2026-09-11 04:00:00
[2026-09-12 04:17:50]   Target windows:  2026-09-11 05:00:00 to 2026-09-12 04:00:00
[2026-09-12 04:17:50]   Data range:      2026-08-14 00:00:00 to 2026-09-12 04:00:00
[2026-09-12 04:17:50]   -> Updated ForecastDetails row 55.
[2026-09-12 04:17:50]   -> Metrics: last_actual=77242.01, abs_error=488.16, pct_error=0.63%, mape=0.75%
[2026-09-12 04:17:50] Pending forecast evaluated.
[2026-09-12 04:17:50] 
[2026-09-12 04:17:50] --- STAGE 3: GENERATING NEW FORECAST ---
[2026-09-12 04:17:50] Running future forecast for horizon=24...
[2026-09-12 04:17:51] Logged new future forecast ID 55 at row 56. Pending actuals.
[2026-09-12 04:17:51] BTC-USD completed. Forecast ID: 55
