[2026-09-22 04:33:33] 
[2026-09-22 04:33:33] ================================================================================
[2026-09-22 04:33:33] PROCESSING BTC-USD
[2026-09-22 04:33:33] ================================================================================
[2026-09-22 04:33:33] 
[2026-09-22 04:33:33] --- STAGE 1: DOWNLOADING DATA ---
[2026-09-22 04:33:33] Downloading data for BTC-USD (period=30d, interval=1h)...
[2026-09-22 04:33:34] Data downloaded successfully. Total rows: 701
[2026-09-22 04:33:34] 
[2026-09-22 04:33:34] --- STAGE 2: EVALUATING LATEST FORECAST ---
[2026-09-22 04:33:34] Latest forecast (row 65) is pending. Evaluating...
[2026-09-22 04:33:34]   ForecastTime:    2026-09-21 04:37:38
[2026-09-22 04:33:34]   Rounded to:      2026-09-21 04:00:00
[2026-09-22 04:33:34]   Target windows:  2026-09-21 05:00:00 to 2026-09-22 04:00:00
[2026-09-22 04:33:34]   Data range:      2026-08-24 00:00:00 to 2026-09-22 04:00:00
[2026-09-22 04:33:34]   -> Updated ForecastDetails row 65.
[2026-09-22 04:33:34]   -> Metrics: last_actual=85476.63, abs_error=4437.34, pct_error=5.19%, mape=4.59%
[2026-09-22 04:33:34] Pending forecast evaluated.
[2026-09-22 04:33:34] 
[2026-09-22 04:33:34] --- STAGE 3: GENERATING NEW FORECAST ---
[2026-09-22 04:33:34] Running future forecast for horizon=24...
[2026-09-22 04:33:35] Logged new future forecast ID 65 at row 66. Pending actuals.
[2026-09-22 04:33:35] BTC-USD completed. Forecast ID: 65
