[2026-08-31 05:13:00] 
[2026-08-31 05:13:00] ================================================================================
[2026-08-31 05:13:00] PROCESSING BTC-USD
[2026-08-31 05:13:00] ================================================================================
[2026-08-31 05:13:00] 
[2026-08-31 05:13:00] --- STAGE 1: DOWNLOADING DATA ---
[2026-08-31 05:13:00] Downloading data for BTC-USD (period=30d, interval=1h)...
[2026-08-31 05:13:01] Data downloaded successfully. Total rows: 702
[2026-08-31 05:13:01] 
[2026-08-31 05:13:01] --- STAGE 2: EVALUATING LATEST FORECAST ---
[2026-08-31 05:13:01] Latest forecast (row 43) is pending. Evaluating...
[2026-08-31 05:13:01]   ForecastTime:    2026-08-30 05:05:28
[2026-08-31 05:13:01]   Rounded to:      2026-08-30 05:00:00
[2026-08-31 05:13:01]   Target windows:  2026-08-30 06:00:00 to 2026-08-31 05:00:00
[2026-08-31 05:13:01]   Data range:      2026-08-02 00:00:00 to 2026-08-31 05:00:00
[2026-08-31 05:13:01]   -> Updated ForecastDetails row 43.
[2026-08-31 05:13:01]   -> Metrics: last_actual=77689.73, abs_error=488.55, pct_error=0.63%, mape=0.53%
[2026-08-31 05:13:01] Pending forecast evaluated.
[2026-08-31 05:13:01] 
[2026-08-31 05:13:01] --- STAGE 3: GENERATING NEW FORECAST ---
[2026-08-31 05:13:01] Running future forecast for horizon=24...
[2026-08-31 05:13:01] Logged new future forecast ID 43 at row 44. Pending actuals.
[2026-08-31 05:13:01] BTC-USD completed. Forecast ID: 43
