[2026-09-14 04:37:20] 
[2026-09-14 04:37:20] ================================================================================
[2026-09-14 04:37:20] PROCESSING BTC-USD
[2026-09-14 04:37:20] ================================================================================
[2026-09-14 04:37:20] 
[2026-09-14 04:37:20] --- STAGE 1: DOWNLOADING DATA ---
[2026-09-14 04:37:20] Downloading data for BTC-USD (period=30d, interval=1h)...
[2026-09-14 04:37:21] Data downloaded successfully. Total rows: 701
[2026-09-14 04:37:21] 
[2026-09-14 04:37:21] --- STAGE 2: EVALUATING LATEST FORECAST ---
[2026-09-14 04:37:21] Latest forecast (row 57) is pending. Evaluating...
[2026-09-14 04:37:21]   ForecastTime:    2026-09-13 04:31:02
[2026-09-14 04:37:21]   Rounded to:      2026-09-13 04:00:00
[2026-09-14 04:37:21]   Target windows:  2026-09-13 05:00:00 to 2026-09-14 04:00:00
[2026-09-14 04:37:21]   Data range:      2026-08-16 00:00:00 to 2026-09-14 04:00:00
[2026-09-14 04:37:21]   -> Updated ForecastDetails row 57.
[2026-09-14 04:37:21]   -> Metrics: last_actual=77543.79, abs_error=390.64, pct_error=0.50%, mape=0.34%
[2026-09-14 04:37:21] Pending forecast evaluated.
[2026-09-14 04:37:21] 
[2026-09-14 04:37:21] --- STAGE 3: GENERATING NEW FORECAST ---
[2026-09-14 04:37:21] Running future forecast for horizon=24...
[2026-09-14 04:37:22] Logged new future forecast ID 57 at row 58. Pending actuals.
[2026-09-14 04:37:22] BTC-USD completed. Forecast ID: 57
