[2026-08-08 02:07:50] 
[2026-08-08 02:07:50] ================================================================================
[2026-08-08 02:07:50] PROCESSING BTC-USD
[2026-08-08 02:07:50] ================================================================================
[2026-08-08 02:07:50] 
[2026-08-08 02:07:50] --- STAGE 1: DOWNLOADING DATA ---
[2026-08-08 02:07:50] Downloading data for BTC-USD (period=30d, interval=1h)...
[2026-08-08 02:07:51] Data downloaded successfully. Total rows: 676
[2026-08-08 02:07:51] 
[2026-08-08 02:07:51] --- STAGE 2: EVALUATING LATEST FORECAST ---
[2026-08-08 02:07:51] Latest forecast (row 20) is pending. Evaluating...
[2026-08-08 02:07:51]   ForecastTime:    2026-08-07 03:10:52
[2026-08-08 02:07:51]   Rounded to:      2026-08-07 03:00:00
[2026-08-08 02:07:51]   Target windows:  2026-08-07 04:00:00 to 2026-08-08 03:00:00
[2026-08-08 02:07:51]   Data range:      2026-07-10 00:00:00 to 2026-08-08 02:00:00
[2026-08-08 02:07:51]   -> Updated ForecastDetails row 20.
[2026-08-08 02:07:51]   -> Metrics: last_actual=64873.82, abs_error=556.16, pct_error=0.86%, mape=0.73%
[2026-08-08 02:07:51] Pending forecast evaluated.
[2026-08-08 02:07:51] 
[2026-08-08 02:07:51] --- STAGE 3: GENERATING NEW FORECAST ---
[2026-08-08 02:07:51] Running future forecast for horizon=24...
[2026-08-08 02:07:52] Logged new future forecast ID 20 at row 21. Pending actuals.
[2026-08-08 02:07:52] BTC-USD completed. Forecast ID: 20
