[2026-09-08 04:16:27] 
[2026-09-08 04:16:27] ================================================================================
[2026-09-08 04:16:27] PROCESSING BTC-USD
[2026-09-08 04:16:27] ================================================================================
[2026-09-08 04:16:27] 
[2026-09-08 04:16:27] --- STAGE 1: DOWNLOADING DATA ---
[2026-09-08 04:16:27] Downloading data for BTC-USD (period=30d, interval=1h)...
[2026-09-08 04:16:27] Data downloaded successfully. Total rows: 701
[2026-09-08 04:16:27] 
[2026-09-08 04:16:27] --- STAGE 2: EVALUATING LATEST FORECAST ---
[2026-09-08 04:16:27] Latest forecast (row 51) is pending. Evaluating...
[2026-09-08 04:16:27]   ForecastTime:    2026-09-07 04:15:44
[2026-09-08 04:16:27]   Rounded to:      2026-09-07 04:00:00
[2026-09-08 04:16:27]   Target windows:  2026-09-07 05:00:00 to 2026-09-08 04:00:00
[2026-09-08 04:16:27]   Data range:      2026-08-10 00:00:00 to 2026-09-08 04:00:00
[2026-09-08 04:16:27]   -> Updated ForecastDetails row 51.
[2026-09-08 04:16:27]   -> Metrics: last_actual=78765.97, abs_error=618.77, pct_error=0.79%, mape=0.39%
[2026-09-08 04:16:27] Pending forecast evaluated.
[2026-09-08 04:16:27] 
[2026-09-08 04:16:27] --- STAGE 3: GENERATING NEW FORECAST ---
[2026-09-08 04:16:27] Running future forecast for horizon=24...
[2026-09-08 04:16:28] Logged new future forecast ID 51 at row 52. Pending actuals.
[2026-09-08 04:16:28] BTC-USD completed. Forecast ID: 51
