[2026-10-01 05:31:31] 
[2026-10-01 05:31:31] ================================================================================
[2026-10-01 05:31:31] PROCESSING BTC-USD
[2026-10-01 05:31:31] ================================================================================
[2026-10-01 05:31:31] 
[2026-10-01 05:31:31] --- STAGE 1: DOWNLOADING DATA ---
[2026-10-01 05:31:31] Downloading data for BTC-USD (period=30d, interval=1h)...
[2026-10-01 05:31:31] Data downloaded successfully. Total rows: 702
[2026-10-01 05:31:31] 
[2026-10-01 05:31:31] --- STAGE 2: EVALUATING LATEST FORECAST ---
[2026-10-01 05:31:31] Latest forecast (row 74) is pending. Evaluating...
[2026-10-01 05:31:31]   ForecastTime:    2026-09-30 05:16:26
[2026-10-01 05:31:31]   Rounded to:      2026-09-30 05:00:00
[2026-10-01 05:31:31]   Target windows:  2026-09-30 06:00:00 to 2026-10-01 05:00:00
[2026-10-01 05:31:31]   Data range:      2026-09-02 00:00:00 to 2026-10-01 05:00:00
[2026-10-01 05:31:31]   -> Updated ForecastDetails row 74.
[2026-10-01 05:31:32]   -> Metrics: last_actual=84234.14, abs_error=1090.69, pct_error=1.29%, mape=0.81%
[2026-10-01 05:31:32] Pending forecast evaluated.
[2026-10-01 05:31:32] 
[2026-10-01 05:31:32] --- STAGE 3: GENERATING NEW FORECAST ---
[2026-10-01 05:31:32] Running future forecast for horizon=24...
[2026-10-01 05:31:32] Logged new future forecast ID 74 at row 75. Pending actuals.
[2026-10-01 05:31:32] BTC-USD completed. Forecast ID: 74
