[2026-09-20 04:39:39] 
[2026-09-20 04:39:39] ================================================================================
[2026-09-20 04:39:39] PROCESSING BTC-USD
[2026-09-20 04:39:39] ================================================================================
[2026-09-20 04:39:39] 
[2026-09-20 04:39:39] --- STAGE 1: DOWNLOADING DATA ---
[2026-09-20 04:39:39] Downloading data for BTC-USD (period=30d, interval=1h)...
[2026-09-20 04:39:40] Data downloaded successfully. Total rows: 701
[2026-09-20 04:39:40] 
[2026-09-20 04:39:40] --- STAGE 2: EVALUATING LATEST FORECAST ---
[2026-09-20 04:39:40] Latest forecast (row 63) is pending. Evaluating...
[2026-09-20 04:39:40]   ForecastTime:    2026-09-19 04:20:39
[2026-09-20 04:39:40]   Rounded to:      2026-09-19 04:00:00
[2026-09-20 04:39:40]   Target windows:  2026-09-19 05:00:00 to 2026-09-20 04:00:00
[2026-09-20 04:39:40]   Data range:      2026-08-22 00:00:00 to 2026-09-20 04:00:00
[2026-09-20 04:39:40]   -> Updated ForecastDetails row 63.
[2026-09-20 04:39:40]   -> Metrics: last_actual=80442.43, abs_error=9.52, pct_error=0.01%, mape=0.54%
[2026-09-20 04:39:40] Pending forecast evaluated.
[2026-09-20 04:39:40] 
[2026-09-20 04:39:40] --- STAGE 3: GENERATING NEW FORECAST ---
[2026-09-20 04:39:40] Running future forecast for horizon=24...
[2026-09-20 04:39:41] Logged new future forecast ID 63 at row 64. Pending actuals.
[2026-09-20 04:39:41] BTC-USD completed. Forecast ID: 63
