[2026-08-17 01:47:21] 
[2026-08-17 01:47:21] ================================================================================
[2026-08-17 01:47:21] PROCESSING BTC-USD
[2026-08-17 01:47:21] ================================================================================
[2026-08-17 01:47:21] 
[2026-08-17 01:47:21] --- STAGE 1: DOWNLOADING DATA ---
[2026-08-17 01:47:21] Downloading data for BTC-USD (period=30d, interval=1h)...
[2026-08-17 01:47:21] Data downloaded successfully. Total rows: 697
[2026-08-17 01:47:21] 
[2026-08-17 01:47:21] --- STAGE 2: EVALUATING LATEST FORECAST ---
[2026-08-17 01:47:21] Latest forecast (row 29) is pending. Evaluating...
[2026-08-17 01:47:21]   ForecastTime:    2026-08-16 01:49:51
[2026-08-17 01:47:21]   Rounded to:      2026-08-16 01:00:00
[2026-08-17 01:47:21]   Target windows:  2026-08-16 02:00:00 to 2026-08-17 01:00:00
[2026-08-17 01:47:21]   Data range:      2026-07-19 00:00:00 to 2026-08-17 01:00:00
[2026-08-17 01:47:21]   -> Updated ForecastDetails row 29.
[2026-08-17 01:47:21]   -> Metrics: last_actual=63106.46, abs_error=19.76, pct_error=0.03%, mape=0.13%
[2026-08-17 01:47:21] Pending forecast evaluated.
[2026-08-17 01:47:21] 
[2026-08-17 01:47:21] --- STAGE 3: GENERATING NEW FORECAST ---
[2026-08-17 01:47:21] Running future forecast for horizon=24...
[2026-08-17 01:47:22] Logged new future forecast ID 29 at row 30. Pending actuals.
[2026-08-17 01:47:22] BTC-USD completed. Forecast ID: 29
