[2026-09-28 05:04:01] 
[2026-09-28 05:04:01] ================================================================================
[2026-09-28 05:04:01] PROCESSING BTC-USD
[2026-09-28 05:04:01] ================================================================================
[2026-09-28 05:04:01] 
[2026-09-28 05:04:01] --- STAGE 1: DOWNLOADING DATA ---
[2026-09-28 05:04:01] Downloading data for BTC-USD (period=30d, interval=1h)...
[2026-09-28 05:04:01] Data downloaded successfully. Total rows: 702
[2026-09-28 05:04:01] 
[2026-09-28 05:04:01] --- STAGE 2: EVALUATING LATEST FORECAST ---
[2026-09-28 05:04:01] Latest forecast (row 71) is pending. Evaluating...
[2026-09-28 05:04:01]   ForecastTime:    2026-09-27 05:02:18
[2026-09-28 05:04:01]   Rounded to:      2026-09-27 05:00:00
[2026-09-28 05:04:01]   Target windows:  2026-09-27 06:00:00 to 2026-09-28 05:00:00
[2026-09-28 05:04:01]   Data range:      2026-08-30 00:00:00 to 2026-09-28 05:00:00
[2026-09-28 05:04:02]   -> Updated ForecastDetails row 71.
[2026-09-28 05:04:02]   -> Metrics: last_actual=83389.48, abs_error=841.82, pct_error=1.01%, mape=0.50%
[2026-09-28 05:04:02] Pending forecast evaluated.
[2026-09-28 05:04:02] 
[2026-09-28 05:04:02] --- STAGE 3: GENERATING NEW FORECAST ---
[2026-09-28 05:04:02] Running future forecast for horizon=24...
[2026-09-28 05:04:02] Logged new future forecast ID 71 at row 72. Pending actuals.
[2026-09-28 05:04:02] BTC-USD completed. Forecast ID: 71
