[2026-07-30 02:57:50] 
[2026-07-30 02:57:50] ================================================================================
[2026-07-30 02:57:50] PROCESSING BTC-USD
[2026-07-30 02:57:50] ================================================================================
[2026-07-30 02:57:50] 
[2026-07-30 02:57:50] --- STAGE 1: DOWNLOADING DATA ---
[2026-07-30 02:57:50] Downloading data for BTC-USD (period=30d, interval=1h)...
[2026-07-30 02:57:50] Data downloaded successfully. Total rows: 678
[2026-07-30 02:57:50] 
[2026-07-30 02:57:50] --- STAGE 2: EVALUATING LATEST FORECAST ---
[2026-07-30 02:57:50] Latest forecast (row 11) is pending. Evaluating...
[2026-07-30 02:57:50]   ForecastTime:    2026-07-29 03:23:32
[2026-07-30 02:57:50]   Rounded to:      2026-07-29 03:00:00
[2026-07-30 02:57:50]   Target windows:  2026-07-29 04:00:00 to 2026-07-30 03:00:00
[2026-07-30 02:57:50]   Data range:      2026-07-01 00:00:00 to 2026-07-30 02:00:00
[2026-07-30 02:57:50]   -> Updated ForecastDetails row 11.
[2026-07-30 02:57:51]   -> Metrics: last_actual=64086.20, abs_error=188.22, pct_error=0.29%, mape=0.51%
[2026-07-30 02:57:51] Pending forecast evaluated.
[2026-07-30 02:57:51] 
[2026-07-30 02:57:51] --- STAGE 3: GENERATING NEW FORECAST ---
[2026-07-30 02:57:51] Running future forecast for horizon=24...
[2026-07-30 02:57:51] Logged new future forecast ID 11 at row 12. Pending actuals.
[2026-07-30 02:57:51] BTC-USD completed. Forecast ID: 11
