[2026-08-02 03:39:41] 
[2026-08-02 03:39:41] ================================================================================
[2026-08-02 03:39:41] PROCESSING BTC-USD
[2026-08-02 03:39:41] ================================================================================
[2026-08-02 03:39:41] 
[2026-08-02 03:39:41] --- STAGE 1: DOWNLOADING DATA ---
[2026-08-02 03:39:41] Downloading data for BTC-USD (period=30d, interval=1h)...
[2026-08-02 03:39:43] Data downloaded successfully. Total rows: 700
[2026-08-02 03:39:43] 
[2026-08-02 03:39:43] --- STAGE 2: EVALUATING LATEST FORECAST ---
[2026-08-02 03:39:43] Latest forecast (row 14) is pending. Evaluating...
[2026-08-02 03:39:43]   ForecastTime:    2026-08-01 03:39:53
[2026-08-02 03:39:43]   Rounded to:      2026-08-01 03:00:00
[2026-08-02 03:39:43]   Target windows:  2026-08-01 04:00:00 to 2026-08-02 03:00:00
[2026-08-02 03:39:43]   Data range:      2026-07-04 00:00:00 to 2026-08-02 03:00:00
[2026-08-02 03:39:43]   -> Updated ForecastDetails row 14.
[2026-08-02 03:39:44]   -> Metrics: last_actual=63397.51, abs_error=381.69, pct_error=0.60%, mape=0.29%
[2026-08-02 03:39:44] Pending forecast evaluated.
[2026-08-02 03:39:44] 
[2026-08-02 03:39:44] --- STAGE 3: GENERATING NEW FORECAST ---
[2026-08-02 03:39:44] Running future forecast for horizon=24...
[2026-08-02 03:39:44] Logged new future forecast ID 14 at row 15. Pending actuals.
[2026-08-02 03:39:44] BTC-USD completed. Forecast ID: 14
