[2026-09-24 04:27:09] 
[2026-09-24 04:27:09] ================================================================================
[2026-09-24 04:27:09] PROCESSING BTC-USD
[2026-09-24 04:27:09] ================================================================================
[2026-09-24 04:27:09] 
[2026-09-24 04:27:09] --- STAGE 1: DOWNLOADING DATA ---
[2026-09-24 04:27:09] Downloading data for BTC-USD (period=30d, interval=1h)...
[2026-09-24 04:27:09] Data downloaded successfully. Total rows: 701
[2026-09-24 04:27:09] 
[2026-09-24 04:27:09] --- STAGE 2: EVALUATING LATEST FORECAST ---
[2026-09-24 04:27:09] Latest forecast (row 67) is pending. Evaluating...
[2026-09-24 04:27:09]   ForecastTime:    2026-09-23 04:30:00
[2026-09-24 04:27:09]   Rounded to:      2026-09-23 04:00:00
[2026-09-24 04:27:09]   Target windows:  2026-09-23 05:00:00 to 2026-09-24 04:00:00
[2026-09-24 04:27:09]   Data range:      2026-08-26 00:00:00 to 2026-09-24 04:00:00
[2026-09-24 04:27:09]   -> Updated ForecastDetails row 67.
[2026-09-24 04:27:10]   -> Metrics: last_actual=83867.22, abs_error=2871.73, pct_error=3.42%, mape=2.41%
[2026-09-24 04:27:10] Pending forecast evaluated.
[2026-09-24 04:27:10] 
[2026-09-24 04:27:10] --- STAGE 3: GENERATING NEW FORECAST ---
[2026-09-24 04:27:10] Running future forecast for horizon=24...
[2026-09-24 04:27:10] Logged new future forecast ID 67 at row 68. Pending actuals.
[2026-09-24 04:27:10] BTC-USD completed. Forecast ID: 67
