[2026-08-28 11:07:08] 
[2026-08-28 11:07:08] ================================================================================
[2026-08-28 11:07:08] PROCESSING BTC-USD
[2026-08-28 11:07:08] ================================================================================
[2026-08-28 11:07:08] 
[2026-08-28 11:07:08] --- STAGE 1: DOWNLOADING DATA ---
[2026-08-28 11:07:08] Downloading data for BTC-USD (period=30d, interval=1h)...
[2026-08-28 11:07:09] Data downloaded successfully. Total rows: 708
[2026-08-28 11:07:09] 
[2026-08-28 11:07:09] --- STAGE 2: EVALUATING LATEST FORECAST ---
[2026-08-28 11:07:09] Latest forecast (row 40) is pending. Evaluating...
[2026-08-28 11:07:09]   ForecastTime:    2026-08-27 08:54:14
[2026-08-28 11:07:09]   Rounded to:      2026-08-27 08:00:00
[2026-08-28 11:07:09]   Target windows:  2026-08-27 09:00:00 to 2026-08-28 08:00:00
[2026-08-28 11:07:09]   Data range:      2026-07-30 00:00:00 to 2026-08-28 11:00:00
[2026-08-28 11:07:09]   -> Updated ForecastDetails row 40.
[2026-08-28 11:07:09]   -> Metrics: last_actual=79520.05, abs_error=188.17, pct_error=0.24%, mape=0.56%
[2026-08-28 11:07:09] Pending forecast evaluated.
[2026-08-28 11:07:09] 
[2026-08-28 11:07:09] --- STAGE 3: GENERATING NEW FORECAST ---
[2026-08-28 11:07:09] Running future forecast for horizon=24...
[2026-08-28 11:07:10] Logged new future forecast ID 40 at row 41. Pending actuals.
[2026-08-28 11:07:10] BTC-USD completed. Forecast ID: 40
