[2026-09-07 04:15:42] 
[2026-09-07 04:15:42] ================================================================================
[2026-09-07 04:15:42] PROCESSING BTC-USD
[2026-09-07 04:15:42] ================================================================================
[2026-09-07 04:15:42] 
[2026-09-07 04:15:42] --- STAGE 1: DOWNLOADING DATA ---
[2026-09-07 04:15:42] Downloading data for BTC-USD (period=30d, interval=1h)...
[2026-09-07 04:15:44] Data downloaded successfully. Total rows: 701
[2026-09-07 04:15:44] 
[2026-09-07 04:15:44] --- STAGE 2: EVALUATING LATEST FORECAST ---
[2026-09-07 04:15:44] Latest forecast (row 50) is pending. Evaluating...
[2026-09-07 04:15:44]   ForecastTime:    2026-09-06 04:16:24
[2026-09-07 04:15:44]   Rounded to:      2026-09-06 04:00:00
[2026-09-07 04:15:44]   Target windows:  2026-09-06 05:00:00 to 2026-09-07 04:00:00
[2026-09-07 04:15:44]   Data range:      2026-08-09 00:00:00 to 2026-09-07 04:00:00
[2026-09-07 04:15:44]   -> Updated ForecastDetails row 50.
[2026-09-07 04:15:44]   -> Metrics: last_actual=79678.67, abs_error=109.42, pct_error=0.14%, mape=0.23%
[2026-09-07 04:15:44] Pending forecast evaluated.
[2026-09-07 04:15:44] 
[2026-09-07 04:15:44] --- STAGE 3: GENERATING NEW FORECAST ---
[2026-09-07 04:15:44] Running future forecast for horizon=24...
[2026-09-07 04:15:44] Logged new future forecast ID 50 at row 51. Pending actuals.
[2026-09-07 04:15:44] BTC-USD completed. Forecast ID: 50
