[2026-08-10 02:24:13] 
[2026-08-10 02:24:13] ================================================================================
[2026-08-10 02:24:13] PROCESSING BTC-USD
[2026-08-10 02:24:13] ================================================================================
[2026-08-10 02:24:13] 
[2026-08-10 02:24:13] --- STAGE 1: DOWNLOADING DATA ---
[2026-08-10 02:24:13] Downloading data for BTC-USD (period=30d, interval=1h)...
[2026-08-10 02:24:13] Data downloaded successfully. Total rows: 699
[2026-08-10 02:24:13] 
[2026-08-10 02:24:13] --- STAGE 2: EVALUATING LATEST FORECAST ---
[2026-08-10 02:24:14] Latest forecast (row 22) is pending. Evaluating...
[2026-08-10 02:24:14]   ForecastTime:    2026-08-09 02:18:55
[2026-08-10 02:24:14]   Rounded to:      2026-08-09 02:00:00
[2026-08-10 02:24:14]   Target windows:  2026-08-09 03:00:00 to 2026-08-10 02:00:00
[2026-08-10 02:24:14]   Data range:      2026-07-12 00:00:00 to 2026-08-10 02:00:00
[2026-08-10 02:24:14]   -> Updated ForecastDetails row 22.
[2026-08-10 02:24:14]   -> Metrics: last_actual=64920.48, abs_error=290.14, pct_error=0.45%, mape=0.40%
[2026-08-10 02:24:14] Pending forecast evaluated.
[2026-08-10 02:24:14] 
[2026-08-10 02:24:14] --- STAGE 3: GENERATING NEW FORECAST ---
[2026-08-10 02:24:14] Running future forecast for horizon=24...
[2026-08-10 02:24:14] Logged new future forecast ID 22 at row 23. Pending actuals.
[2026-08-10 02:24:14] BTC-USD completed. Forecast ID: 22
