[2026-08-30 05:05:26] 
[2026-08-30 05:05:26] ================================================================================
[2026-08-30 05:05:26] PROCESSING BTC-USD
[2026-08-30 05:05:26] ================================================================================
[2026-08-30 05:05:26] 
[2026-08-30 05:05:26] --- STAGE 1: DOWNLOADING DATA ---
[2026-08-30 05:05:26] Downloading data for BTC-USD (period=30d, interval=1h)...
[2026-08-30 05:05:27] Data downloaded successfully. Total rows: 702
[2026-08-30 05:05:27] 
[2026-08-30 05:05:27] --- STAGE 2: EVALUATING LATEST FORECAST ---
[2026-08-30 05:05:27] Latest forecast (row 42) is pending. Evaluating...
[2026-08-30 05:05:27]   ForecastTime:    2026-08-29 06:51:44
[2026-08-30 05:05:27]   Rounded to:      2026-08-29 06:00:00
[2026-08-30 05:05:27]   Target windows:  2026-08-29 07:00:00 to 2026-08-30 06:00:00
[2026-08-30 05:05:27]   Data range:      2026-08-01 00:00:00 to 2026-08-30 05:00:00
[2026-08-30 05:05:27]   -> Updated ForecastDetails row 42.
[2026-08-30 05:05:27]   -> Metrics: last_actual=78213.39, abs_error=875.99, pct_error=1.12%, mape=0.81%
[2026-08-30 05:05:27] Pending forecast evaluated.
[2026-08-30 05:05:27] 
[2026-08-30 05:05:27] --- STAGE 3: GENERATING NEW FORECAST ---
[2026-08-30 05:05:27] Running future forecast for horizon=24...
[2026-08-30 05:05:28] Logged new future forecast ID 42 at row 43. Pending actuals.
[2026-08-30 05:05:28] BTC-USD completed. Forecast ID: 42
