[2026-08-23 01:51:40] 
[2026-08-23 01:51:40] ================================================================================
[2026-08-23 01:51:40] PROCESSING BTC-USD
[2026-08-23 01:51:40] ================================================================================
[2026-08-23 01:51:40] 
[2026-08-23 01:51:40] --- STAGE 1: DOWNLOADING DATA ---
[2026-08-23 01:51:40] Downloading data for BTC-USD (period=30d, interval=1h)...
[2026-08-23 01:51:41] Data downloaded successfully. Total rows: 697
[2026-08-23 01:51:41] 
[2026-08-23 01:51:41] --- STAGE 2: EVALUATING LATEST FORECAST ---
[2026-08-23 01:51:41] Latest forecast (row 35) is pending. Evaluating...
[2026-08-23 01:51:41]   ForecastTime:    2026-08-22 01:41:47
[2026-08-23 01:51:41]   Rounded to:      2026-08-22 01:00:00
[2026-08-23 01:51:41]   Target windows:  2026-08-22 02:00:00 to 2026-08-23 01:00:00
[2026-08-23 01:51:41]   Data range:      2026-07-25 00:00:00 to 2026-08-23 01:00:00
[2026-08-23 01:51:41]   -> Updated ForecastDetails row 35.
[2026-08-23 01:51:41]   -> Metrics: last_actual=77254.09, abs_error=422.49, pct_error=0.55%, mape=0.83%
[2026-08-23 01:51:41] Pending forecast evaluated.
[2026-08-23 01:51:41] 
[2026-08-23 01:51:41] --- STAGE 3: GENERATING NEW FORECAST ---
[2026-08-23 01:51:41] Running future forecast for horizon=24...
[2026-08-23 01:51:42] Logged new future forecast ID 35 at row 36. Pending actuals.
[2026-08-23 01:51:42] BTC-USD completed. Forecast ID: 35
