[2026-10-06 06:02:10] 
[2026-10-06 06:02:10] ================================================================================
[2026-10-06 06:02:10] PROCESSING BTC-USD
[2026-10-06 06:02:10] ================================================================================
[2026-10-06 06:02:10] 
[2026-10-06 06:02:10] --- STAGE 1: DOWNLOADING DATA ---
[2026-10-06 06:02:10] Downloading data for BTC-USD (period=30d, interval=1h)...
[2026-10-06 06:02:11] Data downloaded successfully. Total rows: 703
[2026-10-06 06:02:11] 
[2026-10-06 06:02:11] --- STAGE 2: EVALUATING LATEST FORECAST ---
[2026-10-06 06:02:11] Latest forecast (row 79) is pending. Evaluating...
[2026-10-06 06:02:11]   ForecastTime:    2026-10-05 05:18:03
[2026-10-06 06:02:11]   Rounded to:      2026-10-05 05:00:00
[2026-10-06 06:02:11]   Target windows:  2026-10-05 06:00:00 to 2026-10-06 05:00:00
[2026-10-06 06:02:11]   Data range:      2026-09-07 00:00:00 to 2026-10-06 06:00:00
[2026-10-06 06:02:11]   -> Updated ForecastDetails row 79.
[2026-10-06 06:02:11]   -> Metrics: last_actual=85496.52, abs_error=455.73, pct_error=0.53%, mape=0.71%
[2026-10-06 06:02:11] Pending forecast evaluated.
[2026-10-06 06:02:11] 
[2026-10-06 06:02:11] --- STAGE 3: GENERATING NEW FORECAST ---
[2026-10-06 06:02:11] Running future forecast for horizon=24...
[2026-10-06 06:02:12] Logged new future forecast ID 79 at row 80. Pending actuals.
[2026-10-06 06:02:12] BTC-USD completed. Forecast ID: 79
