[2026-09-16 04:33:03] 
[2026-09-16 04:33:03] ================================================================================
[2026-09-16 04:33:03] PROCESSING BTC-USD
[2026-09-16 04:33:03] ================================================================================
[2026-09-16 04:33:03] 
[2026-09-16 04:33:03] --- STAGE 1: DOWNLOADING DATA ---
[2026-09-16 04:33:03] Downloading data for BTC-USD (period=30d, interval=1h)...
[2026-09-16 04:33:04] Data downloaded successfully. Total rows: 701
[2026-09-16 04:33:04] 
[2026-09-16 04:33:04] --- STAGE 2: EVALUATING LATEST FORECAST ---
[2026-09-16 04:33:04] Latest forecast (row 59) is pending. Evaluating...
[2026-09-16 04:33:04]   ForecastTime:    2026-09-15 04:37:50
[2026-09-16 04:33:04]   Rounded to:      2026-09-15 04:00:00
[2026-09-16 04:33:04]   Target windows:  2026-09-15 05:00:00 to 2026-09-16 04:00:00
[2026-09-16 04:33:04]   Data range:      2026-08-18 00:00:00 to 2026-09-16 04:00:00
[2026-09-16 04:33:04]   -> Updated ForecastDetails row 59.
[2026-09-16 04:33:04]   -> Metrics: last_actual=75808.63, abs_error=1891.15, pct_error=2.49%, mape=1.75%
[2026-09-16 04:33:04] Pending forecast evaluated.
[2026-09-16 04:33:04] 
[2026-09-16 04:33:04] --- STAGE 3: GENERATING NEW FORECAST ---
[2026-09-16 04:33:04] Running future forecast for horizon=24...
[2026-09-16 04:33:05] Logged new future forecast ID 59 at row 60. Pending actuals.
[2026-09-16 04:33:05] BTC-USD completed. Forecast ID: 59
