[2026-08-14 02:32:49] 
[2026-08-14 02:32:49] ================================================================================
[2026-08-14 02:32:49] PROCESSING BTC-USD
[2026-08-14 02:32:49] ================================================================================
[2026-08-14 02:32:49] 
[2026-08-14 02:32:49] --- STAGE 1: DOWNLOADING DATA ---
[2026-08-14 02:32:49] Downloading data for BTC-USD (period=30d, interval=1h)...
[2026-08-14 02:32:50] Data downloaded successfully. Total rows: 699
[2026-08-14 02:32:50] 
[2026-08-14 02:32:50] --- STAGE 2: EVALUATING LATEST FORECAST ---
[2026-08-14 02:32:50] Latest forecast (row 26) is pending. Evaluating...
[2026-08-14 02:32:50]   ForecastTime:    2026-08-13 02:34:03
[2026-08-14 02:32:50]   Rounded to:      2026-08-13 02:00:00
[2026-08-14 02:32:50]   Target windows:  2026-08-13 03:00:00 to 2026-08-14 02:00:00
[2026-08-14 02:32:50]   Data range:      2026-07-16 00:00:00 to 2026-08-14 02:00:00
[2026-08-14 02:32:50]   -> Updated ForecastDetails row 26.
[2026-08-14 02:32:50]   -> Metrics: last_actual=63483.83, abs_error=107.39, pct_error=0.17%, mape=0.33%
[2026-08-14 02:32:50] Pending forecast evaluated.
[2026-08-14 02:32:50] 
[2026-08-14 02:32:50] --- STAGE 3: GENERATING NEW FORECAST ---
[2026-08-14 02:32:50] Running future forecast for horizon=24...
[2026-08-14 02:32:51] Logged new future forecast ID 26 at row 27. Pending actuals.
[2026-08-14 02:32:51] BTC-USD completed. Forecast ID: 26
