[2026-09-11 04:19:41] 
[2026-09-11 04:19:41] ================================================================================
[2026-09-11 04:19:41] PROCESSING BTC-USD
[2026-09-11 04:19:41] ================================================================================
[2026-09-11 04:19:41] 
[2026-09-11 04:19:41] --- STAGE 1: DOWNLOADING DATA ---
[2026-09-11 04:19:41] Downloading data for BTC-USD (period=30d, interval=1h)...
[2026-09-11 04:19:41] Data downloaded successfully. Total rows: 701
[2026-09-11 04:19:41] 
[2026-09-11 04:19:41] --- STAGE 2: EVALUATING LATEST FORECAST ---
[2026-09-11 04:19:41] Latest forecast (row 54) is pending. Evaluating...
[2026-09-11 04:19:41]   ForecastTime:    2026-09-10 04:19:56
[2026-09-11 04:19:41]   Rounded to:      2026-09-10 04:00:00
[2026-09-11 04:19:41]   Target windows:  2026-09-10 05:00:00 to 2026-09-11 04:00:00
[2026-09-11 04:19:41]   Data range:      2026-08-13 00:00:00 to 2026-09-11 04:00:00
[2026-09-11 04:19:41]   -> Updated ForecastDetails row 54.
[2026-09-11 04:19:41]   -> Metrics: last_actual=76939.91, abs_error=1373.70, pct_error=1.79%, mape=1.24%
[2026-09-11 04:19:41] Pending forecast evaluated.
[2026-09-11 04:19:41] 
[2026-09-11 04:19:41] --- STAGE 3: GENERATING NEW FORECAST ---
[2026-09-11 04:19:41] Running future forecast for horizon=24...
[2026-09-11 04:19:42] Logged new future forecast ID 54 at row 55. Pending actuals.
[2026-09-11 04:19:42] BTC-USD completed. Forecast ID: 54
