[2026-10-07 05:37:21] 
[2026-10-07 05:37:21] ================================================================================
[2026-10-07 05:37:21] PROCESSING BTC-USD
[2026-10-07 05:37:21] ================================================================================
[2026-10-07 05:37:21] 
[2026-10-07 05:37:21] --- STAGE 1: DOWNLOADING DATA ---
[2026-10-07 05:37:21] Downloading data for BTC-USD (period=30d, interval=1h)...
[2026-10-07 05:37:22] Data downloaded successfully. Total rows: 702
[2026-10-07 05:37:22] 
[2026-10-07 05:37:22] --- STAGE 2: EVALUATING LATEST FORECAST ---
[2026-10-07 05:37:22] Latest forecast (row 80) is pending. Evaluating...
[2026-10-07 05:37:22]   ForecastTime:    2026-10-06 06:02:12
[2026-10-07 05:37:22]   Rounded to:      2026-10-06 06:00:00
[2026-10-07 05:37:22]   Target windows:  2026-10-06 07:00:00 to 2026-10-07 06:00:00
[2026-10-07 05:37:22]   Data range:      2026-09-08 00:00:00 to 2026-10-07 05:00:00
[2026-10-07 05:37:22]   -> Updated ForecastDetails row 80.
[2026-10-07 05:37:22]   -> Metrics: last_actual=84174.31, abs_error=1133.25, pct_error=1.35%, mape=0.78%
[2026-10-07 05:37:22] Pending forecast evaluated.
[2026-10-07 05:37:22] 
[2026-10-07 05:37:22] --- STAGE 3: GENERATING NEW FORECAST ---
[2026-10-07 05:37:22] Running future forecast for horizon=24...
[2026-10-07 05:37:22] Logged new future forecast ID 80 at row 81. Pending actuals.
[2026-10-07 05:37:22] BTC-USD completed. Forecast ID: 80
