[2026-09-29 05:28:45] 
[2026-09-29 05:28:45] ================================================================================
[2026-09-29 05:28:45] PROCESSING BTC-USD
[2026-09-29 05:28:45] ================================================================================
[2026-09-29 05:28:45] 
[2026-09-29 05:28:45] --- STAGE 1: DOWNLOADING DATA ---
[2026-09-29 05:28:45] Downloading data for BTC-USD (period=30d, interval=1h)...
[2026-09-29 05:28:46] Data downloaded successfully. Total rows: 702
[2026-09-29 05:28:46] 
[2026-09-29 05:28:46] --- STAGE 2: EVALUATING LATEST FORECAST ---
[2026-09-29 05:28:46] Latest forecast (row 72) is pending. Evaluating...
[2026-09-29 05:28:46]   ForecastTime:    2026-09-28 05:04:02
[2026-09-29 05:28:46]   Rounded to:      2026-09-28 05:00:00
[2026-09-29 05:28:46]   Target windows:  2026-09-28 06:00:00 to 2026-09-29 05:00:00
[2026-09-29 05:28:46]   Data range:      2026-08-31 00:00:00 to 2026-09-29 05:00:00
[2026-09-29 05:28:46]   -> Updated ForecastDetails row 72.
[2026-09-29 05:28:46]   -> Metrics: last_actual=83281.32, abs_error=54.10, pct_error=0.06%, mape=0.37%
[2026-09-29 05:28:46] Pending forecast evaluated.
[2026-09-29 05:28:46] 
[2026-09-29 05:28:46] --- STAGE 3: GENERATING NEW FORECAST ---
[2026-09-29 05:28:46] Running future forecast for horizon=24...
[2026-09-29 05:28:47] Logged new future forecast ID 72 at row 73. Pending actuals.
[2026-09-29 05:28:47] BTC-USD completed. Forecast ID: 72
