[2026-08-01 03:39:52] 
[2026-08-01 03:39:52] ================================================================================
[2026-08-01 03:39:52] PROCESSING BTC-USD
[2026-08-01 03:39:52] ================================================================================
[2026-08-01 03:39:52] 
[2026-08-01 03:39:52] --- STAGE 1: DOWNLOADING DATA ---
[2026-08-01 03:39:52] Downloading data for BTC-USD (period=30d, interval=1h)...
[2026-08-01 03:39:52] Data downloaded successfully. Total rows: 679
[2026-08-01 03:39:52] 
[2026-08-01 03:39:52] --- STAGE 2: EVALUATING LATEST FORECAST ---
[2026-08-01 03:39:52] Latest forecast (row 13) is pending. Evaluating...
[2026-08-01 03:39:52]   ForecastTime:    2026-07-31 03:39:44
[2026-08-01 03:39:52]   Rounded to:      2026-07-31 03:00:00
[2026-08-01 03:39:52]   Target windows:  2026-07-31 04:00:00 to 2026-08-01 03:00:00
[2026-08-01 03:39:52]   Data range:      2026-07-03 00:00:00 to 2026-08-01 03:00:00
[2026-08-01 03:39:52]   -> Updated ForecastDetails row 13.
[2026-08-01 03:39:53]   -> Metrics: last_actual=62919.49, abs_error=1223.65, pct_error=1.94%, mape=1.49%
[2026-08-01 03:39:53] Pending forecast evaluated.
[2026-08-01 03:39:53] 
[2026-08-01 03:39:53] --- STAGE 3: GENERATING NEW FORECAST ---
[2026-08-01 03:39:53] Running future forecast for horizon=24...
[2026-08-01 03:39:53] Logged new future forecast ID 13 at row 14. Pending actuals.
[2026-08-01 03:39:53] BTC-USD completed. Forecast ID: 13
