[2026-09-10 04:19:54] 
[2026-09-10 04:19:54] ================================================================================
[2026-09-10 04:19:54] PROCESSING BTC-USD
[2026-09-10 04:19:54] ================================================================================
[2026-09-10 04:19:54] 
[2026-09-10 04:19:54] --- STAGE 1: DOWNLOADING DATA ---
[2026-09-10 04:19:54] Downloading data for BTC-USD (period=30d, interval=1h)...
[2026-09-10 04:19:55] Data downloaded successfully. Total rows: 701
[2026-09-10 04:19:55] 
[2026-09-10 04:19:55] --- STAGE 2: EVALUATING LATEST FORECAST ---
[2026-09-10 04:19:55] Latest forecast (row 53) is pending. Evaluating...
[2026-09-10 04:19:55]   ForecastTime:    2026-09-09 04:23:06
[2026-09-10 04:19:55]   Rounded to:      2026-09-09 04:00:00
[2026-09-10 04:19:55]   Target windows:  2026-09-09 05:00:00 to 2026-09-10 04:00:00
[2026-09-10 04:19:55]   Data range:      2026-08-12 00:00:00 to 2026-09-10 04:00:00
[2026-09-10 04:19:55]   -> Updated ForecastDetails row 53.
[2026-09-10 04:19:55]   -> Metrics: last_actual=78383.83, abs_error=365.01, pct_error=0.47%, mape=0.53%
[2026-09-10 04:19:55] Pending forecast evaluated.
[2026-09-10 04:19:55] 
[2026-09-10 04:19:55] --- STAGE 3: GENERATING NEW FORECAST ---
[2026-09-10 04:19:55] Running future forecast for horizon=24...
[2026-09-10 04:19:56] Logged new future forecast ID 53 at row 54. Pending actuals.
[2026-09-10 04:19:56] BTC-USD completed. Forecast ID: 53
