[2026-09-19 04:20:38] 
[2026-09-19 04:20:38] ================================================================================
[2026-09-19 04:20:38] PROCESSING BTC-USD
[2026-09-19 04:20:38] ================================================================================
[2026-09-19 04:20:38] 
[2026-09-19 04:20:38] --- STAGE 1: DOWNLOADING DATA ---
[2026-09-19 04:20:38] Downloading data for BTC-USD (period=30d, interval=1h)...
[2026-09-19 04:20:39] Data downloaded successfully. Total rows: 701
[2026-09-19 04:20:39] 
[2026-09-19 04:20:39] --- STAGE 2: EVALUATING LATEST FORECAST ---
[2026-09-19 04:20:39] Latest forecast (row 62) is pending. Evaluating...
[2026-09-19 04:20:39]   ForecastTime:    2026-09-18 04:23:45
[2026-09-19 04:20:39]   Rounded to:      2026-09-18 04:00:00
[2026-09-19 04:20:39]   Target windows:  2026-09-18 05:00:00 to 2026-09-19 04:00:00
[2026-09-19 04:20:39]   Data range:      2026-08-21 00:00:00 to 2026-09-19 04:00:00
[2026-09-19 04:20:39]   -> Updated ForecastDetails row 62.
[2026-09-19 04:20:39]   -> Metrics: last_actual=81112.46, abs_error=3932.13, pct_error=4.85%, mape=3.46%
[2026-09-19 04:20:39] Pending forecast evaluated.
[2026-09-19 04:20:39] 
[2026-09-19 04:20:39] --- STAGE 3: GENERATING NEW FORECAST ---
[2026-09-19 04:20:39] Running future forecast for horizon=24...
[2026-09-19 04:20:40] Logged new future forecast ID 62 at row 63. Pending actuals.
[2026-09-19 04:20:40] BTC-USD completed. Forecast ID: 62
