[2026-10-09 05:49:40] 
[2026-10-09 05:49:40] ================================================================================
[2026-10-09 05:49:40] PROCESSING BTC-USD
[2026-10-09 05:49:40] ================================================================================
[2026-10-09 05:49:40] 
[2026-10-09 05:49:40] --- STAGE 1: DOWNLOADING DATA ---
[2026-10-09 05:49:40] Downloading data for BTC-USD (period=30d, interval=1h)...
[2026-10-09 05:49:41] Data downloaded successfully. Total rows: 702
[2026-10-09 05:49:41] 
[2026-10-09 05:49:41] --- STAGE 2: EVALUATING LATEST FORECAST ---
[2026-10-09 05:49:41] Latest forecast (row 82) is pending. Evaluating...
[2026-10-09 05:49:41]   ForecastTime:    2026-10-08 05:45:40
[2026-10-09 05:49:41]   Rounded to:      2026-10-08 05:00:00
[2026-10-09 05:49:41]   Target windows:  2026-10-08 06:00:00 to 2026-10-09 05:00:00
[2026-10-09 05:49:41]   Data range:      2026-09-10 00:00:00 to 2026-10-09 05:00:00
[2026-10-09 05:49:41]   -> Updated ForecastDetails row 82.
[2026-10-09 05:49:41]   -> Metrics: last_actual=82298.95, abs_error=257.27, pct_error=0.31%, mape=0.85%
[2026-10-09 05:49:41] Pending forecast evaluated.
[2026-10-09 05:49:41] 
[2026-10-09 05:49:41] --- STAGE 3: GENERATING NEW FORECAST ---
[2026-10-09 05:49:41] Running future forecast for horizon=24...
[2026-10-09 05:49:41] Logged new future forecast ID 82 at row 83. Pending actuals.
[2026-10-09 05:49:41] BTC-USD completed. Forecast ID: 82
