[2026-09-15 04:37:49] 
[2026-09-15 04:37:49] ================================================================================
[2026-09-15 04:37:49] PROCESSING BTC-USD
[2026-09-15 04:37:49] ================================================================================
[2026-09-15 04:37:49] 
[2026-09-15 04:37:49] --- STAGE 1: DOWNLOADING DATA ---
[2026-09-15 04:37:49] Downloading data for BTC-USD (period=30d, interval=1h)...
[2026-09-15 04:37:49] Data downloaded successfully. Total rows: 701
[2026-09-15 04:37:49] 
[2026-09-15 04:37:49] --- STAGE 2: EVALUATING LATEST FORECAST ---
[2026-09-15 04:37:49] Latest forecast (row 58) is pending. Evaluating...
[2026-09-15 04:37:49]   ForecastTime:    2026-09-14 04:37:22
[2026-09-15 04:37:49]   Rounded to:      2026-09-14 04:00:00
[2026-09-15 04:37:49]   Target windows:  2026-09-14 05:00:00 to 2026-09-15 04:00:00
[2026-09-15 04:37:49]   Data range:      2026-08-17 00:00:00 to 2026-09-15 04:00:00
[2026-09-15 04:37:49]   -> Updated ForecastDetails row 58.
[2026-09-15 04:37:49]   -> Metrics: last_actual=77519.26, abs_error=81.73, pct_error=0.11%, mape=0.90%
[2026-09-15 04:37:49] Pending forecast evaluated.
[2026-09-15 04:37:49] 
[2026-09-15 04:37:49] --- STAGE 3: GENERATING NEW FORECAST ---
[2026-09-15 04:37:49] Running future forecast for horizon=24...
[2026-09-15 04:37:50] Logged new future forecast ID 58 at row 59. Pending actuals.
[2026-09-15 04:37:50] BTC-USD completed. Forecast ID: 58
