[2026-08-13 02:34:02] 
[2026-08-13 02:34:02] ================================================================================
[2026-08-13 02:34:02] PROCESSING BTC-USD
[2026-08-13 02:34:02] ================================================================================
[2026-08-13 02:34:02] 
[2026-08-13 02:34:02] --- STAGE 1: DOWNLOADING DATA ---
[2026-08-13 02:34:02] Downloading data for BTC-USD (period=30d, interval=1h)...
[2026-08-13 02:34:02] Data downloaded successfully. Total rows: 699
[2026-08-13 02:34:02] 
[2026-08-13 02:34:02] --- STAGE 2: EVALUATING LATEST FORECAST ---
[2026-08-13 02:34:02] Latest forecast (row 25) is pending. Evaluating...
[2026-08-13 02:34:02]   ForecastTime:    2026-08-12 02:32:35
[2026-08-13 02:34:02]   Rounded to:      2026-08-12 02:00:00
[2026-08-13 02:34:02]   Target windows:  2026-08-12 03:00:00 to 2026-08-13 02:00:00
[2026-08-13 02:34:02]   Data range:      2026-07-15 00:00:00 to 2026-08-13 02:00:00
[2026-08-13 02:34:02]   -> Updated ForecastDetails row 25.
[2026-08-13 02:34:02]   -> Metrics: last_actual=63329.36, abs_error=630.94, pct_error=1.00%, mape=0.53%
[2026-08-13 02:34:02] Pending forecast evaluated.
[2026-08-13 02:34:02] 
[2026-08-13 02:34:02] --- STAGE 3: GENERATING NEW FORECAST ---
[2026-08-13 02:34:02] Running future forecast for horizon=24...
[2026-08-13 02:34:03] Logged new future forecast ID 25 at row 26. Pending actuals.
[2026-08-13 02:34:03] BTC-USD completed. Forecast ID: 25
