[2026-10-10 05:33:02] 
[2026-10-10 05:33:02] ================================================================================
[2026-10-10 05:33:02] PROCESSING BTC-USD
[2026-10-10 05:33:02] ================================================================================
[2026-10-10 05:33:02] 
[2026-10-10 05:33:02] --- STAGE 1: DOWNLOADING DATA ---
[2026-10-10 05:33:02] Downloading data for BTC-USD (period=30d, interval=1h)...
[2026-10-10 05:33:03] Data downloaded successfully. Total rows: 702
[2026-10-10 05:33:03] 
[2026-10-10 05:33:03] --- STAGE 2: EVALUATING LATEST FORECAST ---
[2026-10-10 05:33:03] Latest forecast (row 83) is pending. Evaluating...
[2026-10-10 05:33:03]   ForecastTime:    2026-10-09 05:49:41
[2026-10-10 05:33:03]   Rounded to:      2026-10-09 05:00:00
[2026-10-10 05:33:03]   Target windows:  2026-10-09 06:00:00 to 2026-10-10 05:00:00
[2026-10-10 05:33:03]   Data range:      2026-09-11 00:00:00 to 2026-10-10 05:00:00
[2026-10-10 05:33:03]   -> Updated ForecastDetails row 83.
[2026-10-10 05:33:03]   -> Metrics: last_actual=82662.43, abs_error=666.26, pct_error=0.81%, mape=0.57%
[2026-10-10 05:33:03] Pending forecast evaluated.
[2026-10-10 05:33:03] 
[2026-10-10 05:33:03] --- STAGE 3: GENERATING NEW FORECAST ---
[2026-10-10 05:33:03] Running future forecast for horizon=24...
[2026-10-10 05:33:03] Logged new future forecast ID 83 at row 84. Pending actuals.
[2026-10-10 05:33:03] BTC-USD completed. Forecast ID: 83
