[2026-10-08 05:45:38] 
[2026-10-08 05:45:38] ================================================================================
[2026-10-08 05:45:38] PROCESSING BTC-USD
[2026-10-08 05:45:38] ================================================================================
[2026-10-08 05:45:38] 
[2026-10-08 05:45:38] --- STAGE 1: DOWNLOADING DATA ---
[2026-10-08 05:45:38] Downloading data for BTC-USD (period=30d, interval=1h)...
[2026-10-08 05:45:39] Data downloaded successfully. Total rows: 702
[2026-10-08 05:45:39] 
[2026-10-08 05:45:39] --- STAGE 2: EVALUATING LATEST FORECAST ---
[2026-10-08 05:45:39] Latest forecast (row 81) is pending. Evaluating...
[2026-10-08 05:45:39]   ForecastTime:    2026-10-07 05:37:22
[2026-10-08 05:45:39]   Rounded to:      2026-10-07 05:00:00
[2026-10-08 05:45:39]   Target windows:  2026-10-07 06:00:00 to 2026-10-08 05:00:00
[2026-10-08 05:45:39]   Data range:      2026-09-09 00:00:00 to 2026-10-08 05:00:00
[2026-10-08 05:45:39]   -> Updated ForecastDetails row 81.
[2026-10-08 05:45:39]   -> Metrics: last_actual=82831.69, abs_error=1340.64, pct_error=1.62%, mape=1.00%
[2026-10-08 05:45:39] Pending forecast evaluated.
[2026-10-08 05:45:39] 
[2026-10-08 05:45:39] --- STAGE 3: GENERATING NEW FORECAST ---
[2026-10-08 05:45:39] Running future forecast for horizon=24...
[2026-10-08 05:45:40] Logged new future forecast ID 81 at row 82. Pending actuals.
[2026-10-08 05:45:40] BTC-USD completed. Forecast ID: 81
