[2026-09-02 04:09:57] 
[2026-09-02 04:09:57] ================================================================================
[2026-09-02 04:09:57] PROCESSING BTC-USD
[2026-09-02 04:09:57] ================================================================================
[2026-09-02 04:09:57] 
[2026-09-02 04:09:57] --- STAGE 1: DOWNLOADING DATA ---
[2026-09-02 04:09:57] Downloading data for BTC-USD (period=30d, interval=1h)...
[2026-09-02 04:09:58] Data downloaded successfully. Total rows: 701
[2026-09-02 04:09:58] 
[2026-09-02 04:09:58] --- STAGE 2: EVALUATING LATEST FORECAST ---
[2026-09-02 04:09:58] Latest forecast (row 45) is pending. Evaluating...
[2026-09-02 04:09:58]   ForecastTime:    2026-09-01 04:48:48
[2026-09-02 04:09:58]   Rounded to:      2026-09-01 04:00:00
[2026-09-02 04:09:58]   Target windows:  2026-09-01 05:00:00 to 2026-09-02 04:00:00
[2026-09-02 04:09:58]   Data range:      2026-08-04 00:00:00 to 2026-09-02 04:00:00
[2026-09-02 04:09:58]   -> Updated ForecastDetails row 45.
[2026-09-02 04:09:58]   -> Metrics: last_actual=77327.39, abs_error=1472.52, pct_error=1.90%, mape=1.51%
[2026-09-02 04:09:58] Pending forecast evaluated.
[2026-09-02 04:09:58] 
[2026-09-02 04:09:58] --- STAGE 3: GENERATING NEW FORECAST ---
[2026-09-02 04:09:58] Running future forecast for horizon=24...
[2026-09-02 04:09:59] Logged new future forecast ID 45 at row 46. Pending actuals.
[2026-09-02 04:09:59] BTC-USD completed. Forecast ID: 45
