[2026-09-30 05:16:25] 
[2026-09-30 05:16:25] ================================================================================
[2026-09-30 05:16:25] PROCESSING BTC-USD
[2026-09-30 05:16:25] ================================================================================
[2026-09-30 05:16:25] 
[2026-09-30 05:16:25] --- STAGE 1: DOWNLOADING DATA ---
[2026-09-30 05:16:25] Downloading data for BTC-USD (period=30d, interval=1h)...
[2026-09-30 05:16:25] Data downloaded successfully. Total rows: 702
[2026-09-30 05:16:25] 
[2026-09-30 05:16:25] --- STAGE 2: EVALUATING LATEST FORECAST ---
[2026-09-30 05:16:25] Latest forecast (row 73) is pending. Evaluating...
[2026-09-30 05:16:25]   ForecastTime:    2026-09-29 05:28:47
[2026-09-30 05:16:25]   Rounded to:      2026-09-29 05:00:00
[2026-09-30 05:16:25]   Target windows:  2026-09-29 06:00:00 to 2026-09-30 05:00:00
[2026-09-30 05:16:25]   Data range:      2026-09-01 00:00:00 to 2026-09-30 05:00:00
[2026-09-30 05:16:25]   -> Updated ForecastDetails row 73.
[2026-09-30 05:16:25]   -> Metrics: last_actual=83158.01, abs_error=362.90, pct_error=0.44%, mape=0.47%
[2026-09-30 05:16:25] Pending forecast evaluated.
[2026-09-30 05:16:25] 
[2026-09-30 05:16:25] --- STAGE 3: GENERATING NEW FORECAST ---
[2026-09-30 05:16:25] Running future forecast for horizon=24...
[2026-09-30 05:16:26] Logged new future forecast ID 73 at row 74. Pending actuals.
[2026-09-30 05:16:26] BTC-USD completed. Forecast ID: 73
