[2026-08-04 03:25:59] 
[2026-08-04 03:25:59] ================================================================================
[2026-08-04 03:25:59] PROCESSING BTC-USD
[2026-08-04 03:25:59] ================================================================================
[2026-08-04 03:25:59] 
[2026-08-04 03:25:59] --- STAGE 1: DOWNLOADING DATA ---
[2026-08-04 03:25:59] Downloading data for BTC-USD (period=30d, interval=1h)...
[2026-08-04 03:26:00] Data downloaded successfully. Total rows: 679
[2026-08-04 03:26:00] 
[2026-08-04 03:26:00] --- STAGE 2: EVALUATING LATEST FORECAST ---
[2026-08-04 03:26:00] Latest forecast (row 16) is pending. Evaluating...
[2026-08-04 03:26:00]   ForecastTime:    2026-08-03 03:41:53
[2026-08-04 03:26:00]   Rounded to:      2026-08-03 03:00:00
[2026-08-04 03:26:00]   Target windows:  2026-08-03 04:00:00 to 2026-08-04 03:00:00
[2026-08-04 03:26:00]   Data range:      2026-07-06 00:00:00 to 2026-08-04 03:00:00
[2026-08-04 03:26:00]   -> Updated ForecastDetails row 16.
[2026-08-04 03:26:00]   -> Metrics: last_actual=63661.44, abs_error=380.33, pct_error=0.60%, mape=0.67%
[2026-08-04 03:26:00] Pending forecast evaluated.
[2026-08-04 03:26:00] 
[2026-08-04 03:26:00] --- STAGE 3: GENERATING NEW FORECAST ---
[2026-08-04 03:26:00] Running future forecast for horizon=24...
[2026-08-04 03:26:00] Logged new future forecast ID 16 at row 17. Pending actuals.
[2026-08-04 03:26:00] BTC-USD completed. Forecast ID: 16
