[2026-07-25 03:29:02] 
[2026-07-25 03:29:02] ================================================================================
[2026-07-25 03:29:02] PROCESSING BTC-USD
[2026-07-25 03:29:02] ================================================================================
[2026-07-25 03:29:02] 
[2026-07-25 03:29:02] --- STAGE 1: DOWNLOADING DATA ---
[2026-07-25 03:29:02] Downloading data for BTC-USD (period=30d, interval=1h)...
[2026-07-25 03:29:02] Data downloaded successfully. Total rows: 679
[2026-07-25 03:29:02] 
[2026-07-25 03:29:02] --- STAGE 2: EVALUATING LATEST FORECAST ---
[2026-07-25 03:29:02] Latest forecast (row 6) is pending. Evaluating...
[2026-07-25 03:29:02]   ForecastTime:    2026-07-24 03:31:07
[2026-07-25 03:29:02]   Rounded to:      2026-07-24 03:00:00
[2026-07-25 03:29:02]   Target windows:  2026-07-24 04:00:00 to 2026-07-25 03:00:00
[2026-07-25 03:29:02]   Data range:      2026-06-26 00:00:00 to 2026-07-25 03:00:00
[2026-07-25 03:29:02]   -> Updated ForecastDetails row 6.
[2026-07-25 03:29:02]   -> Metrics: last_actual=64017.02, abs_error=1159.50, pct_error=1.81%, mape=1.22%
[2026-07-25 03:29:02] Pending forecast evaluated.
[2026-07-25 03:29:02] 
[2026-07-25 03:29:02] --- STAGE 3: GENERATING NEW FORECAST ---
[2026-07-25 03:29:02] Running future forecast for horizon=24...
[2026-07-25 03:29:03] Logged new future forecast ID 6 at row 7. Pending actuals.
[2026-07-25 03:29:03] BTC-USD completed. Forecast ID: 6
