[2026-09-04 04:12:35] 
[2026-09-04 04:12:35] ================================================================================
[2026-09-04 04:12:35] PROCESSING BTC-USD
[2026-09-04 04:12:35] ================================================================================
[2026-09-04 04:12:35] 
[2026-09-04 04:12:35] --- STAGE 1: DOWNLOADING DATA ---
[2026-09-04 04:12:35] Downloading data for BTC-USD (period=30d, interval=1h)...
[2026-09-04 04:12:35] Data downloaded successfully. Total rows: 701
[2026-09-04 04:12:35] 
[2026-09-04 04:12:35] --- STAGE 2: EVALUATING LATEST FORECAST ---
[2026-09-04 04:12:35] Latest forecast (row 47) is pending. Evaluating...
[2026-09-04 04:12:35]   ForecastTime:    2026-09-03 04:06:57
[2026-09-04 04:12:35]   Rounded to:      2026-09-03 04:00:00
[2026-09-04 04:12:35]   Target windows:  2026-09-03 05:00:00 to 2026-09-04 04:00:00
[2026-09-04 04:12:35]   Data range:      2026-08-06 00:00:00 to 2026-09-04 04:00:00
[2026-09-04 04:12:35]   -> Updated ForecastDetails row 47.
[2026-09-04 04:12:35]   -> Metrics: last_actual=80872.65, abs_error=3267.34, pct_error=4.04%, mape=2.84%
[2026-09-04 04:12:35] Pending forecast evaluated.
[2026-09-04 04:12:35] 
[2026-09-04 04:12:35] --- STAGE 3: GENERATING NEW FORECAST ---
[2026-09-04 04:12:35] Running future forecast for horizon=24...
[2026-09-04 04:12:36] Logged new future forecast ID 47 at row 48. Pending actuals.
[2026-09-04 04:12:36] BTC-USD completed. Forecast ID: 47
