[2026-10-03 05:01:56] 
[2026-10-03 05:01:56] ================================================================================
[2026-10-03 05:01:56] PROCESSING BTC-USD
[2026-10-03 05:01:56] ================================================================================
[2026-10-03 05:01:56] 
[2026-10-03 05:01:56] --- STAGE 1: DOWNLOADING DATA ---
[2026-10-03 05:01:56] Downloading data for BTC-USD (period=30d, interval=1h)...
[2026-10-03 05:01:57] Data downloaded successfully. Total rows: 702
[2026-10-03 05:01:57] 
[2026-10-03 05:01:57] --- STAGE 2: EVALUATING LATEST FORECAST ---
[2026-10-03 05:01:57] Latest forecast (row 76) is pending. Evaluating...
[2026-10-03 05:01:57]   ForecastTime:    2026-10-02 05:19:08
[2026-10-03 05:01:57]   Rounded to:      2026-10-02 05:00:00
[2026-10-03 05:01:57]   Target windows:  2026-10-02 06:00:00 to 2026-10-03 05:00:00
[2026-10-03 05:01:57]   Data range:      2026-09-04 00:00:00 to 2026-10-03 05:00:00
[2026-10-03 05:01:57]   -> Updated ForecastDetails row 76.
[2026-10-03 05:01:57]   -> Metrics: last_actual=84539.01, abs_error=1436.70, pct_error=1.70%, mape=1.17%
[2026-10-03 05:01:57] Pending forecast evaluated.
[2026-10-03 05:01:57] 
[2026-10-03 05:01:57] --- STAGE 3: GENERATING NEW FORECAST ---
[2026-10-03 05:01:57] Running future forecast for horizon=24...
[2026-10-03 05:01:58] Logged new future forecast ID 76 at row 77. Pending actuals.
[2026-10-03 05:01:58] BTC-USD completed. Forecast ID: 76
