[2026-08-15 01:42:47] 
[2026-08-15 01:42:47] ================================================================================
[2026-08-15 01:42:47] PROCESSING BTC-USD
[2026-08-15 01:42:47] ================================================================================
[2026-08-15 01:42:47] 
[2026-08-15 01:42:47] --- STAGE 1: DOWNLOADING DATA ---
[2026-08-15 01:42:47] Downloading data for BTC-USD (period=30d, interval=1h)...
[2026-08-15 01:42:48] Data downloaded successfully. Total rows: 696
[2026-08-15 01:42:48] 
[2026-08-15 01:42:48] --- STAGE 2: EVALUATING LATEST FORECAST ---
[2026-08-15 01:42:48] Latest forecast (row 27) is pending. Evaluating...
[2026-08-15 01:42:48]   ForecastTime:    2026-08-14 02:32:50
[2026-08-15 01:42:48]   Rounded to:      2026-08-14 02:00:00
[2026-08-15 01:42:48]   Target windows:  2026-08-14 03:00:00 to 2026-08-15 02:00:00
[2026-08-15 01:42:48]   Data range:      2026-07-17 00:00:00 to 2026-08-15 01:00:00
[2026-08-15 01:42:48]   -> Updated ForecastDetails row 27.
[2026-08-15 01:42:48]   -> Metrics: last_actual=62957.44, abs_error=685.58, pct_error=1.09%, mape=1.05%
[2026-08-15 01:42:48] Pending forecast evaluated.
[2026-08-15 01:42:48] 
[2026-08-15 01:42:48] --- STAGE 3: GENERATING NEW FORECAST ---
[2026-08-15 01:42:48] Running future forecast for horizon=24...
[2026-08-15 01:42:49] Logged new future forecast ID 27 at row 28. Pending actuals.
[2026-08-15 01:42:49] BTC-USD completed. Forecast ID: 27
