[2026-09-03 04:06:56] 
[2026-09-03 04:06:56] ================================================================================
[2026-09-03 04:06:56] PROCESSING BTC-USD
[2026-09-03 04:06:56] ================================================================================
[2026-09-03 04:06:56] 
[2026-09-03 04:06:56] --- STAGE 1: DOWNLOADING DATA ---
[2026-09-03 04:06:56] Downloading data for BTC-USD (period=30d, interval=1h)...
[2026-09-03 04:06:56] Data downloaded successfully. Total rows: 701
[2026-09-03 04:06:56] 
[2026-09-03 04:06:56] --- STAGE 2: EVALUATING LATEST FORECAST ---
[2026-09-03 04:06:56] Latest forecast (row 46) is pending. Evaluating...
[2026-09-03 04:06:56]   ForecastTime:    2026-09-02 04:09:59
[2026-09-03 04:06:56]   Rounded to:      2026-09-02 04:00:00
[2026-09-03 04:06:56]   Target windows:  2026-09-02 05:00:00 to 2026-09-03 04:00:00
[2026-09-03 04:06:56]   Data range:      2026-08-05 00:00:00 to 2026-09-03 04:00:00
[2026-09-03 04:06:56]   -> Updated ForecastDetails row 46.
[2026-09-03 04:06:56]   -> Metrics: last_actual=77724.02, abs_error=314.50, pct_error=0.40%, mape=0.61%
[2026-09-03 04:06:56] Pending forecast evaluated.
[2026-09-03 04:06:56] 
[2026-09-03 04:06:56] --- STAGE 3: GENERATING NEW FORECAST ---
[2026-09-03 04:06:56] Running future forecast for horizon=24...
[2026-09-03 04:06:57] Logged new future forecast ID 46 at row 47. Pending actuals.
[2026-09-03 04:06:57] BTC-USD completed. Forecast ID: 46
