[2026-08-05 03:20:53] 
[2026-08-05 03:20:53] ================================================================================
[2026-08-05 03:20:53] PROCESSING BTC-USD
[2026-08-05 03:20:53] ================================================================================
[2026-08-05 03:20:53] 
[2026-08-05 03:20:53] --- STAGE 1: DOWNLOADING DATA ---
[2026-08-05 03:20:53] Downloading data for BTC-USD (period=30d, interval=1h)...
[2026-08-05 03:20:53] Data downloaded successfully. Total rows: 678
[2026-08-05 03:20:53] 
[2026-08-05 03:20:53] --- STAGE 2: EVALUATING LATEST FORECAST ---
[2026-08-05 03:20:53] Latest forecast (row 17) is pending. Evaluating...
[2026-08-05 03:20:53]   ForecastTime:    2026-08-04 03:26:00
[2026-08-05 03:20:53]   Rounded to:      2026-08-04 03:00:00
[2026-08-05 03:20:53]   Target windows:  2026-08-04 04:00:00 to 2026-08-05 03:00:00
[2026-08-05 03:20:53]   Data range:      2026-07-07 00:00:00 to 2026-08-05 03:00:00
[2026-08-05 03:20:53]   -> Updated ForecastDetails row 17.
[2026-08-05 03:20:54]   -> Metrics: last_actual=64109.45, abs_error=389.91, pct_error=0.61%, mape=0.40%
[2026-08-05 03:20:54] Pending forecast evaluated.
[2026-08-05 03:20:54] 
[2026-08-05 03:20:54] --- STAGE 3: GENERATING NEW FORECAST ---
[2026-08-05 03:20:54] Running future forecast for horizon=24...
[2026-08-05 03:20:54] Logged new future forecast ID 17 at row 18. Pending actuals.
[2026-08-05 03:20:54] BTC-USD completed. Forecast ID: 17
