[2026-09-05 04:08:32] 
[2026-09-05 04:08:32] ================================================================================
[2026-09-05 04:08:32] PROCESSING BTC-USD
[2026-09-05 04:08:32] ================================================================================
[2026-09-05 04:08:32] 
[2026-09-05 04:08:32] --- STAGE 1: DOWNLOADING DATA ---
[2026-09-05 04:08:32] Downloading data for BTC-USD (period=30d, interval=1h)...
[2026-09-05 04:08:33] Data downloaded successfully. Total rows: 701
[2026-09-05 04:08:33] 
[2026-09-05 04:08:33] --- STAGE 2: EVALUATING LATEST FORECAST ---
[2026-09-05 04:08:33] Latest forecast (row 48) is pending. Evaluating...
[2026-09-05 04:08:33]   ForecastTime:    2026-09-04 04:12:36
[2026-09-05 04:08:33]   Rounded to:      2026-09-04 04:00:00
[2026-09-05 04:08:33]   Target windows:  2026-09-04 05:00:00 to 2026-09-05 04:00:00
[2026-09-05 04:08:33]   Data range:      2026-08-07 00:00:00 to 2026-09-05 04:00:00
[2026-09-05 04:08:33]   -> Updated ForecastDetails row 48.
[2026-09-05 04:08:33]   -> Metrics: last_actual=79584.19, abs_error=9.09, pct_error=0.01%, mape=0.63%
[2026-09-05 04:08:33] Pending forecast evaluated.
[2026-09-05 04:08:33] 
[2026-09-05 04:08:33] --- STAGE 3: GENERATING NEW FORECAST ---
[2026-09-05 04:08:33] Running future forecast for horizon=24...
[2026-09-05 04:08:34] Logged new future forecast ID 48 at row 49. Pending actuals.
[2026-09-05 04:08:34] BTC-USD completed. Forecast ID: 48
