[2026-08-03 03:42:06] 
[2026-08-03 03:42:06] ================================================================================
[2026-08-03 03:42:06] PROCESSING ETH-USD
[2026-08-03 03:42:06] ================================================================================
[2026-08-03 03:42:06] 
[2026-08-03 03:42:06] --- STAGE 1: DOWNLOADING DATA ---
[2026-08-03 03:42:06] Downloading data for ETH-USD (period=30d, interval=4h)...
[2026-08-03 03:42:06] Data downloaded successfully. Total rows: 170
[2026-08-03 03:42:06] 
[2026-08-03 03:42:06] --- STAGE 2: EVALUATING LATEST FORECAST ---
[2026-08-03 03:42:06] Latest forecast (row 15) is pending. Evaluating...
[2026-08-03 03:42:06]   ForecastTime:    2026-08-02 03:39:56
[2026-08-03 03:42:06]   Rounded to:      2026-08-02 00:00:00
[2026-08-03 03:42:06]   Target windows:  2026-08-02 04:00:00 to 2026-08-03 00:00:00
[2026-08-03 03:42:06]   Data range:      2026-07-05 00:00:00 to 2026-08-03 00:00:00
[2026-08-03 03:42:06]   -> Updated ForecastDetails row 15.
[2026-08-03 03:42:06]   -> Metrics: last_actual=1858.92, abs_error=3.71, pct_error=0.20%, mape=0.61%
[2026-08-03 03:42:06] Pending forecast evaluated.
[2026-08-03 03:42:06] 
[2026-08-03 03:42:06] --- STAGE 3: GENERATING NEW FORECAST ---
[2026-08-03 03:42:06] Running future forecast for horizon=6...
[2026-08-03 03:42:07] Logged new future forecast ID 15 at row 16. Pending actuals.
[2026-08-03 03:42:07] ETH-USD completed. Forecast ID: 15
