[2026-08-27 08:54:29] 
[2026-08-27 08:54:29] ================================================================================
[2026-08-27 08:54:29] PROCESSING ETH-USD
[2026-08-27 08:54:29] ================================================================================
[2026-08-27 08:54:29] 
[2026-08-27 08:54:29] --- STAGE 1: DOWNLOADING DATA ---
[2026-08-27 08:54:29] Downloading data for ETH-USD (period=30d, interval=4h)...
[2026-08-27 08:54:29] Data downloaded successfully. Total rows: 177
[2026-08-27 08:54:29] 
[2026-08-27 08:54:29] --- STAGE 2: EVALUATING LATEST FORECAST ---
[2026-08-27 08:54:29] Latest forecast (row 39) is pending. Evaluating...
[2026-08-27 08:54:29]   ForecastTime:    2026-08-26 01:49:25
[2026-08-27 08:54:29]   Rounded to:      2026-08-26 00:00:00
[2026-08-27 08:54:29]   Target windows:  2026-08-26 04:00:00 to 2026-08-27 00:00:00
[2026-08-27 08:54:29]   Data range:      2026-07-29 00:00:00 to 2026-08-27 08:00:00
[2026-08-27 08:54:29]   -> Updated ForecastDetails row 39.
[2026-08-27 08:54:29]   -> Metrics: last_actual=2492.58, abs_error=68.16, pct_error=2.73%, mape=1.32%
[2026-08-27 08:54:29] Pending forecast evaluated.
[2026-08-27 08:54:29] 
[2026-08-27 08:54:29] --- STAGE 3: GENERATING NEW FORECAST ---
[2026-08-27 08:54:29] Running future forecast for horizon=6...
[2026-08-27 08:54:30] Logged new future forecast ID 39 at row 40. Pending actuals.
[2026-08-27 08:54:30] ETH-USD completed. Forecast ID: 39
