[2026-09-13 04:31:17] 
[2026-09-13 04:31:17] ================================================================================
[2026-09-13 04:31:17] PROCESSING ETH-USD
[2026-09-13 04:31:17] ================================================================================
[2026-09-13 04:31:17] 
[2026-09-13 04:31:17] --- STAGE 1: DOWNLOADING DATA ---
[2026-09-13 04:31:17] Downloading data for ETH-USD (period=30d, interval=4h)...
[2026-09-13 04:31:17] Data downloaded successfully. Total rows: 176
[2026-09-13 04:31:17] 
[2026-09-13 04:31:17] --- STAGE 2: EVALUATING LATEST FORECAST ---
[2026-09-13 04:31:17] Latest forecast (row 56) is pending. Evaluating...
[2026-09-13 04:31:17]   ForecastTime:    2026-09-12 04:18:08
[2026-09-13 04:31:17]   Rounded to:      2026-09-12 04:00:00
[2026-09-13 04:31:17]   Target windows:  2026-09-12 08:00:00 to 2026-09-13 04:00:00
[2026-09-13 04:31:17]   Data range:      2026-08-15 00:00:00 to 2026-09-13 04:00:00
[2026-09-13 04:31:17]   -> Updated ForecastDetails row 56.
[2026-09-13 04:31:18]   -> Metrics: last_actual=2522.33, abs_error=26.35, pct_error=1.04%, mape=1.07%
[2026-09-13 04:31:18] Pending forecast evaluated.
[2026-09-13 04:31:18] 
[2026-09-13 04:31:18] --- STAGE 3: GENERATING NEW FORECAST ---
[2026-09-13 04:31:18] Running future forecast for horizon=6...
[2026-09-13 04:31:18] Logged new future forecast ID 56 at row 57. Pending actuals.
[2026-09-13 04:31:18] ETH-USD completed. Forecast ID: 56
