[2026-09-18 04:24:01] 
[2026-09-18 04:24:01] ================================================================================
[2026-09-18 04:24:01] PROCESSING ETH-USD
[2026-09-18 04:24:01] ================================================================================
[2026-09-18 04:24:01] 
[2026-09-18 04:24:01] --- STAGE 1: DOWNLOADING DATA ---
[2026-09-18 04:24:01] Downloading data for ETH-USD (period=30d, interval=4h)...
[2026-09-18 04:24:01] Data downloaded successfully. Total rows: 176
[2026-09-18 04:24:01] 
[2026-09-18 04:24:01] --- STAGE 2: EVALUATING LATEST FORECAST ---
[2026-09-18 04:24:01] Latest forecast (row 61) is pending. Evaluating...
[2026-09-18 04:24:01]   ForecastTime:    2026-09-17 04:38:45
[2026-09-18 04:24:01]   Rounded to:      2026-09-17 04:00:00
[2026-09-18 04:24:01]   Target windows:  2026-09-17 08:00:00 to 2026-09-18 04:00:00
[2026-09-18 04:24:01]   Data range:      2026-08-20 00:00:00 to 2026-09-18 04:00:00
[2026-09-18 04:24:01]   -> Updated ForecastDetails row 61.
[2026-09-18 04:24:01]   -> Metrics: last_actual=2470.98, abs_error=34.41, pct_error=1.39%, mape=1.03%
[2026-09-18 04:24:01] Pending forecast evaluated.
[2026-09-18 04:24:01] 
[2026-09-18 04:24:01] --- STAGE 3: GENERATING NEW FORECAST ---
[2026-09-18 04:24:01] Running future forecast for horizon=6...
[2026-09-18 04:24:02] Logged new future forecast ID 61 at row 62. Pending actuals.
[2026-09-18 04:24:02] ETH-USD completed. Forecast ID: 61
