[2026-08-16 01:50:06] 
[2026-08-16 01:50:06] ================================================================================
[2026-08-16 01:50:06] PROCESSING ETH-USD
[2026-08-16 01:50:06] ================================================================================
[2026-08-16 01:50:06] 
[2026-08-16 01:50:06] --- STAGE 1: DOWNLOADING DATA ---
[2026-08-16 01:50:06] Downloading data for ETH-USD (period=30d, interval=4h)...
[2026-08-16 01:50:06] Data downloaded successfully. Total rows: 175
[2026-08-16 01:50:06] 
[2026-08-16 01:50:06] --- STAGE 2: EVALUATING LATEST FORECAST ---
[2026-08-16 01:50:06] Latest forecast (row 28) is pending. Evaluating...
[2026-08-16 01:50:06]   ForecastTime:    2026-08-15 01:43:05
[2026-08-16 01:50:06]   Rounded to:      2026-08-15 00:00:00
[2026-08-16 01:50:06]   Target windows:  2026-08-15 04:00:00 to 2026-08-16 00:00:00
[2026-08-16 01:50:06]   Data range:      2026-07-18 00:00:00 to 2026-08-16 00:00:00
[2026-08-16 01:50:06]   -> Updated ForecastDetails row 28.
[2026-08-16 01:50:06]   -> Metrics: last_actual=1877.86, abs_error=7.70, pct_error=0.41%, mape=0.19%
[2026-08-16 01:50:06] Pending forecast evaluated.
[2026-08-16 01:50:06] 
[2026-08-16 01:50:06] --- STAGE 3: GENERATING NEW FORECAST ---
[2026-08-16 01:50:06] Running future forecast for horizon=6...
[2026-08-16 01:50:06] Logged new future forecast ID 28 at row 29. Pending actuals.
[2026-08-16 01:50:06] ETH-USD completed. Forecast ID: 28
