[2026-08-18 01:42:58] 
[2026-08-18 01:42:58] ================================================================================
[2026-08-18 01:42:58] PROCESSING ETH-USD
[2026-08-18 01:42:58] ================================================================================
[2026-08-18 01:42:58] 
[2026-08-18 01:42:58] --- STAGE 1: DOWNLOADING DATA ---
[2026-08-18 01:42:58] Downloading data for ETH-USD (period=30d, interval=4h)...
[2026-08-18 01:42:58] Data downloaded successfully. Total rows: 175
[2026-08-18 01:42:58] 
[2026-08-18 01:42:58] --- STAGE 2: EVALUATING LATEST FORECAST ---
[2026-08-18 01:42:58] Latest forecast (row 30) is pending. Evaluating...
[2026-08-18 01:42:58]   ForecastTime:    2026-08-17 01:47:38
[2026-08-18 01:42:58]   Rounded to:      2026-08-17 00:00:00
[2026-08-18 01:42:58]   Target windows:  2026-08-17 04:00:00 to 2026-08-18 00:00:00
[2026-08-18 01:42:58]   Data range:      2026-07-20 00:00:00 to 2026-08-18 00:00:00
[2026-08-18 01:42:58]   -> Updated ForecastDetails row 30.
[2026-08-18 01:42:58]   -> Metrics: last_actual=1902.76, abs_error=17.12, pct_error=0.90%, mape=0.97%
[2026-08-18 01:42:58] Pending forecast evaluated.
[2026-08-18 01:42:58] 
[2026-08-18 01:42:58] --- STAGE 3: GENERATING NEW FORECAST ---
[2026-08-18 01:42:58] Running future forecast for horizon=6...
[2026-08-18 01:42:59] Logged new future forecast ID 30 at row 31. Pending actuals.
[2026-08-18 01:42:59] ETH-USD completed. Forecast ID: 30
