[2026-08-23 01:51:58] 
[2026-08-23 01:51:58] ================================================================================
[2026-08-23 01:51:58] PROCESSING ETH-USD
[2026-08-23 01:51:58] ================================================================================
[2026-08-23 01:51:58] 
[2026-08-23 01:51:58] --- STAGE 1: DOWNLOADING DATA ---
[2026-08-23 01:51:58] Downloading data for ETH-USD (period=30d, interval=4h)...
[2026-08-23 01:51:58] Data downloaded successfully. Total rows: 175
[2026-08-23 01:51:58] 
[2026-08-23 01:51:58] --- STAGE 2: EVALUATING LATEST FORECAST ---
[2026-08-23 01:51:58] Latest forecast (row 35) is pending. Evaluating...
[2026-08-23 01:51:58]   ForecastTime:    2026-08-22 01:42:06
[2026-08-23 01:51:58]   Rounded to:      2026-08-22 00:00:00
[2026-08-23 01:51:58]   Target windows:  2026-08-22 04:00:00 to 2026-08-23 00:00:00
[2026-08-23 01:51:58]   Data range:      2026-07-25 00:00:00 to 2026-08-23 00:00:00
[2026-08-23 01:51:58]   -> Updated ForecastDetails row 35.
[2026-08-23 01:51:58]   -> Metrics: last_actual=2427.14, abs_error=89.42, pct_error=3.68%, mape=3.88%
[2026-08-23 01:51:58] Pending forecast evaluated.
[2026-08-23 01:51:58] 
[2026-08-23 01:51:58] --- STAGE 3: GENERATING NEW FORECAST ---
[2026-08-23 01:51:58] Running future forecast for horizon=6...
[2026-08-23 01:51:59] Logged new future forecast ID 35 at row 36. Pending actuals.
[2026-08-23 01:51:59] ETH-USD completed. Forecast ID: 35
