[2026-09-26 04:42:34] 
[2026-09-26 04:42:34] ================================================================================
[2026-09-26 04:42:34] PROCESSING ETH-USD
[2026-09-26 04:42:34] ================================================================================
[2026-09-26 04:42:34] 
[2026-09-26 04:42:34] --- STAGE 1: DOWNLOADING DATA ---
[2026-09-26 04:42:34] Downloading data for ETH-USD (period=30d, interval=4h)...
[2026-09-26 04:42:34] Data downloaded successfully. Total rows: 176
[2026-09-26 04:42:34] 
[2026-09-26 04:42:34] --- STAGE 2: EVALUATING LATEST FORECAST ---
[2026-09-26 04:42:34] Latest forecast (row 69) is pending. Evaluating...
[2026-09-26 04:42:34]   ForecastTime:    2026-09-25 04:38:46
[2026-09-26 04:42:34]   Rounded to:      2026-09-25 04:00:00
[2026-09-26 04:42:34]   Target windows:  2026-09-25 08:00:00 to 2026-09-26 04:00:00
[2026-09-26 04:42:34]   Data range:      2026-08-28 00:00:00 to 2026-09-26 04:00:00
[2026-09-26 04:42:34]   -> Updated ForecastDetails row 69.
[2026-09-26 04:42:34]   -> Metrics: last_actual=2687.80, abs_error=12.45, pct_error=0.46%, mape=0.55%
[2026-09-26 04:42:34] Pending forecast evaluated.
[2026-09-26 04:42:34] 
[2026-09-26 04:42:34] --- STAGE 3: GENERATING NEW FORECAST ---
[2026-09-26 04:42:34] Running future forecast for horizon=6...
[2026-09-26 04:42:35] Logged new future forecast ID 69 at row 70. Pending actuals.
[2026-09-26 04:42:35] ETH-USD completed. Forecast ID: 69
