[2026-07-29 03:23:49] 
[2026-07-29 03:23:49] ================================================================================
[2026-07-29 03:23:49] PROCESSING ETH-USD
[2026-07-29 03:23:49] ================================================================================
[2026-07-29 03:23:49] 
[2026-07-29 03:23:49] --- STAGE 1: DOWNLOADING DATA ---
[2026-07-29 03:23:49] Downloading data for ETH-USD (period=30d, interval=4h)...
[2026-07-29 03:23:49] Data downloaded successfully. Total rows: 175
[2026-07-29 03:23:49] 
[2026-07-29 03:23:49] --- STAGE 2: EVALUATING LATEST FORECAST ---
[2026-07-29 03:23:49] Latest forecast (row 10) is pending. Evaluating...
[2026-07-29 03:23:49]   ForecastTime:    2026-07-28 03:22:50
[2026-07-29 03:23:49]   Rounded to:      2026-07-28 00:00:00
[2026-07-29 03:23:49]   Target windows:  2026-07-28 04:00:00 to 2026-07-29 00:00:00
[2026-07-29 03:23:49]   Data range:      2026-06-30 00:00:00 to 2026-07-29 00:00:00
[2026-07-29 03:23:49]   -> Updated ForecastDetails row 10.
[2026-07-29 03:23:49]   -> Metrics: last_actual=1902.91, abs_error=103.78, pct_error=5.45%, mape=3.77%
[2026-07-29 03:23:49] Pending forecast evaluated.
[2026-07-29 03:23:49] 
[2026-07-29 03:23:49] --- STAGE 3: GENERATING NEW FORECAST ---
[2026-07-29 03:23:49] Running future forecast for horizon=6...
[2026-07-29 03:23:50] Logged new future forecast ID 10 at row 11. Pending actuals.
[2026-07-29 03:23:50] ETH-USD completed. Forecast ID: 10
