[2026-09-17 04:38:45] 
[2026-09-17 04:38:45] ================================================================================
[2026-09-17 04:38:45] PROCESSING ETH-USD
[2026-09-17 04:38:45] ================================================================================
[2026-09-17 04:38:45] 
[2026-09-17 04:38:45] --- STAGE 1: DOWNLOADING DATA ---
[2026-09-17 04:38:45] Downloading data for ETH-USD (period=30d, interval=4h)...
[2026-09-17 04:38:45] Data downloaded successfully. Total rows: 176
[2026-09-17 04:38:45] 
[2026-09-17 04:38:45] --- STAGE 2: EVALUATING LATEST FORECAST ---
[2026-09-17 04:38:45] Latest forecast (row 60) is pending. Evaluating...
[2026-09-17 04:38:45]   ForecastTime:    2026-09-16 04:33:22
[2026-09-17 04:38:45]   Rounded to:      2026-09-16 04:00:00
[2026-09-17 04:38:45]   Target windows:  2026-09-16 08:00:00 to 2026-09-17 04:00:00
[2026-09-17 04:38:45]   Data range:      2026-08-19 00:00:00 to 2026-09-17 04:00:00
[2026-09-17 04:38:45]   -> Updated ForecastDetails row 60.
[2026-09-17 04:38:45]   -> Metrics: last_actual=2429.13, abs_error=17.82, pct_error=0.73%, mape=0.63%
[2026-09-17 04:38:45] Pending forecast evaluated.
[2026-09-17 04:38:45] 
[2026-09-17 04:38:45] --- STAGE 3: GENERATING NEW FORECAST ---
[2026-09-17 04:38:45] Running future forecast for horizon=6...
[2026-09-17 04:38:45] Logged new future forecast ID 60 at row 61. Pending actuals.
[2026-09-17 04:38:45] ETH-USD completed. Forecast ID: 60
