[2026-09-06 04:16:39] 
[2026-09-06 04:16:39] ================================================================================
[2026-09-06 04:16:39] PROCESSING ETH-USD
[2026-09-06 04:16:39] ================================================================================
[2026-09-06 04:16:39] 
[2026-09-06 04:16:39] --- STAGE 1: DOWNLOADING DATA ---
[2026-09-06 04:16:39] Downloading data for ETH-USD (period=30d, interval=4h)...
[2026-09-06 04:16:39] Data downloaded successfully. Total rows: 176
[2026-09-06 04:16:39] 
[2026-09-06 04:16:39] --- STAGE 2: EVALUATING LATEST FORECAST ---
[2026-09-06 04:16:39] Latest forecast (row 49) is pending. Evaluating...
[2026-09-06 04:16:39]   ForecastTime:    2026-09-05 04:08:49
[2026-09-06 04:16:39]   Rounded to:      2026-09-05 04:00:00
[2026-09-06 04:16:39]   Target windows:  2026-09-05 08:00:00 to 2026-09-06 04:00:00
[2026-09-06 04:16:39]   Data range:      2026-08-08 00:00:00 to 2026-09-06 04:00:00
[2026-09-06 04:16:39]   -> Updated ForecastDetails row 49.
[2026-09-06 04:16:39]   -> Metrics: last_actual=2506.99, abs_error=63.01, pct_error=2.51%, mape=1.35%
[2026-09-06 04:16:39] Pending forecast evaluated.
[2026-09-06 04:16:39] 
[2026-09-06 04:16:39] --- STAGE 3: GENERATING NEW FORECAST ---
[2026-09-06 04:16:39] Running future forecast for horizon=6...
[2026-09-06 04:16:40] Logged new future forecast ID 49 at row 50. Pending actuals.
[2026-09-06 04:16:40] ETH-USD completed. Forecast ID: 49
