[2026-07-25 03:29:18] 
[2026-07-25 03:29:18] ================================================================================
[2026-07-25 03:29:18] PROCESSING ETH-USD
[2026-07-25 03:29:18] ================================================================================
[2026-07-25 03:29:18] 
[2026-07-25 03:29:18] --- STAGE 1: DOWNLOADING DATA ---
[2026-07-25 03:29:18] Downloading data for ETH-USD (period=30d, interval=4h)...
[2026-07-25 03:29:18] Data downloaded successfully. Total rows: 170
[2026-07-25 03:29:18] 
[2026-07-25 03:29:18] --- STAGE 2: EVALUATING LATEST FORECAST ---
[2026-07-25 03:29:18] Latest forecast (row 6) is pending. Evaluating...
[2026-07-25 03:29:18]   ForecastTime:    2026-07-24 03:31:29
[2026-07-25 03:29:18]   Rounded to:      2026-07-24 00:00:00
[2026-07-25 03:29:18]   Target windows:  2026-07-24 04:00:00 to 2026-07-25 00:00:00
[2026-07-25 03:29:18]   Data range:      2026-06-26 00:00:00 to 2026-07-25 00:00:00
[2026-07-25 03:29:18]   -> Updated ForecastDetails row 6.
[2026-07-25 03:29:18]   -> Metrics: last_actual=1857.83, abs_error=19.88, pct_error=1.07%, mape=0.83%
[2026-07-25 03:29:18] Pending forecast evaluated.
[2026-07-25 03:29:18] 
[2026-07-25 03:29:18] --- STAGE 3: GENERATING NEW FORECAST ---
[2026-07-25 03:29:18] Running future forecast for horizon=6...
[2026-07-25 03:29:19] Logged new future forecast ID 6 at row 7. Pending actuals.
[2026-07-25 03:29:19] ETH-USD completed. Forecast ID: 6
