[2026-08-19 01:44:42] 
[2026-08-19 01:44:42] ================================================================================
[2026-08-19 01:44:42] PROCESSING ETH-USD
[2026-08-19 01:44:42] ================================================================================
[2026-08-19 01:44:42] 
[2026-08-19 01:44:42] --- STAGE 1: DOWNLOADING DATA ---
[2026-08-19 01:44:42] Downloading data for ETH-USD (period=30d, interval=4h)...
[2026-08-19 01:44:42] Data downloaded successfully. Total rows: 175
[2026-08-19 01:44:42] 
[2026-08-19 01:44:42] --- STAGE 2: EVALUATING LATEST FORECAST ---
[2026-08-19 01:44:42] Latest forecast (row 31) is pending. Evaluating...
[2026-08-19 01:44:42]   ForecastTime:    2026-08-18 01:42:58
[2026-08-19 01:44:42]   Rounded to:      2026-08-18 00:00:00
[2026-08-19 01:44:42]   Target windows:  2026-08-18 04:00:00 to 2026-08-19 00:00:00
[2026-08-19 01:44:42]   Data range:      2026-07-21 00:00:00 to 2026-08-19 00:00:00
[2026-08-19 01:44:42]   -> Updated ForecastDetails row 31.
[2026-08-19 01:44:42]   -> Metrics: last_actual=1912.59, abs_error=16.09, pct_error=0.84%, mape=0.61%
[2026-08-19 01:44:42] Pending forecast evaluated.
[2026-08-19 01:44:42] 
[2026-08-19 01:44:42] --- STAGE 3: GENERATING NEW FORECAST ---
[2026-08-19 01:44:42] Running future forecast for horizon=6...
[2026-08-19 01:44:43] Logged new future forecast ID 31 at row 32. Pending actuals.
[2026-08-19 01:44:43] ETH-USD completed. Forecast ID: 31
