[2026-07-27 03:51:45] 
[2026-07-27 03:51:45] ================================================================================
[2026-07-27 03:51:45] PROCESSING ETH-USD
[2026-07-27 03:51:45] ================================================================================
[2026-07-27 03:51:45] 
[2026-07-27 03:51:45] --- STAGE 1: DOWNLOADING DATA ---
[2026-07-27 03:51:45] Downloading data for ETH-USD (period=30d, interval=4h)...
[2026-07-27 03:51:45] Data downloaded successfully. Total rows: 175
[2026-07-27 03:51:45] 
[2026-07-27 03:51:45] --- STAGE 2: EVALUATING LATEST FORECAST ---
[2026-07-27 03:51:45] Latest forecast (row 8) is pending. Evaluating...
[2026-07-27 03:51:45]   ForecastTime:    2026-07-26 03:42:13
[2026-07-27 03:51:45]   Rounded to:      2026-07-26 00:00:00
[2026-07-27 03:51:45]   Target windows:  2026-07-26 04:00:00 to 2026-07-27 00:00:00
[2026-07-27 03:51:45]   Data range:      2026-06-28 00:00:00 to 2026-07-27 00:00:00
[2026-07-27 03:51:45]   -> Updated ForecastDetails row 8.
[2026-07-27 03:51:45]   -> Metrics: last_actual=1945.32, abs_error=57.27, pct_error=2.94%, mape=1.59%
[2026-07-27 03:51:45] Pending forecast evaluated.
[2026-07-27 03:51:45] 
[2026-07-27 03:51:45] --- STAGE 3: GENERATING NEW FORECAST ---
[2026-07-27 03:51:45] Running future forecast for horizon=6...
[2026-07-27 03:51:46] Logged new future forecast ID 8 at row 9. Pending actuals.
[2026-07-27 03:51:46] ETH-USD completed. Forecast ID: 8
