[2026-10-10 05:33:20] 
[2026-10-10 05:33:20] ================================================================================
[2026-10-10 05:33:20] PROCESSING ETH-USD
[2026-10-10 05:33:20] ================================================================================
[2026-10-10 05:33:20] 
[2026-10-10 05:33:20] --- STAGE 1: DOWNLOADING DATA ---
[2026-10-10 05:33:20] Downloading data for ETH-USD (period=30d, interval=4h)...
[2026-10-10 05:33:20] Data downloaded successfully. Total rows: 176
[2026-10-10 05:33:20] 
[2026-10-10 05:33:20] --- STAGE 2: EVALUATING LATEST FORECAST ---
[2026-10-10 05:33:20] Latest forecast (row 83) is pending. Evaluating...
[2026-10-10 05:33:20]   ForecastTime:    2026-10-09 05:49:58
[2026-10-10 05:33:20]   Rounded to:      2026-10-09 04:00:00
[2026-10-10 05:33:20]   Target windows:  2026-10-09 08:00:00 to 2026-10-10 04:00:00
[2026-10-10 05:33:20]   Data range:      2026-09-11 00:00:00 to 2026-10-10 04:00:00
[2026-10-10 05:33:20]   -> Updated ForecastDetails row 83.
[2026-10-10 05:33:20]   -> Metrics: last_actual=2494.85, abs_error=3.30, pct_error=0.13%, mape=0.34%
[2026-10-10 05:33:20] Pending forecast evaluated.
[2026-10-10 05:33:20] 
[2026-10-10 05:33:20] --- STAGE 3: GENERATING NEW FORECAST ---
[2026-10-10 05:33:20] Running future forecast for horizon=6...
[2026-10-10 05:33:21] Logged new future forecast ID 83 at row 84. Pending actuals.
[2026-10-10 05:33:21] ETH-USD completed. Forecast ID: 83
