[2026-08-30 05:05:45] 
[2026-08-30 05:05:45] ================================================================================
[2026-08-30 05:05:45] PROCESSING ETH-USD
[2026-08-30 05:05:45] ================================================================================
[2026-08-30 05:05:45] 
[2026-08-30 05:05:45] --- STAGE 1: DOWNLOADING DATA ---
[2026-08-30 05:05:45] Downloading data for ETH-USD (period=30d, interval=4h)...
[2026-08-30 05:05:45] Data downloaded successfully. Total rows: 176
[2026-08-30 05:05:45] 
[2026-08-30 05:05:45] --- STAGE 2: EVALUATING LATEST FORECAST ---
[2026-08-30 05:05:45] Latest forecast (row 42) is pending. Evaluating...
[2026-08-30 05:05:45]   ForecastTime:    2026-08-29 06:52:02
[2026-08-30 05:05:45]   Rounded to:      2026-08-29 04:00:00
[2026-08-30 05:05:45]   Target windows:  2026-08-29 08:00:00 to 2026-08-30 04:00:00
[2026-08-30 05:05:45]   Data range:      2026-08-01 00:00:00 to 2026-08-30 04:00:00
[2026-08-30 05:05:45]   -> Updated ForecastDetails row 42.
[2026-08-30 05:05:45]   -> Metrics: last_actual=2457.96, abs_error=31.79, pct_error=1.29%, mape=0.85%
[2026-08-30 05:05:45] Pending forecast evaluated.
[2026-08-30 05:05:45] 
[2026-08-30 05:05:45] --- STAGE 3: GENERATING NEW FORECAST ---
[2026-08-30 05:05:45] Running future forecast for horizon=6...
[2026-08-30 05:05:46] Logged new future forecast ID 42 at row 43. Pending actuals.
[2026-08-30 05:05:46] ETH-USD completed. Forecast ID: 42
