[2026-09-07 04:15:57] 
[2026-09-07 04:15:57] ================================================================================
[2026-09-07 04:15:57] PROCESSING ETH-USD
[2026-09-07 04:15:57] ================================================================================
[2026-09-07 04:15:57] 
[2026-09-07 04:15:57] --- STAGE 1: DOWNLOADING DATA ---
[2026-09-07 04:15:57] Downloading data for ETH-USD (period=30d, interval=4h)...
[2026-09-07 04:15:57] Data downloaded successfully. Total rows: 176
[2026-09-07 04:15:57] 
[2026-09-07 04:15:57] --- STAGE 2: EVALUATING LATEST FORECAST ---
[2026-09-07 04:15:57] Latest forecast (row 50) is pending. Evaluating...
[2026-09-07 04:15:57]   ForecastTime:    2026-09-06 04:16:40
[2026-09-07 04:15:57]   Rounded to:      2026-09-06 04:00:00
[2026-09-07 04:15:57]   Target windows:  2026-09-06 08:00:00 to 2026-09-07 04:00:00
[2026-09-07 04:15:57]   Data range:      2026-08-09 00:00:00 to 2026-09-07 04:00:00
[2026-09-07 04:15:57]   -> Updated ForecastDetails row 50.
[2026-09-07 04:15:57]   -> Metrics: last_actual=2497.66, abs_error=7.84, pct_error=0.31%, mape=0.48%
[2026-09-07 04:15:57] Pending forecast evaluated.
[2026-09-07 04:15:57] 
[2026-09-07 04:15:57] --- STAGE 3: GENERATING NEW FORECAST ---
[2026-09-07 04:15:57] Running future forecast for horizon=6...
[2026-09-07 04:15:57] Logged new future forecast ID 50 at row 51. Pending actuals.
[2026-09-07 04:15:57] ETH-USD completed. Forecast ID: 50
