[2026-10-01 05:31:47] 
[2026-10-01 05:31:47] ================================================================================
[2026-10-01 05:31:47] PROCESSING ETH-USD
[2026-10-01 05:31:47] ================================================================================
[2026-10-01 05:31:47] 
[2026-10-01 05:31:47] --- STAGE 1: DOWNLOADING DATA ---
[2026-10-01 05:31:47] Downloading data for ETH-USD (period=30d, interval=4h)...
[2026-10-01 05:31:47] Data downloaded successfully. Total rows: 176
[2026-10-01 05:31:47] 
[2026-10-01 05:31:47] --- STAGE 2: EVALUATING LATEST FORECAST ---
[2026-10-01 05:31:47] Latest forecast (row 74) is pending. Evaluating...
[2026-10-01 05:31:47]   ForecastTime:    2026-09-30 05:16:37
[2026-10-01 05:31:47]   Rounded to:      2026-09-30 04:00:00
[2026-10-01 05:31:47]   Target windows:  2026-09-30 08:00:00 to 2026-10-01 04:00:00
[2026-10-01 05:31:47]   Data range:      2026-09-02 00:00:00 to 2026-10-01 04:00:00
[2026-10-01 05:31:47]   -> Updated ForecastDetails row 74.
[2026-10-01 05:31:47]   -> Metrics: last_actual=2711.92, abs_error=47.50, pct_error=1.75%, mape=0.87%
[2026-10-01 05:31:47] Pending forecast evaluated.
[2026-10-01 05:31:47] 
[2026-10-01 05:31:47] --- STAGE 3: GENERATING NEW FORECAST ---
[2026-10-01 05:31:47] Running future forecast for horizon=6...
[2026-10-01 05:31:48] Logged new future forecast ID 74 at row 75. Pending actuals.
[2026-10-01 05:31:48] ETH-USD completed. Forecast ID: 74
