[2026-08-02 03:39:55] 
[2026-08-02 03:39:55] ================================================================================
[2026-08-02 03:39:55] PROCESSING ETH-USD
[2026-08-02 03:39:55] ================================================================================
[2026-08-02 03:39:55] 
[2026-08-02 03:39:55] --- STAGE 1: DOWNLOADING DATA ---
[2026-08-02 03:39:55] Downloading data for ETH-USD (period=30d, interval=4h)...
[2026-08-02 03:39:55] Data downloaded successfully. Total rows: 175
[2026-08-02 03:39:55] 
[2026-08-02 03:39:55] --- STAGE 2: EVALUATING LATEST FORECAST ---
[2026-08-02 03:39:55] Latest forecast (row 14) is pending. Evaluating...
[2026-08-02 03:39:55]   ForecastTime:    2026-08-01 03:40:08
[2026-08-02 03:39:55]   Rounded to:      2026-08-01 00:00:00
[2026-08-02 03:39:55]   Target windows:  2026-08-01 04:00:00 to 2026-08-02 00:00:00
[2026-08-02 03:39:55]   Data range:      2026-07-04 00:00:00 to 2026-08-02 00:00:00
[2026-08-02 03:39:55]   -> Updated ForecastDetails row 14.
[2026-08-02 03:39:56]   -> Metrics: last_actual=1876.51, abs_error=14.81, pct_error=0.79%, mape=0.58%
[2026-08-02 03:39:56] Pending forecast evaluated.
[2026-08-02 03:39:56] 
[2026-08-02 03:39:56] --- STAGE 3: GENERATING NEW FORECAST ---
[2026-08-02 03:39:56] Running future forecast for horizon=6...
[2026-08-02 03:39:56] Logged new future forecast ID 14 at row 15. Pending actuals.
[2026-08-02 03:39:56] ETH-USD completed. Forecast ID: 14
