[2026-08-07 03:11:07] 
[2026-08-07 03:11:07] ================================================================================
[2026-08-07 03:11:07] PROCESSING ETH-USD
[2026-08-07 03:11:07] ================================================================================
[2026-08-07 03:11:07] 
[2026-08-07 03:11:07] --- STAGE 1: DOWNLOADING DATA ---
[2026-08-07 03:11:07] Downloading data for ETH-USD (period=30d, interval=4h)...
[2026-08-07 03:11:07] Data downloaded successfully. Total rows: 175
[2026-08-07 03:11:07] 
[2026-08-07 03:11:07] --- STAGE 2: EVALUATING LATEST FORECAST ---
[2026-08-07 03:11:07] Latest forecast (row 19) is pending. Evaluating...
[2026-08-07 03:11:07]   ForecastTime:    2026-08-06 03:23:56
[2026-08-07 03:11:07]   Rounded to:      2026-08-06 00:00:00
[2026-08-07 03:11:07]   Target windows:  2026-08-06 04:00:00 to 2026-08-07 00:00:00
[2026-08-07 03:11:07]   Data range:      2026-07-09 00:00:00 to 2026-08-07 00:00:00
[2026-08-07 03:11:07]   -> Updated ForecastDetails row 19.
[2026-08-07 03:11:07]   -> Metrics: last_actual=1901.52, abs_error=11.84, pct_error=0.62%, mape=0.75%
[2026-08-07 03:11:07] Pending forecast evaluated.
[2026-08-07 03:11:07] 
[2026-08-07 03:11:07] --- STAGE 3: GENERATING NEW FORECAST ---
[2026-08-07 03:11:07] Running future forecast for horizon=6...
[2026-08-07 03:11:08] Logged new future forecast ID 19 at row 20. Pending actuals.
[2026-08-07 03:11:08] ETH-USD completed. Forecast ID: 19
