[2026-08-24 01:49:37] 
[2026-08-24 01:49:37] ================================================================================
[2026-08-24 01:49:37] PROCESSING ETH-USD
[2026-08-24 01:49:37] ================================================================================
[2026-08-24 01:49:37] 
[2026-08-24 01:49:37] --- STAGE 1: DOWNLOADING DATA ---
[2026-08-24 01:49:37] Downloading data for ETH-USD (period=30d, interval=4h)...
[2026-08-24 01:49:37] Data downloaded successfully. Total rows: 175
[2026-08-24 01:49:37] 
[2026-08-24 01:49:37] --- STAGE 2: EVALUATING LATEST FORECAST ---
[2026-08-24 01:49:37] Latest forecast (row 36) is pending. Evaluating...
[2026-08-24 01:49:37]   ForecastTime:    2026-08-23 01:51:59
[2026-08-24 01:49:37]   Rounded to:      2026-08-23 00:00:00
[2026-08-24 01:49:37]   Target windows:  2026-08-23 04:00:00 to 2026-08-24 00:00:00
[2026-08-24 01:49:37]   Data range:      2026-07-26 00:00:00 to 2026-08-24 00:00:00
[2026-08-24 01:49:37]   -> Updated ForecastDetails row 36.
[2026-08-24 01:49:37]   -> Metrics: last_actual=2437.61, abs_error=14.36, pct_error=0.59%, mape=0.89%
[2026-08-24 01:49:37] Pending forecast evaluated.
[2026-08-24 01:49:37] 
[2026-08-24 01:49:37] --- STAGE 3: GENERATING NEW FORECAST ---
[2026-08-24 01:49:37] Running future forecast for horizon=6...
[2026-08-24 01:49:37] Logged new future forecast ID 36 at row 37. Pending actuals.
[2026-08-24 01:49:37] ETH-USD completed. Forecast ID: 36
