[2026-09-11 04:19:54] 
[2026-09-11 04:19:54] ================================================================================
[2026-09-11 04:19:54] PROCESSING ETH-USD
[2026-09-11 04:19:54] ================================================================================
[2026-09-11 04:19:54] 
[2026-09-11 04:19:54] --- STAGE 1: DOWNLOADING DATA ---
[2026-09-11 04:19:54] Downloading data for ETH-USD (period=30d, interval=4h)...
[2026-09-11 04:19:54] Data downloaded successfully. Total rows: 176
[2026-09-11 04:19:54] 
[2026-09-11 04:19:54] --- STAGE 2: EVALUATING LATEST FORECAST ---
[2026-09-11 04:19:54] Latest forecast (row 54) is pending. Evaluating...
[2026-09-11 04:19:54]   ForecastTime:    2026-09-10 04:20:10
[2026-09-11 04:19:54]   Rounded to:      2026-09-10 04:00:00
[2026-09-11 04:19:54]   Target windows:  2026-09-10 08:00:00 to 2026-09-11 04:00:00
[2026-09-11 04:19:54]   Data range:      2026-08-13 00:00:00 to 2026-09-11 04:00:00
[2026-09-11 04:19:54]   -> Updated ForecastDetails row 54.
[2026-09-11 04:19:54]   -> Metrics: last_actual=2450.27, abs_error=19.80, pct_error=0.81%, mape=0.82%
[2026-09-11 04:19:54] Pending forecast evaluated.
[2026-09-11 04:19:54] 
[2026-09-11 04:19:54] --- STAGE 3: GENERATING NEW FORECAST ---
[2026-09-11 04:19:54] Running future forecast for horizon=6...
[2026-09-11 04:19:55] Logged new future forecast ID 54 at row 55. Pending actuals.
[2026-09-11 04:19:55] ETH-USD completed. Forecast ID: 54
