[2026-09-25 04:38:45] 
[2026-09-25 04:38:45] ================================================================================
[2026-09-25 04:38:45] PROCESSING ETH-USD
[2026-09-25 04:38:45] ================================================================================
[2026-09-25 04:38:45] 
[2026-09-25 04:38:45] --- STAGE 1: DOWNLOADING DATA ---
[2026-09-25 04:38:45] Downloading data for ETH-USD (period=30d, interval=4h)...
[2026-09-25 04:38:45] Data downloaded successfully. Total rows: 176
[2026-09-25 04:38:45] 
[2026-09-25 04:38:45] --- STAGE 2: EVALUATING LATEST FORECAST ---
[2026-09-25 04:38:45] Latest forecast (row 68) is pending. Evaluating...
[2026-09-25 04:38:45]   ForecastTime:    2026-09-24 04:27:28
[2026-09-25 04:38:45]   Rounded to:      2026-09-24 04:00:00
[2026-09-25 04:38:45]   Target windows:  2026-09-24 08:00:00 to 2026-09-25 04:00:00
[2026-09-25 04:38:45]   Data range:      2026-08-27 00:00:00 to 2026-09-25 04:00:00
[2026-09-25 04:38:45]   -> Updated ForecastDetails row 68.
[2026-09-25 04:38:45]   -> Metrics: last_actual=2681.68, abs_error=14.14, pct_error=0.53%, mape=0.71%
[2026-09-25 04:38:45] Pending forecast evaluated.
[2026-09-25 04:38:45] 
[2026-09-25 04:38:45] --- STAGE 3: GENERATING NEW FORECAST ---
[2026-09-25 04:38:45] Running future forecast for horizon=6...
[2026-09-25 04:38:46] Logged new future forecast ID 68 at row 69. Pending actuals.
[2026-09-25 04:38:46] ETH-USD completed. Forecast ID: 68
