[2026-09-01 04:49:05] 
[2026-09-01 04:49:05] ================================================================================
[2026-09-01 04:49:05] PROCESSING ETH-USD
[2026-09-01 04:49:05] ================================================================================
[2026-09-01 04:49:05] 
[2026-09-01 04:49:05] --- STAGE 1: DOWNLOADING DATA ---
[2026-09-01 04:49:05] Downloading data for ETH-USD (period=30d, interval=4h)...
[2026-09-01 04:49:05] Data downloaded successfully. Total rows: 176
[2026-09-01 04:49:05] 
[2026-09-01 04:49:05] --- STAGE 2: EVALUATING LATEST FORECAST ---
[2026-09-01 04:49:05] Latest forecast (row 44) is pending. Evaluating...
[2026-09-01 04:49:05]   ForecastTime:    2026-08-31 05:13:18
[2026-09-01 04:49:05]   Rounded to:      2026-08-31 04:00:00
[2026-09-01 04:49:05]   Target windows:  2026-08-31 08:00:00 to 2026-09-01 04:00:00
[2026-09-01 04:49:05]   Data range:      2026-08-03 00:00:00 to 2026-09-01 04:00:00
[2026-09-01 04:49:05]   -> Updated ForecastDetails row 44.
[2026-09-01 04:49:05]   -> Metrics: last_actual=2471.70, abs_error=50.33, pct_error=2.04%, mape=1.82%
[2026-09-01 04:49:05] Pending forecast evaluated.
[2026-09-01 04:49:05] 
[2026-09-01 04:49:05] --- STAGE 3: GENERATING NEW FORECAST ---
[2026-09-01 04:49:05] Running future forecast for horizon=6...
[2026-09-01 04:49:06] Logged new future forecast ID 44 at row 45. Pending actuals.
[2026-09-01 04:49:06] ETH-USD completed. Forecast ID: 44
