[2026-10-04 05:34:34] 
[2026-10-04 05:34:34] ================================================================================
[2026-10-04 05:34:34] PROCESSING ETH-USD
[2026-10-04 05:34:34] ================================================================================
[2026-10-04 05:34:34] 
[2026-10-04 05:34:34] --- STAGE 1: DOWNLOADING DATA ---
[2026-10-04 05:34:34] Downloading data for ETH-USD (period=30d, interval=4h)...
[2026-10-04 05:34:34] Data downloaded successfully. Total rows: 176
[2026-10-04 05:34:34] 
[2026-10-04 05:34:34] --- STAGE 2: EVALUATING LATEST FORECAST ---
[2026-10-04 05:34:34] Latest forecast (row 77) is pending. Evaluating...
[2026-10-04 05:34:34]   ForecastTime:    2026-10-03 05:02:13
[2026-10-04 05:34:34]   Rounded to:      2026-10-03 04:00:00
[2026-10-04 05:34:34]   Target windows:  2026-10-03 08:00:00 to 2026-10-04 04:00:00
[2026-10-04 05:34:34]   Data range:      2026-09-05 00:00:00 to 2026-10-04 04:00:00
[2026-10-04 05:34:34]   -> Updated ForecastDetails row 77.
[2026-10-04 05:34:35]   -> Metrics: last_actual=2694.32, abs_error=15.42, pct_error=0.57%, mape=0.40%
[2026-10-04 05:34:35] Pending forecast evaluated.
[2026-10-04 05:34:35] 
[2026-10-04 05:34:35] --- STAGE 3: GENERATING NEW FORECAST ---
[2026-10-04 05:34:35] Running future forecast for horizon=6...
[2026-10-04 05:34:35] Logged new future forecast ID 77 at row 78. Pending actuals.
[2026-10-04 05:34:35] ETH-USD completed. Forecast ID: 77
