[2026-08-13 02:34:17] 
[2026-08-13 02:34:17] ================================================================================
[2026-08-13 02:34:17] PROCESSING ETH-USD
[2026-08-13 02:34:17] ================================================================================
[2026-08-13 02:34:17] 
[2026-08-13 02:34:17] --- STAGE 1: DOWNLOADING DATA ---
[2026-08-13 02:34:17] Downloading data for ETH-USD (period=30d, interval=4h)...
[2026-08-13 02:34:17] Data downloaded successfully. Total rows: 175
[2026-08-13 02:34:17] 
[2026-08-13 02:34:17] --- STAGE 2: EVALUATING LATEST FORECAST ---
[2026-08-13 02:34:17] Latest forecast (row 25) is pending. Evaluating...
[2026-08-13 02:34:17]   ForecastTime:    2026-08-12 02:32:51
[2026-08-13 02:34:17]   Rounded to:      2026-08-12 00:00:00
[2026-08-13 02:34:17]   Target windows:  2026-08-12 04:00:00 to 2026-08-13 00:00:00
[2026-08-13 02:34:17]   Data range:      2026-07-15 00:00:00 to 2026-08-13 00:00:00
[2026-08-13 02:34:17]   -> Updated ForecastDetails row 25.
[2026-08-13 02:34:18]   -> Metrics: last_actual=1872.99, abs_error=7.42, pct_error=0.40%, mape=0.56%
[2026-08-13 02:34:18] Pending forecast evaluated.
[2026-08-13 02:34:18] 
[2026-08-13 02:34:18] --- STAGE 3: GENERATING NEW FORECAST ---
[2026-08-13 02:34:18] Running future forecast for horizon=6...
[2026-08-13 02:34:18] Logged new future forecast ID 25 at row 26. Pending actuals.
[2026-08-13 02:34:18] ETH-USD completed. Forecast ID: 25
