[2026-10-09 05:49:57] 
[2026-10-09 05:49:57] ================================================================================
[2026-10-09 05:49:57] PROCESSING ETH-USD
[2026-10-09 05:49:57] ================================================================================
[2026-10-09 05:49:57] 
[2026-10-09 05:49:57] --- STAGE 1: DOWNLOADING DATA ---
[2026-10-09 05:49:57] Downloading data for ETH-USD (period=30d, interval=4h)...
[2026-10-09 05:49:57] Data downloaded successfully. Total rows: 176
[2026-10-09 05:49:57] 
[2026-10-09 05:49:57] --- STAGE 2: EVALUATING LATEST FORECAST ---
[2026-10-09 05:49:57] Latest forecast (row 82) is pending. Evaluating...
[2026-10-09 05:49:57]   ForecastTime:    2026-10-08 05:45:54
[2026-10-09 05:49:57]   Rounded to:      2026-10-08 04:00:00
[2026-10-09 05:49:57]   Target windows:  2026-10-08 08:00:00 to 2026-10-09 04:00:00
[2026-10-09 05:49:57]   Data range:      2026-09-10 00:00:00 to 2026-10-09 04:00:00
[2026-10-09 05:49:57]   -> Updated ForecastDetails row 82.
[2026-10-09 05:49:57]   -> Metrics: last_actual=2488.58, abs_error=77.16, pct_error=3.10%, mape=3.52%
[2026-10-09 05:49:57] Pending forecast evaluated.
[2026-10-09 05:49:57] 
[2026-10-09 05:49:57] --- STAGE 3: GENERATING NEW FORECAST ---
[2026-10-09 05:49:57] Running future forecast for horizon=6...
[2026-10-09 05:49:58] Logged new future forecast ID 82 at row 83. Pending actuals.
[2026-10-09 05:49:58] ETH-USD completed. Forecast ID: 82
