[2026-08-26 01:49:24] 
[2026-08-26 01:49:24] ================================================================================
[2026-08-26 01:49:24] PROCESSING ETH-USD
[2026-08-26 01:49:24] ================================================================================
[2026-08-26 01:49:24] 
[2026-08-26 01:49:24] --- STAGE 1: DOWNLOADING DATA ---
[2026-08-26 01:49:24] Downloading data for ETH-USD (period=30d, interval=4h)...
[2026-08-26 01:49:24] Data downloaded successfully. Total rows: 175
[2026-08-26 01:49:24] 
[2026-08-26 01:49:24] --- STAGE 2: EVALUATING LATEST FORECAST ---
[2026-08-26 01:49:24] Latest forecast (row 38) is pending. Evaluating...
[2026-08-26 01:49:24]   ForecastTime:    2026-08-25 01:43:57
[2026-08-26 01:49:24]   Rounded to:      2026-08-25 00:00:00
[2026-08-26 01:49:24]   Target windows:  2026-08-25 04:00:00 to 2026-08-26 00:00:00
[2026-08-26 01:49:24]   Data range:      2026-07-28 00:00:00 to 2026-08-26 00:00:00
[2026-08-26 01:49:24]   -> Updated ForecastDetails row 38.
[2026-08-26 01:49:24]   -> Metrics: last_actual=2455.66, abs_error=46.07, pct_error=1.88%, mape=1.17%
[2026-08-26 01:49:24] Pending forecast evaluated.
[2026-08-26 01:49:24] 
[2026-08-26 01:49:24] --- STAGE 3: GENERATING NEW FORECAST ---
[2026-08-26 01:49:24] Running future forecast for horizon=6...
[2026-08-26 01:49:25] Logged new future forecast ID 38 at row 39. Pending actuals.
[2026-08-26 01:49:25] ETH-USD completed. Forecast ID: 38
