[2026-08-12 02:32:50] 
[2026-08-12 02:32:50] ================================================================================
[2026-08-12 02:32:50] PROCESSING ETH-USD
[2026-08-12 02:32:50] ================================================================================
[2026-08-12 02:32:50] 
[2026-08-12 02:32:50] --- STAGE 1: DOWNLOADING DATA ---
[2026-08-12 02:32:50] Downloading data for ETH-USD (period=30d, interval=4h)...
[2026-08-12 02:32:50] Data downloaded successfully. Total rows: 175
[2026-08-12 02:32:50] 
[2026-08-12 02:32:50] --- STAGE 2: EVALUATING LATEST FORECAST ---
[2026-08-12 02:32:50] Latest forecast (row 24) is pending. Evaluating...
[2026-08-12 02:32:50]   ForecastTime:    2026-08-11 02:15:05
[2026-08-12 02:32:50]   Rounded to:      2026-08-11 00:00:00
[2026-08-12 02:32:50]   Target windows:  2026-08-11 04:00:00 to 2026-08-12 00:00:00
[2026-08-12 02:32:50]   Data range:      2026-07-14 00:00:00 to 2026-08-12 00:00:00
[2026-08-12 02:32:50]   -> Updated ForecastDetails row 24.
[2026-08-12 02:32:50]   -> Metrics: last_actual=1883.64, abs_error=3.86, pct_error=0.20%, mape=0.35%
[2026-08-12 02:32:50] Pending forecast evaluated.
[2026-08-12 02:32:50] 
[2026-08-12 02:32:50] --- STAGE 3: GENERATING NEW FORECAST ---
[2026-08-12 02:32:50] Running future forecast for horizon=6...
[2026-08-12 02:32:51] Logged new future forecast ID 24 at row 25. Pending actuals.
[2026-08-12 02:32:51] ETH-USD completed. Forecast ID: 24
