[2026-08-04 03:26:13] 
[2026-08-04 03:26:13] ================================================================================
[2026-08-04 03:26:13] PROCESSING ETH-USD
[2026-08-04 03:26:13] ================================================================================
[2026-08-04 03:26:13] 
[2026-08-04 03:26:13] --- STAGE 1: DOWNLOADING DATA ---
[2026-08-04 03:26:13] Downloading data for ETH-USD (period=30d, interval=4h)...
[2026-08-04 03:26:13] Data downloaded successfully. Total rows: 170
[2026-08-04 03:26:13] 
[2026-08-04 03:26:13] --- STAGE 2: EVALUATING LATEST FORECAST ---
[2026-08-04 03:26:13] Latest forecast (row 16) is pending. Evaluating...
[2026-08-04 03:26:13]   ForecastTime:    2026-08-03 03:42:07
[2026-08-04 03:26:13]   Rounded to:      2026-08-03 00:00:00
[2026-08-04 03:26:13]   Target windows:  2026-08-03 04:00:00 to 2026-08-04 00:00:00
[2026-08-04 03:26:13]   Data range:      2026-07-06 00:00:00 to 2026-08-04 00:00:00
[2026-08-04 03:26:13]   -> Updated ForecastDetails row 16.
[2026-08-04 03:26:13]   -> Metrics: last_actual=1858.04, abs_error=6.96, pct_error=0.37%, mape=0.60%
[2026-08-04 03:26:13] Pending forecast evaluated.
[2026-08-04 03:26:13] 
[2026-08-04 03:26:13] --- STAGE 3: GENERATING NEW FORECAST ---
[2026-08-04 03:26:13] Running future forecast for horizon=6...
[2026-08-04 03:26:14] Logged new future forecast ID 16 at row 17. Pending actuals.
[2026-08-04 03:26:14] ETH-USD completed. Forecast ID: 16
