[2026-07-26 03:42:12] 
[2026-07-26 03:42:12] ================================================================================
[2026-07-26 03:42:12] PROCESSING ETH-USD
[2026-07-26 03:42:12] ================================================================================
[2026-07-26 03:42:12] 
[2026-07-26 03:42:12] --- STAGE 1: DOWNLOADING DATA ---
[2026-07-26 03:42:12] Downloading data for ETH-USD (period=30d, interval=4h)...
[2026-07-26 03:42:13] Data downloaded successfully. Total rows: 170
[2026-07-26 03:42:13] 
[2026-07-26 03:42:13] --- STAGE 2: EVALUATING LATEST FORECAST ---
[2026-07-26 03:42:13] Latest forecast (row 7) is pending. Evaluating...
[2026-07-26 03:42:13]   ForecastTime:    2026-07-25 03:29:19
[2026-07-26 03:42:13]   Rounded to:      2026-07-25 00:00:00
[2026-07-26 03:42:13]   Target windows:  2026-07-25 04:00:00 to 2026-07-26 00:00:00
[2026-07-26 03:42:13]   Data range:      2026-06-27 00:00:00 to 2026-07-26 00:00:00
[2026-07-26 03:42:13]   -> Updated ForecastDetails row 7.
[2026-07-26 03:42:13]   -> Metrics: last_actual=1881.24, abs_error=28.91, pct_error=1.54%, mape=0.80%
[2026-07-26 03:42:13] Pending forecast evaluated.
[2026-07-26 03:42:13] 
[2026-07-26 03:42:13] --- STAGE 3: GENERATING NEW FORECAST ---
[2026-07-26 03:42:13] Running future forecast for horizon=6...
[2026-07-26 03:42:13] Logged new future forecast ID 7 at row 8. Pending actuals.
[2026-07-26 03:42:13] ETH-USD completed. Forecast ID: 7
