[2026-10-05 05:18:20] 
[2026-10-05 05:18:20] ================================================================================
[2026-10-05 05:18:20] PROCESSING ETH-USD
[2026-10-05 05:18:20] ================================================================================
[2026-10-05 05:18:20] 
[2026-10-05 05:18:20] --- STAGE 1: DOWNLOADING DATA ---
[2026-10-05 05:18:20] Downloading data for ETH-USD (period=30d, interval=4h)...
[2026-10-05 05:18:20] Data downloaded successfully. Total rows: 176
[2026-10-05 05:18:20] 
[2026-10-05 05:18:20] --- STAGE 2: EVALUATING LATEST FORECAST ---
[2026-10-05 05:18:20] Latest forecast (row 78) is pending. Evaluating...
[2026-10-05 05:18:20]   ForecastTime:    2026-10-04 05:34:35
[2026-10-05 05:18:20]   Rounded to:      2026-10-04 04:00:00
[2026-10-05 05:18:20]   Target windows:  2026-10-04 08:00:00 to 2026-10-05 04:00:00
[2026-10-05 05:18:20]   Data range:      2026-09-06 00:00:00 to 2026-10-05 04:00:00
[2026-10-05 05:18:20]   -> Updated ForecastDetails row 78.
[2026-10-05 05:18:20]   -> Metrics: last_actual=2697.89, abs_error=5.58, pct_error=0.21%, mape=0.48%
[2026-10-05 05:18:20] Pending forecast evaluated.
[2026-10-05 05:18:20] 
[2026-10-05 05:18:20] --- STAGE 3: GENERATING NEW FORECAST ---
[2026-10-05 05:18:20] Running future forecast for horizon=6...
[2026-10-05 05:18:21] Logged new future forecast ID 78 at row 79. Pending actuals.
[2026-10-05 05:18:21] ETH-USD completed. Forecast ID: 78
