[2026-09-04 04:12:52] 
[2026-09-04 04:12:52] ================================================================================
[2026-09-04 04:12:52] PROCESSING ETH-USD
[2026-09-04 04:12:52] ================================================================================
[2026-09-04 04:12:52] 
[2026-09-04 04:12:52] --- STAGE 1: DOWNLOADING DATA ---
[2026-09-04 04:12:52] Downloading data for ETH-USD (period=30d, interval=4h)...
[2026-09-04 04:12:52] Data downloaded successfully. Total rows: 176
[2026-09-04 04:12:52] 
[2026-09-04 04:12:52] --- STAGE 2: EVALUATING LATEST FORECAST ---
[2026-09-04 04:12:52] Latest forecast (row 47) is pending. Evaluating...
[2026-09-04 04:12:52]   ForecastTime:    2026-09-03 04:07:12
[2026-09-04 04:12:52]   Rounded to:      2026-09-03 04:00:00
[2026-09-04 04:12:52]   Target windows:  2026-09-03 08:00:00 to 2026-09-04 04:00:00
[2026-09-04 04:12:52]   Data range:      2026-08-06 00:00:00 to 2026-09-04 04:00:00
[2026-09-04 04:12:52]   -> Updated ForecastDetails row 47.
[2026-09-04 04:12:52]   -> Metrics: last_actual=2503.69, abs_error=102.22, pct_error=4.08%, mape=3.53%
[2026-09-04 04:12:52] Pending forecast evaluated.
[2026-09-04 04:12:52] 
[2026-09-04 04:12:52] --- STAGE 3: GENERATING NEW FORECAST ---
[2026-09-04 04:12:52] Running future forecast for horizon=6...
[2026-09-04 04:12:53] Logged new future forecast ID 47 at row 48. Pending actuals.
[2026-09-04 04:12:53] ETH-USD completed. Forecast ID: 47
