[2026-08-08 02:08:08] 
[2026-08-08 02:08:08] ================================================================================
[2026-08-08 02:08:08] PROCESSING ETH-USD
[2026-08-08 02:08:08] ================================================================================
[2026-08-08 02:08:08] 
[2026-08-08 02:08:08] --- STAGE 1: DOWNLOADING DATA ---
[2026-08-08 02:08:08] Downloading data for ETH-USD (period=30d, interval=4h)...
[2026-08-08 02:08:08] Data downloaded successfully. Total rows: 170
[2026-08-08 02:08:08] 
[2026-08-08 02:08:08] --- STAGE 2: EVALUATING LATEST FORECAST ---
[2026-08-08 02:08:08] Latest forecast (row 20) is pending. Evaluating...
[2026-08-08 02:08:08]   ForecastTime:    2026-08-07 03:11:08
[2026-08-08 02:08:08]   Rounded to:      2026-08-07 00:00:00
[2026-08-08 02:08:08]   Target windows:  2026-08-07 04:00:00 to 2026-08-08 00:00:00
[2026-08-08 02:08:08]   Data range:      2026-07-10 00:00:00 to 2026-08-08 00:00:00
[2026-08-08 02:08:08]   -> Updated ForecastDetails row 20.
[2026-08-08 02:08:08]   -> Metrics: last_actual=1913.45, abs_error=19.92, pct_error=1.04%, mape=0.77%
[2026-08-08 02:08:08] Pending forecast evaluated.
[2026-08-08 02:08:08] 
[2026-08-08 02:08:08] --- STAGE 3: GENERATING NEW FORECAST ---
[2026-08-08 02:08:08] Running future forecast for horizon=6...
[2026-08-08 02:08:09] Logged new future forecast ID 20 at row 21. Pending actuals.
[2026-08-08 02:08:09] ETH-USD completed. Forecast ID: 20
