[2026-09-15 04:38:06] 
[2026-09-15 04:38:06] ================================================================================
[2026-09-15 04:38:06] PROCESSING ETH-USD
[2026-09-15 04:38:06] ================================================================================
[2026-09-15 04:38:06] 
[2026-09-15 04:38:06] --- STAGE 1: DOWNLOADING DATA ---
[2026-09-15 04:38:06] Downloading data for ETH-USD (period=30d, interval=4h)...
[2026-09-15 04:38:06] Data downloaded successfully. Total rows: 176
[2026-09-15 04:38:06] 
[2026-09-15 04:38:06] --- STAGE 2: EVALUATING LATEST FORECAST ---
[2026-09-15 04:38:06] Latest forecast (row 58) is pending. Evaluating...
[2026-09-15 04:38:06]   ForecastTime:    2026-09-14 04:37:39
[2026-09-15 04:38:06]   Rounded to:      2026-09-14 04:00:00
[2026-09-15 04:38:06]   Target windows:  2026-09-14 08:00:00 to 2026-09-15 04:00:00
[2026-09-15 04:38:06]   Data range:      2026-08-17 00:00:00 to 2026-09-15 04:00:00
[2026-09-15 04:38:06]   -> Updated ForecastDetails row 58.
[2026-09-15 04:38:06]   -> Metrics: last_actual=2489.67, abs_error=24.91, pct_error=1.00%, mape=0.65%
[2026-09-15 04:38:06] Pending forecast evaluated.
[2026-09-15 04:38:06] 
[2026-09-15 04:38:06] --- STAGE 3: GENERATING NEW FORECAST ---
[2026-09-15 04:38:06] Running future forecast for horizon=6...
[2026-09-15 04:38:07] Logged new future forecast ID 58 at row 59. Pending actuals.
[2026-09-15 04:38:07] ETH-USD completed. Forecast ID: 58
