[2026-08-29 06:52:01] 
[2026-08-29 06:52:01] ================================================================================
[2026-08-29 06:52:01] PROCESSING ETH-USD
[2026-08-29 06:52:01] ================================================================================
[2026-08-29 06:52:01] 
[2026-08-29 06:52:01] --- STAGE 1: DOWNLOADING DATA ---
[2026-08-29 06:52:01] Downloading data for ETH-USD (period=30d, interval=4h)...
[2026-08-29 06:52:01] Data downloaded successfully. Total rows: 176
[2026-08-29 06:52:01] 
[2026-08-29 06:52:01] --- STAGE 2: EVALUATING LATEST FORECAST ---
[2026-08-29 06:52:01] Latest forecast (row 41) is pending. Evaluating...
[2026-08-29 06:52:01]   ForecastTime:    2026-08-28 11:07:27
[2026-08-29 06:52:01]   Rounded to:      2026-08-28 08:00:00
[2026-08-29 06:52:01]   Target windows:  2026-08-28 12:00:00 to 2026-08-29 08:00:00
[2026-08-29 06:52:01]   Data range:      2026-07-31 00:00:00 to 2026-08-29 04:00:00
[2026-08-29 06:52:01]   -> Updated ForecastDetails row 41.
[2026-08-29 06:52:01]   -> Metrics: last_actual=2435.57, abs_error=65.65, pct_error=2.70%, mape=2.46%
[2026-08-29 06:52:01] Pending forecast evaluated.
[2026-08-29 06:52:01] 
[2026-08-29 06:52:01] --- STAGE 3: GENERATING NEW FORECAST ---
[2026-08-29 06:52:01] Running future forecast for horizon=6...
[2026-08-29 06:52:02] Logged new future forecast ID 41 at row 42. Pending actuals.
[2026-08-29 06:52:02] ETH-USD completed. Forecast ID: 41
