[2026-10-06 06:02:27] 
[2026-10-06 06:02:27] ================================================================================
[2026-10-06 06:02:27] PROCESSING ETH-USD
[2026-10-06 06:02:27] ================================================================================
[2026-10-06 06:02:27] 
[2026-10-06 06:02:27] --- STAGE 1: DOWNLOADING DATA ---
[2026-10-06 06:02:27] Downloading data for ETH-USD (period=30d, interval=4h)...
[2026-10-06 06:02:27] Data downloaded successfully. Total rows: 176
[2026-10-06 06:02:27] 
[2026-10-06 06:02:27] --- STAGE 2: EVALUATING LATEST FORECAST ---
[2026-10-06 06:02:27] Latest forecast (row 79) is pending. Evaluating...
[2026-10-06 06:02:27]   ForecastTime:    2026-10-05 05:18:21
[2026-10-06 06:02:27]   Rounded to:      2026-10-05 04:00:00
[2026-10-06 06:02:27]   Target windows:  2026-10-05 08:00:00 to 2026-10-06 04:00:00
[2026-10-06 06:02:27]   Data range:      2026-09-07 00:00:00 to 2026-10-06 04:00:00
[2026-10-06 06:02:27]   -> Updated ForecastDetails row 79.
[2026-10-06 06:02:27]   -> Metrics: last_actual=2694.81, abs_error=0.66, pct_error=0.02%, mape=0.31%
[2026-10-06 06:02:27] Pending forecast evaluated.
[2026-10-06 06:02:27] 
[2026-10-06 06:02:27] --- STAGE 3: GENERATING NEW FORECAST ---
[2026-10-06 06:02:27] Running future forecast for horizon=6...
[2026-10-06 06:02:28] Logged new future forecast ID 79 at row 80. Pending actuals.
[2026-10-06 06:02:28] ETH-USD completed. Forecast ID: 79
