[2026-08-17 01:47:37] 
[2026-08-17 01:47:37] ================================================================================
[2026-08-17 01:47:37] PROCESSING ETH-USD
[2026-08-17 01:47:37] ================================================================================
[2026-08-17 01:47:37] 
[2026-08-17 01:47:37] --- STAGE 1: DOWNLOADING DATA ---
[2026-08-17 01:47:37] Downloading data for ETH-USD (period=30d, interval=4h)...
[2026-08-17 01:47:37] Data downloaded successfully. Total rows: 175
[2026-08-17 01:47:37] 
[2026-08-17 01:47:37] --- STAGE 2: EVALUATING LATEST FORECAST ---
[2026-08-17 01:47:37] Latest forecast (row 29) is pending. Evaluating...
[2026-08-17 01:47:37]   ForecastTime:    2026-08-16 01:50:06
[2026-08-17 01:47:37]   Rounded to:      2026-08-16 00:00:00
[2026-08-17 01:47:37]   Target windows:  2026-08-16 04:00:00 to 2026-08-17 00:00:00
[2026-08-17 01:47:37]   Data range:      2026-07-19 00:00:00 to 2026-08-17 00:00:00
[2026-08-17 01:47:37]   -> Updated ForecastDetails row 29.
[2026-08-17 01:47:38]   -> Metrics: last_actual=1890.99, abs_error=13.75, pct_error=0.73%, mape=0.27%
[2026-08-17 01:47:38] Pending forecast evaluated.
[2026-08-17 01:47:38] 
[2026-08-17 01:47:38] --- STAGE 3: GENERATING NEW FORECAST ---
[2026-08-17 01:47:38] Running future forecast for horizon=6...
[2026-08-17 01:47:38] Logged new future forecast ID 29 at row 30. Pending actuals.
[2026-08-17 01:47:38] ETH-USD completed. Forecast ID: 29
