[2026-09-09 04:23:20] 
[2026-09-09 04:23:20] ================================================================================
[2026-09-09 04:23:20] PROCESSING ETH-USD
[2026-09-09 04:23:20] ================================================================================
[2026-09-09 04:23:20] 
[2026-09-09 04:23:20] --- STAGE 1: DOWNLOADING DATA ---
[2026-09-09 04:23:20] Downloading data for ETH-USD (period=30d, interval=4h)...
[2026-09-09 04:23:20] Data downloaded successfully. Total rows: 176
[2026-09-09 04:23:20] 
[2026-09-09 04:23:20] --- STAGE 2: EVALUATING LATEST FORECAST ---
[2026-09-09 04:23:20] Latest forecast (row 52) is pending. Evaluating...
[2026-09-09 04:23:20]   ForecastTime:    2026-09-08 04:16:44
[2026-09-09 04:23:20]   Rounded to:      2026-09-08 04:00:00
[2026-09-09 04:23:20]   Target windows:  2026-09-08 08:00:00 to 2026-09-09 04:00:00
[2026-09-09 04:23:20]   Data range:      2026-08-11 00:00:00 to 2026-09-09 04:00:00
[2026-09-09 04:23:20]   -> Updated ForecastDetails row 52.
[2026-09-09 04:23:20]   -> Metrics: last_actual=2497.67, abs_error=17.47, pct_error=0.70%, mape=0.40%
[2026-09-09 04:23:20] Pending forecast evaluated.
[2026-09-09 04:23:20] 
[2026-09-09 04:23:20] --- STAGE 3: GENERATING NEW FORECAST ---
[2026-09-09 04:23:20] Running future forecast for horizon=6...
[2026-09-09 04:23:21] Logged new future forecast ID 52 at row 53. Pending actuals.
[2026-09-09 04:23:21] ETH-USD completed. Forecast ID: 52
