[2026-09-22 04:33:51] 
[2026-09-22 04:33:51] ================================================================================
[2026-09-22 04:33:51] PROCESSING ETH-USD
[2026-09-22 04:33:51] ================================================================================
[2026-09-22 04:33:51] 
[2026-09-22 04:33:51] --- STAGE 1: DOWNLOADING DATA ---
[2026-09-22 04:33:51] Downloading data for ETH-USD (period=30d, interval=4h)...
[2026-09-22 04:33:51] Data downloaded successfully. Total rows: 176
[2026-09-22 04:33:51] 
[2026-09-22 04:33:51] --- STAGE 2: EVALUATING LATEST FORECAST ---
[2026-09-22 04:33:51] Latest forecast (row 65) is pending. Evaluating...
[2026-09-22 04:33:51]   ForecastTime:    2026-09-21 04:37:51
[2026-09-22 04:33:51]   Rounded to:      2026-09-21 04:00:00
[2026-09-22 04:33:51]   Target windows:  2026-09-21 08:00:00 to 2026-09-22 04:00:00
[2026-09-22 04:33:51]   Data range:      2026-08-24 00:00:00 to 2026-09-22 04:00:00
[2026-09-22 04:33:51]   -> Updated ForecastDetails row 65.
[2026-09-22 04:33:51]   -> Metrics: last_actual=2730.59, abs_error=96.16, pct_error=3.52%, mape=3.80%
[2026-09-22 04:33:51] Pending forecast evaluated.
[2026-09-22 04:33:51] 
[2026-09-22 04:33:51] --- STAGE 3: GENERATING NEW FORECAST ---
[2026-09-22 04:33:51] Running future forecast for horizon=6...
[2026-09-22 04:33:52] Logged new future forecast ID 65 at row 66. Pending actuals.
[2026-09-22 04:33:52] ETH-USD completed. Forecast ID: 65
