[2026-09-14 04:37:38] 
[2026-09-14 04:37:38] ================================================================================
[2026-09-14 04:37:38] PROCESSING ETH-USD
[2026-09-14 04:37:38] ================================================================================
[2026-09-14 04:37:38] 
[2026-09-14 04:37:38] --- STAGE 1: DOWNLOADING DATA ---
[2026-09-14 04:37:38] Downloading data for ETH-USD (period=30d, interval=4h)...
[2026-09-14 04:37:38] Data downloaded successfully. Total rows: 176
[2026-09-14 04:37:38] 
[2026-09-14 04:37:38] --- STAGE 2: EVALUATING LATEST FORECAST ---
[2026-09-14 04:37:38] Latest forecast (row 57) is pending. Evaluating...
[2026-09-14 04:37:38]   ForecastTime:    2026-09-13 04:31:18
[2026-09-14 04:37:38]   Rounded to:      2026-09-13 04:00:00
[2026-09-14 04:37:38]   Target windows:  2026-09-13 08:00:00 to 2026-09-14 04:00:00
[2026-09-14 04:37:38]   Data range:      2026-08-16 00:00:00 to 2026-09-14 04:00:00
[2026-09-14 04:37:38]   -> Updated ForecastDetails row 57.
[2026-09-14 04:37:38]   -> Metrics: last_actual=2513.59, abs_error=1.68, pct_error=0.07%, mape=0.74%
[2026-09-14 04:37:38] Pending forecast evaluated.
[2026-09-14 04:37:38] 
[2026-09-14 04:37:38] --- STAGE 3: GENERATING NEW FORECAST ---
[2026-09-14 04:37:38] Running future forecast for horizon=6...
[2026-09-14 04:37:39] Logged new future forecast ID 57 at row 58. Pending actuals.
[2026-09-14 04:37:39] ETH-USD completed. Forecast ID: 57
