[2026-09-12 04:18:07] 
[2026-09-12 04:18:07] ================================================================================
[2026-09-12 04:18:07] PROCESSING ETH-USD
[2026-09-12 04:18:07] ================================================================================
[2026-09-12 04:18:07] 
[2026-09-12 04:18:07] --- STAGE 1: DOWNLOADING DATA ---
[2026-09-12 04:18:07] Downloading data for ETH-USD (period=30d, interval=4h)...
[2026-09-12 04:18:07] Data downloaded successfully. Total rows: 176
[2026-09-12 04:18:07] 
[2026-09-12 04:18:07] --- STAGE 2: EVALUATING LATEST FORECAST ---
[2026-09-12 04:18:07] Latest forecast (row 55) is pending. Evaluating...
[2026-09-12 04:18:07]   ForecastTime:    2026-09-11 04:19:55
[2026-09-12 04:18:07]   Rounded to:      2026-09-11 04:00:00
[2026-09-12 04:18:07]   Target windows:  2026-09-11 08:00:00 to 2026-09-12 04:00:00
[2026-09-12 04:18:07]   Data range:      2026-08-14 00:00:00 to 2026-09-12 04:00:00
[2026-09-12 04:18:07]   -> Updated ForecastDetails row 55.
[2026-09-12 04:18:08]   -> Metrics: last_actual=2511.87, abs_error=59.94, pct_error=2.39%, mape=2.68%
[2026-09-12 04:18:08] Pending forecast evaluated.
[2026-09-12 04:18:08] 
[2026-09-12 04:18:08] --- STAGE 3: GENERATING NEW FORECAST ---
[2026-09-12 04:18:08] Running future forecast for horizon=6...
[2026-09-12 04:18:08] Logged new future forecast ID 55 at row 56. Pending actuals.
[2026-09-12 04:18:08] ETH-USD completed. Forecast ID: 55
