[2026-08-05 03:21:09] 
[2026-08-05 03:21:09] ================================================================================
[2026-08-05 03:21:09] PROCESSING ETH-USD
[2026-08-05 03:21:09] ================================================================================
[2026-08-05 03:21:09] 
[2026-08-05 03:21:09] --- STAGE 1: DOWNLOADING DATA ---
[2026-08-05 03:21:09] Downloading data for ETH-USD (period=30d, interval=4h)...
[2026-08-05 03:21:10] Data downloaded successfully. Total rows: 170
[2026-08-05 03:21:10] 
[2026-08-05 03:21:10] --- STAGE 2: EVALUATING LATEST FORECAST ---
[2026-08-05 03:21:10] Latest forecast (row 17) is pending. Evaluating...
[2026-08-05 03:21:10]   ForecastTime:    2026-08-04 03:26:14
[2026-08-05 03:21:10]   Rounded to:      2026-08-04 00:00:00
[2026-08-05 03:21:10]   Target windows:  2026-08-04 04:00:00 to 2026-08-05 00:00:00
[2026-08-05 03:21:10]   Data range:      2026-07-07 00:00:00 to 2026-08-05 00:00:00
[2026-08-05 03:21:10]   -> Updated ForecastDetails row 17.
[2026-08-05 03:21:10]   -> Metrics: last_actual=1864.69, abs_error=8.96, pct_error=0.48%, mape=0.63%
[2026-08-05 03:21:10] Pending forecast evaluated.
[2026-08-05 03:21:10] 
[2026-08-05 03:21:10] --- STAGE 3: GENERATING NEW FORECAST ---
[2026-08-05 03:21:10] Running future forecast for horizon=6...
[2026-08-05 03:21:10] Logged new future forecast ID 17 at row 18. Pending actuals.
[2026-08-05 03:21:10] ETH-USD completed. Forecast ID: 17
