[2026-07-31 03:39:58] 
[2026-07-31 03:39:58] ================================================================================
[2026-07-31 03:39:58] PROCESSING ETH-USD
[2026-07-31 03:39:58] ================================================================================
[2026-07-31 03:39:58] 
[2026-07-31 03:39:58] --- STAGE 1: DOWNLOADING DATA ---
[2026-07-31 03:39:58] Downloading data for ETH-USD (period=30d, interval=4h)...
[2026-07-31 03:39:58] Data downloaded successfully. Total rows: 175
[2026-07-31 03:39:58] 
[2026-07-31 03:39:58] --- STAGE 2: EVALUATING LATEST FORECAST ---
[2026-07-31 03:39:58] Latest forecast (row 12) is pending. Evaluating...
[2026-07-31 03:39:58]   ForecastTime:    2026-07-30 02:58:07
[2026-07-31 03:39:58]   Rounded to:      2026-07-30 00:00:00
[2026-07-31 03:39:58]   Target windows:  2026-07-30 04:00:00 to 2026-07-31 00:00:00
[2026-07-31 03:39:58]   Data range:      2026-07-02 00:00:00 to 2026-07-31 00:00:00
[2026-07-31 03:39:58]   -> Updated ForecastDetails row 12.
[2026-07-31 03:39:59]   -> Metrics: last_actual=1904.06, abs_error=10.57, pct_error=0.56%, mape=0.48%
[2026-07-31 03:39:59] Pending forecast evaluated.
[2026-07-31 03:39:59] 
[2026-07-31 03:39:59] --- STAGE 3: GENERATING NEW FORECAST ---
[2026-07-31 03:39:59] Running future forecast for horizon=6...
[2026-07-31 03:39:59] Logged new future forecast ID 12 at row 13. Pending actuals.
[2026-07-31 03:39:59] ETH-USD completed. Forecast ID: 12
