[2026-10-02 05:19:23] 
[2026-10-02 05:19:23] ================================================================================
[2026-10-02 05:19:23] PROCESSING ETH-USD
[2026-10-02 05:19:23] ================================================================================
[2026-10-02 05:19:23] 
[2026-10-02 05:19:23] --- STAGE 1: DOWNLOADING DATA ---
[2026-10-02 05:19:23] Downloading data for ETH-USD (period=30d, interval=4h)...
[2026-10-02 05:19:23] Data downloaded successfully. Total rows: 176
[2026-10-02 05:19:23] 
[2026-10-02 05:19:23] --- STAGE 2: EVALUATING LATEST FORECAST ---
[2026-10-02 05:19:23] Latest forecast (row 75) is pending. Evaluating...
[2026-10-02 05:19:23]   ForecastTime:    2026-10-01 05:31:48
[2026-10-02 05:19:23]   Rounded to:      2026-10-01 04:00:00
[2026-10-02 05:19:23]   Target windows:  2026-10-01 08:00:00 to 2026-10-02 04:00:00
[2026-10-02 05:19:23]   Data range:      2026-09-03 00:00:00 to 2026-10-02 04:00:00
[2026-10-02 05:19:23]   -> Updated ForecastDetails row 75.
[2026-10-02 05:19:23]   -> Metrics: last_actual=2731.33, abs_error=41.37, pct_error=1.51%, mape=0.62%
[2026-10-02 05:19:23] Pending forecast evaluated.
[2026-10-02 05:19:23] 
[2026-10-02 05:19:23] --- STAGE 3: GENERATING NEW FORECAST ---
[2026-10-02 05:19:23] Running future forecast for horizon=6...
[2026-10-02 05:19:24] Logged new future forecast ID 75 at row 76. Pending actuals.
[2026-10-02 05:19:24] ETH-USD completed. Forecast ID: 75
