[2026-09-05 04:08:48] 
[2026-09-05 04:08:48] ================================================================================
[2026-09-05 04:08:48] PROCESSING ETH-USD
[2026-09-05 04:08:48] ================================================================================
[2026-09-05 04:08:48] 
[2026-09-05 04:08:48] --- STAGE 1: DOWNLOADING DATA ---
[2026-09-05 04:08:48] Downloading data for ETH-USD (period=30d, interval=4h)...
[2026-09-05 04:08:48] Data downloaded successfully. Total rows: 176
[2026-09-05 04:08:48] 
[2026-09-05 04:08:48] --- STAGE 2: EVALUATING LATEST FORECAST ---
[2026-09-05 04:08:48] Latest forecast (row 48) is pending. Evaluating...
[2026-09-05 04:08:48]   ForecastTime:    2026-09-04 04:12:53
[2026-09-05 04:08:48]   Rounded to:      2026-09-04 04:00:00
[2026-09-05 04:08:48]   Target windows:  2026-09-04 08:00:00 to 2026-09-05 04:00:00
[2026-09-05 04:08:48]   Data range:      2026-08-07 00:00:00 to 2026-09-05 04:00:00
[2026-09-05 04:08:48]   -> Updated ForecastDetails row 48.
[2026-09-05 04:08:48]   -> Metrics: last_actual=2452.67, abs_error=40.08, pct_error=1.63%, mape=1.55%
[2026-09-05 04:08:48] Pending forecast evaluated.
[2026-09-05 04:08:48] 
[2026-09-05 04:08:48] --- STAGE 3: GENERATING NEW FORECAST ---
[2026-09-05 04:08:48] Running future forecast for horizon=6...
[2026-09-05 04:08:49] Logged new future forecast ID 48 at row 49. Pending actuals.
[2026-09-05 04:08:49] ETH-USD completed. Forecast ID: 48
