[2026-10-08 05:45:53] 
[2026-10-08 05:45:53] ================================================================================
[2026-10-08 05:45:53] PROCESSING ETH-USD
[2026-10-08 05:45:53] ================================================================================
[2026-10-08 05:45:53] 
[2026-10-08 05:45:53] --- STAGE 1: DOWNLOADING DATA ---
[2026-10-08 05:45:53] Downloading data for ETH-USD (period=30d, interval=4h)...
[2026-10-08 05:45:53] Data downloaded successfully. Total rows: 176
[2026-10-08 05:45:53] 
[2026-10-08 05:45:53] --- STAGE 2: EVALUATING LATEST FORECAST ---
[2026-10-08 05:45:53] Latest forecast (row 81) is pending. Evaluating...
[2026-10-08 05:45:53]   ForecastTime:    2026-10-07 05:37:41
[2026-10-08 05:45:53]   Rounded to:      2026-10-07 04:00:00
[2026-10-08 05:45:53]   Target windows:  2026-10-07 08:00:00 to 2026-10-08 04:00:00
[2026-10-08 05:45:53]   Data range:      2026-09-09 00:00:00 to 2026-10-08 04:00:00
[2026-10-08 05:45:53]   -> Updated ForecastDetails row 81.
[2026-10-08 05:45:53]   -> Metrics: last_actual=2567.90, abs_error=82.43, pct_error=3.21%, mape=2.79%
[2026-10-08 05:45:53] Pending forecast evaluated.
[2026-10-08 05:45:53] 
[2026-10-08 05:45:53] --- STAGE 3: GENERATING NEW FORECAST ---
[2026-10-08 05:45:53] Running future forecast for horizon=6...
[2026-10-08 05:45:54] Logged new future forecast ID 81 at row 82. Pending actuals.
[2026-10-08 05:45:54] ETH-USD completed. Forecast ID: 81
