[2026-07-30 02:58:06] 
[2026-07-30 02:58:06] ================================================================================
[2026-07-30 02:58:06] PROCESSING ETH-USD
[2026-07-30 02:58:06] ================================================================================
[2026-07-30 02:58:06] 
[2026-07-30 02:58:06] --- STAGE 1: DOWNLOADING DATA ---
[2026-07-30 02:58:06] Downloading data for ETH-USD (period=30d, interval=4h)...
[2026-07-30 02:58:06] Data downloaded successfully. Total rows: 170
[2026-07-30 02:58:06] 
[2026-07-30 02:58:06] --- STAGE 2: EVALUATING LATEST FORECAST ---
[2026-07-30 02:58:06] Latest forecast (row 11) is pending. Evaluating...
[2026-07-30 02:58:06]   ForecastTime:    2026-07-29 03:23:50
[2026-07-30 02:58:06]   Rounded to:      2026-07-29 00:00:00
[2026-07-30 02:58:06]   Target windows:  2026-07-29 04:00:00 to 2026-07-30 00:00:00
[2026-07-30 02:58:06]   Data range:      2026-07-01 00:00:00 to 2026-07-30 00:00:00
[2026-07-30 02:58:06]   -> Updated ForecastDetails row 11.
[2026-07-30 02:58:06]   -> Metrics: last_actual=1908.56, abs_error=17.86, pct_error=0.94%, mape=0.76%
[2026-07-30 02:58:06] Pending forecast evaluated.
[2026-07-30 02:58:06] 
[2026-07-30 02:58:06] --- STAGE 3: GENERATING NEW FORECAST ---
[2026-07-30 02:58:06] Running future forecast for horizon=6...
[2026-07-30 02:58:07] Logged new future forecast ID 11 at row 12. Pending actuals.
[2026-07-30 02:58:07] ETH-USD completed. Forecast ID: 11
