[2026-09-21 04:37:50] 
[2026-09-21 04:37:50] ================================================================================
[2026-09-21 04:37:50] PROCESSING ETH-USD
[2026-09-21 04:37:50] ================================================================================
[2026-09-21 04:37:50] 
[2026-09-21 04:37:50] --- STAGE 1: DOWNLOADING DATA ---
[2026-09-21 04:37:50] Downloading data for ETH-USD (period=30d, interval=4h)...
[2026-09-21 04:37:50] Data downloaded successfully. Total rows: 176
[2026-09-21 04:37:50] 
[2026-09-21 04:37:50] --- STAGE 2: EVALUATING LATEST FORECAST ---
[2026-09-21 04:37:50] Latest forecast (row 64) is pending. Evaluating...
[2026-09-21 04:37:50]   ForecastTime:    2026-09-20 04:40:00
[2026-09-21 04:37:50]   Rounded to:      2026-09-20 04:00:00
[2026-09-21 04:37:50]   Target windows:  2026-09-20 08:00:00 to 2026-09-21 04:00:00
[2026-09-21 04:37:50]   Data range:      2026-08-23 00:00:00 to 2026-09-21 04:00:00
[2026-09-21 04:37:50]   -> Updated ForecastDetails row 64.
[2026-09-21 04:37:50]   -> Metrics: last_actual=2659.07, abs_error=95.21, pct_error=3.58%, mape=2.34%
[2026-09-21 04:37:50] Pending forecast evaluated.
[2026-09-21 04:37:50] 
[2026-09-21 04:37:50] --- STAGE 3: GENERATING NEW FORECAST ---
[2026-09-21 04:37:50] Running future forecast for horizon=6...
[2026-09-21 04:37:51] Logged new future forecast ID 64 at row 65. Pending actuals.
[2026-09-21 04:37:51] ETH-USD completed. Forecast ID: 64
