[2026-09-23 04:30:13] 
[2026-09-23 04:30:13] ================================================================================
[2026-09-23 04:30:13] PROCESSING ETH-USD
[2026-09-23 04:30:13] ================================================================================
[2026-09-23 04:30:13] 
[2026-09-23 04:30:13] --- STAGE 1: DOWNLOADING DATA ---
[2026-09-23 04:30:13] Downloading data for ETH-USD (period=30d, interval=4h)...
[2026-09-23 04:30:13] Data downloaded successfully. Total rows: 176
[2026-09-23 04:30:13] 
[2026-09-23 04:30:13] --- STAGE 2: EVALUATING LATEST FORECAST ---
[2026-09-23 04:30:13] Latest forecast (row 66) is pending. Evaluating...
[2026-09-23 04:30:13]   ForecastTime:    2026-09-22 04:33:52
[2026-09-23 04:30:13]   Rounded to:      2026-09-22 04:00:00
[2026-09-23 04:30:13]   Target windows:  2026-09-22 08:00:00 to 2026-09-23 04:00:00
[2026-09-23 04:30:13]   Data range:      2026-08-25 00:00:00 to 2026-09-23 04:00:00
[2026-09-23 04:30:13]   -> Updated ForecastDetails row 66.
[2026-09-23 04:30:13]   -> Metrics: last_actual=2780.40, abs_error=75.98, pct_error=2.73%, mape=1.64%
[2026-09-23 04:30:13] Pending forecast evaluated.
[2026-09-23 04:30:13] 
[2026-09-23 04:30:13] --- STAGE 3: GENERATING NEW FORECAST ---
[2026-09-23 04:30:13] Running future forecast for horizon=6...
[2026-09-23 04:30:14] Logged new future forecast ID 66 at row 67. Pending actuals.
[2026-09-23 04:30:14] ETH-USD completed. Forecast ID: 66
