[2026-09-29 05:29:02] 
[2026-09-29 05:29:02] ================================================================================
[2026-09-29 05:29:02] PROCESSING ETH-USD
[2026-09-29 05:29:02] ================================================================================
[2026-09-29 05:29:02] 
[2026-09-29 05:29:02] --- STAGE 1: DOWNLOADING DATA ---
[2026-09-29 05:29:02] Downloading data for ETH-USD (period=30d, interval=4h)...
[2026-09-29 05:29:02] Data downloaded successfully. Total rows: 176
[2026-09-29 05:29:02] 
[2026-09-29 05:29:02] --- STAGE 2: EVALUATING LATEST FORECAST ---
[2026-09-29 05:29:02] Latest forecast (row 72) is pending. Evaluating...
[2026-09-29 05:29:02]   ForecastTime:    2026-09-28 05:04:19
[2026-09-29 05:29:02]   Rounded to:      2026-09-28 04:00:00
[2026-09-29 05:29:02]   Target windows:  2026-09-28 08:00:00 to 2026-09-29 04:00:00
[2026-09-29 05:29:02]   Data range:      2026-08-31 00:00:00 to 2026-09-29 04:00:00
[2026-09-29 05:29:02]   -> Updated ForecastDetails row 72.
[2026-09-29 05:29:03]   -> Metrics: last_actual=2671.42, abs_error=16.14, pct_error=0.60%, mape=0.68%
[2026-09-29 05:29:03] Pending forecast evaluated.
[2026-09-29 05:29:03] 
[2026-09-29 05:29:03] --- STAGE 3: GENERATING NEW FORECAST ---
[2026-09-29 05:29:03] Running future forecast for horizon=6...
[2026-09-29 05:29:03] Logged new future forecast ID 72 at row 73. Pending actuals.
[2026-09-29 05:29:03] ETH-USD completed. Forecast ID: 72
