[2026-08-10 02:24:29] 
[2026-08-10 02:24:29] ================================================================================
[2026-08-10 02:24:29] PROCESSING ETH-USD
[2026-08-10 02:24:29] ================================================================================
[2026-08-10 02:24:29] 
[2026-08-10 02:24:29] --- STAGE 1: DOWNLOADING DATA ---
[2026-08-10 02:24:29] Downloading data for ETH-USD (period=30d, interval=4h)...
[2026-08-10 02:24:29] Data downloaded successfully. Total rows: 170
[2026-08-10 02:24:29] 
[2026-08-10 02:24:29] --- STAGE 2: EVALUATING LATEST FORECAST ---
[2026-08-10 02:24:29] Latest forecast (row 22) is pending. Evaluating...
[2026-08-10 02:24:29]   ForecastTime:    2026-08-09 02:19:12
[2026-08-10 02:24:29]   Rounded to:      2026-08-09 00:00:00
[2026-08-10 02:24:29]   Target windows:  2026-08-09 04:00:00 to 2026-08-10 00:00:00
[2026-08-10 02:24:29]   Data range:      2026-07-12 00:00:00 to 2026-08-10 00:00:00
[2026-08-10 02:24:29]   -> Updated ForecastDetails row 22.
[2026-08-10 02:24:29]   -> Metrics: last_actual=1914.06, abs_error=2.03, pct_error=0.11%, mape=0.28%
[2026-08-10 02:24:29] Pending forecast evaluated.
[2026-08-10 02:24:29] 
[2026-08-10 02:24:29] --- STAGE 3: GENERATING NEW FORECAST ---
[2026-08-10 02:24:29] Running future forecast for horizon=6...
[2026-08-10 02:24:30] Logged new future forecast ID 22 at row 23. Pending actuals.
[2026-08-10 02:24:30] ETH-USD completed. Forecast ID: 22
