[2026-09-10 04:20:09] 
[2026-09-10 04:20:09] ================================================================================
[2026-09-10 04:20:09] PROCESSING ETH-USD
[2026-09-10 04:20:09] ================================================================================
[2026-09-10 04:20:09] 
[2026-09-10 04:20:09] --- STAGE 1: DOWNLOADING DATA ---
[2026-09-10 04:20:09] Downloading data for ETH-USD (period=30d, interval=4h)...
[2026-09-10 04:20:09] Data downloaded successfully. Total rows: 176
[2026-09-10 04:20:09] 
[2026-09-10 04:20:09] --- STAGE 2: EVALUATING LATEST FORECAST ---
[2026-09-10 04:20:09] Latest forecast (row 53) is pending. Evaluating...
[2026-09-10 04:20:09]   ForecastTime:    2026-09-09 04:23:21
[2026-09-10 04:20:09]   Rounded to:      2026-09-09 04:00:00
[2026-09-10 04:20:09]   Target windows:  2026-09-09 08:00:00 to 2026-09-10 04:00:00
[2026-09-10 04:20:09]   Data range:      2026-08-12 00:00:00 to 2026-09-10 04:00:00
[2026-09-10 04:20:09]   -> Updated ForecastDetails row 53.
[2026-09-10 04:20:09]   -> Metrics: last_actual=2476.83, abs_error=12.68, pct_error=0.51%, mape=0.54%
[2026-09-10 04:20:09] Pending forecast evaluated.
[2026-09-10 04:20:09] 
[2026-09-10 04:20:09] --- STAGE 3: GENERATING NEW FORECAST ---
[2026-09-10 04:20:09] Running future forecast for horizon=6...
[2026-09-10 04:20:10] Logged new future forecast ID 53 at row 54. Pending actuals.
[2026-09-10 04:20:10] ETH-USD completed. Forecast ID: 53
