[2026-09-03 04:07:12] 
[2026-09-03 04:07:12] ================================================================================
[2026-09-03 04:07:12] PROCESSING ETH-USD
[2026-09-03 04:07:12] ================================================================================
[2026-09-03 04:07:12] 
[2026-09-03 04:07:12] --- STAGE 1: DOWNLOADING DATA ---
[2026-09-03 04:07:12] Downloading data for ETH-USD (period=30d, interval=4h)...
[2026-09-03 04:07:12] Data downloaded successfully. Total rows: 176
[2026-09-03 04:07:12] 
[2026-09-03 04:07:12] --- STAGE 2: EVALUATING LATEST FORECAST ---
[2026-09-03 04:07:12] Latest forecast (row 46) is pending. Evaluating...
[2026-09-03 04:07:12]   ForecastTime:    2026-09-02 04:10:15
[2026-09-03 04:07:12]   Rounded to:      2026-09-02 04:00:00
[2026-09-03 04:07:12]   Target windows:  2026-09-02 08:00:00 to 2026-09-03 04:00:00
[2026-09-03 04:07:12]   Data range:      2026-08-05 00:00:00 to 2026-09-03 04:00:00
[2026-09-03 04:07:12]   -> Updated ForecastDetails row 46.
[2026-09-03 04:07:12]   -> Metrics: last_actual=2404.74, abs_error=3.52, pct_error=0.15%, mape=0.74%
[2026-09-03 04:07:12] Pending forecast evaluated.
[2026-09-03 04:07:12] 
[2026-09-03 04:07:12] --- STAGE 3: GENERATING NEW FORECAST ---
[2026-09-03 04:07:12] Running future forecast for horizon=6...
[2026-09-03 04:07:12] Logged new future forecast ID 46 at row 47. Pending actuals.
[2026-09-03 04:07:12] ETH-USD completed. Forecast ID: 46
